OpenJDK 64-Bit Server VM (25.111-b14) for linux-amd64 JRE (1.8.0_111-8u111-b14-2ubuntu0.16.10.2-b14), built on Oct 27 2016 14:16:18 by "buildd" with gcc 6.2.0 20161005
Memory: 4k page, physical 4046308k(2771236k free), swap 4193276k(4193276k free)
CommandLine flags: -XX:+DisableExplicitGC -XX:InitialHeapSize=1073741824 -XX:InitiatingHeapOccupancyPercent=35 -XX:+ManagementServer -XX:MaxGCPauseMillis=20 -XX:MaxHeapSize=1073741824 -XX:+PrintGC -XX:+PrintGCDateStamps -XX:+PrintGCDetails -XX:+PrintGCTimeStamps -XX:+UseCompressedClassPointers -XX:+UseCompressedOops -XX:+UseG1GC 
2016-12-19T13:25:27.707+0100: 1,837: [GC pause (G1 Evacuation Pause) (young), 0,0367741 secs]
   [Parallel Time: 26,1 ms, GC Workers: 1]
      [GC Worker Start (ms):  1836,7]
      [Ext Root Scanning (ms):  1,5]
      [Update RS (ms):  0,0]
         [Processed Buffers:  0]
      [Scan RS (ms):  0,0]
      [Code Root Scanning (ms):  0,3]
      [Object Copy (ms):  19,0]
      [Termination (ms):  0,0]
         [Termination Attempts:  1]
      [GC Worker Other (ms):  0,0]
      [GC Worker Total (ms):  20,8]
      [GC Worker End (ms):  1857,5]
   [Code Root Fixup: 0,1 ms]
   [Code Root Purge: 0,0 ms]
   [Clear CT: 0,0 ms]
   [Other: 10,6 ms]
      [Choose CSet: 0,0 ms]
      [Ref Proc: 10,4 ms]
      [Ref Enq: 0,0 ms]
      [Redirty Cards: 0,0 ms]
      [Humongous Register: 0,0 ms]
      [Humongous Reclaim: 0,0 ms]
      [Free CSet: 0,0 ms]
   [Eden: 51,0M(51,0M)->0,0B(44,0M) Survivors: 0,0B->7168,0K Heap: 179,0M(1024,0M)->136,1M(1024,0M)]
 [Times: user=0,01 sys=0,00, real=0,03 secs] 
2016-12-19T13:25:28.702+0100: 2,832: [GC pause (G1 Evacuation Pause) (young), 0,0095240 secs]
   [Parallel Time: 8,6 ms, GC Workers: 1]
      [GC Worker Start (ms):  2831,8]
      [Ext Root Scanning (ms):  1,4]
      [Update RS (ms):  0,0]
         [Processed Buffers:  1]
      [Scan RS (ms):  0,1]
      [Code Root Scanning (ms):  0,4]
      [Object Copy (ms):  6,6]
      [Termination (ms):  0,0]
         [Termination Attempts:  1]
      [GC Worker Other (ms):  0,0]
      [GC Worker Total (ms):  8,6]
      [GC Worker End (ms):  2840,4]
   [Code Root Fixup: 0,1 ms]
   [Code Root Purge: 0,0 ms]
   [Clear CT: 0,0 ms]
   [Other: 0,8 ms]
      [Choose CSet: 0,0 ms]
      [Ref Proc: 0,6 ms]
      [Ref Enq: 0,0 ms]
      [Redirty Cards: 0,0 ms]
      [Humongous Register: 0,0 ms]
      [Humongous Reclaim: 0,0 ms]
      [Free CSet: 0,0 ms]
   [Eden: 44,0M(44,0M)->0,0B(44,0M) Survivors: 7168,0K->7168,0K Heap: 180,1M(1024,0M)->137,4M(1024,0M)]
 [Times: user=0,01 sys=0,00, real=0,01 secs] 
2016-12-19T13:26:18.071+0100: 52,200: [GC pause (Metadata GC Threshold) (young) (initial-mark), 0,0333909 secs]
   [Parallel Time: 32,8 ms, GC Workers: 1]
      [GC Worker Start (ms):  52200,4]
      [Ext Root Scanning (ms):  9,5]
      [Update RS (ms):  0,1]
         [Processed Buffers:  1]
      [Scan RS (ms):  0,1]
      [Code Root Scanning (ms):  0,6]
      [Object Copy (ms):  18,6]
      [Termination (ms):  0,0]
         [Termination Attempts:  1]
      [GC Worker Other (ms):  0,0]
      [GC Worker Total (ms):  28,8]
      [GC Worker End (ms):  52229,2]
   [Code Root Fixup: 0,2 ms]
   [Code Root Purge: 0,0 ms]
   [Clear CT: 0,0 ms]
   [Other: 0,4 ms]
      [Choose CSet: 0,0 ms]
      [Ref Proc: 0,2 ms]
      [Ref Enq: 0,0 ms]
      [Redirty Cards: 0,0 ms]
      [Humongous Register: 0,0 ms]
      [Humongous Reclaim: 0,0 ms]
      [Free CSet: 0,0 ms]
   [Eden: 14,0M(44,0M)->0,0B(48,0M) Survivors: 7168,0K->3072,0K Heap: 151,1M(1024,0M)->136,5M(1024,0M)]
 [Times: user=0,02 sys=0,00, real=0,03 secs] 
2016-12-19T13:26:18.105+0100: 52,235: [GC concurrent-root-region-scan-start]
2016-12-19T13:26:18.107+0100: 52,237: [GC concurrent-root-region-scan-end, 0,0019659 secs]
2016-12-19T13:26:18.107+0100: 52,237: [GC concurrent-mark-start]
2016-12-19T13:26:18.123+0100: 52,253: [GC concurrent-mark-end, 0,0156885 secs]
2016-12-19T13:26:18.123+0100: 52,253: [GC remark 2016-12-19T13:26:18.123+0100: 52,253: [Finalize Marking, 0,0000554 secs] 2016-12-19T13:26:18.123+0100: 52,253: [GC ref-proc, 0,0000439 secs] 2016-12-19T13:26:18.123+0100: 52,253: [Unloading, 0,0038670 secs], 0,0049098 secs]
 [Times: user=0,00 sys=0,00, real=0,01 secs] 
2016-12-19T13:26:18.128+0100: 52,258: [GC cleanup 137M->135M(1024M), 0,0008572 secs]
 [Times: user=0,00 sys=0,00, real=0,00 secs] 
2016-12-19T13:26:18.129+0100: 52,259: [GC concurrent-cleanup-start]
2016-12-19T13:26:18.129+0100: 52,259: [GC concurrent-cleanup-end, 0,0000052 secs]
2016-12-19T13:26:20.594+0100: 54,724: [GC pause (G1 Evacuation Pause) (young), 0,0106918 secs]
   [Parallel Time: 10,3 ms, GC Workers: 1]
      [GC Worker Start (ms):  54723,8]
      [Ext Root Scanning (ms):  0,8]
      [Update RS (ms):  1,6]
         [Processed Buffers:  22]
      [Scan RS (ms):  0,1]
      [Code Root Scanning (ms):  0,3]
      [Object Copy (ms):  7,6]
      [Termination (ms):  0,0]
         [Termination Attempts:  1]
      [GC Worker Other (ms):  0,0]
      [GC Worker Total (ms):  10,3]
      [GC Worker End (ms):  54734,2]
   [Code Root Fixup: 0,1 ms]
   [Code Root Purge: 0,0 ms]
   [Clear CT: 0,0 ms]
   [Other: 0,2 ms]
      [Choose CSet: 0,0 ms]
      [Ref Proc: 0,1 ms]
      [Ref Enq: 0,0 ms]
      [Redirty Cards: 0,0 ms]
      [Humongous Register: 0,0 ms]
      [Humongous Reclaim: 0,0 ms]
      [Free CSet: 0,0 ms]
   [Eden: 48,0M(48,0M)->0,0B(48,0M) Survivors: 3072,0K->3072,0K Heap: 182,5M(1024,0M)->134,5M(1024,0M)]
 [Times: user=0,01 sys=0,00, real=0,00 secs] 
2016-12-19T13:26:21.367+0100: 55,497: [GC pause (G1 Evacuation Pause) (young), 0,0054886 secs]
   [Parallel Time: 5,2 ms, GC Workers: 1]
      [GC Worker Start (ms):  55496,8]
      [Ext Root Scanning (ms):  0,8]
      [Update RS (ms):  0,3]
         [Processed Buffers:  6]
      [Scan RS (ms):  0,0]
      [Code Root Scanning (ms):  0,4]
      [Object Copy (ms):  3,8]
      [Termination (ms):  0,0]
         [Termination Attempts:  1]
      [GC Worker Other (ms):  0,0]
      [GC Worker Total (ms):  5,2]
      [GC Worker End (ms):  55502,0]
   [Code Root Fixup: 0,1 ms]
   [Code Root Purge: 0,0 ms]
   [Clear CT: 0,0 ms]
   [Other: 0,2 ms]
      [Choose CSet: 0,0 ms]
      [Ref Proc: 0,0 ms]
      [Ref Enq: 0,0 ms]
      [Redirty Cards: 0,0 ms]
      [Humongous Register: 0,0 ms]
      [Humongous Reclaim: 0,0 ms]
      [Free CSet: 0,0 ms]
   [Eden: 48,0M(48,0M)->0,0B(49,0M) Survivors: 3072,0K->2048,0K Heap: 182,5M(1024,0M)->134,0M(1024,0M)]
 [Times: user=0,01 sys=0,00, real=0,00 secs] 
2016-12-19T13:31:30.651+0100: 364,781: [GC pause (G1 Evacuation Pause) (young), 0,0064365 secs]
   [Parallel Time: 6,0 ms, GC Workers: 1]
      [GC Worker Start (ms):  364780,7]
      [Ext Root Scanning (ms):  0,8]
      [Update RS (ms):  0,4]
         [Processed Buffers:  18]
      [Scan RS (ms):  0,0]
      [Code Root Scanning (ms):  0,5]
      [Object Copy (ms):  4,4]
      [Termination (ms):  0,0]
         [Termination Attempts:  1]
      [GC Worker Other (ms):  0,0]
      [GC Worker Total (ms):  6,0]
      [GC Worker End (ms):  364786,7]
   [Code Root Fixup: 0,1 ms]
   [Code Root Purge: 0,0 ms]
   [Clear CT: 0,0 ms]
   [Other: 0,3 ms]
      [Choose CSet: 0,0 ms]
      [Ref Proc: 0,1 ms]
      [Ref Enq: 0,0 ms]
      [Redirty Cards: 0,0 ms]
      [Humongous Register: 0,0 ms]
      [Humongous Reclaim: 0,0 ms]
      [Free CSet: 0,0 ms]
   [Eden: 49,0M(49,0M)->0,0B(47,0M) Survivors: 2048,0K->4096,0K Heap: 183,0M(1024,0M)->135,5M(1024,0M)]
 [Times: user=0,01 sys=0,00, real=0,01 secs] 
2016-12-19T13:35:06.562+0100: 580,691: [GC pause (G1 Evacuation Pause) (young), 0,0214432 secs]
   [Parallel Time: 20,7 ms, GC Workers: 1]
      [GC Worker Start (ms):  580691,4]
      [Ext Root Scanning (ms):  3,1]
      [Update RS (ms):  1,4]
         [Processed Buffers:  11]
      [Scan RS (ms):  0,0]
      [Code Root Scanning (ms):  2,0]
      [Object Copy (ms):  14,2]
      [Termination (ms):  0,0]
         [Termination Attempts:  1]
      [GC Worker Other (ms):  0,0]
      [GC Worker Total (ms):  20,7]
      [GC Worker End (ms):  580712,1]
   [Code Root Fixup: 0,3 ms]
   [Code Root Purge: 0,0 ms]
   [Clear CT: 0,0 ms]
   [Other: 0,4 ms]
      [Choose CSet: 0,0 ms]
      [Ref Proc: 0,1 ms]
      [Ref Enq: 0,0 ms]
      [Redirty Cards: 0,0 ms]
      [Humongous Register: 0,1 ms]
      [Humongous Reclaim: 0,0 ms]
      [Free CSet: 0,0 ms]
   [Eden: 47,0M(47,0M)->0,0B(47,0M) Survivors: 4096,0K->4096,0K Heap: 182,5M(1024,0M)->136,0M(1024,0M)]
 [Times: user=0,02 sys=0,00, real=0,02 secs] 
2016-12-19T13:38:47.825+0100: 801,955: [GC pause (G1 Evacuation Pause) (young), 0,0223177 secs]
   [Parallel Time: 21,6 ms, GC Workers: 1]
      [GC Worker Start (ms):  801955,0]
      [Ext Root Scanning (ms):  3,1]
      [Update RS (ms):  1,4]
         [Processed Buffers:  10]
      [Scan RS (ms):  0,0]
      [Code Root Scanning (ms):  2,0]
      [Object Copy (ms):  15,0]
      [Termination (ms):  0,0]
         [Termination Attempts:  1]
      [GC Worker Other (ms):  0,0]
      [GC Worker Total (ms):  21,6]
      [GC Worker End (ms):  801976,6]
   [Code Root Fixup: 0,3 ms]
   [Code Root Purge: 0,0 ms]
   [Clear CT: 0,0 ms]
   [Other: 0,4 ms]
      [Choose CSet: 0,0 ms]
      [Ref Proc: 0,1 ms]
      [Ref Enq: 0,0 ms]
      [Redirty Cards: 0,0 ms]
      [Humongous Register: 0,1 ms]
      [Humongous Reclaim: 0,0 ms]
      [Free CSet: 0,0 ms]
   [Eden: 47,0M(47,0M)->0,0B(47,0M) Survivors: 4096,0K->4096,0K Heap: 183,0M(1024,0M)->136,0M(1024,0M)]
 [Times: user=0,02 sys=0,00, real=0,03 secs] 
2016-12-19T13:42:35.740+0100: 1028,396: [GC pause (G1 Evacuation Pause) (young), 0,0182095 secs]
   [Parallel Time: 17,8 ms, GC Workers: 1]
      [GC Worker Start (ms):  1028396,4]
      [Ext Root Scanning (ms):  0,9]
      [Update RS (ms):  0,3]
         [Processed Buffers:  9]
      [Scan RS (ms):  0,0]
      [Code Root Scanning (ms):  0,5]
      [Object Copy (ms):  8,9]
      [Termination (ms):  0,0]
         [Termination Attempts:  1]
      [GC Worker Other (ms):  0,0]
      [GC Worker Total (ms):  10,6]
      [GC Worker End (ms):  1028407,0]
   [Code Root Fixup: 0,1 ms]
   [Code Root Purge: 0,0 ms]
   [Clear CT: 0,0 ms]
   [Other: 0,3 ms]
      [Choose CSet: 0,0 ms]
      [Ref Proc: 0,0 ms]
      [Ref Enq: 0,0 ms]
      [Redirty Cards: 0,0 ms]
      [Humongous Register: 0,0 ms]
      [Humongous Reclaim: 0,0 ms]
      [Free CSet: 0,0 ms]
   [Eden: 47,0M(47,0M)->0,0B(47,0M) Survivors: 4096,0K->4096,0K Heap: 183,0M(1024,0M)->136,0M(1024,0M)]
 [Times: user=0,01 sys=0,00, real=0,01 secs] 
2016-12-19T13:46:23.052+0100: 1255,708: [GC pause (G1 Evacuation Pause) (young), 0,0196970 secs]
   [Parallel Time: 13,0 ms, GC Workers: 1]
      [GC Worker Start (ms):  1255708,4]
      [Ext Root Scanning (ms):  0,8]
      [Update RS (ms):  0,3]
         [Processed Buffers:  8]
      [Scan RS (ms):  0,0]
      [Code Root Scanning (ms):  0,5]
      [Object Copy (ms):  10,7]
      [Termination (ms):  0,0]
         [Termination Attempts:  1]
      [GC Worker Other (ms):  0,0]
      [GC Worker Total (ms):  12,4]
      [GC Worker End (ms):  1255720,8]
   [Code Root Fixup: 0,1 ms]
   [Code Root Purge: 0,0 ms]
   [Clear CT: 0,0 ms]
   [Other: 6,6 ms]
      [Choose CSet: 0,0 ms]
      [Ref Proc: 6,4 ms]
      [Ref Enq: 0,0 ms]
      [Redirty Cards: 0,0 ms]
      [Humongous Register: 0,0 ms]
      [Humongous Reclaim: 0,0 ms]
      [Free CSet: 0,0 ms]
   [Eden: 47,0M(47,0M)->0,0B(47,0M) Survivors: 4096,0K->4096,0K Heap: 183,0M(1024,0M)->135,5M(1024,0M)]
 [Times: user=0,01 sys=0,00, real=0,02 secs] 
2016-12-19T13:46:40.940+0100: 1273,597: [GC pause (G1 Evacuation Pause) (young), 0,0334056 secs]
   [Parallel Time: 33,0 ms, GC Workers: 1]
      [GC Worker Start (ms):  1273596,7]
      [Ext Root Scanning (ms):  7,6]
      [Update RS (ms):  0,3]
         [Processed Buffers:  13]
      [Scan RS (ms):  0,0]
      [Code Root Scanning (ms):  0,7]
      [Object Copy (ms):  20,0]
      [Termination (ms):  0,0]
         [Termination Attempts:  1]
      [GC Worker Other (ms):  0,0]
      [GC Worker Total (ms):  28,6]
      [GC Worker End (ms):  1273625,3]
   [Code Root Fixup: 0,2 ms]
   [Code Root Purge: 0,0 ms]
   [Clear CT: 0,0 ms]
   [Other: 0,2 ms]
      [Choose CSet: 0,0 ms]
      [Ref Proc: 0,1 ms]
      [Ref Enq: 0,0 ms]
      [Redirty Cards: 0,0 ms]
      [Humongous Register: 0,0 ms]
      [Humongous Reclaim: 0,0 ms]
      [Free CSet: 0,0 ms]
   [Eden: 47,0M(47,0M)->0,0B(47,0M) Survivors: 4096,0K->4096,0K Heap: 182,5M(1024,0M)->136,0M(1024,0M)]
 [Times: user=0,00 sys=0,00, real=0,03 secs] 
2016-12-19T13:46:41.609+0100: 1274,265: [GC pause (G1 Evacuation Pause) (young), 0,0174806 secs]
   [Parallel Time: 17,0 ms, GC Workers: 1]
      [GC Worker Start (ms):  1274265,0]
      [Ext Root Scanning (ms):  4,4]
      [Update RS (ms):  0,4]
         [Processed Buffers:  8]
      [Scan RS (ms):  0,0]
      [Code Root Scanning (ms):  0,7]
      [Object Copy (ms):  7,6]
      [Termination (ms):  0,0]
         [Termination Attempts:  1]
      [GC Worker Other (ms):  0,0]
      [GC Worker Total (ms):  13,1]
      [GC Worker End (ms):  1274278,1]
   [Code Root Fixup: 0,2 ms]
   [Code Root Purge: 0,0 ms]
   [Clear CT: 0,0 ms]
   [Other: 0,2 ms]
      [Choose CSet: 0,0 ms]
      [Ref Proc: 0,0 ms]
      [Ref Enq: 0,0 ms]
      [Redirty Cards: 0,0 ms]
      [Humongous Register: 0,0 ms]
      [Humongous Reclaim: 0,0 ms]
      [Free CSet: 0,1 ms]
   [Eden: 47,0M(47,0M)->0,0B(46,0M) Survivors: 4096,0K->5120,0K Heap: 183,0M(1024,0M)->136,5M(1024,0M)]
 [Times: user=0,01 sys=0,00, real=0,01 secs] 
2016-12-19T13:46:42.188+0100: 1274,844: [GC pause (G1 Humongous Allocation) (young) (initial-mark), 0,0265644 secs]
   [Parallel Time: 26,0 ms, GC Workers: 1]
      [GC Worker Start (ms):  1274844,4]
      [Ext Root Scanning (ms):  1,0]
      [Update RS (ms):  0,4]
         [Processed Buffers:  21]
      [Scan RS (ms):  0,3]
      [Code Root Scanning (ms):  0,8]
      [Object Copy (ms):  23,5]
      [Termination (ms):  0,0]
         [Termination Attempts:  1]
      [GC Worker Other (ms):  0,0]
      [GC Worker Total (ms):  26,0]
      [GC Worker End (ms):  1274870,4]
   [Code Root Fixup: 0,2 ms]
   [Code Root Purge: 0,0 ms]
   [Clear CT: 0,0 ms]
   [Other: 0,4 ms]
      [Choose CSet: 0,0 ms]
      [Ref Proc: 0,0 ms]
      [Ref Enq: 0,0 ms]
      [Redirty Cards: 0,0 ms]
      [Humongous Register: 0,0 ms]
      [Humongous Reclaim: 0,1 ms]
      [Free CSet: 0,0 ms]
   [Eden: 5120,0K(46,0M)->0,0B(47,0M) Survivors: 5120,0K->4096,0K Heap: 326,3M(1024,0M)->136,4M(1024,0M)]
 [Times: user=0,01 sys=0,00, real=0,02 secs] 
2016-12-19T13:46:42.215+0100: 1274,871: [GC concurrent-root-region-scan-start]
2016-12-19T13:46:42.245+0100: 1274,902: [GC concurrent-root-region-scan-end, 0,0309117 secs]
2016-12-19T13:46:42.245+0100: 1274,902: [GC concurrent-mark-start]
2016-12-19T13:46:42.298+0100: 1274,954: [GC concurrent-mark-end, 0,0522526 secs]
2016-12-19T13:46:42.312+0100: 1274,968: [GC remark 2016-12-19T13:46:42.312+0100: 1274,968: [Finalize Marking, 0,0001653 secs] 2016-12-19T13:46:42.312+0100: 1274,968: [GC ref-proc, 0,0000853 secs] 2016-12-19T13:46:42.312+0100: 1274,968: [Unloading, 0,0193889 secs], 0,0278212 secs]
 [Times: user=0,00 sys=0,00, real=0,03 secs] 
2016-12-19T13:46:42.354+0100: 1275,010: [GC cleanup 177M->177M(1024M), 0,0009283 secs]
 [Times: user=0,00 sys=0,00, real=0,00 secs] 
2016-12-19T13:47:17.199+0100: 1309,855: [GC pause (G1 Evacuation Pause) (young), 0,0158028 secs]
   [Parallel Time: 15,2 ms, GC Workers: 1]
      [GC Worker Start (ms):  1309855,3]
      [Ext Root Scanning (ms):  0,9]
      [Update RS (ms):  2,0]
         [Processed Buffers:  79]
      [Scan RS (ms):  0,5]
      [Code Root Scanning (ms):  0,6]
      [Object Copy (ms):  8,5]
      [Termination (ms):  0,0]
         [Termination Attempts:  1]
      [GC Worker Other (ms):  0,0]
      [GC Worker Total (ms):  12,5]
      [GC Worker End (ms):  1309867,8]
   [Code Root Fixup: 0,2 ms]
   [Code Root Purge: 0,0 ms]
   [Clear CT: 0,0 ms]
   [Other: 0,4 ms]
      [Choose CSet: 0,0 ms]
      [Ref Proc: 0,1 ms]
      [Ref Enq: 0,0 ms]
      [Redirty Cards: 0,0 ms]
      [Humongous Register: 0,1 ms]
      [Humongous Reclaim: 0,0 ms]
      [Free CSet: 0,0 ms]
   [Eden: 47,0M(47,0M)->0,0B(47,0M) Survivors: 4096,0K->4096,0K Heap: 248,4M(1024,0M)->136,9M(1024,0M)]
 [Times: user=0,01 sys=0,00, real=0,02 secs] 
2016-12-19T13:47:20.827+0100: 1313,483: [GC pause (G1 Evacuation Pause) (young), 0,0117610 secs]
   [Parallel Time: 11,3 ms, GC Workers: 1]
      [GC Worker Start (ms):  1313482,9]
      [Ext Root Scanning (ms):  0,8]
      [Update RS (ms):  0,6]
         [Processed Buffers:  12]
      [Scan RS (ms):  0,0]
      [Code Root Scanning (ms):  0,6]
      [Object Copy (ms):  9,4]
      [Termination (ms):  0,0]
         [Termination Attempts:  1]
      [GC Worker Other (ms):  0,0]
      [GC Worker Total (ms):  11,3]
      [GC Worker End (ms):  1313494,3]
   [Code Root Fixup: 0,1 ms]
   [Code Root Purge: 0,0 ms]
   [Clear CT: 0,0 ms]
   [Other: 0,3 ms]
      [Choose CSet: 0,0 ms]
      [Ref Proc: 0,0 ms]
      [Ref Enq: 0,0 ms]
      [Redirty Cards: 0,0 ms]
      [Humongous Register: 0,0 ms]
      [Humongous Reclaim: 0,0 ms]
      [Free CSet: 0,1 ms]
   [Eden: 47,0M(47,0M)->0,0B(47,0M) Survivors: 4096,0K->4096,0K Heap: 183,9M(1024,0M)->136,9M(1024,0M)]
 [Times: user=0,01 sys=0,00, real=0,01 secs] 
2016-12-19T13:47:22.261+0100: 1314,918: [GC pause (G1 Evacuation Pause) (young), 0,0161672 secs]
   [Parallel Time: 15,8 ms, GC Workers: 1]
      [GC Worker Start (ms):  1314917,6]
      [Ext Root Scanning (ms):  0,8]
      [Update RS (ms):  0,5]
         [Processed Buffers:  11]
      [Scan RS (ms):  0,0]
      [Code Root Scanning (ms):  0,6]
      [Object Copy (ms):  4,1]
      [Termination (ms):  0,0]
         [Termination Attempts:  1]
      [GC Worker Other (ms):  0,0]
      [GC Worker Total (ms):  6,0]
      [GC Worker End (ms):  1314923,5]
   [Code Root Fixup: 0,2 ms]
   [Code Root Purge: 0,0 ms]
   [Clear CT: 0,0 ms]
   [Other: 0,2 ms]
      [Choose CSet: 0,0 ms]
      [Ref Proc: 0,0 ms]
      [Ref Enq: 0,0 ms]
      [Redirty Cards: 0,0 ms]
      [Humongous Register: 0,0 ms]
      [Humongous Reclaim: 0,0 ms]
      [Free CSet: 0,0 ms]
   [Eden: 47,0M(47,0M)->0,0B(47,0M) Survivors: 4096,0K->4096,0K Heap: 183,9M(1024,0M)->136,4M(1024,0M)]
 [Times: user=0,00 sys=0,00, real=0,01 secs] 
2016-12-19T13:47:23.528+0100: 1316,184: [GC pause (G1 Evacuation Pause) (young), 0,0203855 secs]
   [Parallel Time: 20,0 ms, GC Workers: 1]
      [GC Worker Start (ms):  1316184,1]
      [Ext Root Scanning (ms):  0,8]
      [Update RS (ms):  0,5]
         [Processed Buffers:  7]
      [Scan RS (ms):  0,0]
      [Code Root Scanning (ms):  0,5]
      [Object Copy (ms):  18,1]
      [Termination (ms):  0,0]
         [Termination Attempts:  1]
      [GC Worker Other (ms):  0,0]
      [GC Worker Total (ms):  20,0]
      [GC Worker End (ms):  1316204,1]
   [Code Root Fixup: 0,1 ms]
   [Code Root Purge: 0,0 ms]
   [Clear CT: 0,0 ms]
   [Other: 0,2 ms]
      [Choose CSet: 0,0 ms]
      [Ref Proc: 0,0 ms]
      [Ref Enq: 0,0 ms]
      [Redirty Cards: 0,0 ms]
      [Humongous Register: 0,0 ms]
      [Humongous Reclaim: 0,0 ms]
      [Free CSet: 0,0 ms]
   [Eden: 47,0M(47,0M)->0,0B(47,0M) Survivors: 4096,0K->4096,0K Heap: 183,4M(1024,0M)->136,4M(1024,0M)]
 [Times: user=0,01 sys=0,00, real=0,02 secs] 
2016-12-19T13:47:24.899+0100: 1317,555: [GC pause (G1 Evacuation Pause) (young), 0,0095773 secs]
   [Parallel Time: 9,2 ms, GC Workers: 1]
      [GC Worker Start (ms):  1317555,4]
      [Ext Root Scanning (ms):  0,8]
      [Update RS (ms):  0,5]
         [Processed Buffers:  11]
      [Scan RS (ms):  0,0]
      [Code Root Scanning (ms):  0,5]
      [Object Copy (ms):  7,3]
      [Termination (ms):  0,0]
         [Termination Attempts:  1]
      [GC Worker Other (ms):  0,0]
      [GC Worker Total (ms):  9,2]
      [GC Worker End (ms):  1317564,6]
   [Code Root Fixup: 0,1 ms]
   [Code Root Purge: 0,0 ms]
   [Clear CT: 0,0 ms]
   [Other: 0,2 ms]
      [Choose CSet: 0,0 ms]
      [Ref Proc: 0,0 ms]
      [Ref Enq: 0,0 ms]
      [Redirty Cards: 0,0 ms]
      [Humongous Register: 0,0 ms]
      [Humongous Reclaim: 0,0 ms]
      [Free CSet: 0,0 ms]
   [Eden: 47,0M(47,0M)->0,0B(47,0M) Survivors: 4096,0K->4096,0K Heap: 183,4M(1024,0M)->136,7M(1024,0M)]
 [Times: user=0,00 sys=0,00, real=0,02 secs] 
2016-12-19T13:47:26.205+0100: 1318,861: [GC pause (G1 Evacuation Pause) (young), 0,0100534 secs]
   [Parallel Time: 9,7 ms, GC Workers: 1]
      [GC Worker Start (ms):  1318861,3]
      [Ext Root Scanning (ms):  0,8]
      [Update RS (ms):  0,8]
         [Processed Buffers:  14]
      [Scan RS (ms):  0,0]
      [Code Root Scanning (ms):  0,5]
      [Object Copy (ms):  6,3]
      [Termination (ms):  0,0]
         [Termination Attempts:  1]
      [GC Worker Other (ms):  0,0]
      [GC Worker Total (ms):  8,4]
      [GC Worker End (ms):  1318869,6]
   [Code Root Fixup: 0,2 ms]
   [Code Root Purge: 0,0 ms]
   [Clear CT: 0,0 ms]
   [Other: 0,2 ms]
      [Choose CSet: 0,0 ms]
      [Ref Proc: 0,0 ms]
      [Ref Enq: 0,0 ms]
      [Redirty Cards: 0,0 ms]
      [Humongous Register: 0,0 ms]
      [Humongous Reclaim: 0,0 ms]
      [Free CSet: 0,0 ms]
   [Eden: 47,0M(47,0M)->0,0B(52,0M) Survivors: 4096,0K->3072,0K Heap: 183,7M(1024,0M)->136,6M(1024,0M)]
 [Times: user=0,00 sys=0,00, real=0,01 secs] 
2016-12-19T13:47:27.689+0100: 1320,345: [GC pause (G1 Evacuation Pause) (young), 0,0104931 secs]
   [Parallel Time: 10,2 ms, GC Workers: 1]
      [GC Worker Start (ms):  1320345,3]
      [Ext Root Scanning (ms):  0,9]
      [Update RS (ms):  0,9]
         [Processed Buffers:  12]
      [Scan RS (ms):  0,0]
      [Code Root Scanning (ms):  0,3]
      [Object Copy (ms):  8,0]
      [Termination (ms):  0,0]
         [Termination Attempts:  1]
      [GC Worker Other (ms):  0,0]
      [GC Worker Total (ms):  10,2]
      [GC Worker End (ms):  1320355,6]
   [Code Root Fixup: 0,1 ms]
   [Code Root Purge: 0,0 ms]
   [Clear CT: 0,0 ms]
   [Other: 0,2 ms]
      [Choose CSet: 0,0 ms]
      [Ref Proc: 0,0 ms]
      [Ref Enq: 0,0 ms]
      [Redirty Cards: 0,0 ms]
      [Humongous Register: 0,0 ms]
      [Humongous Reclaim: 0,0 ms]
      [Free CSet: 0,0 ms]
   [Eden: 52,0M(52,0M)->0,0B(167,0M) Survivors: 3072,0K->3072,0K Heap: 188,6M(1024,0M)->136,4M(1024,0M)]
 [Times: user=0,00 sys=0,00, real=0,00 secs] 
2016-12-19T13:52:56.781+0100: 1649,437: [GC pause (G1 Evacuation Pause) (young), 0,0141648 secs]
   [Parallel Time: 11,7 ms, GC Workers: 1]
      [GC Worker Start (ms):  1649437,2]
      [Ext Root Scanning (ms):  0,7]
      [Update RS (ms):  1,5]
         [Processed Buffers:  25]
      [Scan RS (ms):  0,0]
      [Code Root Scanning (ms):  0,3]
      [Object Copy (ms):  9,1]
      [Termination (ms):  0,0]
         [Termination Attempts:  1]
      [GC Worker Other (ms):  0,0]
      [GC Worker Total (ms):  11,7]
      [GC Worker End (ms):  1649448,9]
   [Code Root Fixup: 0,1 ms]
   [Code Root Purge: 0,0 ms]
   [Clear CT: 0,0 ms]
   [Other: 2,3 ms]
      [Choose CSet: 0,0 ms]
      [Ref Proc: 2,1 ms]
      [Ref Enq: 0,0 ms]
      [Redirty Cards: 0,0 ms]
      [Humongous Register: 0,0 ms]
      [Humongous Reclaim: 0,0 ms]
      [Free CSet: 0,1 ms]
   [Eden: 167,0M(167,0M)->0,0B(82,0M) Survivors: 3072,0K->3072,0K Heap: 303,4M(1024,0M)->137,2M(1024,0M)]
 [Times: user=0,01 sys=0,00, real=0,01 secs] 
2016-12-19T13:53:47.680+0100: 1700,336: [GC pause (G1 Evacuation Pause) (young), 0,0097956 secs]
   [Parallel Time: 9,5 ms, GC Workers: 1]
      [GC Worker Start (ms):  1700336,5]
      [Ext Root Scanning (ms):  0,8]
      [Update RS (ms):  1,2]
         [Processed Buffers:  23]
      [Scan RS (ms):  0,0]
      [Code Root Scanning (ms):  0,1]
      [Object Copy (ms):  7,3]
      [Termination (ms):  0,0]
         [Termination Attempts:  1]
      [GC Worker Other (ms):  0,0]
      [GC Worker Total (ms):  9,5]
      [GC Worker End (ms):  1700346,0]
   [Code Root Fixup: 0,0 ms]
   [Code Root Purge: 0,0 ms]
   [Clear CT: 0,0 ms]
   [Other: 0,2 ms]
      [Choose CSet: 0,0 ms]
      [Ref Proc: 0,0 ms]
      [Ref Enq: 0,0 ms]
      [Redirty Cards: 0,0 ms]
      [Humongous Register: 0,0 ms]
      [Humongous Reclaim: 0,0 ms]
      [Free CSet: 0,0 ms]
   [Eden: 82,0M(82,0M)->0,0B(225,0M) Survivors: 3072,0K->4096,0K Heap: 219,2M(1024,0M)->137,8M(1024,0M)]
 [Times: user=0,00 sys=0,00, real=0,01 secs] 
2016-12-19T13:53:53.915+0100: 1706,572: [GC pause (G1 Evacuation Pause) (young), 0,0113651 secs]
   [Parallel Time: 11,0 ms, GC Workers: 1]
      [GC Worker Start (ms):  1706571,7]
      [Ext Root Scanning (ms):  0,7]
      [Update RS (ms):  1,0]
         [Processed Buffers:  17]
      [Scan RS (ms):  0,1]
      [Code Root Scanning (ms):  0,1]
      [Object Copy (ms):  9,1]
      [Termination (ms):  0,0]
         [Termination Attempts:  1]
      [GC Worker Other (ms):  0,0]
      [GC Worker Total (ms):  11,0]
      [GC Worker End (ms):  1706582,7]
   [Code Root Fixup: 0,0 ms]
   [Code Root Purge: 0,0 ms]
   [Clear CT: 0,1 ms]
   [Other: 0,3 ms]
      [Choose CSet: 0,0 ms]
      [Ref Proc: 0,0 ms]
      [Ref Enq: 0,0 ms]
      [Redirty Cards: 0,0 ms]
      [Humongous Register: 0,0 ms]
      [Humongous Reclaim: 0,0 ms]
      [Free CSet: 0,1 ms]
   [Eden: 225,0M(225,0M)->0,0B(368,0M) Survivors: 4096,0K->4096,0K Heap: 362,8M(1024,0M)->137,8M(1024,0M)]
 [Times: user=0,01 sys=0,00, real=0,01 secs] 
2016-12-19T14:04:05.959+0100: 2318,615: [GC pause (G1 Evacuation Pause) (young), 0,0664840 secs]
   [Parallel Time: 61,9 ms, GC Workers: 1]
      [GC Worker Start (ms):  2318618,1]
      [Ext Root Scanning (ms):  4,3]
      [Update RS (ms):  4,7]
         [Processed Buffers:  38]
      [Scan RS (ms):  0,1]
      [Code Root Scanning (ms):  0,1]
      [Object Copy (ms):  49,8]
      [Termination (ms):  0,0]
         [Termination Attempts:  1]
      [GC Worker Other (ms):  0,0]
      [GC Worker Total (ms):  59,0]
      [GC Worker End (ms):  2318677,1]
   [Code Root Fixup: 0,0 ms]
   [Code Root Purge: 0,0 ms]
   [Clear CT: 0,1 ms]
   [Other: 4,5 ms]
      [Choose CSet: 0,0 ms]
      [Ref Proc: 4,2 ms]
      [Ref Enq: 0,0 ms]
      [Redirty Cards: 0,0 ms]
      [Humongous Register: 0,0 ms]
      [Humongous Reclaim: 0,0 ms]
      [Free CSet: 0,1 ms]
   [Eden: 368,0M(368,0M)->0,0B(46,0M) Survivors: 4096,0K->5120,0K Heap: 505,8M(1024,0M)->139,4M(1024,0M)]
 [Times: user=0,02 sys=0,00, real=0,07 secs] 
2016-12-19T14:05:14.109+0100: 2386,765: [GC pause (G1 Evacuation Pause) (young), 0,0147334 secs]
   [Parallel Time: 14,4 ms, GC Workers: 1]
      [GC Worker Start (ms):  2386765,4]
      [Ext Root Scanning (ms):  0,9]
      [Update RS (ms):  1,6]
         [Processed Buffers:  30]
      [Scan RS (ms):  0,0]
      [Code Root Scanning (ms):  0,2]
      [Object Copy (ms):  11,7]
      [Termination (ms):  0,0]
         [Termination Attempts:  1]
      [GC Worker Other (ms):  0,0]
      [GC Worker Total (ms):  14,4]
      [GC Worker End (ms):  2386779,7]
   [Code Root Fixup: 0,1 ms]
   [Code Root Purge: 0,0 ms]
   [Clear CT: 0,0 ms]
   [Other: 0,3 ms]
      [Choose CSet: 0,0 ms]
      [Ref Proc: 0,0 ms]
      [Ref Enq: 0,0 ms]
      [Redirty Cards: 0,0 ms]
      [Humongous Register: 0,0 ms]
      [Humongous Reclaim: 0,0 ms]
      [Free CSet: 0,0 ms]
   [Eden: 46,0M(46,0M)->0,0B(47,0M) Survivors: 5120,0K->4096,0K Heap: 185,4M(1024,0M)->139,8M(1024,0M)]
 [Times: user=0,01 sys=0,00, real=0,01 secs] 
2016-12-19T14:08:46.164+0100: 2598,820: [GC pause (G1 Evacuation Pause) (young), 0,0165008 secs]
   [Parallel Time: 16,2 ms, GC Workers: 1]
      [GC Worker Start (ms):  2598820,1]
      [Ext Root Scanning (ms):  0,7]
      [Update RS (ms):  3,7]
         [Processed Buffers:  38]
      [Scan RS (ms):  0,2]
      [Code Root Scanning (ms):  0,0]
      [Object Copy (ms):  8,3]
      [Termination (ms):  0,0]
         [Termination Attempts:  1]
      [GC Worker Other (ms):  0,0]
      [GC Worker Total (ms):  13,0]
      [GC Worker End (ms):  2598833,1]
   [Code Root Fixup: 0,0 ms]
   [Code Root Purge: 0,0 ms]
   [Clear CT: 0,0 ms]
   [Other: 0,3 ms]
      [Choose CSet: 0,0 ms]
      [Ref Proc: 0,0 ms]
      [Ref Enq: 0,0 ms]
      [Redirty Cards: 0,0 ms]
      [Humongous Register: 0,0 ms]
      [Humongous Reclaim: 0,1 ms]
      [Free CSet: 0,0 ms]
   [Eden: 47,0M(47,0M)->0,0B(47,0M) Survivors: 4096,0K->4096,0K Heap: 186,8M(1024,0M)->139,8M(1024,0M)]
 [Times: user=0,01 sys=0,00, real=0,02 secs] 
2016-12-19T14:12:19.861+0100: 2812,517: [GC pause (G1 Evacuation Pause) (young), 0,0078271 secs]
   [Parallel Time: 7,6 ms, GC Workers: 1]
      [GC Worker Start (ms):  2812517,1]
      [Ext Root Scanning (ms):  0,9]
      [Update RS (ms):  1,0]
         [Processed Buffers:  28]
      [Scan RS (ms):  0,0]
      [Code Root Scanning (ms):  0,0]
      [Object Copy (ms):  5,6]
      [Termination (ms):  0,0]
         [Termination Attempts:  1]
      [GC Worker Other (ms):  0,0]
      [GC Worker Total (ms):  7,5]
      [GC Worker End (ms):  2812524,6]
   [Code Root Fixup: 0,0 ms]
   [Code Root Purge: 0,0 ms]
   [Clear CT: 0,0 ms]
   [Other: 0,2 ms]
      [Choose CSet: 0,0 ms]
      [Ref Proc: 0,0 ms]
      [Ref Enq: 0,0 ms]
      [Redirty Cards: 0,0 ms]
      [Humongous Register: 0,0 ms]
      [Humongous Reclaim: 0,0 ms]
      [Free CSet: 0,0 ms]
   [Eden: 47,0M(47,0M)->0,0B(47,0M) Survivors: 4096,0K->4096,0K Heap: 186,8M(1024,0M)->139,8M(1024,0M)]
 [Times: user=0,01 sys=0,00, real=0,01 secs] 
2016-12-19T14:14:56.072+0100: 2968,728: [GC pause (G1 Evacuation Pause) (young), 0,0199597 secs]
   [Parallel Time: 19,7 ms, GC Workers: 1]
      [GC Worker Start (ms):  2968728,4]
      [Ext Root Scanning (ms):  0,7]
      [Update RS (ms):  1,0]
         [Processed Buffers:  35]
      [Scan RS (ms):  0,0]
      [Code Root Scanning (ms):  0,0]
      [Object Copy (ms):  18,0]
      [Termination (ms):  0,0]
         [Termination Attempts:  1]
      [GC Worker Other (ms):  0,0]
      [GC Worker Total (ms):  19,7]
      [GC Worker End (ms):  2968748,1]
   [Code Root Fixup: 0,0 ms]
   [Code Root Purge: 0,0 ms]
   [Clear CT: 0,0 ms]
   [Other: 0,2 ms]
      [Choose CSet: 0,0 ms]
      [Ref Proc: 0,0 ms]
      [Ref Enq: 0,0 ms]
      [Redirty Cards: 0,0 ms]
      [Humongous Register: 0,0 ms]
      [Humongous Reclaim: 0,0 ms]
      [Free CSet: 0,0 ms]
   [Eden: 47,0M(47,0M)->0,0B(47,0M) Survivors: 4096,0K->4096,0K Heap: 186,8M(1024,0M)->139,8M(1024,0M)]
 [Times: user=0,01 sys=0,00, real=0,02 secs] 
2016-12-19T14:14:59.686+0100: 2972,342: [GC pause (G1 Evacuation Pause) (young), 0,0759283 secs]
   [Parallel Time: 75,7 ms, GC Workers: 1]
      [GC Worker Start (ms):  2972342,0]
      [Ext Root Scanning (ms):  0,7]
      [Update RS (ms):  1,0]
         [Processed Buffers:  29]
      [Scan RS (ms):  0,0]
      [Code Root Scanning (ms):  0,0]
      [Object Copy (ms):  50,6]
      [Termination (ms):  0,0]
         [Termination Attempts:  1]
      [GC Worker Other (ms):  0,0]
      [GC Worker Total (ms):  52,2]
      [GC Worker End (ms):  2972394,2]
   [Code Root Fixup: 0,0 ms]
   [Code Root Purge: 0,0 ms]
   [Clear CT: 0,0 ms]
   [Other: 0,2 ms]
      [Choose CSet: 0,0 ms]
      [Ref Proc: 0,0 ms]
      [Ref Enq: 0,0 ms]
      [Redirty Cards: 0,0 ms]
      [Humongous Register: 0,0 ms]
      [Humongous Reclaim: 0,0 ms]
      [Free CSet: 0,0 ms]
   [Eden: 47,0M(47,0M)->0,0B(46,0M) Survivors: 4096,0K->5120,0K Heap: 186,8M(1024,0M)->140,3M(1024,0M)]
 [Times: user=0,02 sys=0,00, real=0,08 secs] 
2016-12-19T14:15:01.832+0100: 2974,489: [GC pause (G1 Evacuation Pause) (young), 0,0478438 secs]
   [Parallel Time: 47,6 ms, GC Workers: 1]
      [GC Worker Start (ms):  2974488,9]
      [Ext Root Scanning (ms):  0,7]
      [Update RS (ms):  0,9]
         [Processed Buffers:  21]
      [Scan RS (ms):  0,0]
      [Code Root Scanning (ms):  0,0]
      [Object Copy (ms):  46,0]
      [Termination (ms):  0,0]
         [Termination Attempts:  1]
      [GC Worker Other (ms):  0,0]
      [GC Worker Total (ms):  47,6]
      [GC Worker End (ms):  2974536,5]
   [Code Root Fixup: 0,0 ms]
   [Code Root Purge: 0,0 ms]
   [Clear CT: 0,0 ms]
   [Other: 0,2 ms]
      [Choose CSet: 0,0 ms]
      [Ref Proc: 0,0 ms]
      [Ref Enq: 0,0 ms]
      [Redirty Cards: 0,0 ms]
      [Humongous Register: 0,0 ms]
      [Humongous Reclaim: 0,0 ms]
      [Free CSet: 0,0 ms]
   [Eden: 46,0M(46,0M)->0,0B(47,0M) Survivors: 5120,0K->4096,0K Heap: 186,3M(1024,0M)->140,1M(1024,0M)]
 [Times: user=0,01 sys=0,00, real=0,05 secs] 
2016-12-19T14:17:42.229+0100: 3134,885: [GC pause (G1 Evacuation Pause) (young), 0,0094555 secs]
   [Parallel Time: 9,1 ms, GC Workers: 1]
      [GC Worker Start (ms):  3134885,3]
      [Ext Root Scanning (ms):  0,6]
      [Update RS (ms):  1,4]
         [Processed Buffers:  36]
      [Scan RS (ms):  0,0]
      [Code Root Scanning (ms):  0,0]
      [Object Copy (ms):  7,1]
      [Termination (ms):  0,0]
         [Termination Attempts:  1]
      [GC Worker Other (ms):  0,0]
      [GC Worker Total (ms):  9,1]
      [GC Worker End (ms):  3134894,5]
   [Code Root Fixup: 0,0 ms]
   [Code Root Purge: 0,0 ms]
   [Clear CT: 0,0 ms]
   [Other: 0,3 ms]
      [Choose CSet: 0,0 ms]
      [Ref Proc: 0,0 ms]
      [Ref Enq: 0,0 ms]
      [Redirty Cards: 0,0 ms]
      [Humongous Register: 0,0 ms]
      [Humongous Reclaim: 0,0 ms]
      [Free CSet: 0,0 ms]
   [Eden: 47,0M(47,0M)->0,0B(48,0M) Survivors: 4096,0K->3072,0K Heap: 187,1M(1024,0M)->141,2M(1024,0M)]
 [Times: user=0,01 sys=0,00, real=0,00 secs] 
2016-12-19T14:20:44.428+0100: 3317,084: [GC pause (G1 Evacuation Pause) (young), 0,0135258 secs]
   [Parallel Time: 11,1 ms, GC Workers: 1]
      [GC Worker Start (ms):  3317084,1]
      [Ext Root Scanning (ms):  0,7]
      [Update RS (ms):  2,6]
         [Processed Buffers:  42]
      [Scan RS (ms):  0,0]
      [Code Root Scanning (ms):  0,0]
      [Object Copy (ms):  7,7]
      [Termination (ms):  0,0]
         [Termination Attempts:  1]
      [GC Worker Other (ms):  0,0]
      [GC Worker Total (ms):  11,1]
      [GC Worker End (ms):  3317095,2]
   [Code Root Fixup: 0,0 ms]
   [Code Root Purge: 0,0 ms]
   [Clear CT: 2,2 ms]
   [Other: 0,2 ms]
      [Choose CSet: 0,0 ms]
      [Ref Proc: 0,0 ms]
      [Ref Enq: 0,0 ms]
      [Redirty Cards: 0,0 ms]
      [Humongous Register: 0,0 ms]
      [Humongous Reclaim: 0,0 ms]
      [Free CSet: 0,0 ms]
   [Eden: 48,0M(48,0M)->0,0B(48,0M) Survivors: 3072,0K->3072,0K Heap: 189,2M(1024,0M)->141,2M(1024,0M)]
 [Times: user=0,01 sys=0,00, real=0,01 secs] 
2016-12-19T14:23:43.859+0100: 3496,515: [GC pause (G1 Evacuation Pause) (young), 0,0057313 secs]
   [Parallel Time: 5,5 ms, GC Workers: 1]
      [GC Worker Start (ms):  3496515,5]
      [Ext Root Scanning (ms):  0,7]
      [Update RS (ms):  0,7]
         [Processed Buffers:  35]
      [Scan RS (ms):  0,0]
      [Code Root Scanning (ms):  0,0]
      [Object Copy (ms):  4,0]
      [Termination (ms):  0,0]
         [Termination Attempts:  1]
      [GC Worker Other (ms):  0,0]
      [GC Worker Total (ms):  5,5]
      [GC Worker End (ms):  3496520,9]
   [Code Root Fixup: 0,0 ms]
   [Code Root Purge: 0,0 ms]
   [Clear CT: 0,0 ms]
   [Other: 0,2 ms]
      [Choose CSet: 0,0 ms]
      [Ref Proc: 0,0 ms]
      [Ref Enq: 0,0 ms]
      [Redirty Cards: 0,0 ms]
      [Humongous Register: 0,0 ms]
      [Humongous Reclaim: 0,0 ms]
      [Free CSet: 0,0 ms]
   [Eden: 48,0M(48,0M)->0,0B(48,0M) Survivors: 3072,0K->3072,0K Heap: 189,2M(1024,0M)->141,2M(1024,0M)]
 [Times: user=0,01 sys=0,00, real=0,01 secs] 
2016-12-19T14:26:39.811+0100: 3672,468: [GC pause (G1 Evacuation Pause) (young), 0,0114547 secs]
   [Parallel Time: 11,1 ms, GC Workers: 1]
      [GC Worker Start (ms):  3672467,7]
      [Ext Root Scanning (ms):  0,8]
      [Update RS (ms):  1,1]
         [Processed Buffers:  35]
      [Scan RS (ms):  0,0]
      [Code Root Scanning (ms):  0,0]
      [Object Copy (ms):  9,2]
      [Termination (ms):  0,0]
         [Termination Attempts:  1]
      [GC Worker Other (ms):  0,0]
      [GC Worker Total (ms):  11,1]
      [GC Worker End (ms):  3672478,8]
   [Code Root Fixup: 0,1 ms]
   [Code Root Purge: 0,0 ms]
   [Clear CT: 0,0 ms]
   [Other: 0,2 ms]
      [Choose CSet: 0,0 ms]
      [Ref Proc: 0,1 ms]
      [Ref Enq: 0,0 ms]
      [Redirty Cards: 0,0 ms]
      [Humongous Register: 0,0 ms]
      [Humongous Reclaim: 0,0 ms]
      [Free CSet: 0,0 ms]
   [Eden: 48,0M(48,0M)->0,0B(47,0M) Survivors: 3072,0K->4096,0K Heap: 189,2M(1024,0M)->141,7M(1024,0M)]
 [Times: user=0,01 sys=0,00, real=0,01 secs] 
2016-12-19T14:29:53.168+0100: 3865,824: [GC pause (G1 Evacuation Pause) (young), 0,0084189 secs]
   [Parallel Time: 8,1 ms, GC Workers: 1]
      [GC Worker Start (ms):  3865824,1]
      [Ext Root Scanning (ms):  0,8]
      [Update RS (ms):  1,2]
         [Processed Buffers:  33]
      [Scan RS (ms):  0,0]
      [Code Root Scanning (ms):  0,0]
      [Object Copy (ms):  6,0]
      [Termination (ms):  0,0]
         [Termination Attempts:  1]
      [GC Worker Other (ms):  0,0]
      [GC Worker Total (ms):  8,1]
      [GC Worker End (ms):  3865832,2]
   [Code Root Fixup: 0,0 ms]
   [Code Root Purge: 0,0 ms]
   [Clear CT: 0,0 ms]
   [Other: 0,3 ms]
      [Choose CSet: 0,0 ms]
      [Ref Proc: 0,0 ms]
      [Ref Enq: 0,0 ms]
      [Redirty Cards: 0,0 ms]
      [Humongous Register: 0,0 ms]
      [Humongous Reclaim: 0,0 ms]
      [Free CSet: 0,1 ms]
   [Eden: 47,0M(47,0M)->0,0B(77,0M) Survivors: 4096,0K->4096,0K Heap: 188,7M(1024,0M)->141,7M(1024,0M)]
 [Times: user=0,01 sys=0,00, real=0,00 secs] 
2016-12-19T14:33:02.267+0100: 4054,924: [GC pause (G1 Evacuation Pause) (young), 0,0107741 secs]
   [Parallel Time: 10,5 ms, GC Workers: 1]
      [GC Worker Start (ms):  4054923,7]
      [Ext Root Scanning (ms):  0,8]
      [Update RS (ms):  1,0]
         [Processed Buffers:  32]
      [Scan RS (ms):  0,0]
      [Code Root Scanning (ms):  0,0]
      [Object Copy (ms):  8,6]
      [Termination (ms):  0,0]
         [Termination Attempts:  1]
      [GC Worker Other (ms):  0,0]
      [GC Worker Total (ms):  10,5]
      [GC Worker End (ms):  4054934,2]
   [Code Root Fixup: 0,0 ms]
   [Code Root Purge: 0,0 ms]
   [Clear CT: 0,0 ms]
   [Other: 0,3 ms]
      [Choose CSet: 0,0 ms]
      [Ref Proc: 0,0 ms]
      [Ref Enq: 0,0 ms]
      [Redirty Cards: 0,0 ms]
      [Humongous Register: 0,0 ms]
      [Humongous Reclaim: 0,1 ms]
      [Free CSet: 0,0 ms]
   [Eden: 77,0M(77,0M)->0,0B(165,0M) Survivors: 4096,0K->4096,0K Heap: 218,7M(1024,0M)->141,7M(1024,0M)]
 [Times: user=0,00 sys=0,00, real=0,01 secs] 
2016-12-19T14:33:07.787+0100: 4060,443: [GC pause (G1 Evacuation Pause) (young), 0,0107967 secs]
   [Parallel Time: 10,5 ms, GC Workers: 1]
      [GC Worker Start (ms):  4060443,1]
      [Ext Root Scanning (ms):  0,7]
      [Update RS (ms):  0,9]
         [Processed Buffers:  26]
      [Scan RS (ms):  0,0]
      [Code Root Scanning (ms):  0,0]
      [Object Copy (ms):  6,1]
      [Termination (ms):  0,0]
         [Termination Attempts:  1]
      [GC Worker Other (ms):  0,0]
      [GC Worker Total (ms):  7,7]
      [GC Worker End (ms):  4060450,8]
   [Code Root Fixup: 0,0 ms]
   [Code Root Purge: 0,0 ms]
   [Clear CT: 0,0 ms]
   [Other: 0,2 ms]
      [Choose CSet: 0,0 ms]
      [Ref Proc: 0,0 ms]
      [Ref Enq: 0,0 ms]
      [Redirty Cards: 0,0 ms]
      [Humongous Register: 0,0 ms]
      [Humongous Reclaim: 0,0 ms]
      [Free CSet: 0,0 ms]
   [Eden: 165,0M(165,0M)->0,0B(280,0M) Survivors: 4096,0K->4096,0K Heap: 306,7M(1024,0M)->141,7M(1024,0M)]
 [Times: user=0,00 sys=0,00, real=0,01 secs] 
2016-12-19T14:33:15.513+0100: 4068,169: [GC pause (G1 Evacuation Pause) (young), 0,0169688 secs]
   [Parallel Time: 16,7 ms, GC Workers: 1]
      [GC Worker Start (ms):  4068169,0]
      [Ext Root Scanning (ms):  0,7]
      [Update RS (ms):  0,8]
         [Processed Buffers:  30]
      [Scan RS (ms):  0,1]
      [Code Root Scanning (ms):  0,1]
      [Object Copy (ms):  7,6]
      [Termination (ms):  0,0]
         [Termination Attempts:  1]
      [GC Worker Other (ms):  0,0]
      [GC Worker Total (ms):  9,2]
      [GC Worker End (ms):  4068178,3]
   [Code Root Fixup: 0,0 ms]
   [Code Root Purge: 0,0 ms]
   [Clear CT: 0,1 ms]
   [Other: 0,2 ms]
      [Choose CSet: 0,0 ms]
      [Ref Proc: 0,0 ms]
      [Ref Enq: 0,0 ms]
      [Redirty Cards: 0,0 ms]
      [Humongous Register: 0,0 ms]
      [Humongous Reclaim: 0,0 ms]
      [Free CSet: 0,1 ms]
   [Eden: 280,0M(280,0M)->0,0B(283,0M) Survivors: 4096,0K->4096,0K Heap: 421,7M(1024,0M)->141,7M(1024,0M)]
 [Times: user=0,00 sys=0,00, real=0,02 secs] 
2016-12-19T14:33:21.924+0100: 4074,581: [GC pause (G1 Evacuation Pause) (young), 0,0067703 secs]
   [Parallel Time: 6,5 ms, GC Workers: 1]
      [GC Worker Start (ms):  4074580,8]
      [Ext Root Scanning (ms):  0,7]
      [Update RS (ms):  1,0]
         [Processed Buffers:  29]
      [Scan RS (ms):  0,1]
      [Code Root Scanning (ms):  0,0]
      [Object Copy (ms):  4,6]
      [Termination (ms):  0,0]
         [Termination Attempts:  1]
      [GC Worker Other (ms):  0,0]
      [GC Worker Total (ms):  6,5]
      [GC Worker End (ms):  4074587,3]
   [Code Root Fixup: 0,0 ms]
   [Code Root Purge: 0,0 ms]
   [Clear CT: 0,1 ms]
   [Other: 0,2 ms]
      [Choose CSet: 0,0 ms]
      [Ref Proc: 0,0 ms]
      [Ref Enq: 0,0 ms]
      [Redirty Cards: 0,0 ms]
      [Humongous Register: 0,0 ms]
      [Humongous Reclaim: 0,0 ms]
      [Free CSet: 0,1 ms]
   [Eden: 283,0M(283,0M)->0,0B(584,0M) Survivors: 4096,0K->4096,0K Heap: 424,7M(1024,0M)->141,7M(1024,0M)]
 [Times: user=0,00 sys=0,00, real=0,01 secs] 
2016-12-19T14:50:37.306+0100: 5109,962: [GC pause (G1 Evacuation Pause) (young), 0,0195516 secs]
   [Parallel Time: 19,0 ms, GC Workers: 1]
      [GC Worker Start (ms):  5109962,5]
      [Ext Root Scanning (ms):  0,7]
      [Update RS (ms):  0,9]
         [Processed Buffers:  37]
      [Scan RS (ms):  0,1]
      [Code Root Scanning (ms):  0,0]
      [Object Copy (ms):  17,1]
      [Termination (ms):  0,0]
         [Termination Attempts:  1]
      [GC Worker Other (ms):  0,0]
      [GC Worker Total (ms):  19,0]
      [GC Worker End (ms):  5109981,4]
   [Code Root Fixup: 0,0 ms]
   [Code Root Purge: 0,0 ms]
   [Clear CT: 0,2 ms]
   [Other: 0,4 ms]
      [Choose CSet: 0,0 ms]
      [Ref Proc: 0,1 ms]
      [Ref Enq: 0,0 ms]
      [Redirty Cards: 0,0 ms]
      [Humongous Register: 0,0 ms]
      [Humongous Reclaim: 0,0 ms]
      [Free CSet: 0,2 ms]
   [Eden: 584,0M(584,0M)->0,0B(358,0M) Survivors: 4096,0K->4096,0K Heap: 725,7M(1024,0M)->142,0M(1024,0M)]
 [Times: user=0,00 sys=0,00, real=0,02 secs] 
2016-12-19T14:50:46.467+0100: 5119,123: [GC pause (G1 Evacuation Pause) (young), 0,0135085 secs]
   [Parallel Time: 11,6 ms, GC Workers: 1]
      [GC Worker Start (ms):  5119123,5]
      [Ext Root Scanning (ms):  0,8]
      [Update RS (ms):  1,3]
         [Processed Buffers:  32]
      [Scan RS (ms):  0,1]
      [Code Root Scanning (ms):  0,0]
      [Object Copy (ms):  9,3]
      [Termination (ms):  0,0]
         [Termination Attempts:  1]
      [GC Worker Other (ms):  0,0]
      [GC Worker Total (ms):  11,6]
      [GC Worker End (ms):  5119135,1]
   [Code Root Fixup: 0,0 ms]
   [Code Root Purge: 0,0 ms]
   [Clear CT: 0,1 ms]
   [Other: 1,8 ms]
      [Choose CSet: 0,0 ms]
      [Ref Proc: 1,5 ms]
      [Ref Enq: 0,0 ms]
      [Redirty Cards: 0,0 ms]
      [Humongous Register: 0,0 ms]
      [Humongous Reclaim: 0,0 ms]
      [Free CSet: 0,1 ms]
   [Eden: 358,0M(358,0M)->0,0B(508,0M) Survivors: 4096,0K->3072,0K Heap: 500,0M(1024,0M)->141,5M(1024,0M)]
 [Times: user=0,01 sys=0,00, real=0,02 secs] 
2016-12-19T14:50:56.284+0100: 5128,940: [GC pause (G1 Evacuation Pause) (young), 0,0061845 secs]
   [Parallel Time: 5,8 ms, GC Workers: 1]
      [GC Worker Start (ms):  5128939,9]
      [Ext Root Scanning (ms):  0,7]
      [Update RS (ms):  0,9]
         [Processed Buffers:  30]
      [Scan RS (ms):  0,1]
      [Code Root Scanning (ms):  0,0]
      [Object Copy (ms):  4,0]
      [Termination (ms):  0,0]
         [Termination Attempts:  1]
      [GC Worker Other (ms):  0,0]
      [GC Worker Total (ms):  5,7]
      [GC Worker End (ms):  5128945,7]
   [Code Root Fixup: 0,0 ms]
   [Code Root Purge: 0,0 ms]
   [Clear CT: 0,1 ms]
   [Other: 0,3 ms]
      [Choose CSet: 0,0 ms]
      [Ref Proc: 0,1 ms]
      [Ref Enq: 0,0 ms]
      [Redirty Cards: 0,0 ms]
      [Humongous Register: 0,0 ms]
      [Humongous Reclaim: 0,0 ms]
      [Free CSet: 0,1 ms]
   [Eden: 508,0M(508,0M)->0,0B(611,0M) Survivors: 3072,0K->3072,0K Heap: 649,5M(1024,0M)->141,5M(1024,0M)]
 [Times: user=0,00 sys=0,00, real=0,01 secs] 
2016-12-19T14:56:36.613+0100: 5469,269: [GC pause (G1 Evacuation Pause) (young), 0,0116371 secs]
   [Parallel Time: 10,3 ms, GC Workers: 1]
      [GC Worker Start (ms):  5469269,5]
      [Ext Root Scanning (ms):  0,6]
      [Update RS (ms):  0,8]
         [Processed Buffers:  32]
      [Scan RS (ms):  0,2]
      [Code Root Scanning (ms):  0,0]
      [Object Copy (ms):  8,6]
      [Termination (ms):  0,0]
         [Termination Attempts:  1]
      [GC Worker Other (ms):  0,0]
      [GC Worker Total (ms):  10,3]
      [GC Worker End (ms):  5469279,7]
   [Code Root Fixup: 0,0 ms]
   [Code Root Purge: 0,0 ms]
   [Clear CT: 0,5 ms]
   [Other: 0,9 ms]
      [Choose CSet: 0,0 ms]
      [Ref Proc: 0,0 ms]
      [Ref Enq: 0,0 ms]
      [Redirty Cards: 0,0 ms]
      [Humongous Register: 0,0 ms]
      [Humongous Reclaim: 0,0 ms]
      [Free CSet: 0,7 ms]
   [Eden: 611,0M(611,0M)->0,0B(611,0M) Survivors: 3072,0K->3072,0K Heap: 752,5M(1024,0M)->141,6M(1024,0M)]
 [Times: user=0,01 sys=0,00, real=0,01 secs] 
2016-12-19T14:57:07.712+0100: 5500,368: [GC pause (G1 Evacuation Pause) (young), 0,0077531 secs]
   [Parallel Time: 7,3 ms, GC Workers: 1]
      [GC Worker Start (ms):  5500368,4]
      [Ext Root Scanning (ms):  0,7]
      [Update RS (ms):  1,0]
         [Processed Buffers:  37]
      [Scan RS (ms):  0,2]
      [Code Root Scanning (ms):  0,0]
      [Object Copy (ms):  5,3]
      [Termination (ms):  0,0]
         [Termination Attempts:  1]
      [GC Worker Other (ms):  0,0]
      [GC Worker Total (ms):  7,3]
      [GC Worker End (ms):  5500375,6]
   [Code Root Fixup: 0,0 ms]
   [Code Root Purge: 0,0 ms]
   [Clear CT: 0,1 ms]
   [Other: 0,3 ms]
      [Choose CSet: 0,0 ms]
      [Ref Proc: 0,0 ms]
      [Ref Enq: 0,0 ms]
      [Redirty Cards: 0,0 ms]
      [Humongous Register: 0,0 ms]
      [Humongous Reclaim: 0,0 ms]
      [Free CSet: 0,2 ms]
   [Eden: 611,0M(611,0M)->0,0B(611,0M) Survivors: 3072,0K->3072,0K Heap: 752,6M(1024,0M)->142,1M(1024,0M)]
 [Times: user=0,01 sys=0,00, real=0,01 secs] 
2016-12-19T14:57:18.410+0100: 5511,066: [GC pause (G1 Evacuation Pause) (young), 0,0071576 secs]
   [Parallel Time: 6,7 ms, GC Workers: 1]
      [GC Worker Start (ms):  5511066,1]
      [Ext Root Scanning (ms):  0,7]
      [Update RS (ms):  1,5]
         [Processed Buffers:  34]
      [Scan RS (ms):  0,2]
      [Code Root Scanning (ms):  0,0]
      [Object Copy (ms):  4,3]
      [Termination (ms):  0,0]
         [Termination Attempts:  1]
      [GC Worker Other (ms):  0,0]
      [GC Worker Total (ms):  6,7]
      [GC Worker End (ms):  5511072,8]
   [Code Root Fixup: 0,0 ms]
   [Code Root Purge: 0,0 ms]
   [Clear CT: 0,1 ms]
   [Other: 0,3 ms]
      [Choose CSet: 0,0 ms]
      [Ref Proc: 0,0 ms]
      [Ref Enq: 0,0 ms]
      [Redirty Cards: 0,0 ms]
      [Humongous Register: 0,0 ms]
      [Humongous Reclaim: 0,0 ms]
      [Free CSet: 0,1 ms]
   [Eden: 611,0M(611,0M)->0,0B(611,0M) Survivors: 3072,0K->3072,0K Heap: 753,1M(1024,0M)->142,3M(1024,0M)]
 [Times: user=0,01 sys=0,00, real=0,00 secs] 
2016-12-19T15:08:49.517+0100: 6202,174: [GC pause (G1 Evacuation Pause) (young), 0,0164063 secs]
   [Parallel Time: 15,7 ms, GC Workers: 1]
      [GC Worker Start (ms):  6202173,8]
      [Ext Root Scanning (ms):  1,4]
      [Update RS (ms):  5,9]
         [Processed Buffers:  42]
      [Scan RS (ms):  0,3]
      [Code Root Scanning (ms):  0,1]
      [Object Copy (ms):  7,9]
      [Termination (ms):  0,0]
         [Termination Attempts:  1]
      [GC Worker Other (ms):  0,0]
      [GC Worker Total (ms):  15,7]
      [GC Worker End (ms):  6202189,5]
   [Code Root Fixup: 0,0 ms]
   [Code Root Purge: 0,0 ms]
   [Clear CT: 0,2 ms]
   [Other: 0,5 ms]
      [Choose CSet: 0,0 ms]
      [Ref Proc: 0,1 ms]
      [Ref Enq: 0,0 ms]
      [Redirty Cards: 0,0 ms]
      [Humongous Register: 0,1 ms]
      [Humongous Reclaim: 0,0 ms]
      [Free CSet: 0,2 ms]
   [Eden: 611,0M(611,0M)->0,0B(611,0M) Survivors: 3072,0K->3072,0K Heap: 753,3M(1024,0M)->142,7M(1024,0M)]
 [Times: user=0,01 sys=0,00, real=0,02 secs] 
2016-12-19T15:53:39.517+0100: 8892,173: [GC pause (G1 Evacuation Pause) (young), 0,0070204 secs]
   [Parallel Time: 5,7 ms, GC Workers: 1]
      [GC Worker Start (ms):  8892173,4]
      [Ext Root Scanning (ms):  0,6]
      [Update RS (ms):  1,0]
         [Processed Buffers:  34]
      [Scan RS (ms):  0,2]
      [Code Root Scanning (ms):  0,0]
      [Object Copy (ms):  3,8]
      [Termination (ms):  0,0]
         [Termination Attempts:  1]
      [GC Worker Other (ms):  0,0]
      [GC Worker Total (ms):  5,7]
      [GC Worker End (ms):  8892179,1]
   [Code Root Fixup: 0,0 ms]
   [Code Root Purge: 0,0 ms]
   [Clear CT: 0,1 ms]
   [Other: 1,2 ms]
      [Choose CSet: 0,0 ms]
      [Ref Proc: 0,2 ms]
      [Ref Enq: 0,0 ms]
      [Redirty Cards: 0,0 ms]
      [Humongous Register: 0,0 ms]
      [Humongous Reclaim: 0,0 ms]
      [Free CSet: 0,9 ms]
   [Eden: 611,0M(611,0M)->0,0B(611,0M) Survivors: 3072,0K->3072,0K Heap: 753,7M(1024,0M)->142,8M(1024,0M)]
 [Times: user=0,01 sys=0,00, real=0,01 secs] 
2016-12-19T16:39:24.518+0100: 11637,174: [GC pause (G1 Evacuation Pause) (young), 0,0193285 secs]
   [Parallel Time: 18,1 ms, GC Workers: 1]
      [GC Worker Start (ms):  11637174,1]
      [Ext Root Scanning (ms):  2,5]
      [Update RS (ms):  2,4]
         [Processed Buffers:  33]
      [Scan RS (ms):  0,5]
      [Code Root Scanning (ms):  0,2]
      [Object Copy (ms):  12,4]
      [Termination (ms):  0,0]
         [Termination Attempts:  1]
      [GC Worker Other (ms):  0,0]
      [GC Worker Total (ms):  18,0]
      [GC Worker End (ms):  11637192,1]
   [Code Root Fixup: 0,1 ms]
   [Code Root Purge: 0,0 ms]
   [Clear CT: 0,3 ms]
   [Other: 0,9 ms]
      [Choose CSet: 0,0 ms]
      [Ref Proc: 0,3 ms]
      [Ref Enq: 0,0 ms]
      [Redirty Cards: 0,0 ms]
      [Humongous Register: 0,0 ms]
      [Humongous Reclaim: 0,0 ms]
      [Free CSet: 0,3 ms]
   [Eden: 611,0M(611,0M)->0,0B(611,0M) Survivors: 3072,0K->3072,0K Heap: 753,8M(1024,0M)->143,3M(1024,0M)]
 [Times: user=0,02 sys=0,00, real=0,02 secs] 
2016-12-19T17:12:41.908+0100: 13634,565: [GC pause (G1 Evacuation Pause) (young), 0,0093851 secs]
   [Parallel Time: 8,8 ms, GC Workers: 1]
      [GC Worker Start (ms):  13634564,8]
      [Ext Root Scanning (ms):  0,6]
      [Update RS (ms):  0,6]
         [Processed Buffers:  33]
      [Scan RS (ms):  0,2]
      [Code Root Scanning (ms):  0,0]
      [Object Copy (ms):  7,3]
      [Termination (ms):  0,0]
         [Termination Attempts:  1]
      [GC Worker Other (ms):  0,0]
      [GC Worker Total (ms):  8,8]
      [GC Worker End (ms):  13634573,6]
   [Code Root Fixup: 0,0 ms]
   [Code Root Purge: 0,0 ms]
   [Clear CT: 0,2 ms]
   [Other: 0,4 ms]
      [Choose CSet: 0,0 ms]
      [Ref Proc: 0,1 ms]
      [Ref Enq: 0,0 ms]
      [Redirty Cards: 0,0 ms]
      [Humongous Register: 0,0 ms]
      [Humongous Reclaim: 0,0 ms]
      [Free CSet: 0,1 ms]
   [Eden: 611,0M(611,0M)->0,0B(611,0M) Survivors: 3072,0K->3072,0K Heap: 754,3M(1024,0M)->142,9M(1024,0M)]
 [Times: user=0,01 sys=0,00, real=0,00 secs] 
2016-12-19T17:12:59.878+0100: 13652,534: [GC pause (G1 Evacuation Pause) (young), 0,0052161 secs]
   [Parallel Time: 4,7 ms, GC Workers: 1]
      [GC Worker Start (ms):  13652533,9]
      [Ext Root Scanning (ms):  0,7]
      [Update RS (ms):  0,6]
         [Processed Buffers:  28]
      [Scan RS (ms):  0,2]
      [Code Root Scanning (ms):  0,0]
      [Object Copy (ms):  3,2]
      [Termination (ms):  0,0]
         [Termination Attempts:  1]
      [GC Worker Other (ms):  0,0]
      [GC Worker Total (ms):  4,7]
      [GC Worker End (ms):  13652538,6]
   [Code Root Fixup: 0,0 ms]
   [Code Root Purge: 0,0 ms]
   [Clear CT: 0,1 ms]
   [Other: 0,3 ms]
      [Choose CSet: 0,0 ms]
      [Ref Proc: 0,0 ms]
      [Ref Enq: 0,0 ms]
      [Redirty Cards: 0,0 ms]
      [Humongous Register: 0,0 ms]
      [Humongous Reclaim: 0,0 ms]
      [Free CSet: 0,2 ms]
   [Eden: 611,0M(611,0M)->0,0B(611,0M) Survivors: 3072,0K->3072,0K Heap: 753,9M(1024,0M)->143,5M(1024,0M)]
 [Times: user=0,00 sys=0,00, real=0,01 secs] 
2016-12-19T17:16:46.141+0100: 13878,797: [GC pause (G1 Evacuation Pause) (young), 0,0068575 secs]
   [Parallel Time: 6,5 ms, GC Workers: 1]
      [GC Worker Start (ms):  13878797,1]
      [Ext Root Scanning (ms):  0,7]
      [Update RS (ms):  0,4]
         [Processed Buffers:  30]
      [Scan RS (ms):  0,2]
      [Code Root Scanning (ms):  0,0]
      [Object Copy (ms):  5,2]
      [Termination (ms):  0,0]
         [Termination Attempts:  1]
      [GC Worker Other (ms):  0,0]
      [GC Worker Total (ms):  6,4]
      [GC Worker End (ms):  13878803,5]
   [Code Root Fixup: 0,0 ms]
   [Code Root Purge: 0,0 ms]
   [Clear CT: 0,1 ms]
   [Other: 0,2 ms]
      [Choose CSet: 0,0 ms]
      [Ref Proc: 0,0 ms]
      [Ref Enq: 0,0 ms]
      [Redirty Cards: 0,0 ms]
      [Humongous Register: 0,0 ms]
      [Humongous Reclaim: 0,0 ms]
      [Free CSet: 0,1 ms]
   [Eden: 611,0M(611,0M)->0,0B(611,0M) Survivors: 3072,0K->3072,0K Heap: 754,5M(1024,0M)->143,0M(1024,0M)]
 [Times: user=0,01 sys=0,00, real=0,01 secs] 
2016-12-19T17:17:01.193+0100: 13893,849: [GC pause (G1 Evacuation Pause) (young), 0,0047899 secs]
   [Parallel Time: 4,4 ms, GC Workers: 1]
      [GC Worker Start (ms):  13893849,1]
      [Ext Root Scanning (ms):  0,7]
      [Update RS (ms):  0,3]
         [Processed Buffers:  27]
      [Scan RS (ms):  0,2]
      [Code Root Scanning (ms):  0,0]
      [Object Copy (ms):  3,1]
      [Termination (ms):  0,0]
         [Termination Attempts:  1]
      [GC Worker Other (ms):  0,0]
      [GC Worker Total (ms):  4,4]
      [GC Worker End (ms):  13893853,5]
   [Code Root Fixup: 0,0 ms]
   [Code Root Purge: 0,0 ms]
   [Clear CT: 0,1 ms]
   [Other: 0,2 ms]
      [Choose CSet: 0,0 ms]
      [Ref Proc: 0,0 ms]
      [Ref Enq: 0,0 ms]
      [Redirty Cards: 0,0 ms]
      [Humongous Register: 0,0 ms]
      [Humongous Reclaim: 0,0 ms]
      [Free CSet: 0,1 ms]
   [Eden: 611,0M(611,0M)->0,0B(611,0M) Survivors: 3072,0K->3072,0K Heap: 754,0M(1024,0M)->143,0M(1024,0M)]
 [Times: user=0,01 sys=0,00, real=0,00 secs] 
2016-12-19T17:17:12.469+0100: 13905,126: [GC pause (G1 Evacuation Pause) (young), 0,0048598 secs]
   [Parallel Time: 4,5 ms, GC Workers: 1]
      [GC Worker Start (ms):  13905125,9]
      [Ext Root Scanning (ms):  0,8]
      [Update RS (ms):  0,4]
         [Processed Buffers:  26]
      [Scan RS (ms):  0,2]
      [Code Root Scanning (ms):  0,0]
      [Object Copy (ms):  3,1]
      [Termination (ms):  0,0]
         [Termination Attempts:  1]
      [GC Worker Other (ms):  0,0]
      [GC Worker Total (ms):  4,5]
      [GC Worker End (ms):  13905130,3]
   [Code Root Fixup: 0,0 ms]
   [Code Root Purge: 0,0 ms]
   [Clear CT: 0,1 ms]
   [Other: 0,2 ms]
      [Choose CSet: 0,0 ms]
      [Ref Proc: 0,0 ms]
      [Ref Enq: 0,0 ms]
      [Redirty Cards: 0,0 ms]
      [Humongous Register: 0,0 ms]
      [Humongous Reclaim: 0,0 ms]
      [Free CSet: 0,1 ms]
   [Eden: 611,0M(611,0M)->0,0B(611,0M) Survivors: 3072,0K->3072,0K Heap: 754,0M(1024,0M)->143,0M(1024,0M)]
 [Times: user=0,01 sys=0,00, real=0,00 secs] 
2016-12-19T17:21:28.635+0100: 14161,291: [GC pause (G1 Evacuation Pause) (young), 0,0088254 secs]
   [Parallel Time: 8,4 ms, GC Workers: 1]
      [GC Worker Start (ms):  14161291,3]
      [Ext Root Scanning (ms):  0,7]
      [Update RS (ms):  0,5]
         [Processed Buffers:  32]
      [Scan RS (ms):  0,2]
      [Code Root Scanning (ms):  0,0]
      [Object Copy (ms):  7,0]
      [Termination (ms):  0,0]
         [Termination Attempts:  1]
      [GC Worker Other (ms):  0,0]
      [GC Worker Total (ms):  8,4]
      [GC Worker End (ms):  14161299,6]
   [Code Root Fixup: 0,0 ms]
   [Code Root Purge: 0,0 ms]
   [Clear CT: 0,1 ms]
   [Other: 0,3 ms]
      [Choose CSet: 0,0 ms]
      [Ref Proc: 0,0 ms]
      [Ref Enq: 0,0 ms]
      [Redirty Cards: 0,0 ms]
      [Humongous Register: 0,0 ms]
      [Humongous Reclaim: 0,0 ms]
      [Free CSet: 0,1 ms]
   [Eden: 611,0M(611,0M)->0,0B(611,0M) Survivors: 3072,0K->3072,0K Heap: 754,0M(1024,0M)->143,0M(1024,0M)]
 [Times: user=0,01 sys=0,00, real=0,01 secs] 
2016-12-19T17:21:40.722+0100: 14173,378: [GC pause (G1 Evacuation Pause) (young), 0,0111719 secs]
   [Parallel Time: 10,7 ms, GC Workers: 1]
      [GC Worker Start (ms):  14173377,9]
      [Ext Root Scanning (ms):  0,7]
      [Update RS (ms):  0,4]
         [Processed Buffers:  28]
      [Scan RS (ms):  0,2]
      [Code Root Scanning (ms):  0,0]
      [Object Copy (ms):  9,3]
      [Termination (ms):  0,0]
         [Termination Attempts:  1]
      [GC Worker Other (ms):  0,0]
      [GC Worker Total (ms):  10,7]
      [GC Worker End (ms):  14173388,6]
   [Code Root Fixup: 0,0 ms]
   [Code Root Purge: 0,0 ms]
   [Clear CT: 0,1 ms]
   [Other: 0,3 ms]
      [Choose CSet: 0,0 ms]
      [Ref Proc: 0,0 ms]
      [Ref Enq: 0,0 ms]
      [Redirty Cards: 0,0 ms]
      [Humongous Register: 0,0 ms]
      [Humongous Reclaim: 0,0 ms]
      [Free CSet: 0,1 ms]
   [Eden: 611,0M(611,0M)->0,0B(611,0M) Survivors: 3072,0K->3072,0K Heap: 754,0M(1024,0M)->143,0M(1024,0M)]
 [Times: user=0,00 sys=0,00, real=0,01 secs] 
2016-12-19T17:21:51.219+0100: 14183,876: [GC pause (G1 Evacuation Pause) (young), 0,0178618 secs]
   [Parallel Time: 11,8 ms, GC Workers: 1]
      [GC Worker Start (ms):  14183881,5]
      [Ext Root Scanning (ms):  0,7]
      [Update RS (ms):  0,4]
         [Processed Buffers:  28]
      [Scan RS (ms):  0,2]
      [Code Root Scanning (ms):  0,0]
      [Object Copy (ms):  10,4]
      [Termination (ms):  0,0]
         [Termination Attempts:  1]
      [GC Worker Other (ms):  0,0]
      [GC Worker Total (ms):  11,8]
      [GC Worker End (ms):  14183893,3]
   [Code Root Fixup: 0,0 ms]
   [Code Root Purge: 0,0 ms]
   [Clear CT: 0,2 ms]
   [Other: 5,8 ms]
      [Choose CSet: 0,0 ms]
      [Ref Proc: 0,0 ms]
      [Ref Enq: 0,0 ms]
      [Redirty Cards: 0,0 ms]
      [Humongous Register: 0,0 ms]
      [Humongous Reclaim: 0,0 ms]
      [Free CSet: 0,1 ms]
   [Eden: 611,0M(611,0M)->0,0B(611,0M) Survivors: 3072,0K->3072,0K Heap: 754,0M(1024,0M)->143,5M(1024,0M)]
 [Times: user=0,01 sys=0,00, real=0,02 secs] 
2016-12-19T17:25:31.817+0100: 14404,474: [GC pause (G1 Evacuation Pause) (young), 0,0086666 secs]
   [Parallel Time: 8,2 ms, GC Workers: 1]
      [GC Worker Start (ms):  14404473,6]
      [Ext Root Scanning (ms):  0,6]
      [Update RS (ms):  0,4]
         [Processed Buffers:  34]
      [Scan RS (ms):  0,2]
      [Code Root Scanning (ms):  0,0]
      [Object Copy (ms):  4,3]
      [Termination (ms):  0,0]
         [Termination Attempts:  1]
      [GC Worker Other (ms):  0,0]
      [GC Worker Total (ms):  5,5]
      [GC Worker End (ms):  14404479,2]
   [Code Root Fixup: 0,0 ms]
   [Code Root Purge: 0,0 ms]
   [Clear CT: 0,1 ms]
   [Other: 0,3 ms]
      [Choose CSet: 0,0 ms]
      [Ref Proc: 0,1 ms]
      [Ref Enq: 0,0 ms]
      [Redirty Cards: 0,0 ms]
      [Humongous Register: 0,0 ms]
      [Humongous Reclaim: 0,0 ms]
      [Free CSet: 0,1 ms]
   [Eden: 611,0M(611,0M)->0,0B(611,0M) Survivors: 3072,0K->3072,0K Heap: 754,5M(1024,0M)->143,5M(1024,0M)]
 [Times: user=0,01 sys=0,00, real=0,01 secs] 
2016-12-19T17:25:48.527+0100: 14421,183: [GC pause (G1 Evacuation Pause) (young), 0,0053971 secs]
   [Parallel Time: 4,9 ms, GC Workers: 1]
      [GC Worker Start (ms):  14421183,2]
      [Ext Root Scanning (ms):  0,7]
      [Update RS (ms):  0,4]
         [Processed Buffers:  27]
      [Scan RS (ms):  0,2]
      [Code Root Scanning (ms):  0,0]
      [Object Copy (ms):  3,6]
      [Termination (ms):  0,0]
         [Termination Attempts:  1]
      [GC Worker Other (ms):  0,0]
      [GC Worker Total (ms):  4,9]
      [GC Worker End (ms):  14421188,2]
   [Code Root Fixup: 0,0 ms]
   [Code Root Purge: 0,0 ms]
   [Clear CT: 0,2 ms]
   [Other: 0,2 ms]
      [Choose CSet: 0,0 ms]
      [Ref Proc: 0,0 ms]
      [Ref Enq: 0,0 ms]
      [Redirty Cards: 0,0 ms]
      [Humongous Register: 0,0 ms]
      [Humongous Reclaim: 0,0 ms]
      [Free CSet: 0,1 ms]
   [Eden: 611,0M(611,0M)->0,0B(611,0M) Survivors: 3072,0K->3072,0K Heap: 754,5M(1024,0M)->143,5M(1024,0M)]
 [Times: user=0,00 sys=0,00, real=0,01 secs] 
2016-12-19T17:41:38.803+0100: 15371,459: [GC pause (G1 Evacuation Pause) (young), 0,0090185 secs]
   [Parallel Time: 8,5 ms, GC Workers: 1]
      [GC Worker Start (ms):  15371459,3]
      [Ext Root Scanning (ms):  0,7]
      [Update RS (ms):  0,5]
         [Processed Buffers:  36]
      [Scan RS (ms):  0,2]
      [Code Root Scanning (ms):  0,0]
      [Object Copy (ms):  7,2]
      [Termination (ms):  0,0]
         [Termination Attempts:  1]
      [GC Worker Other (ms):  0,0]
      [GC Worker Total (ms):  8,5]
      [GC Worker End (ms):  15371467,8]
   [Code Root Fixup: 0,0 ms]
   [Code Root Purge: 0,0 ms]
   [Clear CT: 0,1 ms]
   [Other: 0,3 ms]
      [Choose CSet: 0,0 ms]
      [Ref Proc: 0,1 ms]
      [Ref Enq: 0,0 ms]
      [Redirty Cards: 0,0 ms]
      [Humongous Register: 0,0 ms]
      [Humongous Reclaim: 0,0 ms]
      [Free CSet: 0,1 ms]
   [Eden: 611,0M(611,0M)->0,0B(611,0M) Survivors: 3072,0K->3072,0K Heap: 754,5M(1024,0M)->143,0M(1024,0M)]
 [Times: user=0,01 sys=0,00, real=0,01 secs] 
2016-12-19T17:41:56.109+0100: 15388,765: [GC pause (G1 Evacuation Pause) (young), 0,0112737 secs]
   [Parallel Time: 10,8 ms, GC Workers: 1]
      [GC Worker Start (ms):  15388765,4]
      [Ext Root Scanning (ms):  0,7]
      [Update RS (ms):  0,4]
         [Processed Buffers:  28]
      [Scan RS (ms):  0,2]
      [Code Root Scanning (ms):  0,0]
      [Object Copy (ms):  9,4]
      [Termination (ms):  0,0]
         [Termination Attempts:  1]
      [GC Worker Other (ms):  0,0]
      [GC Worker Total (ms):  10,8]
      [GC Worker End (ms):  15388776,2]
   [Code Root Fixup: 0,0 ms]
   [Code Root Purge: 0,0 ms]
   [Clear CT: 0,1 ms]
   [Other: 0,3 ms]
      [Choose CSet: 0,0 ms]
      [Ref Proc: 0,0 ms]
      [Ref Enq: 0,0 ms]
      [Redirty Cards: 0,0 ms]
      [Humongous Register: 0,0 ms]
      [Humongous Reclaim: 0,0 ms]
      [Free CSet: 0,2 ms]
   [Eden: 611,0M(611,0M)->0,0B(611,0M) Survivors: 3072,0K->3072,0K Heap: 754,0M(1024,0M)->143,5M(1024,0M)]
 [Times: user=0,01 sys=0,00, real=0,01 secs] 
2016-12-19T17:44:57.846+0100: 15570,502: [GC pause (G1 Evacuation Pause) (young), 0,0108219 secs]
   [Parallel Time: 10,4 ms, GC Workers: 1]
      [GC Worker Start (ms):  15570501,9]
      [Ext Root Scanning (ms):  0,7]
      [Update RS (ms):  0,5]
         [Processed Buffers:  34]
      [Scan RS (ms):  0,2]
      [Code Root Scanning (ms):  0,0]
      [Object Copy (ms):  9,0]
      [Termination (ms):  0,0]
         [Termination Attempts:  1]
      [GC Worker Other (ms):  0,0]
      [GC Worker Total (ms):  10,4]
      [GC Worker End (ms):  15570512,3]
   [Code Root Fixup: 0,0 ms]
   [Code Root Purge: 0,0 ms]
   [Clear CT: 0,1 ms]
   [Other: 0,3 ms]
      [Choose CSet: 0,0 ms]
      [Ref Proc: 0,0 ms]
      [Ref Enq: 0,0 ms]
      [Redirty Cards: 0,0 ms]
      [Humongous Register: 0,0 ms]
      [Humongous Reclaim: 0,0 ms]
      [Free CSet: 0,1 ms]
   [Eden: 611,0M(611,0M)->0,0B(611,0M) Survivors: 3072,0K->3072,0K Heap: 754,5M(1024,0M)->143,0M(1024,0M)]
 [Times: user=0,01 sys=0,00, real=0,01 secs] 
2016-12-19T17:45:24.340+0100: 15596,996: [GC pause (G1 Evacuation Pause) (young), 0,0079184 secs]
   [Parallel Time: 7,5 ms, GC Workers: 1]
      [GC Worker Start (ms):  15596995,9]
      [Ext Root Scanning (ms):  0,7]
      [Update RS (ms):  0,4]
         [Processed Buffers:  29]
      [Scan RS (ms):  0,2]
      [Code Root Scanning (ms):  0,0]
      [Object Copy (ms):  6,1]
      [Termination (ms):  0,0]
         [Termination Attempts:  1]
      [GC Worker Other (ms):  0,0]
      [GC Worker Total (ms):  7,4]
      [GC Worker End (ms):  15597003,4]
   [Code Root Fixup: 0,0 ms]
   [Code Root Purge: 0,0 ms]
   [Clear CT: 0,2 ms]
   [Other: 0,2 ms]
      [Choose CSet: 0,0 ms]
      [Ref Proc: 0,0 ms]
      [Ref Enq: 0,0 ms]
      [Redirty Cards: 0,0 ms]
      [Humongous Register: 0,0 ms]
      [Humongous Reclaim: 0,0 ms]
      [Free CSet: 0,1 ms]
   [Eden: 611,0M(611,0M)->0,0B(611,0M) Survivors: 3072,0K->3072,0K Heap: 754,0M(1024,0M)->143,5M(1024,0M)]
 [Times: user=0,01 sys=0,00, real=0,01 secs] 
2016-12-19T17:45:55.340+0100: 15627,997: [GC pause (G1 Evacuation Pause) (young), 0,0080099 secs]
   [Parallel Time: 7,5 ms, GC Workers: 1]
      [GC Worker Start (ms):  15627996,8]
      [Ext Root Scanning (ms):  0,7]
      [Update RS (ms):  0,4]
         [Processed Buffers:  28]
      [Scan RS (ms):  0,2]
      [Code Root Scanning (ms):  0,0]
      [Object Copy (ms):  6,2]
      [Termination (ms):  0,0]
         [Termination Attempts:  1]
      [GC Worker Other (ms):  0,0]
      [GC Worker Total (ms):  7,5]
      [GC Worker End (ms):  15628004,4]
   [Code Root Fixup: 0,0 ms]
   [Code Root Purge: 0,0 ms]
   [Clear CT: 0,1 ms]
   [Other: 0,3 ms]
      [Choose CSet: 0,0 ms]
      [Ref Proc: 0,0 ms]
      [Ref Enq: 0,0 ms]
      [Redirty Cards: 0,0 ms]
      [Humongous Register: 0,0 ms]
      [Humongous Reclaim: 0,0 ms]
      [Free CSet: 0,2 ms]
   [Eden: 611,0M(611,0M)->0,0B(611,0M) Survivors: 3072,0K->3072,0K Heap: 754,5M(1024,0M)->143,5M(1024,0M)]
 [Times: user=0,01 sys=0,00, real=0,01 secs] 
2016-12-19T17:46:07.527+0100: 15640,184: [GC pause (G1 Evacuation Pause) (young), 0,0053876 secs]
   [Parallel Time: 5,0 ms, GC Workers: 1]
      [GC Worker Start (ms):  15640183,7]
      [Ext Root Scanning (ms):  0,7]
      [Update RS (ms):  0,4]
         [Processed Buffers:  27]
      [Scan RS (ms):  0,2]
      [Code Root Scanning (ms):  0,0]
      [Object Copy (ms):  3,7]
      [Termination (ms):  0,0]
         [Termination Attempts:  1]
      [GC Worker Other (ms):  0,0]
      [GC Worker Total (ms):  5,0]
      [GC Worker End (ms):  15640188,6]
   [Code Root Fixup: 0,0 ms]
   [Code Root Purge: 0,0 ms]
   [Clear CT: 0,1 ms]
   [Other: 0,2 ms]
      [Choose CSet: 0,0 ms]
      [Ref Proc: 0,0 ms]
      [Ref Enq: 0,0 ms]
      [Redirty Cards: 0,0 ms]
      [Humongous Register: 0,0 ms]
      [Humongous Reclaim: 0,0 ms]
      [Free CSet: 0,1 ms]
   [Eden: 611,0M(611,0M)->0,0B(611,0M) Survivors: 3072,0K->3072,0K Heap: 754,5M(1024,0M)->143,6M(1024,0M)]
 [Times: user=0,00 sys=0,00, real=0,00 secs] 
2016-12-19T17:46:17.907+0100: 15650,563: [GC pause (G1 Evacuation Pause) (young), 0,0046589 secs]
   [Parallel Time: 4,2 ms, GC Workers: 1]
      [GC Worker Start (ms):  15650563,3]
      [Ext Root Scanning (ms):  0,6]
      [Update RS (ms):  0,5]
         [Processed Buffers:  26]
      [Scan RS (ms):  0,2]
      [Code Root Scanning (ms):  0,0]
      [Object Copy (ms):  2,9]
      [Termination (ms):  0,0]
         [Termination Attempts:  1]
      [GC Worker Other (ms):  0,0]
      [GC Worker Total (ms):  4,2]
      [GC Worker End (ms):  15650567,5]
   [Code Root Fixup: 0,0 ms]
   [Code Root Purge: 0,0 ms]
   [Clear CT: 0,1 ms]
   [Other: 0,3 ms]
      [Choose CSet: 0,0 ms]
      [Ref Proc: 0,0 ms]
      [Ref Enq: 0,0 ms]
      [Redirty Cards: 0,1 ms]
      [Humongous Register: 0,0 ms]
      [Humongous Reclaim: 0,0 ms]
      [Free CSet: 0,1 ms]
   [Eden: 611,0M(611,0M)->0,0B(611,0M) Survivors: 3072,0K->3072,0K Heap: 754,6M(1024,0M)->143,1M(1024,0M)]
 [Times: user=0,00 sys=0,00, real=0,01 secs] 
2016-12-19T17:50:26.255+0100: 15898,912: [GC pause (G1 Evacuation Pause) (young), 0,0203786 secs]
   [Parallel Time: 19,9 ms, GC Workers: 1]
      [GC Worker Start (ms):  15898911,7]
      [Ext Root Scanning (ms):  2,2]
      [Update RS (ms):  0,5]
         [Processed Buffers:  32]
      [Scan RS (ms):  0,2]
      [Code Root Scanning (ms):  0,0]
      [Object Copy (ms):  11,1]
      [Termination (ms):  0,0]
         [Termination Attempts:  1]
      [GC Worker Other (ms):  0,0]
      [GC Worker Total (ms):  14,0]
      [GC Worker End (ms):  15898925,8]
   [Code Root Fixup: 0,0 ms]
   [Code Root Purge: 0,0 ms]
   [Clear CT: 0,1 ms]
   [Other: 0,3 ms]
      [Choose CSet: 0,0 ms]
      [Ref Proc: 0,0 ms]
      [Ref Enq: 0,0 ms]
      [Redirty Cards: 0,0 ms]
      [Humongous Register: 0,0 ms]
      [Humongous Reclaim: 0,0 ms]
      [Free CSet: 0,1 ms]
   [Eden: 611,0M(611,0M)->0,0B(611,0M) Survivors: 3072,0K->3072,0K Heap: 754,1M(1024,0M)->143,6M(1024,0M)]
 [Times: user=0,01 sys=0,00, real=0,02 secs] 
2016-12-19T17:50:37.743+0100: 15910,400: [GC pause (G1 Evacuation Pause) (young), 0,0054530 secs]
   [Parallel Time: 5,0 ms, GC Workers: 1]
      [GC Worker Start (ms):  15910399,7]
      [Ext Root Scanning (ms):  0,7]
      [Update RS (ms):  0,4]
         [Processed Buffers:  28]
      [Scan RS (ms):  0,2]
      [Code Root Scanning (ms):  0,0]
      [Object Copy (ms):  3,7]
      [Termination (ms):  0,0]
         [Termination Attempts:  1]
      [GC Worker Other (ms):  0,0]
      [GC Worker Total (ms):  5,0]
      [GC Worker End (ms):  15910404,7]
   [Code Root Fixup: 0,0 ms]
   [Code Root Purge: 0,0 ms]
   [Clear CT: 0,1 ms]
   [Other: 0,3 ms]
      [Choose CSet: 0,0 ms]
      [Ref Proc: 0,0 ms]
      [Ref Enq: 0,0 ms]
      [Redirty Cards: 0,0 ms]
      [Humongous Register: 0,0 ms]
      [Humongous Reclaim: 0,0 ms]
      [Free CSet: 0,1 ms]
   [Eden: 611,0M(611,0M)->0,0B(611,0M) Survivors: 3072,0K->3072,0K Heap: 754,6M(1024,0M)->143,6M(1024,0M)]
 [Times: user=0,00 sys=0,00, real=0,01 secs] 
2016-12-19T17:50:49.944+0100: 15922,600: [GC pause (G1 Evacuation Pause) (young), 0,0058205 secs]
   [Parallel Time: 5,3 ms, GC Workers: 1]
      [GC Worker Start (ms):  15922600,0]
      [Ext Root Scanning (ms):  0,7]
      [Update RS (ms):  0,4]
         [Processed Buffers:  28]
      [Scan RS (ms):  0,2]
      [Code Root Scanning (ms):  0,0]
      [Object Copy (ms):  4,0]
      [Termination (ms):  0,0]
         [Termination Attempts:  1]
      [GC Worker Other (ms):  0,0]
      [GC Worker Total (ms):  5,3]
      [GC Worker End (ms):  15922605,3]
   [Code Root Fixup: 0,0 ms]
   [Code Root Purge: 0,0 ms]
   [Clear CT: 0,2 ms]
   [Other: 0,3 ms]
      [Choose CSet: 0,0 ms]
      [Ref Proc: 0,0 ms]
      [Ref Enq: 0,0 ms]
      [Redirty Cards: 0,0 ms]
      [Humongous Register: 0,1 ms]
      [Humongous Reclaim: 0,0 ms]
      [Free CSet: 0,1 ms]
   [Eden: 611,0M(611,0M)->0,0B(611,0M) Survivors: 3072,0K->3072,0K Heap: 754,6M(1024,0M)->143,6M(1024,0M)]
 [Times: user=0,00 sys=0,00, real=0,01 secs] 
2016-12-19T18:05:28.087+0100: 16800,744: [GC pause (G1 Evacuation Pause) (young), 0,0122448 secs]
   [Parallel Time: 11,8 ms, GC Workers: 1]
      [GC Worker Start (ms):  16800743,8]
      [Ext Root Scanning (ms):  0,7]
      [Update RS (ms):  0,5]
         [Processed Buffers:  35]
      [Scan RS (ms):  0,2]
      [Code Root Scanning (ms):  0,0]
      [Object Copy (ms):  6,5]
      [Termination (ms):  0,0]
         [Termination Attempts:  1]
      [GC Worker Other (ms):  0,0]
      [GC Worker Total (ms):  7,9]
      [GC Worker End (ms):  16800751,7]
   [Code Root Fixup: 0,0 ms]
   [Code Root Purge: 0,0 ms]
   [Clear CT: 0,1 ms]
   [Other: 0,3 ms]
      [Choose CSet: 0,0 ms]
      [Ref Proc: 0,1 ms]
      [Ref Enq: 0,0 ms]
      [Redirty Cards: 0,0 ms]
      [Humongous Register: 0,0 ms]
      [Humongous Reclaim: 0,0 ms]
      [Free CSet: 0,1 ms]
   [Eden: 611,0M(611,0M)->0,0B(611,0M) Survivors: 3072,0K->3072,0K Heap: 754,6M(1024,0M)->143,6M(1024,0M)]
 [Times: user=0,00 sys=0,00, real=0,01 secs] 
2016-12-19T18:05:42.376+0100: 16815,032: [GC pause (G1 Evacuation Pause) (young), 0,0053994 secs]
   [Parallel Time: 5,0 ms, GC Workers: 1]
      [GC Worker Start (ms):  16815032,1]
      [Ext Root Scanning (ms):  0,7]
      [Update RS (ms):  0,4]
         [Processed Buffers:  27]
      [Scan RS (ms):  0,2]
      [Code Root Scanning (ms):  0,0]
      [Object Copy (ms):  3,7]
      [Termination (ms):  0,0]
         [Termination Attempts:  1]
      [GC Worker Other (ms):  0,0]
      [GC Worker Total (ms):  5,0]
      [GC Worker End (ms):  16815037,1]
   [Code Root Fixup: 0,0 ms]
   [Code Root Purge: 0,0 ms]
   [Clear CT: 0,1 ms]
   [Other: 0,2 ms]
      [Choose CSet: 0,0 ms]
      [Ref Proc: 0,0 ms]
      [Ref Enq: 0,0 ms]
      [Redirty Cards: 0,0 ms]
      [Humongous Register: 0,0 ms]
      [Humongous Reclaim: 0,0 ms]
      [Free CSet: 0,1 ms]
   [Eden: 611,0M(611,0M)->0,0B(611,0M) Survivors: 3072,0K->3072,0K Heap: 754,6M(1024,0M)->143,6M(1024,0M)]
 [Times: user=0,01 sys=0,00, real=0,01 secs] 
2016-12-19T18:05:53.891+0100: 16826,547: [GC pause (G1 Evacuation Pause) (young), 0,0053461 secs]
   [Parallel Time: 4,8 ms, GC Workers: 1]
      [GC Worker Start (ms):  16826547,6]
      [Ext Root Scanning (ms):  0,7]
      [Update RS (ms):  0,4]
         [Processed Buffers:  27]
      [Scan RS (ms):  0,2]
      [Code Root Scanning (ms):  0,0]
      [Object Copy (ms):  3,5]
      [Termination (ms):  0,0]
         [Termination Attempts:  1]
      [GC Worker Other (ms):  0,0]
      [GC Worker Total (ms):  4,8]
      [GC Worker End (ms):  16826552,4]
   [Code Root Fixup: 0,0 ms]
   [Code Root Purge: 0,0 ms]
   [Clear CT: 0,2 ms]
   [Other: 0,3 ms]
      [Choose CSet: 0,0 ms]
      [Ref Proc: 0,0 ms]
      [Ref Enq: 0,0 ms]
      [Redirty Cards: 0,0 ms]
      [Humongous Register: 0,0 ms]
      [Humongous Reclaim: 0,0 ms]
      [Free CSet: 0,1 ms]
   [Eden: 611,0M(611,0M)->0,0B(611,0M) Survivors: 3072,0K->3072,0K Heap: 754,6M(1024,0M)->143,6M(1024,0M)]
 [Times: user=0,01 sys=0,00, real=0,00 secs] 
2016-12-19T18:23:28.351+0100: 17881,008: [GC pause (G1 Evacuation Pause) (young), 0,0183015 secs]
   [Parallel Time: 17,3 ms, GC Workers: 1]
      [GC Worker Start (ms):  17881007,8]
      [Ext Root Scanning (ms):  2,1]
      [Update RS (ms):  2,0]
         [Processed Buffers:  33]
      [Scan RS (ms):  0,4]
      [Code Root Scanning (ms):  0,2]
      [Object Copy (ms):  12,6]
      [Termination (ms):  0,0]
         [Termination Attempts:  1]
      [GC Worker Other (ms):  0,0]
      [GC Worker Total (ms):  17,3]
      [GC Worker End (ms):  17881025,1]
   [Code Root Fixup: 0,0 ms]
   [Code Root Purge: 0,0 ms]
   [Clear CT: 0,2 ms]
   [Other: 0,7 ms]
      [Choose CSet: 0,0 ms]
      [Ref Proc: 0,1 ms]
      [Ref Enq: 0,0 ms]
      [Redirty Cards: 0,0 ms]
      [Humongous Register: 0,1 ms]
      [Humongous Reclaim: 0,0 ms]
      [Free CSet: 0,2 ms]
   [Eden: 611,0M(611,0M)->0,0B(611,0M) Survivors: 3072,0K->3072,0K Heap: 754,6M(1024,0M)->143,6M(1024,0M)]
 [Times: user=0,02 sys=0,00, real=0,02 secs] 
2016-12-21T13:54:54.893+0100: 19732,174: [GC pause (G1 Evacuation Pause) (young), 0,0087567 secs]
   [Parallel Time: 8,1 ms, GC Workers: 1]
      [GC Worker Start (ms):  19732174,2]
      [Ext Root Scanning (ms):  2,3]
      [Update RS (ms):  2,1]
         [Processed Buffers:  36]
      [Scan RS (ms):  0,1]
      [Code Root Scanning (ms):  0,0]
      [Object Copy (ms):  3,5]
      [Termination (ms):  0,0]
         [Termination Attempts:  1]
      [GC Worker Other (ms):  0,0]
      [GC Worker Total (ms):  8,1]
      [GC Worker End (ms):  19732182,3]
   [Code Root Fixup: 0,0 ms]
   [Code Root Purge: 0,0 ms]
   [Clear CT: 0,1 ms]
   [Other: 0,5 ms]
      [Choose CSet: 0,0 ms]
      [Ref Proc: 0,2 ms]
      [Ref Enq: 0,0 ms]
      [Redirty Cards: 0,0 ms]
      [Humongous Register: 0,0 ms]
      [Humongous Reclaim: 0,0 ms]
      [Free CSet: 0,1 ms]
   [Eden: 611,0M(611,0M)->0,0B(611,0M) Survivors: 3072,0K->3072,0K Heap: 754,6M(1024,0M)->143,6M(1024,0M)]
 [Times: user=0,00 sys=0,00, real=0,01 secs] 
2016-12-21T14:42:12.303+0100: 22569,585: [GC pause (G1 Evacuation Pause) (young), 0,0100881 secs]
   [Parallel Time: 9,5 ms, GC Workers: 1]
      [GC Worker Start (ms):  22569584,6]
      [Ext Root Scanning (ms):  0,7]
      [Update RS (ms):  0,6]
         [Processed Buffers:  27]
      [Scan RS (ms):  0,2]
      [Code Root Scanning (ms):  0,0]
      [Object Copy (ms):  7,9]
      [Termination (ms):  0,0]
         [Termination Attempts:  1]
      [GC Worker Other (ms):  0,0]
      [GC Worker Total (ms):  9,5]
      [GC Worker End (ms):  22569594,1]
   [Code Root Fixup: 0,0 ms]
   [Code Root Purge: 0,0 ms]
   [Clear CT: 0,1 ms]
   [Other: 0,4 ms]
      [Choose CSet: 0,0 ms]
      [Ref Proc: 0,2 ms]
      [Ref Enq: 0,0 ms]
      [Redirty Cards: 0,0 ms]
      [Humongous Register: 0,0 ms]
      [Humongous Reclaim: 0,0 ms]
      [Free CSet: 0,1 ms]
   [Eden: 611,0M(611,0M)->0,0B(612,0M) Survivors: 3072,0K->2048,0K Heap: 754,6M(1024,0M)->143,4M(1024,0M)]
 [Times: user=0,00 sys=0,00, real=0,01 secs] 
2016-12-21T15:03:40.355+0100: 23857,636: [GC pause (G1 Evacuation Pause) (young), 0,0131505 secs]
   [Parallel Time: 12,6 ms, GC Workers: 1]
      [GC Worker Start (ms):  23857636,1]
      [Ext Root Scanning (ms):  0,7]
      [Update RS (ms):  4,5]
         [Processed Buffers:  41]
      [Scan RS (ms):  0,2]
      [Code Root Scanning (ms):  0,1]
      [Object Copy (ms):  4,3]
      [Termination (ms):  0,0]
         [Termination Attempts:  1]
      [GC Worker Other (ms):  0,0]
      [GC Worker Total (ms):  9,8]
      [GC Worker End (ms):  23857645,9]
   [Code Root Fixup: 0,0 ms]
   [Code Root Purge: 0,0 ms]
   [Clear CT: 0,1 ms]
   [Other: 0,4 ms]
      [Choose CSet: 0,0 ms]
      [Ref Proc: 0,1 ms]
      [Ref Enq: 0,0 ms]
      [Redirty Cards: 0,0 ms]
      [Humongous Register: 0,0 ms]
      [Humongous Reclaim: 0,0 ms]
      [Free CSet: 0,1 ms]
   [Eden: 612,0M(612,0M)->0,0B(611,0M) Survivors: 2048,0K->3072,0K Heap: 755,4M(1024,0M)->144,9M(1024,0M)]
 [Times: user=0,01 sys=0,00, real=0,02 secs] 
2016-12-21T15:03:52.652+0100: 23869,934: [GC pause (G1 Evacuation Pause) (young), 0,0062573 secs]
   [Parallel Time: 5,8 ms, GC Workers: 1]
      [GC Worker Start (ms):  23869933,6]
      [Ext Root Scanning (ms):  0,7]
      [Update RS (ms):  1,3]
         [Processed Buffers:  31]
      [Scan RS (ms):  0,2]
      [Code Root Scanning (ms):  0,1]
      [Object Copy (ms):  3,5]
      [Termination (ms):  0,0]
         [Termination Attempts:  1]
      [GC Worker Other (ms):  0,0]
      [GC Worker Total (ms):  5,8]
      [GC Worker End (ms):  23869939,4]
   [Code Root Fixup: 0,0 ms]
   [Code Root Purge: 0,0 ms]
   [Clear CT: 0,1 ms]
   [Other: 0,3 ms]
      [Choose CSet: 0,0 ms]
      [Ref Proc: 0,0 ms]
      [Ref Enq: 0,0 ms]
      [Redirty Cards: 0,0 ms]
      [Humongous Register: 0,0 ms]
      [Humongous Reclaim: 0,0 ms]
      [Free CSet: 0,1 ms]
   [Eden: 611,0M(611,0M)->0,0B(611,0M) Survivors: 3072,0K->3072,0K Heap: 755,9M(1024,0M)->144,6M(1024,0M)]
 [Times: user=0,01 sys=0,00, real=0,01 secs] 
2016-12-21T15:04:03.950+0100: 23881,231: [GC pause (G1 Evacuation Pause) (young), 0,0068111 secs]
   [Parallel Time: 6,4 ms, GC Workers: 1]
      [GC Worker Start (ms):  23881231,5]
      [Ext Root Scanning (ms):  0,8]
      [Update RS (ms):  1,7]
         [Processed Buffers:  31]
      [Scan RS (ms):  0,2]
      [Code Root Scanning (ms):  0,1]
      [Object Copy (ms):  3,6]
      [Termination (ms):  0,0]
         [Termination Attempts:  1]
      [GC Worker Other (ms):  0,0]
      [GC Worker Total (ms):  6,3]
      [GC Worker End (ms):  23881237,8]
   [Code Root Fixup: 0,0 ms]
   [Code Root Purge: 0,0 ms]
   [Clear CT: 0,2 ms]
   [Other: 0,3 ms]
      [Choose CSet: 0,0 ms]
      [Ref Proc: 0,0 ms]
      [Ref Enq: 0,0 ms]
      [Redirty Cards: 0,0 ms]
      [Humongous Register: 0,0 ms]
      [Humongous Reclaim: 0,0 ms]
      [Free CSet: 0,1 ms]
   [Eden: 611,0M(611,0M)->0,0B(611,0M) Survivors: 3072,0K->3072,0K Heap: 755,6M(1024,0M)->144,7M(1024,0M)]
 [Times: user=0,01 sys=0,00, real=0,01 secs] 
2016-12-21T15:37:40.458+0100: 25897,739: [GC pause (G1 Evacuation Pause) (young), 0,0105422 secs]
   [Parallel Time: 10,0 ms, GC Workers: 1]
      [GC Worker Start (ms):  25897739,4]
      [Ext Root Scanning (ms):  0,8]
      [Update RS (ms):  1,3]
         [Processed Buffers:  39]
      [Scan RS (ms):  0,2]
      [Code Root Scanning (ms):  0,1]
      [Object Copy (ms):  7,6]
      [Termination (ms):  0,0]
         [Termination Attempts:  1]
      [GC Worker Other (ms):  0,0]
      [GC Worker Total (ms):  10,0]
      [GC Worker End (ms):  25897749,4]
   [Code Root Fixup: 0,0 ms]
   [Code Root Purge: 0,0 ms]
   [Clear CT: 0,1 ms]
   [Other: 0,4 ms]
      [Choose CSet: 0,0 ms]
      [Ref Proc: 0,1 ms]
      [Ref Enq: 0,0 ms]
      [Redirty Cards: 0,0 ms]
      [Humongous Register: 0,0 ms]
      [Humongous Reclaim: 0,0 ms]
      [Free CSet: 0,1 ms]
   [Eden: 611,0M(611,0M)->0,0B(611,0M) Survivors: 3072,0K->3072,0K Heap: 755,7M(1024,0M)->144,7M(1024,0M)]
 [Times: user=0,00 sys=0,00, real=0,01 secs] 
2016-12-21T15:38:02.712+0100: 25919,993: [GC pause (G1 Evacuation Pause) (young), 0,0152045 secs]
   [Parallel Time: 14,8 ms, GC Workers: 1]
      [GC Worker Start (ms):  25919993,2]
      [Ext Root Scanning (ms):  0,7]
      [Update RS (ms):  1,3]
         [Processed Buffers:  32]
      [Scan RS (ms):  0,2]
      [Code Root Scanning (ms):  0,1]
      [Object Copy (ms):  12,5]
      [Termination (ms):  0,0]
         [Termination Attempts:  1]
      [GC Worker Other (ms):  0,0]
      [GC Worker Total (ms):  14,8]
      [GC Worker End (ms):  25920007,9]
   [Code Root Fixup: 0,0 ms]
   [Code Root Purge: 0,0 ms]
   [Clear CT: 0,1 ms]
   [Other: 0,3 ms]
      [Choose CSet: 0,0 ms]
      [Ref Proc: 0,0 ms]
      [Ref Enq: 0,0 ms]
      [Redirty Cards: 0,0 ms]
      [Humongous Register: 0,0 ms]
      [Humongous Reclaim: 0,0 ms]
      [Free CSet: 0,1 ms]
   [Eden: 611,0M(611,0M)->0,0B(611,0M) Survivors: 3072,0K->3072,0K Heap: 755,7M(1024,0M)->145,2M(1024,0M)]
 [Times: user=0,01 sys=0,00, real=0,02 secs] 
2016-12-21T15:38:17.845+0100: 25935,127: [GC pause (G1 Evacuation Pause) (young), 0,0092795 secs]
   [Parallel Time: 8,8 ms, GC Workers: 1]
      [GC Worker Start (ms):  25935126,6]
      [Ext Root Scanning (ms):  0,8]
      [Update RS (ms):  1,3]
         [Processed Buffers:  32]
      [Scan RS (ms):  0,2]
      [Code Root Scanning (ms):  0,1]
      [Object Copy (ms):  6,5]
      [Termination (ms):  0,0]
         [Termination Attempts:  1]
      [GC Worker Other (ms):  0,0]
      [GC Worker Total (ms):  8,7]
      [GC Worker End (ms):  25935135,4]
   [Code Root Fixup: 0,0 ms]
   [Code Root Purge: 0,0 ms]
   [Clear CT: 0,2 ms]
   [Other: 0,3 ms]
      [Choose CSet: 0,0 ms]
      [Ref Proc: 0,0 ms]
      [Ref Enq: 0,0 ms]
      [Redirty Cards: 0,0 ms]
      [Humongous Register: 0,0 ms]
      [Humongous Reclaim: 0,0 ms]
      [Free CSet: 0,2 ms]
   [Eden: 611,0M(611,0M)->0,0B(611,0M) Survivors: 3072,0K->3072,0K Heap: 756,2M(1024,0M)->145,2M(1024,0M)]
 [Times: user=0,00 sys=0,00, real=0,01 secs] 
2016-12-21T15:39:21.648+0100: 25998,929: [GC pause (G1 Evacuation Pause) (young), 0,0107358 secs]
   [Parallel Time: 10,0 ms, GC Workers: 1]
      [GC Worker Start (ms):  25998929,6]
      [Ext Root Scanning (ms):  0,7]
      [Update RS (ms):  1,4]
         [Processed Buffers:  38]
      [Scan RS (ms):  0,2]
      [Code Root Scanning (ms):  0,1]
      [Object Copy (ms):  3,3]
      [Termination (ms):  0,0]
         [Termination Attempts:  1]
      [GC Worker Other (ms):  0,0]
      [GC Worker Total (ms):  5,6]
      [GC Worker End (ms):  25998935,2]
   [Code Root Fixup: 0,1 ms]
   [Code Root Purge: 0,0 ms]
   [Clear CT: 0,2 ms]
   [Other: 0,4 ms]
      [Choose CSet: 0,0 ms]
      [Ref Proc: 0,0 ms]
      [Ref Enq: 0,0 ms]
      [Redirty Cards: 0,0 ms]
      [Humongous Register: 0,0 ms]
      [Humongous Reclaim: 0,0 ms]
      [Free CSet: 0,2 ms]
   [Eden: 611,0M(611,0M)->0,0B(611,0M) Survivors: 3072,0K->3072,0K Heap: 756,2M(1024,0M)->144,8M(1024,0M)]
 [Times: user=0,01 sys=0,00, real=0,01 secs] 
2016-12-21T15:39:34.909+0100: 26012,190: [GC pause (G1 Evacuation Pause) (young), 0,0059575 secs]
   [Parallel Time: 5,6 ms, GC Workers: 1]
      [GC Worker Start (ms):  26012190,0]
      [Ext Root Scanning (ms):  0,8]
      [Update RS (ms):  1,3]
         [Processed Buffers:  33]
      [Scan RS (ms):  0,2]
      [Code Root Scanning (ms):  0,1]
      [Object Copy (ms):  3,1]
      [Termination (ms):  0,0]
         [Termination Attempts:  1]
      [GC Worker Other (ms):  0,0]
      [GC Worker Total (ms):  5,5]
      [GC Worker End (ms):  26012195,5]
   [Code Root Fixup: 0,0 ms]
   [Code Root Purge: 0,0 ms]
   [Clear CT: 0,1 ms]
   [Other: 0,2 ms]
      [Choose CSet: 0,0 ms]
      [Ref Proc: 0,0 ms]
      [Ref Enq: 0,0 ms]
      [Redirty Cards: 0,0 ms]
      [Humongous Register: 0,0 ms]
      [Humongous Reclaim: 0,0 ms]
      [Free CSet: 0,1 ms]
   [Eden: 611,0M(611,0M)->0,0B(611,0M) Survivors: 3072,0K->3072,0K Heap: 755,8M(1024,0M)->144,9M(1024,0M)]
 [Times: user=0,00 sys=0,01, real=0,00 secs] 
2016-12-21T15:39:45.424+0100: 26022,705: [GC pause (G1 Evacuation Pause) (young), 0,0059492 secs]
   [Parallel Time: 5,5 ms, GC Workers: 1]
      [GC Worker Start (ms):  26022704,9]
      [Ext Root Scanning (ms):  0,7]
      [Update RS (ms):  1,4]
         [Processed Buffers:  32]
      [Scan RS (ms):  0,2]
      [Code Root Scanning (ms):  0,0]
      [Object Copy (ms):  3,2]
      [Termination (ms):  0,0]
         [Termination Attempts:  1]
      [GC Worker Other (ms):  0,0]
      [GC Worker Total (ms):  5,5]
      [GC Worker End (ms):  26022710,4]
   [Code Root Fixup: 0,0 ms]
   [Code Root Purge: 0,0 ms]
   [Clear CT: 0,1 ms]
   [Other: 0,3 ms]
      [Choose CSet: 0,0 ms]
      [Ref Proc: 0,0 ms]
      [Ref Enq: 0,0 ms]
      [Redirty Cards: 0,0 ms]
      [Humongous Register: 0,0 ms]
      [Humongous Reclaim: 0,0 ms]
      [Free CSet: 0,1 ms]
   [Eden: 611,0M(611,0M)->0,0B(611,0M) Survivors: 3072,0K->3072,0K Heap: 755,9M(1024,0M)->145,4M(1024,0M)]
 [Times: user=0,00 sys=0,00, real=0,00 secs] 
2016-12-21T16:00:58.363+0100: 27295,644: [GC pause (G1 Evacuation Pause) (young), 0,0119024 secs]
   [Parallel Time: 11,4 ms, GC Workers: 1]
      [GC Worker Start (ms):  27295644,1]
      [Ext Root Scanning (ms):  0,8]
      [Update RS (ms):  1,4]
         [Processed Buffers:  40]
      [Scan RS (ms):  0,2]
      [Code Root Scanning (ms):  0,1]
      [Object Copy (ms):  5,4]
      [Termination (ms):  0,0]
         [Termination Attempts:  1]
      [GC Worker Other (ms):  0,0]
      [GC Worker Total (ms):  7,8]
      [GC Worker End (ms):  27295651,9]
   [Code Root Fixup: 0,1 ms]
   [Code Root Purge: 0,0 ms]
   [Clear CT: 0,1 ms]
   [Other: 0,3 ms]
      [Choose CSet: 0,0 ms]
      [Ref Proc: 0,1 ms]
      [Ref Enq: 0,0 ms]
      [Redirty Cards: 0,0 ms]
      [Humongous Register: 0,0 ms]
      [Humongous Reclaim: 0,0 ms]
      [Free CSet: 0,1 ms]
   [Eden: 611,0M(611,0M)->0,0B(611,0M) Survivors: 3072,0K->3072,0K Heap: 756,4M(1024,0M)->144,9M(1024,0M)]
 [Times: user=0,00 sys=0,00, real=0,00 secs] 
2016-12-21T16:01:18.781+0100: 27316,062: [GC pause (G1 Evacuation Pause) (young), 0,0107944 secs]
   [Parallel Time: 10,4 ms, GC Workers: 1]
      [GC Worker Start (ms):  27316062,4]
      [Ext Root Scanning (ms):  0,7]
      [Update RS (ms):  1,4]
         [Processed Buffers:  32]
      [Scan RS (ms):  0,2]
      [Code Root Scanning (ms):  0,1]
      [Object Copy (ms):  8,1]
      [Termination (ms):  0,0]
         [Termination Attempts:  1]
      [GC Worker Other (ms):  0,0]
      [GC Worker Total (ms):  10,4]
      [GC Worker End (ms):  27316072,8]
   [Code Root Fixup: 0,0 ms]
   [Code Root Purge: 0,0 ms]
   [Clear CT: 0,1 ms]
   [Other: 0,3 ms]
      [Choose CSet: 0,0 ms]
      [Ref Proc: 0,0 ms]
      [Ref Enq: 0,0 ms]
      [Redirty Cards: 0,0 ms]
      [Humongous Register: 0,0 ms]
      [Humongous Reclaim: 0,0 ms]
      [Free CSet: 0,1 ms]
   [Eden: 611,0M(611,0M)->0,0B(611,0M) Survivors: 3072,0K->3072,0K Heap: 755,9M(1024,0M)->144,9M(1024,0M)]
 [Times: user=0,00 sys=0,00, real=0,01 secs] 
2016-12-21T16:01:33.323+0100: 27330,604: [GC pause (G1 Evacuation Pause) (young), 0,0134621 secs]
   [Parallel Time: 13,0 ms, GC Workers: 1]
      [GC Worker Start (ms):  27330604,2]
      [Ext Root Scanning (ms):  0,7]
      [Update RS (ms):  3,3]
         [Processed Buffers:  31]
      [Scan RS (ms):  0,2]
      [Code Root Scanning (ms):  0,1]
      [Object Copy (ms):  8,8]
      [Termination (ms):  0,0]
         [Termination Attempts:  1]
      [GC Worker Other (ms):  0,0]
      [GC Worker Total (ms):  13,0]
      [GC Worker End (ms):  27330617,1]
   [Code Root Fixup: 0,0 ms]
   [Code Root Purge: 0,0 ms]
   [Clear CT: 0,1 ms]
   [Other: 0,3 ms]
      [Choose CSet: 0,0 ms]
      [Ref Proc: 0,0 ms]
      [Ref Enq: 0,0 ms]
      [Redirty Cards: 0,0 ms]
      [Humongous Register: 0,0 ms]
      [Humongous Reclaim: 0,0 ms]
      [Free CSet: 0,1 ms]
   [Eden: 611,0M(611,0M)->0,0B(611,0M) Survivors: 3072,0K->3072,0K Heap: 755,9M(1024,0M)->145,4M(1024,0M)]
 [Times: user=0,00 sys=0,00, real=0,01 secs] 
2016-12-21T16:03:06.054+0100: 27423,335: [GC pause (G1 Evacuation Pause) (young), 0,0113905 secs]
   [Parallel Time: 11,0 ms, GC Workers: 1]
      [GC Worker Start (ms):  27423335,2]
      [Ext Root Scanning (ms):  0,7]
      [Update RS (ms):  1,5]
         [Processed Buffers:  36]
      [Scan RS (ms):  0,2]
      [Code Root Scanning (ms):  0,1]
      [Object Copy (ms):  8,6]
      [Termination (ms):  0,0]
         [Termination Attempts:  1]
      [GC Worker Other (ms):  0,0]
      [GC Worker Total (ms):  10,9]
      [GC Worker End (ms):  27423346,1]
   [Code Root Fixup: 0,0 ms]
   [Code Root Purge: 0,0 ms]
   [Clear CT: 0,1 ms]
   [Other: 0,3 ms]
      [Choose CSet: 0,0 ms]
      [Ref Proc: 0,0 ms]
      [Ref Enq: 0,0 ms]
      [Redirty Cards: 0,0 ms]
      [Humongous Register: 0,0 ms]
      [Humongous Reclaim: 0,0 ms]
      [Free CSet: 0,1 ms]
   [Eden: 611,0M(611,0M)->0,0B(611,0M) Survivors: 3072,0K->3072,0K Heap: 756,4M(1024,0M)->145,0M(1024,0M)]
 [Times: user=0,00 sys=0,00, real=0,02 secs] 
2016-12-21T16:03:20.093+0100: 27437,374: [GC pause (G1 Evacuation Pause) (young), 0,0061803 secs]
   [Parallel Time: 5,8 ms, GC Workers: 1]
      [GC Worker Start (ms):  27437374,1]
      [Ext Root Scanning (ms):  0,7]
      [Update RS (ms):  1,4]
         [Processed Buffers:  31]
      [Scan RS (ms):  0,2]
      [Code Root Scanning (ms):  0,0]
      [Object Copy (ms):  3,4]
      [Termination (ms):  0,0]
         [Termination Attempts:  1]
      [GC Worker Other (ms):  0,0]
      [GC Worker Total (ms):  5,7]
      [GC Worker End (ms):  27437379,8]
   [Code Root Fixup: 0,1 ms]
   [Code Root Purge: 0,0 ms]
   [Clear CT: 0,1 ms]
   [Other: 0,2 ms]
      [Choose CSet: 0,0 ms]
      [Ref Proc: 0,0 ms]
      [Ref Enq: 0,0 ms]
      [Redirty Cards: 0,0 ms]
      [Humongous Register: 0,0 ms]
      [Humongous Reclaim: 0,0 ms]
      [Free CSet: 0,1 ms]
   [Eden: 611,0M(611,0M)->0,0B(611,0M) Survivors: 3072,0K->3072,0K Heap: 756,0M(1024,0M)->145,2M(1024,0M)]
 [Times: user=0,01 sys=0,00, real=0,01 secs] 
2016-12-21T16:03:31.248+0100: 27448,529: [GC pause (G1 Evacuation Pause) (young), 0,0068766 secs]
   [Parallel Time: 6,5 ms, GC Workers: 1]
      [GC Worker Start (ms):  27448529,1]
      [Ext Root Scanning (ms):  0,7]
      [Update RS (ms):  2,2]
         [Processed Buffers:  35]
      [Scan RS (ms):  0,2]
      [Code Root Scanning (ms):  0,0]
      [Object Copy (ms):  3,3]
      [Termination (ms):  0,0]
         [Termination Attempts:  1]
      [GC Worker Other (ms):  0,0]
      [GC Worker Total (ms):  6,5]
      [GC Worker End (ms):  27448535,6]
   [Code Root Fixup: 0,0 ms]
   [Code Root Purge: 0,0 ms]
   [Clear CT: 0,1 ms]
   [Other: 0,2 ms]
      [Choose CSet: 0,0 ms]
      [Ref Proc: 0,0 ms]
      [Ref Enq: 0,0 ms]
      [Redirty Cards: 0,0 ms]
      [Humongous Register: 0,0 ms]
      [Humongous Reclaim: 0,0 ms]
      [Free CSet: 0,1 ms]
   [Eden: 611,0M(611,0M)->0,0B(611,0M) Survivors: 3072,0K->3072,0K Heap: 756,2M(1024,0M)->145,4M(1024,0M)]
 [Times: user=0,00 sys=0,00, real=0,00 secs] 
2016-12-21T16:07:15.793+0100: 27673,074: [GC pause (G1 Evacuation Pause) (young), 0,0130965 secs]
   [Parallel Time: 12,2 ms, GC Workers: 1]
      [GC Worker Start (ms):  27673073,8]
      [Ext Root Scanning (ms):  0,7]
      [Update RS (ms):  1,2]
         [Processed Buffers:  41]
      [Scan RS (ms):  0,2]
      [Code Root Scanning (ms):  0,0]
      [Object Copy (ms):  10,1]
      [Termination (ms):  0,0]
         [Termination Attempts:  1]
      [GC Worker Other (ms):  0,0]
      [GC Worker Total (ms):  12,2]
      [GC Worker End (ms):  27673086,0]
   [Code Root Fixup: 0,1 ms]
   [Code Root Purge: 0,0 ms]
   [Clear CT: 0,2 ms]
   [Other: 0,7 ms]
      [Choose CSet: 0,0 ms]
      [Ref Proc: 0,1 ms]
      [Ref Enq: 0,0 ms]
      [Redirty Cards: 0,0 ms]
      [Humongous Register: 0,0 ms]
      [Humongous Reclaim: 0,0 ms]
      [Free CSet: 0,1 ms]
   [Eden: 611,0M(611,0M)->0,0B(612,0M) Survivors: 3072,0K->2048,0K Heap: 756,4M(1024,0M)->145,3M(1024,0M)]
 [Times: user=0,00 sys=0,00, real=0,02 secs] 
2016-12-21T16:07:29.893+0100: 27687,174: [GC pause (G1 Evacuation Pause) (young), 0,0058250 secs]
   [Parallel Time: 4,8 ms, GC Workers: 1]
      [GC Worker Start (ms):  27687174,2]
      [Ext Root Scanning (ms):  0,7]
      [Update RS (ms):  1,6]
         [Processed Buffers:  37]
      [Scan RS (ms):  0,2]
      [Code Root Scanning (ms):  0,0]
      [Object Copy (ms):  2,2]
      [Termination (ms):  0,0]
         [Termination Attempts:  1]
      [GC Worker Other (ms):  0,0]
      [GC Worker Total (ms):  4,7]
      [GC Worker End (ms):  27687178,9]
   [Code Root Fixup: 0,0 ms]
   [Code Root Purge: 0,0 ms]
   [Clear CT: 0,2 ms]
   [Other: 0,9 ms]
      [Choose CSet: 0,0 ms]
      [Ref Proc: 0,0 ms]
      [Ref Enq: 0,0 ms]
      [Redirty Cards: 0,0 ms]
      [Humongous Register: 0,0 ms]
      [Humongous Reclaim: 0,0 ms]
      [Free CSet: 0,2 ms]
   [Eden: 612,0M(612,0M)->0,0B(612,0M) Survivors: 2048,0K->2048,0K Heap: 757,3M(1024,0M)->145,6M(1024,0M)]
 [Times: user=0,01 sys=0,00, real=0,01 secs] 
2016-12-21T16:07:42.384+0100: 27699,666: [GC pause (G1 Evacuation Pause) (young), 0,0121917 secs]
   [Parallel Time: 11,8 ms, GC Workers: 1]
      [GC Worker Start (ms):  27699665,7]
      [Ext Root Scanning (ms):  0,7]
      [Update RS (ms):  0,3]
         [Processed Buffers:  28]
      [Scan RS (ms):  5,7]
      [Code Root Scanning (ms):  0,0]
      [Object Copy (ms):  5,1]
      [Termination (ms):  0,0]
         [Termination Attempts:  1]
      [GC Worker Other (ms):  0,0]
      [GC Worker Total (ms):  11,8]
      [GC Worker End (ms):  27699677,5]
   [Code Root Fixup: 0,0 ms]
   [Code Root Purge: 0,0 ms]
   [Clear CT: 0,1 ms]
   [Other: 0,2 ms]
      [Choose CSet: 0,0 ms]
      [Ref Proc: 0,0 ms]
      [Ref Enq: 0,0 ms]
      [Redirty Cards: 0,0 ms]
      [Humongous Register: 0,0 ms]
      [Humongous Reclaim: 0,0 ms]
      [Free CSet: 0,1 ms]
   [Eden: 612,0M(612,0M)->0,0B(612,0M) Survivors: 2048,0K->2048,0K Heap: 757,6M(1024,0M)->145,6M(1024,0M)]
 [Times: user=0,00 sys=0,00, real=0,01 secs] 
2016-12-21T16:10:05.169+0100: 27842,450: [GC pause (G1 Evacuation Pause) (young), 0,0051027 secs]
   [Parallel Time: 4,2 ms, GC Workers: 1]
      [GC Worker Start (ms):  27842450,5]
      [Ext Root Scanning (ms):  0,7]
      [Update RS (ms):  0,3]
         [Processed Buffers:  31]
      [Scan RS (ms):  0,2]
      [Code Root Scanning (ms):  0,0]
      [Object Copy (ms):  3,0]
      [Termination (ms):  0,0]
         [Termination Attempts:  1]
      [GC Worker Other (ms):  0,0]
      [GC Worker Total (ms):  4,2]
      [GC Worker End (ms):  27842454,7]
   [Code Root Fixup: 0,0 ms]
   [Code Root Purge: 0,0 ms]
   [Clear CT: 0,2 ms]
   [Other: 0,8 ms]
      [Choose CSet: 0,0 ms]
      [Ref Proc: 0,0 ms]
      [Ref Enq: 0,0 ms]
      [Redirty Cards: 0,0 ms]
      [Humongous Register: 0,0 ms]
      [Humongous Reclaim: 0,0 ms]
      [Free CSet: 0,1 ms]
   [Eden: 612,0M(612,0M)->0,0B(611,0M) Survivors: 2048,0K->3072,0K Heap: 757,6M(1024,0M)->146,1M(1024,0M)]
 [Times: user=0,01 sys=0,00, real=0,00 secs] 
2016-12-21T16:10:17.265+0100: 27854,546: [GC pause (G1 Evacuation Pause) (young), 0,0038494 secs]
   [Parallel Time: 2,9 ms, GC Workers: 1]
      [GC Worker Start (ms):  27854546,0]
      [Ext Root Scanning (ms):  0,6]
      [Update RS (ms):  0,3]
         [Processed Buffers:  26]
      [Scan RS (ms):  0,2]
      [Code Root Scanning (ms):  0,0]
      [Object Copy (ms):  1,8]
      [Termination (ms):  0,0]
         [Termination Attempts:  1]
      [GC Worker Other (ms):  0,0]
      [GC Worker Total (ms):  2,9]
      [GC Worker End (ms):  27854548,9]
   [Code Root Fixup: 0,0 ms]
   [Code Root Purge: 0,0 ms]
   [Clear CT: 0,1 ms]
   [Other: 0,8 ms]
      [Choose CSet: 0,0 ms]
      [Ref Proc: 0,0 ms]
      [Ref Enq: 0,0 ms]
      [Redirty Cards: 0,0 ms]
      [Humongous Register: 0,0 ms]
      [Humongous Reclaim: 0,0 ms]
      [Free CSet: 0,2 ms]
   [Eden: 611,0M(611,0M)->0,0B(612,0M) Survivors: 3072,0K->2048,0K Heap: 757,1M(1024,0M)->145,1M(1024,0M)]
 [Times: user=0,00 sys=0,00, real=0,00 secs] 
2016-12-21T16:18:14.187+0100: 28331,468: [GC pause (G1 Evacuation Pause) (young), 0,0058677 secs]
   [Parallel Time: 5,4 ms, GC Workers: 1]
      [GC Worker Start (ms):  28331467,8]
      [Ext Root Scanning (ms):  0,8]
      [Update RS (ms):  0,4]
         [Processed Buffers:  32]
      [Scan RS (ms):  0,3]
      [Code Root Scanning (ms):  0,0]
      [Object Copy (ms):  3,9]
      [Termination (ms):  0,0]
         [Termination Attempts:  1]
      [GC Worker Other (ms):  0,0]
      [GC Worker Total (ms):  5,4]
      [GC Worker End (ms):  28331473,2]
   [Code Root Fixup: 0,0 ms]
   [Code Root Purge: 0,0 ms]
   [Clear CT: 0,1 ms]
   [Other: 0,3 ms]
      [Choose CSet: 0,0 ms]
      [Ref Proc: 0,0 ms]
      [Ref Enq: 0,0 ms]
      [Redirty Cards: 0,0 ms]
      [Humongous Register: 0,0 ms]
      [Humongous Reclaim: 0,0 ms]
      [Free CSet: 0,1 ms]
   [Eden: 612,0M(612,0M)->0,0B(611,0M) Survivors: 2048,0K->3072,0K Heap: 757,1M(1024,0M)->146,1M(1024,0M)]
 [Times: user=0,00 sys=0,01, real=0,00 secs] 
2016-12-21T16:29:32.468+0100: 29009,750: [GC pause (G1 Evacuation Pause) (young), 0,0079502 secs]
   [Parallel Time: 7,5 ms, GC Workers: 1]
      [GC Worker Start (ms):  29009749,6]
      [Ext Root Scanning (ms):  0,6]
      [Update RS (ms):  1,3]
         [Processed Buffers:  42]
      [Scan RS (ms):  0,2]
      [Code Root Scanning (ms):  0,0]
      [Object Copy (ms):  5,3]
      [Termination (ms):  0,0]
         [Termination Attempts:  1]
      [GC Worker Other (ms):  0,0]
      [GC Worker Total (ms):  7,5]
      [GC Worker End (ms):  29009757,0]
   [Code Root Fixup: 0,0 ms]
   [Code Root Purge: 0,0 ms]
   [Clear CT: 0,1 ms]
   [Other: 0,3 ms]
      [Choose CSet: 0,0 ms]
      [Ref Proc: 0,1 ms]
      [Ref Enq: 0,0 ms]
      [Redirty Cards: 0,0 ms]
      [Humongous Register: 0,0 ms]
      [Humongous Reclaim: 0,0 ms]
      [Free CSet: 0,1 ms]
   [Eden: 611,0M(611,0M)->0,0B(611,0M) Survivors: 3072,0K->3072,0K Heap: 757,1M(1024,0M)->146,1M(1024,0M)]
 [Times: user=0,01 sys=0,00, real=0,01 secs] 
2016-12-21T16:29:43.748+0100: 29021,029: [GC pause (G1 Evacuation Pause) (young), 0,0062582 secs]
   [Parallel Time: 5,7 ms, GC Workers: 1]
      [GC Worker Start (ms):  29021029,5]
      [Ext Root Scanning (ms):  0,8]
      [Update RS (ms):  1,1]
         [Processed Buffers:  32]
      [Scan RS (ms):  0,2]
      [Code Root Scanning (ms):  0,0]
      [Object Copy (ms):  3,7]
      [Termination (ms):  0,0]
         [Termination Attempts:  1]
      [GC Worker Other (ms):  0,0]
      [GC Worker Total (ms):  5,7]
      [GC Worker End (ms):  29021035,2]
   [Code Root Fixup: 0,0 ms]
   [Code Root Purge: 0,0 ms]
   [Clear CT: 0,2 ms]
   [Other: 0,3 ms]
      [Choose CSet: 0,0 ms]
      [Ref Proc: 0,0 ms]
      [Ref Enq: 0,0 ms]
      [Redirty Cards: 0,0 ms]
      [Humongous Register: 0,0 ms]
      [Humongous Reclaim: 0,0 ms]
      [Free CSet: 0,1 ms]
   [Eden: 611,0M(611,0M)->0,0B(611,0M) Survivors: 3072,0K->3072,0K Heap: 757,1M(1024,0M)->146,1M(1024,0M)]
 [Times: user=0,01 sys=0,00, real=0,00 secs] 
2016-12-21T16:29:56.630+0100: 29033,911: [GC pause (G1 Evacuation Pause) (young), 0,0113727 secs]
   [Parallel Time: 10,8 ms, GC Workers: 1]
      [GC Worker Start (ms):  29033911,0]
      [Ext Root Scanning (ms):  0,7]
      [Update RS (ms):  3,1]
         [Processed Buffers:  32]
      [Scan RS (ms):  0,3]
      [Code Root Scanning (ms):  0,0]
      [Object Copy (ms):  4,4]
      [Termination (ms):  0,0]
         [Termination Attempts:  1]
      [GC Worker Other (ms):  0,0]
      [GC Worker Total (ms):  8,5]
      [GC Worker End (ms):  29033919,5]
   [Code Root Fixup: 0,1 ms]
   [Code Root Purge: 0,0 ms]
   [Clear CT: 0,2 ms]
   [Other: 0,3 ms]
      [Choose CSet: 0,0 ms]
      [Ref Proc: 0,0 ms]
      [Ref Enq: 0,0 ms]
      [Redirty Cards: 0,0 ms]
      [Humongous Register: 0,0 ms]
      [Humongous Reclaim: 0,0 ms]
      [Free CSet: 0,1 ms]
   [Eden: 611,0M(611,0M)->0,0B(611,0M) Survivors: 3072,0K->3072,0K Heap: 757,1M(1024,0M)->146,1M(1024,0M)]
 [Times: user=0,00 sys=0,00, real=0,01 secs] 
2016-12-21T16:31:17.712+0100: 29114,993: [GC pause (G1 Evacuation Pause) (young), 0,0116016 secs]
   [Parallel Time: 11,1 ms, GC Workers: 1]
      [GC Worker Start (ms):  29114993,3]
      [Ext Root Scanning (ms):  0,7]
      [Update RS (ms):  1,2]
         [Processed Buffers:  37]
      [Scan RS (ms):  0,1]
      [Code Root Scanning (ms):  0,0]
      [Object Copy (ms):  9,1]
      [Termination (ms):  0,0]
         [Termination Attempts:  1]
      [GC Worker Other (ms):  0,0]
      [GC Worker Total (ms):  11,1]
      [GC Worker End (ms):  29115004,5]
   [Code Root Fixup: 0,0 ms]
   [Code Root Purge: 0,0 ms]
   [Clear CT: 0,1 ms]
   [Other: 0,3 ms]
      [Choose CSet: 0,0 ms]
      [Ref Proc: 0,0 ms]
      [Ref Enq: 0,0 ms]
      [Redirty Cards: 0,0 ms]
      [Humongous Register: 0,0 ms]
      [Humongous Reclaim: 0,0 ms]
      [Free CSet: 0,2 ms]
   [Eden: 611,0M(611,0M)->0,0B(611,0M) Survivors: 3072,0K->3072,0K Heap: 757,1M(1024,0M)->146,1M(1024,0M)]
 [Times: user=0,01 sys=0,00, real=0,02 secs] 
2016-12-21T16:31:31.662+0100: 29128,943: [GC pause (G1 Evacuation Pause) (young), 0,0128098 secs]
   [Parallel Time: 12,4 ms, GC Workers: 1]
      [GC Worker Start (ms):  29128943,1]
      [Ext Root Scanning (ms):  0,8]
      [Update RS (ms):  4,3]
         [Processed Buffers:  31]
      [Scan RS (ms):  0,2]
      [Code Root Scanning (ms):  0,0]
      [Object Copy (ms):  6,0]
      [Termination (ms):  0,0]
         [Termination Attempts:  1]
      [GC Worker Other (ms):  0,0]
      [GC Worker Total (ms):  11,3]
      [GC Worker End (ms):  29128954,4]
   [Code Root Fixup: 0,0 ms]
   [Code Root Purge: 0,0 ms]
   [Clear CT: 0,1 ms]
   [Other: 0,3 ms]
      [Choose CSet: 0,0 ms]
      [Ref Proc: 0,0 ms]
      [Ref Enq: 0,0 ms]
      [Redirty Cards: 0,0 ms]
      [Humongous Register: 0,0 ms]
      [Humongous Reclaim: 0,0 ms]
      [Free CSet: 0,1 ms]
   [Eden: 611,0M(611,0M)->0,0B(611,0M) Survivors: 3072,0K->3072,0K Heap: 757,1M(1024,0M)->146,6M(1024,0M)]
 [Times: user=0,01 sys=0,00, real=0,01 secs] 
2016-12-21T16:32:09.639+0100: 29166,920: [GC pause (G1 Evacuation Pause) (young), 0,0093109 secs]
   [Parallel Time: 8,9 ms, GC Workers: 1]
      [GC Worker Start (ms):  29166920,1]
      [Ext Root Scanning (ms):  0,7]
      [Update RS (ms):  1,2]
         [Processed Buffers:  35]
      [Scan RS (ms):  0,2]
      [Code Root Scanning (ms):  0,0]
      [Object Copy (ms):  6,9]
      [Termination (ms):  0,0]
         [Termination Attempts:  1]
      [GC Worker Other (ms):  0,0]
      [GC Worker Total (ms):  8,9]
      [GC Worker End (ms):  29166929,0]
   [Code Root Fixup: 0,0 ms]
   [Code Root Purge: 0,0 ms]
   [Clear CT: 0,1 ms]
   [Other: 0,2 ms]
      [Choose CSet: 0,0 ms]
      [Ref Proc: 0,0 ms]
      [Ref Enq: 0,0 ms]
      [Redirty Cards: 0,0 ms]
      [Humongous Register: 0,0 ms]
      [Humongous Reclaim: 0,0 ms]
      [Free CSet: 0,1 ms]
   [Eden: 611,0M(611,0M)->0,0B(611,0M) Survivors: 3072,0K->3072,0K Heap: 757,6M(1024,0M)->146,1M(1024,0M)]
 [Times: user=0,01 sys=0,00, real=0,01 secs] 
2016-12-21T16:32:23.587+0100: 29180,868: [GC pause (G1 Evacuation Pause) (young), 0,0051240 secs]
   [Parallel Time: 4,7 ms, GC Workers: 1]
      [GC Worker Start (ms):  29180868,4]
      [Ext Root Scanning (ms):  0,6]
      [Update RS (ms):  1,2]
         [Processed Buffers:  31]
      [Scan RS (ms):  0,2]
      [Code Root Scanning (ms):  0,0]
      [Object Copy (ms):  2,6]
      [Termination (ms):  0,0]
         [Termination Attempts:  1]
      [GC Worker Other (ms):  0,0]
      [GC Worker Total (ms):  4,6]
      [GC Worker End (ms):  29180873,0]
   [Code Root Fixup: 0,0 ms]
   [Code Root Purge: 0,0 ms]
   [Clear CT: 0,2 ms]
   [Other: 0,2 ms]
      [Choose CSet: 0,0 ms]
      [Ref Proc: 0,0 ms]
      [Ref Enq: 0,0 ms]
      [Redirty Cards: 0,0 ms]
      [Humongous Register: 0,0 ms]
      [Humongous Reclaim: 0,0 ms]
      [Free CSet: 0,1 ms]
   [Eden: 611,0M(611,0M)->0,0B(611,0M) Survivors: 3072,0K->3072,0K Heap: 757,1M(1024,0M)->146,1M(1024,0M)]
 [Times: user=0,00 sys=0,00, real=0,00 secs] 
2016-12-21T16:32:35.930+0100: 29193,211: [GC pause (G1 Evacuation Pause) (young), 0,0137202 secs]
   [Parallel Time: 13,3 ms, GC Workers: 1]
      [GC Worker Start (ms):  29193211,2]
      [Ext Root Scanning (ms):  0,7]
      [Update RS (ms):  1,5]
         [Processed Buffers:  31]
      [Scan RS (ms):  0,2]
      [Code Root Scanning (ms):  0,0]
      [Object Copy (ms):  10,9]
      [Termination (ms):  0,0]
         [Termination Attempts:  1]
      [GC Worker Other (ms):  0,0]
      [GC Worker Total (ms):  13,3]
      [GC Worker End (ms):  29193224,5]
   [Code Root Fixup: 0,0 ms]
   [Code Root Purge: 0,0 ms]
   [Clear CT: 0,1 ms]
   [Other: 0,3 ms]
      [Choose CSet: 0,0 ms]
      [Ref Proc: 0,0 ms]
      [Ref Enq: 0,0 ms]
      [Redirty Cards: 0,0 ms]
      [Humongous Register: 0,0 ms]
      [Humongous Reclaim: 0,0 ms]
      [Free CSet: 0,1 ms]
   [Eden: 611,0M(611,0M)->0,0B(611,0M) Survivors: 3072,0K->3072,0K Heap: 757,1M(1024,0M)->146,1M(1024,0M)]
 [Times: user=0,00 sys=0,00, real=0,02 secs] 
2016-12-21T16:33:37.746+0100: 29255,027: [GC pause (G1 Evacuation Pause) (young), 0,0094663 secs]
   [Parallel Time: 9,0 ms, GC Workers: 1]
      [GC Worker Start (ms):  29255027,4]
      [Ext Root Scanning (ms):  0,7]
      [Update RS (ms):  1,1]
         [Processed Buffers:  37]
      [Scan RS (ms):  0,2]
      [Code Root Scanning (ms):  0,0]
      [Object Copy (ms):  2,4]
      [Termination (ms):  0,0]
         [Termination Attempts:  1]
      [GC Worker Other (ms):  4,5]
      [GC Worker Total (ms):  9,0]
      [GC Worker End (ms):  29255036,4]
   [Code Root Fixup: 0,1 ms]
   [Code Root Purge: 0,0 ms]
   [Clear CT: 0,1 ms]
   [Other: 0,3 ms]
      [Choose CSet: 0,0 ms]
      [Ref Proc: 0,0 ms]
      [Ref Enq: 0,0 ms]
      [Redirty Cards: 0,0 ms]
      [Humongous Register: 0,0 ms]
      [Humongous Reclaim: 0,0 ms]
      [Free CSet: 0,1 ms]
   [Eden: 611,0M(611,0M)->0,0B(611,0M) Survivors: 3072,0K->3072,0K Heap: 757,1M(1024,0M)->146,1M(1024,0M)]
 [Times: user=0,00 sys=0,00, real=0,01 secs] 
2016-12-21T16:33:53.239+0100: 29270,521: [GC pause (G1 Evacuation Pause) (young), 0,0082026 secs]
   [Parallel Time: 7,6 ms, GC Workers: 1]
      [GC Worker Start (ms):  29270520,6]
      [Ext Root Scanning (ms):  0,8]
      [Update RS (ms):  1,1]
         [Processed Buffers:  32]
      [Scan RS (ms):  0,2]
      [Code Root Scanning (ms):  0,0]
      [Object Copy (ms):  5,5]
      [Termination (ms):  0,0]
         [Termination Attempts:  1]
      [GC Worker Other (ms):  0,0]
      [GC Worker Total (ms):  7,6]
      [GC Worker End (ms):  29270528,2]
   [Code Root Fixup: 0,0 ms]
   [Code Root Purge: 0,0 ms]
   [Clear CT: 0,1 ms]
   [Other: 0,4 ms]
      [Choose CSet: 0,0 ms]
      [Ref Proc: 0,0 ms]
      [Ref Enq: 0,0 ms]
      [Redirty Cards: 0,0 ms]
      [Humongous Register: 0,0 ms]
      [Humongous Reclaim: 0,0 ms]
      [Free CSet: 0,3 ms]
   [Eden: 611,0M(611,0M)->0,0B(611,0M) Survivors: 3072,0K->3072,0K Heap: 757,1M(1024,0M)->146,2M(1024,0M)]
 [Times: user=0,01 sys=0,01, real=0,01 secs] 
2016-12-21T16:35:27.702+0100: 29364,983: [GC pause (G1 Evacuation Pause) (young), 0,0104803 secs]
   [Parallel Time: 9,5 ms, GC Workers: 1]
      [GC Worker Start (ms):  29364982,9]
      [Ext Root Scanning (ms):  0,7]
      [Update RS (ms):  1,2]
         [Processed Buffers:  36]
      [Scan RS (ms):  0,2]
      [Code Root Scanning (ms):  0,0]
      [Object Copy (ms):  7,3]
      [Termination (ms):  0,0]
         [Termination Attempts:  1]
      [GC Worker Other (ms):  0,0]
      [GC Worker Total (ms):  9,5]
      [GC Worker End (ms):  29364992,4]
   [Code Root Fixup: 0,0 ms]
   [Code Root Purge: 0,0 ms]
   [Clear CT: 0,2 ms]
   [Other: 0,8 ms]
      [Choose CSet: 0,0 ms]
      [Ref Proc: 0,0 ms]
      [Ref Enq: 0,0 ms]
      [Redirty Cards: 0,0 ms]
      [Humongous Register: 0,0 ms]
      [Humongous Reclaim: 0,0 ms]
      [Free CSet: 0,1 ms]
   [Eden: 611,0M(611,0M)->0,0B(611,0M) Survivors: 3072,0K->3072,0K Heap: 757,2M(1024,0M)->146,2M(1024,0M)]
 [Times: user=0,01 sys=0,00, real=0,01 secs] 
2016-12-21T16:35:45.590+0100: 29382,871: [GC pause (G1 Evacuation Pause) (young), 0,0118074 secs]
   [Parallel Time: 9,5 ms, GC Workers: 1]
      [GC Worker Start (ms):  29382871,2]
      [Ext Root Scanning (ms):  0,8]
      [Update RS (ms):  1,1]
         [Processed Buffers:  31]
      [Scan RS (ms):  0,2]
      [Code Root Scanning (ms):  0,0]
      [Object Copy (ms):  7,4]
      [Termination (ms):  0,0]
         [Termination Attempts:  1]
      [GC Worker Other (ms):  0,0]
      [GC Worker Total (ms):  9,5]
      [GC Worker End (ms):  29382880,7]
   [Code Root Fixup: 0,0 ms]
   [Code Root Purge: 0,0 ms]
   [Clear CT: 0,1 ms]
   [Other: 2,2 ms]
      [Choose CSet: 0,0 ms]
      [Ref Proc: 0,0 ms]
      [Ref Enq: 0,0 ms]
      [Redirty Cards: 0,0 ms]
      [Humongous Register: 0,0 ms]
      [Humongous Reclaim: 0,0 ms]
      [Free CSet: 0,1 ms]
   [Eden: 611,0M(611,0M)->0,0B(611,0M) Survivors: 3072,0K->3072,0K Heap: 757,2M(1024,0M)->146,2M(1024,0M)]
 [Times: user=0,00 sys=0,00, real=0,01 secs] 
2016-12-21T16:36:12.457+0100: 29409,738: [GC pause (G1 Evacuation Pause) (young), 0,0137784 secs]
   [Parallel Time: 13,3 ms, GC Workers: 1]
      [GC Worker Start (ms):  29409738,0]
      [Ext Root Scanning (ms):  0,9]
      [Update RS (ms):  5,2]
         [Processed Buffers:  35]
      [Scan RS (ms):  0,2]
      [Code Root Scanning (ms):  0,0]
      [Object Copy (ms):  7,0]
      [Termination (ms):  0,0]
         [Termination Attempts:  1]
      [GC Worker Other (ms):  0,0]
      [GC Worker Total (ms):  13,3]
      [GC Worker End (ms):  29409751,4]
   [Code Root Fixup: 0,0 ms]
   [Code Root Purge: 0,0 ms]
   [Clear CT: 0,1 ms]
   [Other: 0,3 ms]
      [Choose CSet: 0,0 ms]
      [Ref Proc: 0,0 ms]
      [Ref Enq: 0,0 ms]
      [Redirty Cards: 0,0 ms]
      [Humongous Register: 0,0 ms]
      [Humongous Reclaim: 0,0 ms]
      [Free CSet: 0,1 ms]
   [Eden: 611,0M(611,0M)->0,0B(611,0M) Survivors: 3072,0K->3072,0K Heap: 757,2M(1024,0M)->146,2M(1024,0M)]
 [Times: user=0,00 sys=0,00, real=0,01 secs] 
2016-12-21T16:40:14.742+0100: 29652,023: [GC pause (G1 Evacuation Pause) (young), 0,0218015 secs]
   [Parallel Time: 20,5 ms, GC Workers: 1]
      [GC Worker Start (ms):  29652023,1]
      [Ext Root Scanning (ms):  0,8]
      [Update RS (ms):  1,2]
         [Processed Buffers:  38]
      [Scan RS (ms):  0,2]
      [Code Root Scanning (ms):  0,0]
      [Object Copy (ms):  18,3]
      [Termination (ms):  0,0]
         [Termination Attempts:  1]
      [GC Worker Other (ms):  0,0]
      [GC Worker Total (ms):  20,5]
      [GC Worker End (ms):  29652043,6]
   [Code Root Fixup: 0,0 ms]
   [Code Root Purge: 0,0 ms]
   [Clear CT: 0,2 ms]
   [Other: 1,1 ms]
      [Choose CSet: 0,0 ms]
      [Ref Proc: 0,5 ms]
      [Ref Enq: 0,0 ms]
      [Redirty Cards: 0,0 ms]
      [Humongous Register: 0,0 ms]
      [Humongous Reclaim: 0,0 ms]
      [Free CSet: 0,2 ms]
   [Eden: 611,0M(611,0M)->0,0B(611,0M) Survivors: 3072,0K->3072,0K Heap: 757,2M(1024,0M)->146,7M(1024,0M)]
 [Times: user=0,01 sys=0,00, real=0,03 secs] 
2016-12-21T16:41:02.800+0100: 29700,081: [GC pause (G1 Evacuation Pause) (young), 0,0138737 secs]
   [Parallel Time: 13,4 ms, GC Workers: 1]
      [GC Worker Start (ms):  29700081,5]
      [Ext Root Scanning (ms):  0,7]
      [Update RS (ms):  1,2]
         [Processed Buffers:  36]
      [Scan RS (ms):  0,2]
      [Code Root Scanning (ms):  0,0]
      [Object Copy (ms):  11,3]
      [Termination (ms):  0,0]
         [Termination Attempts:  1]
      [GC Worker Other (ms):  0,0]
      [GC Worker Total (ms):  13,4]
      [GC Worker End (ms):  29700094,9]
   [Code Root Fixup: 0,0 ms]
   [Code Root Purge: 0,0 ms]
   [Clear CT: 0,1 ms]
   [Other: 0,3 ms]
      [Choose CSet: 0,0 ms]
      [Ref Proc: 0,0 ms]
      [Ref Enq: 0,0 ms]
      [Redirty Cards: 0,0 ms]
      [Humongous Register: 0,0 ms]
      [Humongous Reclaim: 0,0 ms]
      [Free CSet: 0,1 ms]
   [Eden: 611,0M(611,0M)->0,0B(611,0M) Survivors: 3072,0K->3072,0K Heap: 757,7M(1024,0M)->146,3M(1024,0M)]
 [Times: user=0,01 sys=0,00, real=0,01 secs] 
2016-12-21T16:41:23.646+0100: 29720,927: [GC pause (G1 Evacuation Pause) (young), 0,0164203 secs]
   [Parallel Time: 15,7 ms, GC Workers: 1]
      [GC Worker Start (ms):  29720926,8]
      [Ext Root Scanning (ms):  0,7]
      [Update RS (ms):  2,7]
         [Processed Buffers:  32]
      [Scan RS (ms):  0,2]
      [Code Root Scanning (ms):  0,0]
      [Object Copy (ms):  12,0]
      [Termination (ms):  0,0]
         [Termination Attempts:  1]
      [GC Worker Other (ms):  0,0]
      [GC Worker Total (ms):  15,7]
      [GC Worker End (ms):  29720942,5]
   [Code Root Fixup: 0,0 ms]
   [Code Root Purge: 0,0 ms]
   [Clear CT: 0,1 ms]
   [Other: 0,6 ms]
      [Choose CSet: 0,0 ms]
      [Ref Proc: 0,0 ms]
      [Ref Enq: 0,0 ms]
      [Redirty Cards: 0,0 ms]
      [Humongous Register: 0,0 ms]
      [Humongous Reclaim: 0,0 ms]
      [Free CSet: 0,1 ms]
   [Eden: 611,0M(611,0M)->0,0B(611,0M) Survivors: 3072,0K->3072,0K Heap: 757,3M(1024,0M)->146,6M(1024,0M)]
 [Times: user=0,01 sys=0,00, real=0,01 secs] 
2016-12-21T16:42:04.795+0100: 29762,076: [GC pause (G1 Evacuation Pause) (young), 0,0128654 secs]
   [Parallel Time: 11,5 ms, GC Workers: 1]
      [GC Worker Start (ms):  29762076,1]
      [Ext Root Scanning (ms):  0,6]
      [Update RS (ms):  1,8]
         [Processed Buffers:  36]
      [Scan RS (ms):  0,2]
      [Code Root Scanning (ms):  0,0]
      [Object Copy (ms):  8,9]
      [Termination (ms):  0,0]
         [Termination Attempts:  1]
      [GC Worker Other (ms):  0,0]
      [GC Worker Total (ms):  11,5]
      [GC Worker End (ms):  29762087,5]
   [Code Root Fixup: 0,0 ms]
   [Code Root Purge: 0,0 ms]
   [Clear CT: 0,1 ms]
   [Other: 1,2 ms]
      [Choose CSet: 0,0 ms]
      [Ref Proc: 0,0 ms]
      [Ref Enq: 0,0 ms]
      [Redirty Cards: 0,0 ms]
      [Humongous Register: 0,0 ms]
      [Humongous Reclaim: 0,0 ms]
      [Free CSet: 0,2 ms]
   [Eden: 611,0M(611,0M)->0,0B(612,0M) Survivors: 3072,0K->2048,0K Heap: 757,6M(1024,0M)->146,4M(1024,0M)]
 [Times: user=0,00 sys=0,00, real=0,01 secs] 
2016-12-21T16:46:43.887+0100: 30041,168: [GC pause (G1 Evacuation Pause) (young), 0,0117704 secs]
   [Parallel Time: 10,7 ms, GC Workers: 1]
      [GC Worker Start (ms):  30041168,2]
      [Ext Root Scanning (ms):  0,7]
      [Update RS (ms):  0,6]
         [Processed Buffers:  35]
      [Scan RS (ms):  0,2]
      [Code Root Scanning (ms):  0,0]
      [Object Copy (ms):  5,9]
      [Termination (ms):  0,0]
         [Termination Attempts:  1]
      [GC Worker Other (ms):  0,0]
      [GC Worker Total (ms):  7,4]
      [GC Worker End (ms):  30041175,5]
   [Code Root Fixup: 0,1 ms]
   [Code Root Purge: 0,0 ms]
   [Clear CT: 0,1 ms]
   [Other: 0,9 ms]
      [Choose CSet: 0,0 ms]
      [Ref Proc: 0,0 ms]
      [Ref Enq: 0,0 ms]
      [Redirty Cards: 0,0 ms]
      [Humongous Register: 0,0 ms]
      [Humongous Reclaim: 0,0 ms]
      [Free CSet: 0,1 ms]
   [Eden: 612,0M(612,0M)->0,0B(611,0M) Survivors: 2048,0K->3072,0K Heap: 758,4M(1024,0M)->147,4M(1024,0M)]
 [Times: user=0,01 sys=0,00, real=0,01 secs] 
2016-12-21T16:46:58.490+0100: 30055,772: [GC pause (G1 Evacuation Pause) (young), 0,0084492 secs]
   [Parallel Time: 8,0 ms, GC Workers: 1]
      [GC Worker Start (ms):  30055771,6]
      [Ext Root Scanning (ms):  0,8]
      [Update RS (ms):  0,5]
         [Processed Buffers:  28]
      [Scan RS (ms):  0,2]
      [Code Root Scanning (ms):  0,0]
      [Object Copy (ms):  6,5]
      [Termination (ms):  0,0]
         [Termination Attempts:  1]
      [GC Worker Other (ms):  0,0]
      [GC Worker Total (ms):  8,0]
      [GC Worker End (ms):  30055779,5]
   [Code Root Fixup: 0,0 ms]
   [Code Root Purge: 0,0 ms]
   [Clear CT: 0,1 ms]
   [Other: 0,3 ms]
      [Choose CSet: 0,0 ms]
      [Ref Proc: 0,0 ms]
      [Ref Enq: 0,0 ms]
      [Redirty Cards: 0,0 ms]
      [Humongous Register: 0,0 ms]
      [Humongous Reclaim: 0,0 ms]
      [Free CSet: 0,2 ms]
   [Eden: 611,0M(611,0M)->0,0B(611,0M) Survivors: 3072,0K->3072,0K Heap: 758,4M(1024,0M)->147,5M(1024,0M)]
 [Times: user=0,00 sys=0,00, real=0,01 secs] 
2016-12-21T16:47:22.580+0100: 30079,862: [GC pause (G1 Evacuation Pause) (young), 0,0073107 secs]
   [Parallel Time: 6,5 ms, GC Workers: 1]
      [GC Worker Start (ms):  30079861,6]
      [Ext Root Scanning (ms):  0,7]
      [Update RS (ms):  0,6]
         [Processed Buffers:  30]
      [Scan RS (ms):  0,2]
      [Code Root Scanning (ms):  0,0]
      [Object Copy (ms):  4,9]
      [Termination (ms):  0,0]
         [Termination Attempts:  1]
      [GC Worker Other (ms):  0,0]
      [GC Worker Total (ms):  6,5]
      [GC Worker End (ms):  30079868,1]
   [Code Root Fixup: 0,0 ms]
   [Code Root Purge: 0,0 ms]
   [Clear CT: 0,2 ms]
   [Other: 0,7 ms]
      [Choose CSet: 0,0 ms]
      [Ref Proc: 0,0 ms]
      [Ref Enq: 0,0 ms]
      [Redirty Cards: 0,0 ms]
      [Humongous Register: 0,0 ms]
      [Humongous Reclaim: 0,0 ms]
      [Free CSet: 0,2 ms]
   [Eden: 611,0M(611,0M)->0,0B(611,0M) Survivors: 3072,0K->3072,0K Heap: 758,5M(1024,0M)->147,1M(1024,0M)]
 [Times: user=0,00 sys=0,00, real=0,01 secs] 
2016-12-21T16:48:50.357+0100: 30167,639: [GC pause (G1 Evacuation Pause) (young), 0,0111371 secs]
   [Parallel Time: 10,0 ms, GC Workers: 1]
      [GC Worker Start (ms):  30167638,7]
      [Ext Root Scanning (ms):  0,7]
      [Update RS (ms):  0,6]
         [Processed Buffers:  33]
      [Scan RS (ms):  0,2]
      [Code Root Scanning (ms):  0,0]
      [Object Copy (ms):  8,5]
      [Termination (ms):  0,0]
         [Termination Attempts:  1]
      [GC Worker Other (ms):  0,0]
      [GC Worker Total (ms):  10,0]
      [GC Worker End (ms):  30167648,7]
   [Code Root Fixup: 0,0 ms]
   [Code Root Purge: 0,0 ms]
   [Clear CT: 0,2 ms]
   [Other: 0,9 ms]
      [Choose CSet: 0,0 ms]
      [Ref Proc: 0,0 ms]
      [Ref Enq: 0,0 ms]
      [Redirty Cards: 0,0 ms]
      [Humongous Register: 0,0 ms]
      [Humongous Reclaim: 0,0 ms]
      [Free CSet: 0,1 ms]
   [Eden: 611,0M(611,0M)->0,0B(611,0M) Survivors: 3072,0K->3072,0K Heap: 758,1M(1024,0M)->147,2M(1024,0M)]
 [Times: user=0,00 sys=0,00, real=0,01 secs] 
2016-12-21T16:49:04.205+0100: 30181,486: [GC pause (G1 Evacuation Pause) (young), 0,0094302 secs]
   [Parallel Time: 9,0 ms, GC Workers: 1]
      [GC Worker Start (ms):  30181486,5]
      [Ext Root Scanning (ms):  0,7]
      [Update RS (ms):  0,6]
         [Processed Buffers:  27]
      [Scan RS (ms):  0,2]
      [Code Root Scanning (ms):  0,0]
      [Object Copy (ms):  7,5]
      [Termination (ms):  0,0]
         [Termination Attempts:  1]
      [GC Worker Other (ms):  0,0]
      [GC Worker Total (ms):  9,0]
      [GC Worker End (ms):  30181495,5]
   [Code Root Fixup: 0,0 ms]
   [Code Root Purge: 0,0 ms]
   [Clear CT: 0,1 ms]
   [Other: 0,2 ms]
      [Choose CSet: 0,0 ms]
      [Ref Proc: 0,0 ms]
      [Ref Enq: 0,0 ms]
      [Redirty Cards: 0,0 ms]
      [Humongous Register: 0,0 ms]
      [Humongous Reclaim: 0,0 ms]
      [Free CSet: 0,1 ms]
   [Eden: 611,0M(611,0M)->0,0B(611,0M) Survivors: 3072,0K->3072,0K Heap: 758,2M(1024,0M)->147,2M(1024,0M)]
 [Times: user=0,00 sys=0,00, real=0,00 secs] 
2016-12-21T16:49:55.779+0100: 30233,060: [GC pause (G1 Evacuation Pause) (young), 0,0059616 secs]
   [Parallel Time: 5,6 ms, GC Workers: 1]
      [GC Worker Start (ms):  30233060,2]
      [Ext Root Scanning (ms):  0,7]
      [Update RS (ms):  0,6]
         [Processed Buffers:  33]
      [Scan RS (ms):  0,2]
      [Code Root Scanning (ms):  0,0]
      [Object Copy (ms):  4,0]
      [Termination (ms):  0,0]
         [Termination Attempts:  1]
      [GC Worker Other (ms):  0,0]
      [GC Worker Total (ms):  5,5]
      [GC Worker End (ms):  30233065,7]
   [Code Root Fixup: 0,0 ms]
   [Code Root Purge: 0,0 ms]
   [Clear CT: 0,1 ms]
   [Other: 0,2 ms]
      [Choose CSet: 0,0 ms]
      [Ref Proc: 0,0 ms]
      [Ref Enq: 0,0 ms]
      [Redirty Cards: 0,0 ms]
      [Humongous Register: 0,0 ms]
      [Humongous Reclaim: 0,0 ms]
      [Free CSet: 0,1 ms]
   [Eden: 611,0M(611,0M)->0,0B(611,0M) Survivors: 3072,0K->3072,0K Heap: 758,2M(1024,0M)->147,7M(1024,0M)]
 [Times: user=0,01 sys=0,00, real=0,01 secs] 
2016-12-21T17:08:40.560+0100: 31357,841: [GC pause (G1 Evacuation Pause) (young), 0,0231948 secs]
   [Parallel Time: 20,0 ms, GC Workers: 1]
      [GC Worker Start (ms):  31357841,4]
      [Ext Root Scanning (ms):  2,5]
      [Update RS (ms):  2,7]
         [Processed Buffers:  35]
      [Scan RS (ms):  0,5]
      [Code Root Scanning (ms):  0,2]
      [Object Copy (ms):  13,9]
      [Termination (ms):  0,0]
         [Termination Attempts:  1]
      [GC Worker Other (ms):  0,0]
      [GC Worker Total (ms):  20,0]
      [GC Worker End (ms):  31357861,3]
   [Code Root Fixup: 0,1 ms]
   [Code Root Purge: 0,0 ms]
   [Clear CT: 0,3 ms]
   [Other: 2,9 ms]
      [Choose CSet: 0,0 ms]
      [Ref Proc: 0,2 ms]
      [Ref Enq: 0,0 ms]
      [Redirty Cards: 0,0 ms]
      [Humongous Register: 0,0 ms]
      [Humongous Reclaim: 0,0 ms]
      [Free CSet: 0,2 ms]
   [Eden: 611,0M(611,0M)->0,0B(611,0M) Survivors: 3072,0K->3072,0K Heap: 758,7M(1024,0M)->147,7M(1024,0M)]
 [Times: user=0,02 sys=0,00, real=0,03 secs] 
2016-12-21T17:36:14.429+0100: 33011,710: [GC pause (G1 Evacuation Pause) (young), 0,0111076 secs]
   [Parallel Time: 10,6 ms, GC Workers: 1]
      [GC Worker Start (ms):  33011710,1]
      [Ext Root Scanning (ms):  0,7]
      [Update RS (ms):  0,8]
         [Processed Buffers:  37]
      [Scan RS (ms):  0,2]
      [Code Root Scanning (ms):  0,1]
      [Object Copy (ms):  8,8]
      [Termination (ms):  0,0]
         [Termination Attempts:  1]
      [GC Worker Other (ms):  0,0]
      [GC Worker Total (ms):  10,6]
      [GC Worker End (ms):  33011720,7]
   [Code Root Fixup: 0,0 ms]
   [Code Root Purge: 0,0 ms]
   [Clear CT: 0,1 ms]
   [Other: 0,4 ms]
      [Choose CSet: 0,0 ms]
      [Ref Proc: 0,1 ms]
      [Ref Enq: 0,0 ms]
      [Redirty Cards: 0,0 ms]
      [Humongous Register: 0,0 ms]
      [Humongous Reclaim: 0,0 ms]
      [Free CSet: 0,1 ms]
   [Eden: 611,0M(611,0M)->0,0B(610,0M) Survivors: 3072,0K->4096,0K Heap: 758,7M(1024,0M)->148,3M(1024,0M)]
 [Times: user=0,01 sys=0,00, real=0,01 secs] 
2016-12-21T17:36:28.526+0100: 33025,807: [GC pause (G1 Evacuation Pause) (young), 0,0151010 secs]
   [Parallel Time: 14,7 ms, GC Workers: 1]
      [GC Worker Start (ms):  33025807,4]
      [Ext Root Scanning (ms):  1,8]
      [Update RS (ms):  1,3]
         [Processed Buffers:  29]
      [Scan RS (ms):  0,2]
      [Code Root Scanning (ms):  0,0]
      [Object Copy (ms):  11,4]
      [Termination (ms):  0,0]
         [Termination Attempts:  1]
      [GC Worker Other (ms):  0,0]
      [GC Worker Total (ms):  14,7]
      [GC Worker End (ms):  33025822,1]
   [Code Root Fixup: 0,0 ms]
   [Code Root Purge: 0,0 ms]
   [Clear CT: 0,1 ms]
   [Other: 0,3 ms]
      [Choose CSet: 0,0 ms]
      [Ref Proc: 0,0 ms]
      [Ref Enq: 0,0 ms]
      [Redirty Cards: 0,0 ms]
      [Humongous Register: 0,0 ms]
      [Humongous Reclaim: 0,0 ms]
      [Free CSet: 0,1 ms]
   [Eden: 610,0M(610,0M)->0,0B(610,0M) Survivors: 4096,0K->4096,0K Heap: 758,3M(1024,0M)->148,3M(1024,0M)]
 [Times: user=0,01 sys=0,00, real=0,01 secs] 
2016-12-21T17:40:25.306+0100: 33262,587: [GC pause (G1 Evacuation Pause) (young), 0,0127200 secs]
   [Parallel Time: 11,8 ms, GC Workers: 1]
      [GC Worker Start (ms):  33262586,8]
      [Ext Root Scanning (ms):  0,7]
      [Update RS (ms):  0,8]
         [Processed Buffers:  36]
      [Scan RS (ms):  0,2]
      [Code Root Scanning (ms):  0,0]
      [Object Copy (ms):  10,1]
      [Termination (ms):  0,0]
         [Termination Attempts:  1]
      [GC Worker Other (ms):  0,0]
      [GC Worker Total (ms):  11,8]
      [GC Worker End (ms):  33262598,6]
   [Code Root Fixup: 0,0 ms]
   [Code Root Purge: 0,0 ms]
   [Clear CT: 0,2 ms]
   [Other: 0,7 ms]
      [Choose CSet: 0,0 ms]
      [Ref Proc: 0,0 ms]
      [Ref Enq: 0,0 ms]
      [Redirty Cards: 0,0 ms]
      [Humongous Register: 0,0 ms]
      [Humongous Reclaim: 0,0 ms]
      [Free CSet: 0,1 ms]
   [Eden: 610,0M(610,0M)->0,0B(610,0M) Survivors: 4096,0K->4096,0K Heap: 758,3M(1024,0M)->148,4M(1024,0M)]
 [Times: user=0,01 sys=0,00, real=0,01 secs] 
2016-12-21T17:40:40.870+0100: 33278,151: [GC pause (G1 Evacuation Pause) (young), 0,0082385 secs]
   [Parallel Time: 7,3 ms, GC Workers: 1]
      [GC Worker Start (ms):  33278151,3]
      [Ext Root Scanning (ms):  0,6]
      [Update RS (ms):  0,8]
         [Processed Buffers:  28]
      [Scan RS (ms):  0,2]
      [Code Root Scanning (ms):  0,0]
      [Object Copy (ms):  5,6]
      [Termination (ms):  0,0]
         [Termination Attempts:  1]
      [GC Worker Other (ms):  0,0]
      [GC Worker Total (ms):  7,3]
      [GC Worker End (ms):  33278158,6]
   [Code Root Fixup: 0,0 ms]
   [Code Root Purge: 0,0 ms]
   [Clear CT: 0,2 ms]
   [Other: 0,7 ms]
      [Choose CSet: 0,0 ms]
      [Ref Proc: 0,0 ms]
      [Ref Enq: 0,0 ms]
      [Redirty Cards: 0,0 ms]
      [Humongous Register: 0,0 ms]
      [Humongous Reclaim: 0,0 ms]
      [Free CSet: 0,1 ms]
   [Eden: 610,0M(610,0M)->0,0B(610,0M) Survivors: 4096,0K->4096,0K Heap: 758,4M(1024,0M)->148,4M(1024,0M)]
 [Times: user=0,01 sys=0,00, real=0,01 secs] 
2016-12-21T17:40:59.750+0100: 33297,031: [GC pause (G1 Evacuation Pause) (young), 0,0084356 secs]
   [Parallel Time: 7,6 ms, GC Workers: 1]
      [GC Worker Start (ms):  33297031,1]
      [Ext Root Scanning (ms):  0,7]
      [Update RS (ms):  0,9]
         [Processed Buffers:  30]
      [Scan RS (ms):  0,2]
      [Code Root Scanning (ms):  0,0]
      [Object Copy (ms):  5,8]
      [Termination (ms):  0,0]
         [Termination Attempts:  1]
      [GC Worker Other (ms):  0,0]
      [GC Worker Total (ms):  7,6]
      [GC Worker End (ms):  33297038,7]
   [Code Root Fixup: 0,0 ms]
   [Code Root Purge: 0,0 ms]
   [Clear CT: 0,1 ms]
   [Other: 0,6 ms]
      [Choose CSet: 0,0 ms]
      [Ref Proc: 0,0 ms]
      [Ref Enq: 0,0 ms]
      [Redirty Cards: 0,0 ms]
      [Humongous Register: 0,0 ms]
      [Humongous Reclaim: 0,0 ms]
      [Free CSet: 0,1 ms]
   [Eden: 610,0M(610,0M)->0,0B(611,0M) Survivors: 4096,0K->3072,0K Heap: 758,4M(1024,0M)->148,0M(1024,0M)]
 [Times: user=0,01 sys=0,00, real=0,01 secs] 
2016-12-21T17:55:00.608+0100: 34137,889: [GC pause (G1 Evacuation Pause) (young), 0,0129752 secs]
   [Parallel Time: 12,3 ms, GC Workers: 1]
      [GC Worker Start (ms):  34137889,2]
      [Ext Root Scanning (ms):  0,8]
      [Update RS (ms):  1,0]
         [Processed Buffers:  36]
      [Scan RS (ms):  0,2]
      [Code Root Scanning (ms):  0,0]
      [Object Copy (ms):  10,3]
      [Termination (ms):  0,0]
         [Termination Attempts:  1]
      [GC Worker Other (ms):  0,0]
      [GC Worker Total (ms):  12,3]
      [GC Worker End (ms):  34137901,4]
   [Code Root Fixup: 0,0 ms]
   [Code Root Purge: 0,0 ms]
   [Clear CT: 0,1 ms]
   [Other: 0,5 ms]
      [Choose CSet: 0,0 ms]
      [Ref Proc: 0,1 ms]
      [Ref Enq: 0,0 ms]
      [Redirty Cards: 0,0 ms]
      [Humongous Register: 0,2 ms]
      [Humongous Reclaim: 0,0 ms]
      [Free CSet: 0,1 ms]
   [Eden: 611,0M(611,0M)->0,0B(611,0M) Survivors: 3072,0K->3072,0K Heap: 759,0M(1024,0M)->148,0M(1024,0M)]
 [Times: user=0,01 sys=0,00, real=0,01 secs] 
2016-12-21T18:04:05.825+0100: 34683,107: [GC pause (G1 Evacuation Pause) (young), 0,0185894 secs]
   [Parallel Time: 18,1 ms, GC Workers: 1]
      [GC Worker Start (ms):  34683106,6]
      [Ext Root Scanning (ms):  0,7]
      [Update RS (ms):  1,8]
         [Processed Buffers:  36]
      [Scan RS (ms):  0,2]
      [Code Root Scanning (ms):  0,0]
      [Object Copy (ms):  15,3]
      [Termination (ms):  0,0]
         [Termination Attempts:  1]
      [GC Worker Other (ms):  0,0]
      [GC Worker Total (ms):  18,0]
      [GC Worker End (ms):  34683124,7]
   [Code Root Fixup: 0,0 ms]
   [Code Root Purge: 0,0 ms]
   [Clear CT: 0,2 ms]
   [Other: 0,3 ms]
      [Choose CSet: 0,0 ms]
      [Ref Proc: 0,0 ms]
      [Ref Enq: 0,0 ms]
      [Redirty Cards: 0,0 ms]
      [Humongous Register: 0,0 ms]
      [Humongous Reclaim: 0,0 ms]
      [Free CSet: 0,1 ms]
   [Eden: 611,0M(611,0M)->0,0B(610,0M) Survivors: 3072,0K->4096,0K Heap: 759,0M(1024,0M)->148,6M(1024,0M)]
 [Times: user=0,01 sys=0,00, real=0,02 secs] 
2016-12-21T18:04:24.477+0100: 34701,759: [GC pause (G1 Evacuation Pause) (young), 0,0061204 secs]
   [Parallel Time: 5,7 ms, GC Workers: 1]
      [GC Worker Start (ms):  34701758,6]
      [Ext Root Scanning (ms):  0,7]
      [Update RS (ms):  1,1]
         [Processed Buffers:  30]
      [Scan RS (ms):  0,2]
      [Code Root Scanning (ms):  0,0]
      [Object Copy (ms):  3,7]
      [Termination (ms):  0,0]
         [Termination Attempts:  1]
      [GC Worker Other (ms):  0,0]
      [GC Worker Total (ms):  5,7]
      [GC Worker End (ms):  34701764,2]
   [Code Root Fixup: 0,0 ms]
   [Code Root Purge: 0,0 ms]
   [Clear CT: 0,2 ms]
   [Other: 0,2 ms]
      [Choose CSet: 0,0 ms]
      [Ref Proc: 0,0 ms]
      [Ref Enq: 0,0 ms]
      [Redirty Cards: 0,0 ms]
      [Humongous Register: 0,0 ms]
      [Humongous Reclaim: 0,0 ms]
      [Free CSet: 0,1 ms]
   [Eden: 610,0M(610,0M)->0,0B(611,0M) Survivors: 4096,0K->3072,0K Heap: 758,6M(1024,0M)->148,1M(1024,0M)]
 [Times: user=0,00 sys=0,00, real=0,01 secs] 
2016-12-21T18:06:07.645+0100: 34804,926: [GC pause (G1 Evacuation Pause) (young), 0,0106356 secs]
   [Parallel Time: 10,0 ms, GC Workers: 1]
      [GC Worker Start (ms):  34804926,1]
      [Ext Root Scanning (ms):  0,7]
      [Update RS (ms):  1,1]
         [Processed Buffers:  37]
      [Scan RS (ms):  0,1]
      [Code Root Scanning (ms):  0,0]
      [Object Copy (ms):  8,0]
      [Termination (ms):  0,0]
         [Termination Attempts:  1]
      [GC Worker Other (ms):  0,0]
      [GC Worker Total (ms):  10,0]
      [GC Worker End (ms):  34804936,1]
   [Code Root Fixup: 0,0 ms]
   [Code Root Purge: 0,0 ms]
   [Clear CT: 0,1 ms]
   [Other: 0,4 ms]
      [Choose CSet: 0,0 ms]
      [Ref Proc: 0,0 ms]
      [Ref Enq: 0,0 ms]
      [Redirty Cards: 0,0 ms]
      [Humongous Register: 0,0 ms]
      [Humongous Reclaim: 0,0 ms]
      [Free CSet: 0,3 ms]
   [Eden: 611,0M(611,0M)->0,0B(611,0M) Survivors: 3072,0K->3072,0K Heap: 759,1M(1024,0M)->148,0M(1024,0M)]
 [Times: user=0,01 sys=0,00, real=0,01 secs] 
2016-12-21T18:06:22.175+0100: 34819,456: [GC pause (G1 Evacuation Pause) (young), 0,0164065 secs]
   [Parallel Time: 6,0 ms, GC Workers: 1]
      [GC Worker Start (ms):  34819455,9]
      [Ext Root Scanning (ms):  0,7]
      [Update RS (ms):  1,5]
         [Processed Buffers:  32]
      [Scan RS (ms):  0,2]
      [Code Root Scanning (ms):  0,0]
      [Object Copy (ms):  3,6]
      [Termination (ms):  0,0]
         [Termination Attempts:  1]
      [GC Worker Other (ms):  0,0]
      [GC Worker Total (ms):  6,0]
      [GC Worker End (ms):  34819461,9]
   [Code Root Fixup: 9,9 ms]
   [Code Root Purge: 0,0 ms]
   [Clear CT: 0,2 ms]
   [Other: 0,3 ms]
      [Choose CSet: 0,0 ms]
      [Ref Proc: 0,0 ms]
      [Ref Enq: 0,0 ms]
      [Redirty Cards: 0,0 ms]
      [Humongous Register: 0,0 ms]
      [Humongous Reclaim: 0,0 ms]
      [Free CSet: 0,1 ms]
   [Eden: 611,0M(611,0M)->0,0B(611,0M) Survivors: 3072,0K->3072,0K Heap: 759,0M(1024,0M)->148,2M(1024,0M)]
 [Times: user=0,01 sys=0,00, real=0,02 secs] 
2016-12-21T18:13:45.089+0100: 35262,370: [GC pause (G1 Evacuation Pause) (young), 0,0094827 secs]
   [Parallel Time: 9,0 ms, GC Workers: 1]
      [GC Worker Start (ms):  35262370,0]
      [Ext Root Scanning (ms):  0,7]
      [Update RS (ms):  1,3]
         [Processed Buffers:  39]
      [Scan RS (ms):  0,1]
      [Code Root Scanning (ms):  0,0]
      [Object Copy (ms):  6,9]
      [Termination (ms):  0,0]
         [Termination Attempts:  1]
      [GC Worker Other (ms):  0,0]
      [GC Worker Total (ms):  9,0]
      [GC Worker End (ms):  35262379,0]
   [Code Root Fixup: 0,0 ms]
   [Code Root Purge: 0,0 ms]
   [Clear CT: 0,1 ms]
   [Other: 0,3 ms]
      [Choose CSet: 0,0 ms]
      [Ref Proc: 0,0 ms]
      [Ref Enq: 0,0 ms]
      [Redirty Cards: 0,0 ms]
      [Humongous Register: 0,0 ms]
      [Humongous Reclaim: 0,0 ms]
      [Free CSet: 0,1 ms]
   [Eden: 611,0M(611,0M)->0,0B(611,0M) Survivors: 3072,0K->3072,0K Heap: 759,2M(1024,0M)->148,8M(1024,0M)]
 [Times: user=0,00 sys=0,00, real=0,01 secs] 
2016-12-21T18:13:58.125+0100: 35275,406: [GC pause (G1 Evacuation Pause) (young), 0,0064883 secs]
   [Parallel Time: 6,0 ms, GC Workers: 1]
      [GC Worker Start (ms):  35275406,0]
      [Ext Root Scanning (ms):  0,8]
      [Update RS (ms):  1,1]
         [Processed Buffers:  31]
      [Scan RS (ms):  0,2]
      [Code Root Scanning (ms):  0,0]
      [Object Copy (ms):  3,9]
      [Termination (ms):  0,0]
         [Termination Attempts:  1]
      [GC Worker Other (ms):  0,0]
      [GC Worker Total (ms):  6,0]
      [GC Worker End (ms):  35275412,0]
   [Code Root Fixup: 0,0 ms]
   [Code Root Purge: 0,0 ms]
   [Clear CT: 0,1 ms]
   [Other: 0,3 ms]
      [Choose CSet: 0,0 ms]
      [Ref Proc: 0,0 ms]
      [Ref Enq: 0,0 ms]
      [Redirty Cards: 0,0 ms]
      [Humongous Register: 0,0 ms]
      [Humongous Reclaim: 0,0 ms]
      [Free CSet: 0,1 ms]
   [Eden: 611,0M(611,0M)->0,0B(611,0M) Survivors: 3072,0K->3072,0K Heap: 759,8M(1024,0M)->148,8M(1024,0M)]
 [Times: user=0,01 sys=0,00, real=0,00 secs] 
2016-12-21T18:17:11.686+0100: 35468,967: [GC pause (G1 Evacuation Pause) (young), 0,0114906 secs]
   [Parallel Time: 11,1 ms, GC Workers: 1]
      [GC Worker Start (ms):  35468967,0]
      [Ext Root Scanning (ms):  0,6]
      [Update RS (ms):  1,2]
         [Processed Buffers:  37]
      [Scan RS (ms):  0,2]
      [Code Root Scanning (ms):  0,0]
      [Object Copy (ms):  9,0]
      [Termination (ms):  0,0]
         [Termination Attempts:  1]
      [GC Worker Other (ms):  0,0]
      [GC Worker Total (ms):  11,1]
      [GC Worker End (ms):  35468978,0]
   [Code Root Fixup: 0,0 ms]
   [Code Root Purge: 0,0 ms]
   [Clear CT: 0,1 ms]
   [Other: 0,3 ms]
      [Choose CSet: 0,0 ms]
      [Ref Proc: 0,0 ms]
      [Ref Enq: 0,0 ms]
      [Redirty Cards: 0,0 ms]
      [Humongous Register: 0,0 ms]
      [Humongous Reclaim: 0,0 ms]
      [Free CSet: 0,1 ms]
   [Eden: 611,0M(611,0M)->0,0B(611,0M) Survivors: 3072,0K->3072,0K Heap: 759,8M(1024,0M)->148,9M(1024,0M)]
 [Times: user=0,01 sys=0,00, real=0,01 secs] 
2016-12-21T18:17:28.281+0100: 35485,562: [GC pause (G1 Evacuation Pause) (young), 0,0061820 secs]
   [Parallel Time: 5,8 ms, GC Workers: 1]
      [GC Worker Start (ms):  35485562,0]
      [Ext Root Scanning (ms):  0,6]
      [Update RS (ms):  1,2]
         [Processed Buffers:  34]
      [Scan RS (ms):  0,2]
      [Code Root Scanning (ms):  0,0]
      [Object Copy (ms):  3,8]
      [Termination (ms):  0,0]
         [Termination Attempts:  1]
      [GC Worker Other (ms):  0,0]
      [GC Worker Total (ms):  5,8]
      [GC Worker End (ms):  35485567,8]
   [Code Root Fixup: 0,0 ms]
   [Code Root Purge: 0,0 ms]
   [Clear CT: 0,1 ms]
   [Other: 0,2 ms]
      [Choose CSet: 0,0 ms]
      [Ref Proc: 0,0 ms]
      [Ref Enq: 0,0 ms]
      [Redirty Cards: 0,0 ms]
      [Humongous Register: 0,0 ms]
      [Humongous Reclaim: 0,0 ms]
      [Free CSet: 0,1 ms]
   [Eden: 611,0M(611,0M)->0,0B(611,0M) Survivors: 3072,0K->3072,0K Heap: 759,9M(1024,0M)->148,9M(1024,0M)]
 [Times: user=0,00 sys=0,00, real=0,01 secs] 
2016-12-21T18:17:50.462+0100: 35507,743: [GC pause (G1 Evacuation Pause) (young), 0,0063943 secs]
   [Parallel Time: 6,0 ms, GC Workers: 1]
      [GC Worker Start (ms):  35507743,1]
      [Ext Root Scanning (ms):  0,7]
      [Update RS (ms):  1,2]
         [Processed Buffers:  33]
      [Scan RS (ms):  0,2]
      [Code Root Scanning (ms):  0,0]
      [Object Copy (ms):  3,9]
      [Termination (ms):  0,0]
         [Termination Attempts:  1]
      [GC Worker Other (ms):  0,0]
      [GC Worker Total (ms):  6,0]
      [GC Worker End (ms):  35507749,1]
   [Code Root Fixup: 0,0 ms]
   [Code Root Purge: 0,0 ms]
   [Clear CT: 0,1 ms]
   [Other: 0,2 ms]
      [Choose CSet: 0,0 ms]
      [Ref Proc: 0,0 ms]
      [Ref Enq: 0,0 ms]
      [Redirty Cards: 0,0 ms]
      [Humongous Register: 0,0 ms]
      [Humongous Reclaim: 0,0 ms]
      [Free CSet: 0,1 ms]
   [Eden: 611,0M(611,0M)->0,0B(611,0M) Survivors: 3072,0K->3072,0K Heap: 759,9M(1024,0M)->148,9M(1024,0M)]
 [Times: user=0,01 sys=0,00, real=0,01 secs] 
2016-12-21T18:20:33.971+0100: 35671,252: [GC pause (G1 Evacuation Pause) (young), 0,0228915 secs]
   [Parallel Time: 22,4 ms, GC Workers: 1]
      [GC Worker Start (ms):  35671252,4]
      [Ext Root Scanning (ms):  0,8]
      [Update RS (ms):  1,8]
         [Processed Buffers:  37]
      [Scan RS (ms):  0,2]
      [Code Root Scanning (ms):  0,0]
      [Object Copy (ms):  19,6]
      [Termination (ms):  0,0]
         [Termination Attempts:  1]
      [GC Worker Other (ms):  0,0]
      [GC Worker Total (ms):  22,4]
      [GC Worker End (ms):  35671274,8]
   [Code Root Fixup: 0,0 ms]
   [Code Root Purge: 0,0 ms]
   [Clear CT: 0,2 ms]
   [Other: 0,3 ms]
      [Choose CSet: 0,0 ms]
      [Ref Proc: 0,0 ms]
      [Ref Enq: 0,0 ms]
      [Redirty Cards: 0,0 ms]
      [Humongous Register: 0,0 ms]
      [Humongous Reclaim: 0,0 ms]
      [Free CSet: 0,2 ms]
   [Eden: 611,0M(611,0M)->0,0B(611,0M) Survivors: 3072,0K->3072,0K Heap: 759,9M(1024,0M)->148,9M(1024,0M)]
 [Times: user=0,00 sys=0,01, real=0,02 secs] 
2016-12-21T18:20:50.221+0100: 35687,502: [GC pause (G1 Evacuation Pause) (young), 0,0140850 secs]
   [Parallel Time: 13,2 ms, GC Workers: 1]
      [GC Worker Start (ms):  35687502,4]
      [Ext Root Scanning (ms):  0,7]
      [Update RS (ms):  2,1]
         [Processed Buffers:  36]
      [Scan RS (ms):  0,5]
      [Code Root Scanning (ms):  0,0]
      [Object Copy (ms):  9,9]
      [Termination (ms):  0,0]
         [Termination Attempts:  1]
      [GC Worker Other (ms):  0,0]
      [GC Worker Total (ms):  13,2]
      [GC Worker End (ms):  35687515,6]
   [Code Root Fixup: 0,0 ms]
   [Code Root Purge: 0,0 ms]
   [Clear CT: 0,2 ms]
   [Other: 0,6 ms]
      [Choose CSet: 0,0 ms]
      [Ref Proc: 0,0 ms]
      [Ref Enq: 0,0 ms]
      [Redirty Cards: 0,0 ms]
      [Humongous Register: 0,0 ms]
      [Humongous Reclaim: 0,0 ms]
      [Free CSet: 0,2 ms]
   [Eden: 611,0M(611,0M)->0,0B(611,0M) Survivors: 3072,0K->3072,0K Heap: 759,9M(1024,0M)->149,3M(1024,0M)]
 [Times: user=0,01 sys=0,00, real=0,02 secs] 
2016-12-21T18:21:59.792+0100: 35757,073: [GC pause (G1 Evacuation Pause) (young), 0,0077979 secs]
   [Parallel Time: 7,4 ms, GC Workers: 1]
      [GC Worker Start (ms):  35757072,9]
      [Ext Root Scanning (ms):  0,7]
      [Update RS (ms):  0,5]
         [Processed Buffers:  31]
      [Scan RS (ms):  0,2]
      [Code Root Scanning (ms):  0,0]
      [Object Copy (ms):  5,9]
      [Termination (ms):  0,0]
         [Termination Attempts:  1]
      [GC Worker Other (ms):  0,0]
      [GC Worker Total (ms):  7,4]
      [GC Worker End (ms):  35757080,3]
   [Code Root Fixup: 0,0 ms]
   [Code Root Purge: 0,0 ms]
   [Clear CT: 0,1 ms]
   [Other: 0,3 ms]
      [Choose CSet: 0,0 ms]
      [Ref Proc: 0,0 ms]
      [Ref Enq: 0,0 ms]
      [Redirty Cards: 0,0 ms]
      [Humongous Register: 0,0 ms]
      [Humongous Reclaim: 0,0 ms]
      [Free CSet: 0,1 ms]
   [Eden: 611,0M(611,0M)->0,0B(611,0M) Survivors: 3072,0K->3072,0K Heap: 760,3M(1024,0M)->149,4M(1024,0M)]
 [Times: user=0,00 sys=0,00, real=0,01 secs] 
2016-12-21T18:22:14.572+0100: 35771,853: [GC pause (G1 Evacuation Pause) (young), 0,0065841 secs]
   [Parallel Time: 6,2 ms, GC Workers: 1]
      [GC Worker Start (ms):  35771852,8]
      [Ext Root Scanning (ms):  0,8]
      [Update RS (ms):  0,6]
         [Processed Buffers:  26]
      [Scan RS (ms):  0,1]
      [Code Root Scanning (ms):  0,0]
      [Object Copy (ms):  4,7]
      [Termination (ms):  0,0]
         [Termination Attempts:  1]
      [GC Worker Other (ms):  0,0]
      [GC Worker Total (ms):  6,2]
      [GC Worker End (ms):  35771859,0]
   [Code Root Fixup: 0,0 ms]
   [Code Root Purge: 0,0 ms]
   [Clear CT: 0,1 ms]
   [Other: 0,2 ms]
      [Choose CSet: 0,0 ms]
      [Ref Proc: 0,0 ms]
      [Ref Enq: 0,0 ms]
      [Redirty Cards: 0,0 ms]
      [Humongous Register: 0,0 ms]
      [Humongous Reclaim: 0,0 ms]
      [Free CSet: 0,1 ms]
   [Eden: 611,0M(611,0M)->0,0B(611,0M) Survivors: 3072,0K->3072,0K Heap: 760,4M(1024,0M)->149,4M(1024,0M)]
 [Times: user=0,00 sys=0,00, real=0,01 secs] 
2016-12-21T18:46:36.361+0100: 37233,642: [GC pause (G1 Evacuation Pause) (young), 0,0059014 secs]
   [Parallel Time: 5,0 ms, GC Workers: 1]
      [GC Worker Start (ms):  37233642,3]
      [Ext Root Scanning (ms):  0,7]
      [Update RS (ms):  0,6]
         [Processed Buffers:  33]
      [Scan RS (ms):  0,2]
      [Code Root Scanning (ms):  0,0]
      [Object Copy (ms):  3,5]
      [Termination (ms):  0,0]
         [Termination Attempts:  1]
      [GC Worker Other (ms):  0,0]
      [GC Worker Total (ms):  5,0]
      [GC Worker End (ms):  37233647,3]
   [Code Root Fixup: 0,0 ms]
   [Code Root Purge: 0,0 ms]
   [Clear CT: 0,1 ms]
   [Other: 0,7 ms]
      [Choose CSet: 0,0 ms]
      [Ref Proc: 0,1 ms]
      [Ref Enq: 0,0 ms]
      [Redirty Cards: 0,0 ms]
      [Humongous Register: 0,0 ms]
      [Humongous Reclaim: 0,0 ms]
      [Free CSet: 0,2 ms]
   [Eden: 611,0M(611,0M)->0,0B(612,0M) Survivors: 3072,0K->2048,0K Heap: 760,4M(1024,0M)->148,9M(1024,0M)]
 [Times: user=0,00 sys=0,00, real=0,01 secs] 
2016-12-22T00:00:38.971+0100: 38411,768: [GC pause (G1 Evacuation Pause) (young), 0,0178981 secs]
   [Parallel Time: 13,5 ms, GC Workers: 1]
      [GC Worker Start (ms):  38411768,2]
      [Ext Root Scanning (ms):  0,7]
      [Update RS (ms):  1,0]
         [Processed Buffers:  39]
      [Scan RS (ms):  0,2]
      [Code Root Scanning (ms):  0,0]
      [Object Copy (ms):  11,5]
      [Termination (ms):  0,0]
         [Termination Attempts:  1]
      [GC Worker Other (ms):  0,0]
      [GC Worker Total (ms):  13,5]
      [GC Worker End (ms):  38411781,7]
   [Code Root Fixup: 0,0 ms]
   [Code Root Purge: 0,0 ms]
   [Clear CT: 4,0 ms]
   [Other: 0,4 ms]
      [Choose CSet: 0,0 ms]
      [Ref Proc: 0,1 ms]
      [Ref Enq: 0,0 ms]
      [Redirty Cards: 0,0 ms]
      [Humongous Register: 0,0 ms]
      [Humongous Reclaim: 0,0 ms]
      [Free CSet: 0,1 ms]
   [Eden: 612,0M(612,0M)->0,0B(610,0M) Survivors: 2048,0K->4096,0K Heap: 760,9M(1024,0M)->150,5M(1024,0M)]
 [Times: user=0,01 sys=0,00, real=0,02 secs] 
2016-12-22T00:00:55.467+0100: 38428,264: [GC pause (G1 Evacuation Pause) (young), 0,1123010 secs]
   [Parallel Time: 111,3 ms, GC Workers: 1]
      [GC Worker Start (ms):  38428264,4]
      [Ext Root Scanning (ms):  0,7]
      [Update RS (ms):  1,0]
         [Processed Buffers:  28]
      [Scan RS (ms):  0,2]
      [Code Root Scanning (ms):  0,0]
      [Object Copy (ms):  109,4]
      [Termination (ms):  0,0]
         [Termination Attempts:  1]
      [GC Worker Other (ms):  0,0]
      [GC Worker Total (ms):  111,2]
      [GC Worker End (ms):  38428375,7]
   [Code Root Fixup: 0,1 ms]
   [Code Root Purge: 0,0 ms]
   [Clear CT: 0,1 ms]
   [Other: 0,8 ms]
      [Choose CSet: 0,0 ms]
      [Ref Proc: 0,0 ms]
      [Ref Enq: 0,0 ms]
      [Redirty Cards: 0,0 ms]
      [Humongous Register: 0,0 ms]
      [Humongous Reclaim: 0,0 ms]
      [Free CSet: 0,1 ms]
   [Eden: 610,0M(610,0M)->0,0B(47,0M) Survivors: 4096,0K->4096,0K Heap: 760,5M(1024,0M)->150,5M(1024,0M)]
 [Times: user=0,01 sys=0,00, real=0,11 secs] 
2016-12-22T00:00:56.600+0100: 38429,398: [GC pause (G1 Evacuation Pause) (young), 0,0093274 secs]
   [Parallel Time: 8,7 ms, GC Workers: 1]
      [GC Worker Start (ms):  38429397,6]
      [Ext Root Scanning (ms):  0,8]
      [Update RS (ms):  0,9]
         [Processed Buffers:  19]
      [Scan RS (ms):  0,0]
      [Code Root Scanning (ms):  0,0]
      [Object Copy (ms):  7,0]
      [Termination (ms):  0,0]
         [Termination Attempts:  1]
      [GC Worker Other (ms):  0,0]
      [GC Worker Total (ms):  8,7]
      [GC Worker End (ms):  38429406,3]
   [Code Root Fixup: 0,0 ms]
   [Code Root Purge: 0,0 ms]
   [Clear CT: 0,0 ms]
   [Other: 0,5 ms]
      [Choose CSet: 0,0 ms]
      [Ref Proc: 0,0 ms]
      [Ref Enq: 0,0 ms]
      [Redirty Cards: 0,0 ms]
      [Humongous Register: 0,0 ms]
      [Humongous Reclaim: 0,0 ms]
      [Free CSet: 0,0 ms]
   [Eden: 47,0M(47,0M)->0,0B(48,0M) Survivors: 4096,0K->3072,0K Heap: 197,5M(1024,0M)->150,0M(1024,0M)]
 [Times: user=0,01 sys=0,00, real=0,01 secs] 
2016-12-22T00:00:57.628+0100: 38430,426: [GC pause (G1 Evacuation Pause) (young), 0,0097514 secs]
   [Parallel Time: 9,5 ms, GC Workers: 1]
      [GC Worker Start (ms):  38430426,0]
      [Ext Root Scanning (ms):  0,8]
      [Update RS (ms):  0,9]
         [Processed Buffers:  20]
      [Scan RS (ms):  0,0]
      [Code Root Scanning (ms):  0,0]
      [Object Copy (ms):  7,7]
      [Termination (ms):  0,0]
         [Termination Attempts:  1]
      [GC Worker Other (ms):  0,0]
      [GC Worker Total (ms):  9,5]
      [GC Worker End (ms):  38430435,5]
   [Code Root Fixup: 0,0 ms]
   [Code Root Purge: 0,0 ms]
   [Clear CT: 0,0 ms]
   [Other: 0,2 ms]
      [Choose CSet: 0,0 ms]
      [Ref Proc: 0,0 ms]
      [Ref Enq: 0,0 ms]
      [Redirty Cards: 0,0 ms]
      [Humongous Register: 0,0 ms]
      [Humongous Reclaim: 0,0 ms]
      [Free CSet: 0,0 ms]
   [Eden: 48,0M(48,0M)->0,0B(48,0M) Survivors: 3072,0K->3072,0K Heap: 198,0M(1024,0M)->150,1M(1024,0M)]
 [Times: user=0,01 sys=0,00, real=0,01 secs] 
2016-12-22T00:00:58.627+0100: 38431,425: [GC pause (G1 Evacuation Pause) (young), 0,0086512 secs]
   [Parallel Time: 7,8 ms, GC Workers: 1]
      [GC Worker Start (ms):  38431425,0]
      [Ext Root Scanning (ms):  0,9]
      [Update RS (ms):  1,0]
         [Processed Buffers:  19]
      [Scan RS (ms):  0,0]
      [Code Root Scanning (ms):  0,0]
      [Object Copy (ms):  5,9]
      [Termination (ms):  0,0]
         [Termination Attempts:  1]
      [GC Worker Other (ms):  0,0]
      [GC Worker Total (ms):  7,8]
      [GC Worker End (ms):  38431432,8]
   [Code Root Fixup: 0,0 ms]
   [Code Root Purge: 0,0 ms]
   [Clear CT: 0,0 ms]
   [Other: 0,8 ms]
      [Choose CSet: 0,0 ms]
      [Ref Proc: 0,0 ms]
      [Ref Enq: 0,0 ms]
      [Redirty Cards: 0,0 ms]
      [Humongous Register: 0,0 ms]
      [Humongous Reclaim: 0,0 ms]
      [Free CSet: 0,1 ms]
   [Eden: 48,0M(48,0M)->0,0B(48,0M) Survivors: 3072,0K->3072,0K Heap: 198,1M(1024,0M)->150,2M(1024,0M)]
 [Times: user=0,01 sys=0,00, real=0,00 secs] 
2016-12-22T00:00:59.578+0100: 38432,376: [GC pause (G1 Evacuation Pause) (young), 0,0067105 secs]
   [Parallel Time: 6,5 ms, GC Workers: 1]
      [GC Worker Start (ms):  38432375,6]
      [Ext Root Scanning (ms):  0,9]
      [Update RS (ms):  1,0]
         [Processed Buffers:  23]
      [Scan RS (ms):  0,0]
      [Code Root Scanning (ms):  0,0]
      [Object Copy (ms):  4,6]
      [Termination (ms):  0,0]
         [Termination Attempts:  1]
      [GC Worker Other (ms):  0,0]
      [GC Worker Total (ms):  6,4]
      [GC Worker End (ms):  38432382,1]
   [Code Root Fixup: 0,0 ms]
   [Code Root Purge: 0,0 ms]
   [Clear CT: 0,0 ms]
   [Other: 0,2 ms]
      [Choose CSet: 0,0 ms]
      [Ref Proc: 0,0 ms]
      [Ref Enq: 0,0 ms]
      [Redirty Cards: 0,0 ms]
      [Humongous Register: 0,0 ms]
      [Humongous Reclaim: 0,0 ms]
      [Free CSet: 0,0 ms]
   [Eden: 48,0M(48,0M)->0,0B(47,0M) Survivors: 3072,0K->4096,0K Heap: 198,2M(1024,0M)->150,7M(1024,0M)]
 [Times: user=0,01 sys=0,00, real=0,01 secs] 
2016-12-22T00:01:00.623+0100: 38433,421: [GC pause (G1 Evacuation Pause) (young), 0,0060866 secs]
   [Parallel Time: 5,5 ms, GC Workers: 1]
      [GC Worker Start (ms):  38433421,1]
      [Ext Root Scanning (ms):  0,7]
      [Update RS (ms):  1,0]
         [Processed Buffers:  22]
      [Scan RS (ms):  0,0]
      [Code Root Scanning (ms):  0,0]
      [Object Copy (ms):  3,7]
      [Termination (ms):  0,0]
         [Termination Attempts:  1]
      [GC Worker Other (ms):  0,0]
      [GC Worker Total (ms):  5,5]
      [GC Worker End (ms):  38433426,6]
   [Code Root Fixup: 0,0 ms]
   [Code Root Purge: 0,0 ms]
   [Clear CT: 0,0 ms]
   [Other: 0,6 ms]
      [Choose CSet: 0,0 ms]
      [Ref Proc: 0,0 ms]
      [Ref Enq: 0,0 ms]
      [Redirty Cards: 0,0 ms]
      [Humongous Register: 0,0 ms]
      [Humongous Reclaim: 0,0 ms]
      [Free CSet: 0,0 ms]
   [Eden: 47,0M(47,0M)->0,0B(193,0M) Survivors: 4096,0K->3072,0K Heap: 197,7M(1024,0M)->149,7M(1024,0M)]
 [Times: user=0,00 sys=0,00, real=0,01 secs] 
2016-12-22T00:01:04.986+0100: 38437,784: [GC pause (G1 Evacuation Pause) (young), 0,0060917 secs]
   [Parallel Time: 5,8 ms, GC Workers: 1]
      [GC Worker Start (ms):  38437783,9]
      [Ext Root Scanning (ms):  0,7]
      [Update RS (ms):  1,1]
         [Processed Buffers:  26]
      [Scan RS (ms):  0,1]
      [Code Root Scanning (ms):  0,0]
      [Object Copy (ms):  3,9]
      [Termination (ms):  0,0]
         [Termination Attempts:  1]
      [GC Worker Other (ms):  0,0]
      [GC Worker Total (ms):  5,8]
      [GC Worker End (ms):  38437789,7]
   [Code Root Fixup: 0,0 ms]
   [Code Root Purge: 0,0 ms]
   [Clear CT: 0,1 ms]
   [Other: 0,2 ms]
      [Choose CSet: 0,0 ms]
      [Ref Proc: 0,0 ms]
      [Ref Enq: 0,0 ms]
      [Redirty Cards: 0,0 ms]
      [Humongous Register: 0,0 ms]
      [Humongous Reclaim: 0,0 ms]
      [Free CSet: 0,1 ms]
   [Eden: 193,0M(193,0M)->0,0B(542,0M) Survivors: 3072,0K->3072,0K Heap: 342,7M(1024,0M)->149,7M(1024,0M)]
 [Times: user=0,00 sys=0,00, real=0,00 secs] 
2016-12-22T00:02:15.468+0100: 38508,265: [GC pause (G1 Evacuation Pause) (young), 0,0106079 secs]
   [Parallel Time: 10,1 ms, GC Workers: 1]
      [GC Worker Start (ms):  38508265,2]
      [Ext Root Scanning (ms):  0,7]
      [Update RS (ms):  1,1]
         [Processed Buffers:  35]
      [Scan RS (ms):  0,1]
      [Code Root Scanning (ms):  0,0]
      [Object Copy (ms):  8,1]
      [Termination (ms):  0,0]
         [Termination Attempts:  1]
      [GC Worker Other (ms):  0,0]
      [GC Worker Total (ms):  10,1]
      [GC Worker End (ms):  38508275,3]
   [Code Root Fixup: 0,0 ms]
   [Code Root Purge: 0,0 ms]
   [Clear CT: 0,2 ms]
   [Other: 0,3 ms]
      [Choose CSet: 0,0 ms]
      [Ref Proc: 0,0 ms]
      [Ref Enq: 0,0 ms]
      [Redirty Cards: 0,0 ms]
      [Humongous Register: 0,0 ms]
      [Humongous Reclaim: 0,0 ms]
      [Free CSet: 0,1 ms]
   [Eden: 542,0M(542,0M)->0,0B(611,0M) Survivors: 3072,0K->3072,0K Heap: 691,7M(1024,0M)->150,3M(1024,0M)]
 [Times: user=0,00 sys=0,00, real=0,01 secs] 
2016-12-22T00:02:33.255+0100: 38526,053: [GC pause (G1 Evacuation Pause) (young), 0,0166235 secs]
   [Parallel Time: 15,2 ms, GC Workers: 1]
      [GC Worker Start (ms):  38526052,8]
      [Ext Root Scanning (ms):  0,8]
      [Update RS (ms):  1,1]
         [Processed Buffers:  30]
      [Scan RS (ms):  0,2]
      [Code Root Scanning (ms):  0,0]
      [Object Copy (ms):  8,7]
      [Termination (ms):  0,0]
         [Termination Attempts:  1]
      [GC Worker Other (ms):  0,0]
      [GC Worker Total (ms):  10,8]
      [GC Worker End (ms):  38526063,5]
   [Code Root Fixup: 0,1 ms]
   [Code Root Purge: 0,0 ms]
   [Clear CT: 0,1 ms]
   [Other: 1,2 ms]
      [Choose CSet: 0,0 ms]
      [Ref Proc: 0,0 ms]
      [Ref Enq: 0,0 ms]
      [Redirty Cards: 0,0 ms]
      [Humongous Register: 0,0 ms]
      [Humongous Reclaim: 0,0 ms]
      [Free CSet: 0,1 ms]
   [Eden: 611,0M(611,0M)->0,0B(532,0M) Survivors: 3072,0K->4096,0K Heap: 761,3M(1024,0M)->150,8M(1024,0M)]
 [Times: user=0,00 sys=0,00, real=0,02 secs] 
2016-12-22T00:03:01.625+0100: 38554,422: [GC pause (G1 Evacuation Pause) (young), 0,0138570 secs]
   [Parallel Time: 13,1 ms, GC Workers: 1]
      [GC Worker Start (ms):  38554422,4]
      [Ext Root Scanning (ms):  0,7]
      [Update RS (ms):  1,1]
         [Processed Buffers:  34]
      [Scan RS (ms):  0,2]
      [Code Root Scanning (ms):  0,0]
      [Object Copy (ms):  11,1]
      [Termination (ms):  0,0]
         [Termination Attempts:  1]
      [GC Worker Other (ms):  0,0]
      [GC Worker Total (ms):  13,0]
      [GC Worker End (ms):  38554435,4]
   [Code Root Fixup: 0,0 ms]
   [Code Root Purge: 0,0 ms]
   [Clear CT: 0,2 ms]
   [Other: 0,6 ms]
      [Choose CSet: 0,0 ms]
      [Ref Proc: 0,0 ms]
      [Ref Enq: 0,0 ms]
      [Redirty Cards: 0,0 ms]
      [Humongous Register: 0,0 ms]
      [Humongous Reclaim: 0,0 ms]
      [Free CSet: 0,1 ms]
   [Eden: 532,0M(532,0M)->0,0B(611,0M) Survivors: 4096,0K->3072,0K Heap: 682,8M(1024,0M)->149,9M(1024,0M)]
 [Times: user=0,01 sys=0,00, real=0,02 secs] 
2016-12-22T00:05:21.791+0100: 38694,589: [GC pause (G1 Evacuation Pause) (young), 0,0153829 secs]
   [Parallel Time: 10,7 ms, GC Workers: 1]
      [GC Worker Start (ms):  38694588,8]
      [Ext Root Scanning (ms):  0,7]
      [Update RS (ms):  1,3]
         [Processed Buffers:  36]
      [Scan RS (ms):  0,2]
      [Code Root Scanning (ms):  0,0]
      [Object Copy (ms):  8,5]
      [Termination (ms):  0,0]
         [Termination Attempts:  1]
      [GC Worker Other (ms):  0,0]
      [GC Worker Total (ms):  10,6]
      [GC Worker End (ms):  38694599,5]
   [Code Root Fixup: 0,0 ms]
   [Code Root Purge: 0,0 ms]
   [Clear CT: 0,1 ms]
   [Other: 4,5 ms]
      [Choose CSet: 0,0 ms]
      [Ref Proc: 0,0 ms]
      [Ref Enq: 0,0 ms]
      [Redirty Cards: 0,0 ms]
      [Humongous Register: 0,0 ms]
      [Humongous Reclaim: 0,0 ms]
      [Free CSet: 0,1 ms]
   [Eden: 611,0M(611,0M)->0,0B(611,0M) Survivors: 3072,0K->3072,0K Heap: 760,9M(1024,0M)->150,4M(1024,0M)]
 [Times: user=0,00 sys=0,00, real=0,02 secs] 
2016-12-22T00:06:48.261+0100: 38781,059: [GC pause (G1 Evacuation Pause) (young), 0,0269444 secs]
   [Parallel Time: 25,9 ms, GC Workers: 1]
      [GC Worker Start (ms):  38781058,7]
      [Ext Root Scanning (ms):  2,2]
      [Update RS (ms):  5,4]
         [Processed Buffers:  34]
      [Scan RS (ms):  0,5]
      [Code Root Scanning (ms):  0,2]
      [Object Copy (ms):  17,6]
      [Termination (ms):  0,0]
         [Termination Attempts:  1]
      [GC Worker Other (ms):  0,0]
      [GC Worker Total (ms):  25,9]
      [GC Worker End (ms):  38781084,6]
   [Code Root Fixup: 0,1 ms]
   [Code Root Purge: 0,0 ms]
   [Clear CT: 0,3 ms]
   [Other: 0,7 ms]
      [Choose CSet: 0,0 ms]
      [Ref Proc: 0,1 ms]
      [Ref Enq: 0,0 ms]
      [Redirty Cards: 0,0 ms]
      [Humongous Register: 0,0 ms]
      [Humongous Reclaim: 0,0 ms]
      [Free CSet: 0,3 ms]
   [Eden: 611,0M(611,0M)->0,0B(367,0M) Survivors: 3072,0K->3072,0K Heap: 761,4M(1024,0M)->150,5M(1024,0M)]
 [Times: user=0,03 sys=0,00, real=0,03 secs] 
2016-12-22T00:34:36.387+0100: 40447,752: [GC pause (G1 Evacuation Pause) (young), 0,0137268 secs]
   [Parallel Time: 12,7 ms, GC Workers: 1]
      [GC Worker Start (ms):  40447751,8]
      [Ext Root Scanning (ms):  0,6]
      [Update RS (ms):  1,2]
         [Processed Buffers:  31]
      [Scan RS (ms):  0,1]
      [Code Root Scanning (ms):  0,0]
      [Object Copy (ms):  10,6]
      [Termination (ms):  0,0]
         [Termination Attempts:  1]
      [GC Worker Other (ms):  0,0]
      [GC Worker Total (ms):  12,6]
      [GC Worker End (ms):  40447764,4]
   [Code Root Fixup: 0,0 ms]
   [Code Root Purge: 0,0 ms]
   [Clear CT: 0,1 ms]
   [Other: 0,9 ms]
      [Choose CSet: 0,0 ms]
      [Ref Proc: 0,2 ms]
      [Ref Enq: 0,0 ms]
      [Redirty Cards: 0,0 ms]
      [Humongous Register: 0,0 ms]
      [Humongous Reclaim: 0,0 ms]
      [Free CSet: 0,1 ms]
   [Eden: 367,0M(367,0M)->0,0B(399,0M) Survivors: 3072,0K->4096,0K Heap: 517,5M(1024,0M)->151,0M(1024,0M)]
 [Times: user=0,01 sys=0,00, real=0,02 secs] 
2016-12-22T13:52:51.547+0100: 41786,536: [GC pause (G1 Evacuation Pause) (young), 0,0121564 secs]
   [Parallel Time: 11,7 ms, GC Workers: 1]
      [GC Worker Start (ms):  41786535,8]
      [Ext Root Scanning (ms):  1,3]
      [Update RS (ms):  2,4]
         [Processed Buffers:  36]
      [Scan RS (ms):  0,1]
      [Code Root Scanning (ms):  0,0]
      [Object Copy (ms):  5,8]
      [Termination (ms):  0,0]
         [Termination Attempts:  1]
      [GC Worker Other (ms):  0,0]
      [GC Worker Total (ms):  9,7]
      [GC Worker End (ms):  41786545,5]
   [Code Root Fixup: 0,0 ms]
   [Code Root Purge: 0,0 ms]
   [Clear CT: 0,1 ms]
   [Other: 0,4 ms]
      [Choose CSet: 0,0 ms]
      [Ref Proc: 0,1 ms]
      [Ref Enq: 0,0 ms]
      [Redirty Cards: 0,0 ms]
      [Humongous Register: 0,0 ms]
      [Humongous Reclaim: 0,0 ms]
      [Free CSet: 0,1 ms]
   [Eden: 399,0M(399,0M)->0,0B(611,0M) Survivors: 4096,0K->3072,0K Heap: 550,0M(1024,0M)->150,1M(1024,0M)]
 [Times: user=0,01 sys=0,00, real=0,01 secs] 
2016-12-22T13:59:32.399+0100: 42187,388: [GC pause (G1 Evacuation Pause) (young), 0,0117397 secs]
   [Parallel Time: 11,3 ms, GC Workers: 1]
      [GC Worker Start (ms):  42187388,0]
      [Ext Root Scanning (ms):  0,7]
      [Update RS (ms):  1,2]
         [Processed Buffers:  40]
      [Scan RS (ms):  0,2]
      [Code Root Scanning (ms):  0,1]
      [Object Copy (ms):  9,1]
      [Termination (ms):  0,0]
         [Termination Attempts:  1]
      [GC Worker Other (ms):  0,0]
      [GC Worker Total (ms):  11,3]
      [GC Worker End (ms):  42187399,3]
   [Code Root Fixup: 0,0 ms]
   [Code Root Purge: 0,0 ms]
   [Clear CT: 0,1 ms]
   [Other: 0,3 ms]
      [Choose CSet: 0,0 ms]
      [Ref Proc: 0,0 ms]
      [Ref Enq: 0,0 ms]
      [Redirty Cards: 0,0 ms]
      [Humongous Register: 0,0 ms]
      [Humongous Reclaim: 0,0 ms]
      [Free CSet: 0,1 ms]
   [Eden: 611,0M(611,0M)->0,0B(612,0M) Survivors: 3072,0K->2048,0K Heap: 761,1M(1024,0M)->149,8M(1024,0M)]
 [Times: user=0,00 sys=0,00, real=0,01 secs] 
2016-12-22T13:59:44.531+0100: 42199,520: [GC pause (G1 Evacuation Pause) (young), 0,0040853 secs]
   [Parallel Time: 3,5 ms, GC Workers: 1]
      [GC Worker Start (ms):  42199520,5]
      [Ext Root Scanning (ms):  0,7]
      [Update RS (ms):  0,9]
         [Processed Buffers:  28]
      [Scan RS (ms):  0,2]
      [Code Root Scanning (ms):  0,0]
      [Object Copy (ms):  1,7]
      [Termination (ms):  0,0]
         [Termination Attempts:  1]
      [GC Worker Other (ms):  0,0]
      [GC Worker Total (ms):  3,5]
      [GC Worker End (ms):  42199524,0]
   [Code Root Fixup: 0,0 ms]
   [Code Root Purge: 0,0 ms]
   [Clear CT: 0,1 ms]
   [Other: 0,4 ms]
      [Choose CSet: 0,0 ms]
      [Ref Proc: 0,0 ms]
      [Ref Enq: 0,0 ms]
      [Redirty Cards: 0,0 ms]
      [Humongous Register: 0,0 ms]
      [Humongous Reclaim: 0,0 ms]
      [Free CSet: 0,2 ms]
   [Eden: 612,0M(612,0M)->0,0B(612,0M) Survivors: 2048,0K->2048,0K Heap: 761,8M(1024,0M)->149,8M(1024,0M)]
 [Times: user=0,00 sys=0,00, real=0,01 secs] 
2016-12-22T13:59:56.009+0100: 42210,998: [GC pause (G1 Evacuation Pause) (young), 0,0033524 secs]
   [Parallel Time: 3,0 ms, GC Workers: 1]
      [GC Worker Start (ms):  42210998,1]
      [Ext Root Scanning (ms):  0,7]
      [Update RS (ms):  0,4]
         [Processed Buffers:  22]
      [Scan RS (ms):  0,2]
      [Code Root Scanning (ms):  0,0]
      [Object Copy (ms):  1,7]
      [Termination (ms):  0,0]
         [Termination Attempts:  1]
      [GC Worker Other (ms):  0,0]
      [GC Worker Total (ms):  3,0]
      [GC Worker End (ms):  42211001,1]
   [Code Root Fixup: 0,0 ms]
   [Code Root Purge: 0,0 ms]
   [Clear CT: 0,1 ms]
   [Other: 0,2 ms]
      [Choose CSet: 0,0 ms]
      [Ref Proc: 0,0 ms]
      [Ref Enq: 0,0 ms]
      [Redirty Cards: 0,0 ms]
      [Humongous Register: 0,0 ms]
      [Humongous Reclaim: 0,0 ms]
      [Free CSet: 0,1 ms]
   [Eden: 612,0M(612,0M)->0,0B(612,0M) Survivors: 2048,0K->2048,0K Heap: 761,8M(1024,0M)->149,8M(1024,0M)]
 [Times: user=0,00 sys=0,00, real=0,00 secs] 
2016-12-22T14:03:45.631+0100: 42440,620: [GC pause (G1 Evacuation Pause) (young), 0,0077113 secs]
   [Parallel Time: 7,2 ms, GC Workers: 1]
      [GC Worker Start (ms):  42440620,4]
      [Ext Root Scanning (ms):  0,7]
      [Update RS (ms):  0,5]
         [Processed Buffers:  32]
      [Scan RS (ms):  0,2]
      [Code Root Scanning (ms):  0,0]
      [Object Copy (ms):  5,9]
      [Termination (ms):  0,0]
         [Termination Attempts:  1]
      [GC Worker Other (ms):  0,0]
      [GC Worker Total (ms):  7,2]
      [GC Worker End (ms):  42440627,6]
   [Code Root Fixup: 0,0 ms]
   [Code Root Purge: 0,0 ms]
   [Clear CT: 0,1 ms]
   [Other: 0,3 ms]
      [Choose CSet: 0,0 ms]
      [Ref Proc: 0,0 ms]
      [Ref Enq: 0,0 ms]
      [Redirty Cards: 0,0 ms]
      [Humongous Register: 0,0 ms]
      [Humongous Reclaim: 0,0 ms]
      [Free CSet: 0,1 ms]
   [Eden: 612,0M(612,0M)->0,0B(611,0M) Survivors: 2048,0K->3072,0K Heap: 761,8M(1024,0M)->150,3M(1024,0M)]
 [Times: user=0,00 sys=0,00, real=0,01 secs] 
2016-12-22T14:03:56.345+0100: 42451,334: [GC pause (G1 Evacuation Pause) (young), 0,0039902 secs]
   [Parallel Time: 3,6 ms, GC Workers: 1]
      [GC Worker Start (ms):  42451334,1]
      [Ext Root Scanning (ms):  0,7]
      [Update RS (ms):  0,4]
         [Processed Buffers:  23]
      [Scan RS (ms):  0,2]
      [Code Root Scanning (ms):  0,0]
      [Object Copy (ms):  2,3]
      [Termination (ms):  0,0]
         [Termination Attempts:  1]
      [GC Worker Other (ms):  0,0]
      [GC Worker Total (ms):  3,6]
      [GC Worker End (ms):  42451337,7]
   [Code Root Fixup: 0,0 ms]
   [Code Root Purge: 0,0 ms]
   [Clear CT: 0,1 ms]
   [Other: 0,2 ms]
      [Choose CSet: 0,0 ms]
      [Ref Proc: 0,0 ms]
      [Ref Enq: 0,0 ms]
      [Redirty Cards: 0,0 ms]
      [Humongous Register: 0,0 ms]
      [Humongous Reclaim: 0,0 ms]
      [Free CSet: 0,1 ms]
   [Eden: 611,0M(611,0M)->0,0B(611,0M) Survivors: 3072,0K->3072,0K Heap: 761,3M(1024,0M)->150,3M(1024,0M)]
 [Times: user=0,00 sys=0,00, real=0,01 secs] 
2016-12-22T14:04:06.610+0100: 42461,599: [GC pause (G1 Evacuation Pause) (young), 0,0043956 secs]
   [Parallel Time: 4,0 ms, GC Workers: 1]
      [GC Worker Start (ms):  42461599,1]
      [Ext Root Scanning (ms):  0,8]
      [Update RS (ms):  0,4]
         [Processed Buffers:  25]
      [Scan RS (ms):  0,2]
      [Code Root Scanning (ms):  0,0]
      [Object Copy (ms):  2,6]
      [Termination (ms):  0,0]
         [Termination Attempts:  1]
      [GC Worker Other (ms):  0,0]
      [GC Worker Total (ms):  4,0]
      [GC Worker End (ms):  42461603,0]
   [Code Root Fixup: 0,0 ms]
   [Code Root Purge: 0,0 ms]
   [Clear CT: 0,2 ms]
   [Other: 0,2 ms]
      [Choose CSet: 0,0 ms]
      [Ref Proc: 0,0 ms]
      [Ref Enq: 0,0 ms]
      [Redirty Cards: 0,0 ms]
      [Humongous Register: 0,0 ms]
      [Humongous Reclaim: 0,0 ms]
      [Free CSet: 0,1 ms]
   [Eden: 611,0M(611,0M)->0,0B(612,0M) Survivors: 3072,0K->2048,0K Heap: 761,3M(1024,0M)->149,8M(1024,0M)]
 [Times: user=0,00 sys=0,00, real=0,00 secs] 
2016-12-22T14:04:19.631+0100: 42474,620: [GC pause (G1 Evacuation Pause) (young), 0,0032734 secs]
   [Parallel Time: 2,9 ms, GC Workers: 1]
      [GC Worker Start (ms):  42474620,1]
      [Ext Root Scanning (ms):  0,6]
      [Update RS (ms):  0,3]
         [Processed Buffers:  24]
      [Scan RS (ms):  0,2]
      [Code Root Scanning (ms):  0,0]
      [Object Copy (ms):  1,7]
      [Termination (ms):  0,0]
         [Termination Attempts:  1]
      [GC Worker Other (ms):  0,0]
      [GC Worker Total (ms):  2,9]
      [GC Worker End (ms):  42474623,0]
   [Code Root Fixup: 0,0 ms]
   [Code Root Purge: 0,0 ms]
   [Clear CT: 0,1 ms]
   [Other: 0,2 ms]
      [Choose CSet: 0,0 ms]
      [Ref Proc: 0,0 ms]
      [Ref Enq: 0,0 ms]
      [Redirty Cards: 0,0 ms]
      [Humongous Register: 0,0 ms]
      [Humongous Reclaim: 0,0 ms]
      [Free CSet: 0,1 ms]
   [Eden: 612,0M(612,0M)->0,0B(612,0M) Survivors: 2048,0K->2048,0K Heap: 761,8M(1024,0M)->149,8M(1024,0M)]
 [Times: user=0,00 sys=0,00, real=0,00 secs] 
2016-12-22T14:04:29.486+0100: 42484,476: [GC pause (G1 Evacuation Pause) (young), 0,0036744 secs]
   [Parallel Time: 3,2 ms, GC Workers: 1]
      [GC Worker Start (ms):  42484475,7]
      [Ext Root Scanning (ms):  0,8]
      [Update RS (ms):  0,4]
         [Processed Buffers:  22]
      [Scan RS (ms):  0,2]
      [Code Root Scanning (ms):  0,1]
      [Object Copy (ms):  1,7]
      [Termination (ms):  0,0]
         [Termination Attempts:  1]
      [GC Worker Other (ms):  0,0]
      [GC Worker Total (ms):  3,2]
      [GC Worker End (ms):  42484478,8]
   [Code Root Fixup: 0,0 ms]
   [Code Root Purge: 0,0 ms]
   [Clear CT: 0,2 ms]
   [Other: 0,3 ms]
      [Choose CSet: 0,0 ms]
      [Ref Proc: 0,1 ms]
      [Ref Enq: 0,0 ms]
      [Redirty Cards: 0,0 ms]
      [Humongous Register: 0,0 ms]
      [Humongous Reclaim: 0,0 ms]
      [Free CSet: 0,1 ms]
   [Eden: 612,0M(612,0M)->0,0B(612,0M) Survivors: 2048,0K->2048,0K Heap: 761,8M(1024,0M)->149,8M(1024,0M)]
 [Times: user=0,01 sys=0,00, real=0,01 secs] 
2016-12-22T14:04:39.532+0100: 42494,521: [GC pause (G1 Evacuation Pause) (young), 0,0035845 secs]
   [Parallel Time: 3,2 ms, GC Workers: 1]
      [GC Worker Start (ms):  42494520,8]
      [Ext Root Scanning (ms):  0,6]
      [Update RS (ms):  0,5]
         [Processed Buffers:  25]
      [Scan RS (ms):  0,2]
      [Code Root Scanning (ms):  0,0]
      [Object Copy (ms):  1,9]
      [Termination (ms):  0,0]
         [Termination Attempts:  1]
      [GC Worker Other (ms):  0,0]
      [GC Worker Total (ms):  3,2]
      [GC Worker End (ms):  42494524,0]
   [Code Root Fixup: 0,0 ms]
   [Code Root Purge: 0,0 ms]
   [Clear CT: 0,1 ms]
   [Other: 0,2 ms]
      [Choose CSet: 0,0 ms]
      [Ref Proc: 0,0 ms]
      [Ref Enq: 0,0 ms]
      [Redirty Cards: 0,0 ms]
      [Humongous Register: 0,0 ms]
      [Humongous Reclaim: 0,0 ms]
      [Free CSet: 0,1 ms]
   [Eden: 612,0M(612,0M)->0,0B(612,0M) Survivors: 2048,0K->2048,0K Heap: 761,8M(1024,0M)->149,8M(1024,0M)]
 [Times: user=0,01 sys=0,00, real=0,01 secs] 
2016-12-22T14:04:49.658+0100: 42504,647: [GC pause (G1 Evacuation Pause) (young), 0,0035802 secs]
   [Parallel Time: 3,2 ms, GC Workers: 1]
      [GC Worker Start (ms):  42504647,3]
      [Ext Root Scanning (ms):  0,7]
      [Update RS (ms):  0,4]
         [Processed Buffers:  26]
      [Scan RS (ms):  0,2]
      [Code Root Scanning (ms):  0,0]
      [Object Copy (ms):  1,9]
      [Termination (ms):  0,0]
         [Termination Attempts:  1]
      [GC Worker Other (ms):  0,0]
      [GC Worker Total (ms):  3,2]
      [GC Worker End (ms):  42504650,4]
   [Code Root Fixup: 0,0 ms]
   [Code Root Purge: 0,0 ms]
   [Clear CT: 0,1 ms]
   [Other: 0,2 ms]
      [Choose CSet: 0,0 ms]
      [Ref Proc: 0,0 ms]
      [Ref Enq: 0,0 ms]
      [Redirty Cards: 0,0 ms]
      [Humongous Register: 0,0 ms]
      [Humongous Reclaim: 0,0 ms]
      [Free CSet: 0,1 ms]
   [Eden: 612,0M(612,0M)->0,0B(612,0M) Survivors: 2048,0K->2048,0K Heap: 761,8M(1024,0M)->149,8M(1024,0M)]
 [Times: user=0,00 sys=0,00, real=0,00 secs] 
2016-12-22T14:04:59.737+0100: 42514,726: [GC pause (G1 Evacuation Pause) (young), 0,0037781 secs]
   [Parallel Time: 3,4 ms, GC Workers: 1]
      [GC Worker Start (ms):  42514725,8]
      [Ext Root Scanning (ms):  0,7]
      [Update RS (ms):  0,4]
         [Processed Buffers:  26]
      [Scan RS (ms):  0,2]
      [Code Root Scanning (ms):  0,0]
      [Object Copy (ms):  2,0]
      [Termination (ms):  0,0]
         [Termination Attempts:  1]
      [GC Worker Other (ms):  0,0]
      [GC Worker Total (ms):  3,4]
      [GC Worker End (ms):  42514729,1]
   [Code Root Fixup: 0,0 ms]
   [Code Root Purge: 0,0 ms]
   [Clear CT: 0,1 ms]
   [Other: 0,2 ms]
      [Choose CSet: 0,0 ms]
      [Ref Proc: 0,0 ms]
      [Ref Enq: 0,0 ms]
      [Redirty Cards: 0,0 ms]
      [Humongous Register: 0,0 ms]
      [Humongous Reclaim: 0,0 ms]
      [Free CSet: 0,1 ms]
   [Eden: 612,0M(612,0M)->0,0B(612,0M) Survivors: 2048,0K->2048,0K Heap: 761,8M(1024,0M)->149,8M(1024,0M)]
 [Times: user=0,00 sys=0,00, real=0,00 secs] 
2016-12-22T14:05:10.056+0100: 42525,045: [GC pause (G1 Evacuation Pause) (young), 0,0039298 secs]
   [Parallel Time: 3,5 ms, GC Workers: 1]
      [GC Worker Start (ms):  42525045,3]
      [Ext Root Scanning (ms):  0,6]
      [Update RS (ms):  0,5]
         [Processed Buffers:  23]
      [Scan RS (ms):  0,2]
      [Code Root Scanning (ms):  0,0]
      [Object Copy (ms):  2,2]
      [Termination (ms):  0,0]
         [Termination Attempts:  1]
      [GC Worker Other (ms):  0,0]
      [GC Worker Total (ms):  3,5]
      [GC Worker End (ms):  42525048,8]
   [Code Root Fixup: 0,0 ms]
   [Code Root Purge: 0,0 ms]
   [Clear CT: 0,1 ms]
   [Other: 0,3 ms]
      [Choose CSet: 0,0 ms]
      [Ref Proc: 0,0 ms]
      [Ref Enq: 0,0 ms]
      [Redirty Cards: 0,0 ms]
      [Humongous Register: 0,1 ms]
      [Humongous Reclaim: 0,0 ms]
      [Free CSet: 0,1 ms]
   [Eden: 612,0M(612,0M)->0,0B(611,0M) Survivors: 2048,0K->3072,0K Heap: 761,8M(1024,0M)->150,3M(1024,0M)]
 [Times: user=0,01 sys=0,00, real=0,00 secs] 
2016-12-22T14:05:20.019+0100: 42535,008: [GC pause (G1 Evacuation Pause) (young), 0,0038548 secs]
   [Parallel Time: 3,4 ms, GC Workers: 1]
      [GC Worker Start (ms):  42535007,8]
      [Ext Root Scanning (ms):  0,6]
      [Update RS (ms):  0,4]
         [Processed Buffers:  25]
      [Scan RS (ms):  0,2]
      [Code Root Scanning (ms):  0,0]
      [Object Copy (ms):  2,2]
      [Termination (ms):  0,0]
         [Termination Attempts:  1]
      [GC Worker Other (ms):  0,0]
      [GC Worker Total (ms):  3,4]
      [GC Worker End (ms):  42535011,1]
   [Code Root Fixup: 0,0 ms]
   [Code Root Purge: 0,0 ms]
   [Clear CT: 0,1 ms]
   [Other: 0,3 ms]
      [Choose CSet: 0,0 ms]
      [Ref Proc: 0,0 ms]
      [Ref Enq: 0,0 ms]
      [Redirty Cards: 0,0 ms]
      [Humongous Register: 0,0 ms]
      [Humongous Reclaim: 0,0 ms]
      [Free CSet: 0,2 ms]
   [Eden: 611,0M(611,0M)->0,0B(611,0M) Survivors: 3072,0K->3072,0K Heap: 761,3M(1024,0M)->150,3M(1024,0M)]
 [Times: user=0,01 sys=0,00, real=0,00 secs] 
2016-12-22T14:05:30.164+0100: 42545,153: [GC pause (G1 Evacuation Pause) (young), 0,0041260 secs]
   [Parallel Time: 3,7 ms, GC Workers: 1]
      [GC Worker Start (ms):  42545153,2]
      [Ext Root Scanning (ms):  0,7]
      [Update RS (ms):  0,4]
         [Processed Buffers:  24]
      [Scan RS (ms):  0,2]
      [Code Root Scanning (ms):  0,0]
      [Object Copy (ms):  2,4]
      [Termination (ms):  0,0]
         [Termination Attempts:  1]
      [GC Worker Other (ms):  0,0]
      [GC Worker Total (ms):  3,7]
      [GC Worker End (ms):  42545156,9]
   [Code Root Fixup: 0,0 ms]
   [Code Root Purge: 0,0 ms]
   [Clear CT: 0,1 ms]
   [Other: 0,2 ms]
      [Choose CSet: 0,0 ms]
      [Ref Proc: 0,0 ms]
      [Ref Enq: 0,0 ms]
      [Redirty Cards: 0,0 ms]
      [Humongous Register: 0,0 ms]
      [Humongous Reclaim: 0,0 ms]
      [Free CSet: 0,1 ms]
   [Eden: 611,0M(611,0M)->0,0B(611,0M) Survivors: 3072,0K->3072,0K Heap: 761,3M(1024,0M)->150,3M(1024,0M)]
 [Times: user=0,00 sys=0,00, real=0,01 secs] 
2016-12-22T14:05:40.431+0100: 42555,421: [GC pause (G1 Evacuation Pause) (young), 0,0128227 secs]
   [Parallel Time: 12,3 ms, GC Workers: 1]
      [GC Worker Start (ms):  42555420,7]
      [Ext Root Scanning (ms):  0,7]
      [Update RS (ms):  0,4]
         [Processed Buffers:  24]
      [Scan RS (ms):  0,2]
      [Code Root Scanning (ms):  0,0]
      [Object Copy (ms):  11,0]
      [Termination (ms):  0,0]
         [Termination Attempts:  1]
      [GC Worker Other (ms):  0,0]
      [GC Worker Total (ms):  12,3]
      [GC Worker End (ms):  42555433,0]
   [Code Root Fixup: 0,0 ms]
   [Code Root Purge: 0,0 ms]
   [Clear CT: 0,2 ms]
   [Other: 0,3 ms]
      [Choose CSet: 0,0 ms]
      [Ref Proc: 0,0 ms]
      [Ref Enq: 0,0 ms]
      [Redirty Cards: 0,0 ms]
      [Humongous Register: 0,0 ms]
      [Humongous Reclaim: 0,0 ms]
      [Free CSet: 0,2 ms]
   [Eden: 611,0M(611,0M)->0,0B(613,0M) Survivors: 3072,0K->1024,0K Heap: 761,3M(1024,0M)->149,7M(1024,0M)]
 [Times: user=0,01 sys=0,00, real=0,01 secs] 
2016-12-22T14:05:50.722+0100: 42565,711: [GC pause (G1 Evacuation Pause) (young), 0,0084112 secs]
   [Parallel Time: 7,5 ms, GC Workers: 1]
      [GC Worker Start (ms):  42565711,5]
      [Ext Root Scanning (ms):  0,7]
      [Update RS (ms):  1,4]
         [Processed Buffers:  31]
      [Scan RS (ms):  0,2]
      [Code Root Scanning (ms):  0,0]
      [Object Copy (ms):  5,1]
      [Termination (ms):  0,0]
         [Termination Attempts:  1]
      [GC Worker Other (ms):  0,0]
      [GC Worker Total (ms):  7,4]
      [GC Worker End (ms):  42565718,9]
   [Code Root Fixup: 0,1 ms]
   [Code Root Purge: 0,0 ms]
   [Clear CT: 0,1 ms]
   [Other: 0,8 ms]
      [Choose CSet: 0,0 ms]
      [Ref Proc: 0,0 ms]
      [Ref Enq: 0,0 ms]
      [Redirty Cards: 0,0 ms]
      [Humongous Register: 0,0 ms]
      [Humongous Reclaim: 0,0 ms]
      [Free CSet: 0,2 ms]
   [Eden: 613,0M(613,0M)->0,0B(613,0M) Survivors: 1024,0K->1024,0K Heap: 762,7M(1024,0M)->150,4M(1024,0M)]
 [Times: user=0,00 sys=0,00, real=0,01 secs] 
2016-12-22T14:06:00.927+0100: 42575,916: [GC pause (G1 Evacuation Pause) (young), 0,0042597 secs]
   [Parallel Time: 1,9 ms, GC Workers: 1]
      [GC Worker Start (ms):  42575915,9]
      [Ext Root Scanning (ms):  0,8]
      [Update RS (ms):  0,5]
         [Processed Buffers:  28]
      [Scan RS (ms):  0,2]
      [Code Root Scanning (ms):  0,0]
      [Object Copy (ms):  0,4]
      [Termination (ms):  0,0]
         [Termination Attempts:  1]
      [GC Worker Other (ms):  0,0]
      [GC Worker Total (ms):  1,9]
      [GC Worker End (ms):  42575917,8]
   [Code Root Fixup: 0,0 ms]
   [Code Root Purge: 0,0 ms]
   [Clear CT: 0,1 ms]
   [Other: 2,1 ms]
      [Choose CSet: 0,0 ms]
      [Ref Proc: 0,0 ms]
      [Ref Enq: 0,0 ms]
      [Redirty Cards: 0,0 ms]
      [Humongous Register: 0,0 ms]
      [Humongous Reclaim: 0,0 ms]
      [Free CSet: 0,1 ms]
   [Eden: 613,0M(613,0M)->0,0B(613,0M) Survivors: 1024,0K->1024,0K Heap: 763,4M(1024,0M)->150,1M(1024,0M)]
 [Times: user=0,00 sys=0,01, real=0,00 secs] 
2016-12-22T14:06:11.171+0100: 42586,160: [GC pause (G1 Evacuation Pause) (young), 0,0069651 secs]
   [Parallel Time: 4,6 ms, GC Workers: 1]
      [GC Worker Start (ms):  42586159,9]
      [Ext Root Scanning (ms):  3,7]
      [Update RS (ms):  0,3]
         [Processed Buffers:  25]
      [Scan RS (ms):  0,2]
      [Code Root Scanning (ms):  0,0]
      [Object Copy (ms):  0,5]
      [Termination (ms):  0,0]
         [Termination Attempts:  1]
      [GC Worker Other (ms):  0,0]
      [GC Worker Total (ms):  4,6]
      [GC Worker End (ms):  42586164,5]
   [Code Root Fixup: 0,0 ms]
   [Code Root Purge: 0,0 ms]
   [Clear CT: 0,1 ms]
   [Other: 2,1 ms]
      [Choose CSet: 0,0 ms]
      [Ref Proc: 0,0 ms]
      [Ref Enq: 0,0 ms]
      [Redirty Cards: 0,0 ms]
      [Humongous Register: 0,0 ms]
      [Humongous Reclaim: 0,0 ms]
      [Free CSet: 0,1 ms]
   [Eden: 613,0M(613,0M)->0,0B(613,0M) Survivors: 1024,0K->1024,0K Heap: 763,1M(1024,0M)->150,2M(1024,0M)]
 [Times: user=0,00 sys=0,00, real=0,01 secs] 
2016-12-22T14:06:24.819+0100: 42599,808: [GC pause (G1 Evacuation Pause) (young), 0,0047254 secs]
   [Parallel Time: 4,3 ms, GC Workers: 1]
      [GC Worker Start (ms):  42599807,7]
      [Ext Root Scanning (ms):  0,7]
      [Update RS (ms):  0,4]
         [Processed Buffers:  27]
      [Scan RS (ms):  0,2]
      [Code Root Scanning (ms):  0,0]
      [Object Copy (ms):  3,0]
      [Termination (ms):  0,0]
         [Termination Attempts:  1]
      [GC Worker Other (ms):  0,0]
      [GC Worker Total (ms):  4,3]
      [GC Worker End (ms):  42599812,0]
   [Code Root Fixup: 0,0 ms]
   [Code Root Purge: 0,0 ms]
   [Clear CT: 0,1 ms]
   [Other: 0,3 ms]
      [Choose CSet: 0,0 ms]
      [Ref Proc: 0,0 ms]
      [Ref Enq: 0,0 ms]
      [Redirty Cards: 0,0 ms]
      [Humongous Register: 0,0 ms]
      [Humongous Reclaim: 0,0 ms]
      [Free CSet: 0,1 ms]
   [Eden: 613,0M(613,0M)->0,0B(613,0M) Survivors: 1024,0K->1024,0K Heap: 763,2M(1024,0M)->150,6M(1024,0M)]
 [Times: user=0,00 sys=0,01, real=0,00 secs] 
2016-12-22T14:09:12.185+0100: 42767,174: [GC pause (G1 Evacuation Pause) (young), 0,0040227 secs]
   [Parallel Time: 1,8 ms, GC Workers: 1]
      [GC Worker Start (ms):  42767173,7]
      [Ext Root Scanning (ms):  0,6]
      [Update RS (ms):  0,3]
         [Processed Buffers:  33]
      [Scan RS (ms):  0,2]
      [Code Root Scanning (ms):  0,0]
      [Object Copy (ms):  0,6]
      [Termination (ms):  0,0]
         [Termination Attempts:  1]
      [GC Worker Other (ms):  0,0]
      [GC Worker Total (ms):  1,8]
      [GC Worker End (ms):  42767175,5]
   [Code Root Fixup: 0,0 ms]
   [Code Root Purge: 0,0 ms]
   [Clear CT: 0,1 ms]
   [Other: 2,1 ms]
      [Choose CSet: 0,0 ms]
      [Ref Proc: 0,0 ms]
      [Ref Enq: 0,0 ms]
      [Redirty Cards: 0,0 ms]
      [Humongous Register: 0,0 ms]
      [Humongous Reclaim: 0,0 ms]
      [Free CSet: 0,1 ms]
   [Eden: 613,0M(613,0M)->0,0B(613,0M) Survivors: 1024,0K->1024,0K Heap: 763,6M(1024,0M)->150,4M(1024,0M)]
 [Times: user=0,00 sys=0,00, real=0,01 secs] 
2016-12-22T14:10:21.187+0100: 42836,176: [GC pause (G1 Evacuation Pause) (young), 0,0038308 secs]
   [Parallel Time: 1,4 ms, GC Workers: 1]
      [GC Worker Start (ms):  42836176,0]
      [Ext Root Scanning (ms):  0,7]
      [Update RS (ms):  0,3]
         [Processed Buffers:  30]
      [Scan RS (ms):  0,2]
      [Code Root Scanning (ms):  0,0]
      [Object Copy (ms):  0,2]
      [Termination (ms):  0,0]
         [Termination Attempts:  1]
      [GC Worker Other (ms):  0,0]
      [GC Worker Total (ms):  1,4]
      [GC Worker End (ms):  42836177,3]
   [Code Root Fixup: 0,0 ms]
   [Code Root Purge: 0,0 ms]
   [Clear CT: 0,2 ms]
   [Other: 2,2 ms]
      [Choose CSet: 0,0 ms]
      [Ref Proc: 0,0 ms]
      [Ref Enq: 0,0 ms]
      [Redirty Cards: 0,0 ms]
      [Humongous Register: 0,0 ms]
      [Humongous Reclaim: 0,0 ms]
      [Free CSet: 0,2 ms]
   [Eden: 613,0M(613,0M)->0,0B(613,0M) Survivors: 1024,0K->1024,0K Heap: 763,4M(1024,0M)->150,2M(1024,0M)]
 [Times: user=0,00 sys=0,00, real=0,00 secs] 
2016-12-22T14:10:32.041+0100: 42847,031: [GC pause (G1 Evacuation Pause) (young), 0,0019012 secs]
   [Parallel Time: 1,5 ms, GC Workers: 1]
      [GC Worker Start (ms):  42847030,6]
      [Ext Root Scanning (ms):  0,7]
      [Update RS (ms):  0,3]
         [Processed Buffers:  24]
      [Scan RS (ms):  0,2]
      [Code Root Scanning (ms):  0,0]
      [Object Copy (ms):  0,4]
      [Termination (ms):  0,0]
         [Termination Attempts:  1]
      [GC Worker Other (ms):  0,0]
      [GC Worker Total (ms):  1,5]
      [GC Worker End (ms):  42847032,1]
   [Code Root Fixup: 0,0 ms]
   [Code Root Purge: 0,0 ms]
   [Clear CT: 0,1 ms]
   [Other: 0,2 ms]
      [Choose CSet: 0,0 ms]
      [Ref Proc: 0,0 ms]
      [Ref Enq: 0,0 ms]
      [Redirty Cards: 0,0 ms]
      [Humongous Register: 0,0 ms]
      [Humongous Reclaim: 0,0 ms]
      [Free CSet: 0,1 ms]
   [Eden: 613,0M(613,0M)->0,0B(613,0M) Survivors: 1024,0K->1024,0K Heap: 763,2M(1024,0M)->150,1M(1024,0M)]
 [Times: user=0,00 sys=0,00, real=0,00 secs] 
2016-12-22T14:10:42.701+0100: 42857,690: [GC pause (G1 Evacuation Pause) (young), 0,0040865 secs]
   [Parallel Time: 3,6 ms, GC Workers: 1]
      [GC Worker Start (ms):  42857690,4]
      [Ext Root Scanning (ms):  0,7]
      [Update RS (ms):  0,3]
         [Processed Buffers:  25]
      [Scan RS (ms):  0,2]
      [Code Root Scanning (ms):  0,0]
      [Object Copy (ms):  2,4]
      [Termination (ms):  0,0]
         [Termination Attempts:  1]
      [GC Worker Other (ms):  0,0]
      [GC Worker Total (ms):  3,6]
      [GC Worker End (ms):  42857693,9]
   [Code Root Fixup: 0,0 ms]
   [Code Root Purge: 0,0 ms]
   [Clear CT: 0,1 ms]
   [Other: 0,3 ms]
      [Choose CSet: 0,0 ms]
      [Ref Proc: 0,0 ms]
      [Ref Enq: 0,0 ms]
      [Redirty Cards: 0,0 ms]
      [Humongous Register: 0,0 ms]
      [Humongous Reclaim: 0,0 ms]
      [Free CSet: 0,2 ms]
   [Eden: 613,0M(613,0M)->0,0B(613,0M) Survivors: 1024,0K->1024,0K Heap: 763,1M(1024,0M)->150,3M(1024,0M)]
 [Times: user=0,00 sys=0,00, real=0,00 secs] 
2016-12-22T14:10:52.551+0100: 42867,540: [GC pause (G1 Evacuation Pause) (young), 0,0114504 secs]
   [Parallel Time: 11,0 ms, GC Workers: 1]
      [GC Worker Start (ms):  42867540,1]
      [Ext Root Scanning (ms):  0,9]
      [Update RS (ms):  0,5]
         [Processed Buffers:  23]
      [Scan RS (ms):  0,3]
      [Code Root Scanning (ms):  0,0]
      [Object Copy (ms):  9,2]
      [Termination (ms):  0,0]
         [Termination Attempts:  1]
      [GC Worker Other (ms):  0,0]
      [GC Worker Total (ms):  11,0]
      [GC Worker End (ms):  42867551,0]
   [Code Root Fixup: 0,0 ms]
   [Code Root Purge: 0,0 ms]
   [Clear CT: 0,1 ms]
   [Other: 0,3 ms]
      [Choose CSet: 0,0 ms]
      [Ref Proc: 0,0 ms]
      [Ref Enq: 0,0 ms]
      [Redirty Cards: 0,0 ms]
      [Humongous Register: 0,0 ms]
      [Humongous Reclaim: 0,0 ms]
      [Free CSet: 0,1 ms]
   [Eden: 613,0M(613,0M)->0,0B(613,0M) Survivors: 1024,0K->1024,0K Heap: 763,3M(1024,0M)->150,4M(1024,0M)]
 [Times: user=0,00 sys=0,00, real=0,01 secs] 
2016-12-22T14:11:16.815+0100: 42891,804: [GC pause (G1 Evacuation Pause) (young), 0,0021968 secs]
   [Parallel Time: 1,8 ms, GC Workers: 1]
      [GC Worker Start (ms):  42891804,4]
      [Ext Root Scanning (ms):  0,6]
      [Update RS (ms):  0,3]
         [Processed Buffers:  29]
      [Scan RS (ms):  0,2]
      [Code Root Scanning (ms):  0,0]
      [Object Copy (ms):  0,7]
      [Termination (ms):  0,0]
         [Termination Attempts:  1]
      [GC Worker Other (ms):  0,0]
      [GC Worker Total (ms):  1,8]
      [GC Worker End (ms):  42891806,2]
   [Code Root Fixup: 0,0 ms]
   [Code Root Purge: 0,0 ms]
   [Clear CT: 0,1 ms]
   [Other: 0,2 ms]
      [Choose CSet: 0,0 ms]
      [Ref Proc: 0,0 ms]
      [Ref Enq: 0,0 ms]
      [Redirty Cards: 0,0 ms]
      [Humongous Register: 0,0 ms]
      [Humongous Reclaim: 0,0 ms]
      [Free CSet: 0,1 ms]
   [Eden: 613,0M(613,0M)->0,0B(613,0M) Survivors: 1024,0K->1024,0K Heap: 763,4M(1024,0M)->150,7M(1024,0M)]
 [Times: user=0,00 sys=0,00, real=0,00 secs] 
2016-12-22T14:16:10.593+0100: 43185,583: [GC pause (G1 Evacuation Pause) (young), 0,0055320 secs]
   [Parallel Time: 5,1 ms, GC Workers: 1]
      [GC Worker Start (ms):  43185582,6]
      [Ext Root Scanning (ms):  0,6]
      [Update RS (ms):  0,8]
         [Processed Buffers:  35]
      [Scan RS (ms):  0,2]
      [Code Root Scanning (ms):  0,0]
      [Object Copy (ms):  3,5]
      [Termination (ms):  0,0]
         [Termination Attempts:  1]
      [GC Worker Other (ms):  0,0]
      [GC Worker Total (ms):  5,1]
      [GC Worker End (ms):  43185587,6]
   [Code Root Fixup: 0,0 ms]
   [Code Root Purge: 0,0 ms]
   [Clear CT: 0,2 ms]
   [Other: 0,3 ms]
      [Choose CSet: 0,0 ms]
      [Ref Proc: 0,0 ms]
      [Ref Enq: 0,0 ms]
      [Redirty Cards: 0,0 ms]
      [Humongous Register: 0,0 ms]
      [Humongous Reclaim: 0,0 ms]
      [Free CSet: 0,1 ms]
   [Eden: 613,0M(613,0M)->0,0B(612,0M) Survivors: 1024,0K->2048,0K Heap: 763,7M(1024,0M)->151,4M(1024,0M)]
 [Times: user=0,00 sys=0,00, real=0,01 secs] 
2016-12-22T14:16:41.405+0100: 43216,394: [GC pause (G1 Evacuation Pause) (young), 0,0099475 secs]
   [Parallel Time: 9,5 ms, GC Workers: 1]
      [GC Worker Start (ms):  43216393,9]
      [Ext Root Scanning (ms):  0,7]
      [Update RS (ms):  5,3]
         [Processed Buffers:  36]
      [Scan RS (ms):  0,2]
      [Code Root Scanning (ms):  0,0]
      [Object Copy (ms):  3,1]
      [Termination (ms):  0,0]
         [Termination Attempts:  1]
      [GC Worker Other (ms):  0,0]
      [GC Worker Total (ms):  9,4]
      [GC Worker End (ms):  43216403,3]
   [Code Root Fixup: 0,0 ms]
   [Code Root Purge: 0,0 ms]
   [Clear CT: 0,2 ms]
   [Other: 0,3 ms]
      [Choose CSet: 0,0 ms]
      [Ref Proc: 0,0 ms]
      [Ref Enq: 0,0 ms]
      [Redirty Cards: 0,0 ms]
      [Humongous Register: 0,0 ms]
      [Humongous Reclaim: 0,0 ms]
      [Free CSet: 0,1 ms]
   [Eden: 612,0M(612,0M)->0,0B(611,0M) Survivors: 2048,0K->3072,0K Heap: 763,4M(1024,0M)->152,3M(1024,0M)]
 [Times: user=0,01 sys=0,01, real=0,02 secs] 
2016-12-22T14:20:52.184+0100: 43467,174: [GC pause (G1 Evacuation Pause) (young), 0,0168422 secs]
   [Parallel Time: 10,6 ms, GC Workers: 1]
      [GC Worker Start (ms):  43467173,7]
      [Ext Root Scanning (ms):  0,7]
      [Update RS (ms):  1,3]
         [Processed Buffers:  38]
      [Scan RS (ms):  0,2]
      [Code Root Scanning (ms):  0,0]
      [Object Copy (ms):  8,4]
      [Termination (ms):  0,0]
         [Termination Attempts:  1]
      [GC Worker Other (ms):  0,0]
      [GC Worker Total (ms):  10,6]
      [GC Worker End (ms):  43467184,3]
   [Code Root Fixup: 0,0 ms]
   [Code Root Purge: 0,0 ms]
   [Clear CT: 5,9 ms]
   [Other: 0,3 ms]
      [Choose CSet: 0,0 ms]
      [Ref Proc: 0,0 ms]
      [Ref Enq: 0,0 ms]
      [Redirty Cards: 0,0 ms]
      [Humongous Register: 0,0 ms]
      [Humongous Reclaim: 0,0 ms]
      [Free CSet: 0,1 ms]
   [Eden: 611,0M(611,0M)->0,0B(611,0M) Survivors: 3072,0K->3072,0K Heap: 763,3M(1024,0M)->152,8M(1024,0M)]
 [Times: user=0,01 sys=0,00, real=0,02 secs] 
2016-12-22T14:21:17.126+0100: 43492,115: [GC pause (G1 Evacuation Pause) (young), 0,0128299 secs]
   [Parallel Time: 11,9 ms, GC Workers: 1]
      [GC Worker Start (ms):  43492115,0]
      [Ext Root Scanning (ms):  0,7]
      [Update RS (ms):  1,2]
         [Processed Buffers:  35]
      [Scan RS (ms):  0,2]
      [Code Root Scanning (ms):  0,0]
      [Object Copy (ms):  9,8]
      [Termination (ms):  0,0]
         [Termination Attempts:  1]
      [GC Worker Other (ms):  0,0]
      [GC Worker Total (ms):  11,9]
      [GC Worker End (ms):  43492126,9]
   [Code Root Fixup: 0,0 ms]
   [Code Root Purge: 0,0 ms]
   [Clear CT: 0,1 ms]
   [Other: 0,7 ms]
      [Choose CSet: 0,0 ms]
      [Ref Proc: 0,0 ms]
      [Ref Enq: 0,0 ms]
      [Redirty Cards: 0,0 ms]
      [Humongous Register: 0,0 ms]
      [Humongous Reclaim: 0,0 ms]
      [Free CSet: 0,1 ms]
   [Eden: 611,0M(611,0M)->0,0B(611,0M) Survivors: 3072,0K->3072,0K Heap: 763,8M(1024,0M)->152,8M(1024,0M)]
 [Times: user=0,00 sys=0,00, real=0,02 secs] 
2016-12-22T14:21:27.659+0100: 43502,648: [GC pause (G1 Evacuation Pause) (young), 0,0056920 secs]
   [Parallel Time: 5,2 ms, GC Workers: 1]
      [GC Worker Start (ms):  43502648,1]
      [Ext Root Scanning (ms):  0,7]
      [Update RS (ms):  1,3]
         [Processed Buffers:  35]
      [Scan RS (ms):  0,2]
      [Code Root Scanning (ms):  0,0]
      [Object Copy (ms):  3,0]
      [Termination (ms):  0,0]
         [Termination Attempts:  1]
      [GC Worker Other (ms):  0,0]
      [GC Worker Total (ms):  5,2]
      [GC Worker End (ms):  43502653,3]
   [Code Root Fixup: 0,0 ms]
   [Code Root Purge: 0,0 ms]
   [Clear CT: 0,2 ms]
   [Other: 0,3 ms]
      [Choose CSet: 0,0 ms]
      [Ref Proc: 0,0 ms]
      [Ref Enq: 0,0 ms]
      [Redirty Cards: 0,0 ms]
      [Humongous Register: 0,0 ms]
      [Humongous Reclaim: 0,0 ms]
      [Free CSet: 0,1 ms]
   [Eden: 611,0M(611,0M)->0,0B(611,0M) Survivors: 3072,0K->3072,0K Heap: 763,8M(1024,0M)->152,3M(1024,0M)]
 [Times: user=0,01 sys=0,00, real=0,00 secs] 
2016-12-22T14:22:24.432+0100: 43559,421: [GC pause (G1 Evacuation Pause) (young), 0,0161989 secs]
   [Parallel Time: 15,8 ms, GC Workers: 1]
      [GC Worker Start (ms):  43559421,5]
      [Ext Root Scanning (ms):  0,7]
      [Update RS (ms):  1,4]
         [Processed Buffers:  37]
      [Scan RS (ms):  0,2]
      [Code Root Scanning (ms):  0,0]
      [Object Copy (ms):  13,4]
      [Termination (ms):  0,0]
         [Termination Attempts:  1]
      [GC Worker Other (ms):  0,0]
      [GC Worker Total (ms):  15,7]
      [GC Worker End (ms):  43559437,3]
   [Code Root Fixup: 0,0 ms]
   [Code Root Purge: 0,0 ms]
   [Clear CT: 0,1 ms]
   [Other: 0,3 ms]
      [Choose CSet: 0,0 ms]
      [Ref Proc: 0,0 ms]
      [Ref Enq: 0,0 ms]
      [Redirty Cards: 0,0 ms]
      [Humongous Register: 0,0 ms]
      [Humongous Reclaim: 0,0 ms]
      [Free CSet: 0,1 ms]
   [Eden: 611,0M(611,0M)->0,0B(611,0M) Survivors: 3072,0K->3072,0K Heap: 763,3M(1024,0M)->152,8M(1024,0M)]
 [Times: user=0,01 sys=0,00, real=0,02 secs] 
2016-12-22T14:23:13.176+0100: 43608,165: [GC pause (G1 Evacuation Pause) (young), 0,0083113 secs]
   [Parallel Time: 7,8 ms, GC Workers: 1]
      [GC Worker Start (ms):  43608165,4]
      [Ext Root Scanning (ms):  0,7]
      [Update RS (ms):  1,2]
         [Processed Buffers:  37]
      [Scan RS (ms):  0,2]
      [Code Root Scanning (ms):  0,0]
      [Object Copy (ms):  5,7]
      [Termination (ms):  0,0]
         [Termination Attempts:  1]
      [GC Worker Other (ms):  0,0]
      [GC Worker Total (ms):  7,8]
      [GC Worker End (ms):  43608173,1]
   [Code Root Fixup: 0,0 ms]
   [Code Root Purge: 0,0 ms]
   [Clear CT: 0,2 ms]
   [Other: 0,4 ms]
      [Choose CSet: 0,0 ms]
      [Ref Proc: 0,0 ms]
      [Ref Enq: 0,0 ms]
      [Redirty Cards: 0,0 ms]
      [Humongous Register: 0,0 ms]
      [Humongous Reclaim: 0,0 ms]
      [Free CSet: 0,2 ms]
   [Eden: 611,0M(611,0M)->0,0B(611,0M) Survivors: 3072,0K->3072,0K Heap: 763,8M(1024,0M)->152,3M(1024,0M)]
 [Times: user=0,00 sys=0,00, real=0,00 secs] 
2016-12-22T14:26:04.728+0100: 43779,718: [GC pause (G1 Evacuation Pause) (young), 0,0211592 secs]
   [Parallel Time: 20,4 ms, GC Workers: 1]
      [GC Worker Start (ms):  43779717,8]
      [Ext Root Scanning (ms):  2,4]
      [Update RS (ms):  6,0]
         [Processed Buffers:  37]
      [Scan RS (ms):  0,4]
      [Code Root Scanning (ms):  0,1]
      [Object Copy (ms):  11,4]
      [Termination (ms):  0,0]
         [Termination Attempts:  1]
      [GC Worker Other (ms):  0,1]
      [GC Worker Total (ms):  20,3]
      [GC Worker End (ms):  43779738,1]
   [Code Root Fixup: 0,1 ms]
   [Code Root Purge: 0,0 ms]
   [Clear CT: 0,2 ms]
   [Other: 0,5 ms]
      [Choose CSet: 0,0 ms]
      [Ref Proc: 0,0 ms]
      [Ref Enq: 0,0 ms]
      [Redirty Cards: 0,0 ms]
      [Humongous Register: 0,0 ms]
      [Humongous Reclaim: 0,0 ms]
      [Free CSet: 0,2 ms]
   [Eden: 611,0M(611,0M)->0,0B(611,0M) Survivors: 3072,0K->3072,0K Heap: 763,3M(1024,0M)->152,8M(1024,0M)]
 [Times: user=0,02 sys=0,00, real=0,02 secs] 
2016-12-22T15:07:44.700+0100: 46279,689: [GC pause (G1 Evacuation Pause) (young), 0,0200903 secs]
   [Parallel Time: 19,1 ms, GC Workers: 1]
      [GC Worker Start (ms):  46279689,2]
      [Ext Root Scanning (ms):  2,4]
      [Update RS (ms):  6,2]
         [Processed Buffers:  42]
      [Scan RS (ms):  0,3]
      [Code Root Scanning (ms):  0,1]
      [Object Copy (ms):  10,0]
      [Termination (ms):  0,0]
         [Termination Attempts:  1]
      [GC Worker Other (ms):  0,0]
      [GC Worker Total (ms):  19,1]
      [GC Worker End (ms):  46279708,3]
   [Code Root Fixup: 0,0 ms]
   [Code Root Purge: 0,0 ms]
   [Clear CT: 0,2 ms]
   [Other: 0,7 ms]
      [Choose CSet: 0,0 ms]
      [Ref Proc: 0,2 ms]
      [Ref Enq: 0,0 ms]
      [Redirty Cards: 0,0 ms]
      [Humongous Register: 0,0 ms]
      [Humongous Reclaim: 0,0 ms]
      [Free CSet: 0,2 ms]
   [Eden: 611,0M(611,0M)->0,0B(611,0M) Survivors: 3072,0K->3072,0K Heap: 763,8M(1024,0M)->152,8M(1024,0M)]
 [Times: user=0,02 sys=0,00, real=0,02 secs] 
2016-12-22T15:46:34.322+0100: 48609,311: [GC pause (G1 Evacuation Pause) (young), 0,0149012 secs]
   [Parallel Time: 14,4 ms, GC Workers: 1]
      [GC Worker Start (ms):  48609311,4]
      [Ext Root Scanning (ms):  0,6]
      [Update RS (ms):  1,5]
         [Processed Buffers:  39]
      [Scan RS (ms):  0,2]
      [Code Root Scanning (ms):  0,0]
      [Object Copy (ms):  12,0]
      [Termination (ms):  0,0]
         [Termination Attempts:  1]
      [GC Worker Other (ms):  0,0]
      [GC Worker Total (ms):  14,3]
      [GC Worker End (ms):  48609325,8]
   [Code Root Fixup: 0,0 ms]
   [Code Root Purge: 0,0 ms]
   [Clear CT: 0,1 ms]
   [Other: 0,4 ms]
      [Choose CSet: 0,0 ms]
      [Ref Proc: 0,1 ms]
      [Ref Enq: 0,0 ms]
      [Redirty Cards: 0,0 ms]
      [Humongous Register: 0,0 ms]
      [Humongous Reclaim: 0,0 ms]
      [Free CSet: 0,1 ms]
   [Eden: 611,0M(611,0M)->0,0B(611,0M) Survivors: 3072,0K->3072,0K Heap: 763,8M(1024,0M)->152,9M(1024,0M)]
 [Times: user=0,01 sys=0,00, real=0,02 secs] 
2016-12-22T16:23:34.287+0100: 50829,276: [GC pause (G1 Evacuation Pause) (young), 0,0186651 secs]
   [Parallel Time: 15,8 ms, GC Workers: 1]
      [GC Worker Start (ms):  50829276,0]
      [Ext Root Scanning (ms):  0,8]
      [Update RS (ms):  3,4]
         [Processed Buffers:  43]
      [Scan RS (ms):  0,2]
      [Code Root Scanning (ms):  0,0]
      [Object Copy (ms):  11,3]
      [Termination (ms):  0,0]
         [Termination Attempts:  1]
      [GC Worker Other (ms):  0,0]
      [GC Worker Total (ms):  15,8]
      [GC Worker End (ms):  50829291,7]
   [Code Root Fixup: 0,0 ms]
   [Code Root Purge: 0,0 ms]
   [Clear CT: 0,1 ms]
   [Other: 2,7 ms]
      [Choose CSet: 0,0 ms]
      [Ref Proc: 0,1 ms]
      [Ref Enq: 0,0 ms]
      [Redirty Cards: 0,0 ms]
      [Humongous Register: 0,0 ms]
      [Humongous Reclaim: 0,0 ms]
      [Free CSet: 0,1 ms]
   [Eden: 611,0M(611,0M)->0,0B(541,0M) Survivors: 3072,0K->4096,0K Heap: 763,9M(1024,0M)->153,4M(1024,0M)]
 [Times: user=0,00 sys=0,01, real=0,01 secs] 
2016-12-22T16:37:19.831+0100: 51654,820: [GC pause (G1 Evacuation Pause) (young), 0,0090218 secs]
   [Parallel Time: 8,6 ms, GC Workers: 1]
      [GC Worker Start (ms):  51654820,0]
      [Ext Root Scanning (ms):  0,7]
      [Update RS (ms):  2,0]
         [Processed Buffers:  45]
      [Scan RS (ms):  0,1]
      [Code Root Scanning (ms):  0,0]
      [Object Copy (ms):  5,6]
      [Termination (ms):  0,0]
         [Termination Attempts:  1]
      [GC Worker Other (ms):  0,0]
      [GC Worker Total (ms):  8,5]
      [GC Worker End (ms):  51654828,5]
   [Code Root Fixup: 0,0 ms]
   [Code Root Purge: 0,0 ms]
   [Clear CT: 0,1 ms]
   [Other: 0,3 ms]
      [Choose CSet: 0,0 ms]
      [Ref Proc: 0,1 ms]
      [Ref Enq: 0,0 ms]
      [Redirty Cards: 0,0 ms]
      [Humongous Register: 0,0 ms]
      [Humongous Reclaim: 0,0 ms]
      [Free CSet: 0,1 ms]
   [Eden: 541,0M(541,0M)->0,0B(610,0M) Survivors: 4096,0K->4096,0K Heap: 694,4M(1024,0M)->153,9M(1024,0M)]
 [Times: user=0,01 sys=0,00, real=0,01 secs] 
2016-12-22T16:57:57.011+0100: 52892,001: [GC pause (G1 Evacuation Pause) (young), 0,0103755 secs]
   [Parallel Time: 9,7 ms, GC Workers: 1]
      [GC Worker Start (ms):  52892000,7]
      [Ext Root Scanning (ms):  0,8]
      [Update RS (ms):  1,8]
         [Processed Buffers:  44]
      [Scan RS (ms):  0,2]
      [Code Root Scanning (ms):  0,0]
      [Object Copy (ms):  6,9]
      [Termination (ms):  0,0]
         [Termination Attempts:  1]
      [GC Worker Other (ms):  0,0]
      [GC Worker Total (ms):  9,7]
      [GC Worker End (ms):  52892010,4]
   [Code Root Fixup: 0,0 ms]
   [Code Root Purge: 0,0 ms]
   [Clear CT: 0,2 ms]
   [Other: 0,5 ms]
      [Choose CSet: 0,0 ms]
      [Ref Proc: 0,1 ms]
      [Ref Enq: 0,0 ms]
      [Redirty Cards: 0,0 ms]
      [Humongous Register: 0,0 ms]
      [Humongous Reclaim: 0,0 ms]
      [Free CSet: 0,2 ms]
   [Eden: 610,0M(610,0M)->0,0B(610,0M) Survivors: 4096,0K->4096,0K Heap: 763,9M(1024,0M)->153,9M(1024,0M)]
 [Times: user=0,01 sys=0,00, real=0,01 secs] 
2016-12-22T17:11:25.161+0100: 53700,150: [GC pause (G1 Evacuation Pause) (young), 0,0245148 secs]
   [Parallel Time: 23,5 ms, GC Workers: 1]
      [GC Worker Start (ms):  53700149,8]
      [Ext Root Scanning (ms):  0,6]
      [Update RS (ms):  1,6]
         [Processed Buffers:  43]
      [Scan RS (ms):  0,2]
      [Code Root Scanning (ms):  0,0]
      [Object Copy (ms):  18,3]
      [Termination (ms):  0,0]
         [Termination Attempts:  1]
      [GC Worker Other (ms):  0,0]
      [GC Worker Total (ms):  20,7]
      [GC Worker End (ms):  53700170,5]
   [Code Root Fixup: 0,0 ms]
   [Code Root Purge: 0,0 ms]
   [Clear CT: 0,1 ms]
   [Other: 0,8 ms]
      [Choose CSet: 0,0 ms]
      [Ref Proc: 0,6 ms]
      [Ref Enq: 0,0 ms]
      [Redirty Cards: 0,0 ms]
      [Humongous Register: 0,0 ms]
      [Humongous Reclaim: 0,0 ms]
      [Free CSet: 0,1 ms]
   [Eden: 610,0M(610,0M)->0,0B(407,0M) Survivors: 4096,0K->5120,0K Heap: 763,9M(1024,0M)->154,4M(1024,0M)]
 [Times: user=0,00 sys=0,00, real=0,02 secs] 
2016-12-22T17:16:09.207+0100: 53984,196: [GC pause (G1 Evacuation Pause) (young), 0,0112049 secs]
   [Parallel Time: 8,9 ms, GC Workers: 1]
      [GC Worker Start (ms):  53984196,4]
      [Ext Root Scanning (ms):  0,7]
      [Update RS (ms):  1,6]
         [Processed Buffers:  42]
      [Scan RS (ms):  0,2]
      [Code Root Scanning (ms):  0,0]
      [Object Copy (ms):  6,5]
      [Termination (ms):  0,0]
         [Termination Attempts:  1]
      [GC Worker Other (ms):  0,0]
      [GC Worker Total (ms):  8,9]
      [GC Worker End (ms):  53984205,3]
   [Code Root Fixup: 0,0 ms]
   [Code Root Purge: 0,0 ms]
   [Clear CT: 0,1 ms]
   [Other: 2,1 ms]
      [Choose CSet: 0,0 ms]
      [Ref Proc: 0,0 ms]
      [Ref Enq: 0,0 ms]
      [Redirty Cards: 0,0 ms]
      [Humongous Register: 0,0 ms]
      [Humongous Reclaim: 0,0 ms]
      [Free CSet: 2,0 ms]
   [Eden: 407,0M(407,0M)->0,0B(571,0M) Survivors: 5120,0K->4096,0K Heap: 561,4M(1024,0M)->153,9M(1024,0M)]
 [Times: user=0,00 sys=0,00, real=0,01 secs] 
2016-12-22T17:33:05.150+0100: 55000,139: [GC pause (G1 Evacuation Pause) (young), 0,0211851 secs]
   [Parallel Time: 19,8 ms, GC Workers: 1]
      [GC Worker Start (ms):  55000139,2]
      [Ext Root Scanning (ms):  0,8]
      [Update RS (ms):  1,8]
         [Processed Buffers:  43]
      [Scan RS (ms):  0,2]
      [Code Root Scanning (ms):  0,0]
      [Object Copy (ms):  16,9]
      [Termination (ms):  0,0]
         [Termination Attempts:  1]
      [GC Worker Other (ms):  0,0]
      [GC Worker Total (ms):  19,8]
      [GC Worker End (ms):  55000159,1]
   [Code Root Fixup: 0,1 ms]
   [Code Root Purge: 0,0 ms]
   [Clear CT: 0,8 ms]
   [Other: 0,5 ms]
      [Choose CSet: 0,0 ms]
      [Ref Proc: 0,1 ms]
      [Ref Enq: 0,0 ms]
      [Redirty Cards: 0,0 ms]
      [Humongous Register: 0,0 ms]
      [Humongous Reclaim: 0,0 ms]
      [Free CSet: 0,2 ms]
   [Eden: 571,0M(571,0M)->0,0B(367,0M) Survivors: 4096,0K->4096,0K Heap: 724,9M(1024,0M)->154,0M(1024,0M)]
 [Times: user=0,01 sys=0,00, real=0,02 secs] 
2016-12-22T17:33:37.379+0100: 55032,368: [GC pause (G1 Evacuation Pause) (young), 0,0136778 secs]
   [Parallel Time: 13,0 ms, GC Workers: 1]
      [GC Worker Start (ms):  55032368,5]
      [Ext Root Scanning (ms):  0,7]
      [Update RS (ms):  1,8]
         [Processed Buffers:  39]
      [Scan RS (ms):  0,1]
      [Code Root Scanning (ms):  0,0]
      [Object Copy (ms):  10,5]
      [Termination (ms):  0,0]
         [Termination Attempts:  1]
      [GC Worker Other (ms):  0,0]
      [GC Worker Total (ms):  13,0]
      [GC Worker End (ms):  55032381,5]
   [Code Root Fixup: 0,0 ms]
   [Code Root Purge: 0,0 ms]
   [Clear CT: 0,2 ms]
   [Other: 0,5 ms]
      [Choose CSet: 0,0 ms]
      [Ref Proc: 0,0 ms]
      [Ref Enq: 0,0 ms]
      [Redirty Cards: 0,0 ms]
      [Humongous Register: 0,0 ms]
      [Humongous Reclaim: 0,0 ms]
      [Free CSet: 0,1 ms]
   [Eden: 367,0M(367,0M)->0,0B(481,0M) Survivors: 4096,0K->4096,0K Heap: 521,0M(1024,0M)->153,9M(1024,0M)]
 [Times: user=0,01 sys=0,00, real=0,01 secs] 
2016-12-22T17:34:22.505+0100: 55077,494: [GC pause (G1 Evacuation Pause) (young), 0,0172999 secs]
   [Parallel Time: 16,9 ms, GC Workers: 1]
      [GC Worker Start (ms):  55077494,4]
      [Ext Root Scanning (ms):  0,8]
      [Update RS (ms):  3,1]
         [Processed Buffers:  40]
      [Scan RS (ms):  0,1]
      [Code Root Scanning (ms):  0,0]
      [Object Copy (ms):  12,9]
      [Termination (ms):  0,0]
         [Termination Attempts:  1]
      [GC Worker Other (ms):  0,0]
      [GC Worker Total (ms):  16,9]
      [GC Worker End (ms):  55077511,3]
   [Code Root Fixup: 0,0 ms]
   [Code Root Purge: 0,0 ms]
   [Clear CT: 0,1 ms]
   [Other: 0,3 ms]
      [Choose CSet: 0,0 ms]
      [Ref Proc: 0,0 ms]
      [Ref Enq: 0,0 ms]
      [Redirty Cards: 0,0 ms]
      [Humongous Register: 0,0 ms]
      [Humongous Reclaim: 0,0 ms]
      [Free CSet: 0,1 ms]
   [Eden: 481,0M(481,0M)->0,0B(518,0M) Survivors: 4096,0K->4096,0K Heap: 634,9M(1024,0M)->154,2M(1024,0M)]
 [Times: user=0,02 sys=0,00, real=0,02 secs] 
2016-12-22T17:39:30.081+0100: 55385,071: [GC pause (G1 Evacuation Pause) (young), 0,0127355 secs]
   [Parallel Time: 10,5 ms, GC Workers: 1]
      [GC Worker Start (ms):  55385070,6]
      [Ext Root Scanning (ms):  0,7]
      [Update RS (ms):  1,1]
         [Processed Buffers:  37]
      [Scan RS (ms):  0,1]
      [Code Root Scanning (ms):  0,0]
      [Object Copy (ms):  8,5]
      [Termination (ms):  0,0]
         [Termination Attempts:  1]
      [GC Worker Other (ms):  0,0]
      [GC Worker Total (ms):  10,5]
      [GC Worker End (ms):  55385081,1]
   [Code Root Fixup: 0,0 ms]
   [Code Root Purge: 0,0 ms]
   [Clear CT: 0,1 ms]
   [Other: 2,1 ms]
      [Choose CSet: 0,0 ms]
      [Ref Proc: 0,0 ms]
      [Ref Enq: 0,0 ms]
      [Redirty Cards: 0,0 ms]
      [Humongous Register: 0,0 ms]
      [Humongous Reclaim: 0,0 ms]
      [Free CSet: 0,2 ms]
   [Eden: 518,0M(518,0M)->0,0B(610,0M) Survivors: 4096,0K->4096,0K Heap: 672,2M(1024,0M)->154,4M(1024,0M)]
 [Times: user=0,01 sys=0,00, real=0,01 secs] 
2016-12-22T17:41:21.149+0100: 55496,138: [GC pause (G1 Evacuation Pause) (young), 0,0082755 secs]
   [Parallel Time: 7,4 ms, GC Workers: 1]
      [GC Worker Start (ms):  55496138,0]
      [Ext Root Scanning (ms):  0,7]
      [Update RS (ms):  1,0]
         [Processed Buffers:  34]
      [Scan RS (ms):  0,2]
      [Code Root Scanning (ms):  0,0]
      [Object Copy (ms):  5,5]
      [Termination (ms):  0,0]
         [Termination Attempts:  1]
      [GC Worker Other (ms):  0,0]
      [GC Worker Total (ms):  7,4]
      [GC Worker End (ms):  55496145,3]
   [Code Root Fixup: 0,0 ms]
   [Code Root Purge: 0,0 ms]
   [Clear CT: 0,2 ms]
   [Other: 0,7 ms]
      [Choose CSet: 0,0 ms]
      [Ref Proc: 0,0 ms]
      [Ref Enq: 0,0 ms]
      [Redirty Cards: 0,0 ms]
      [Humongous Register: 0,0 ms]
      [Humongous Reclaim: 0,0 ms]
      [Free CSet: 0,2 ms]
   [Eden: 610,0M(610,0M)->0,0B(610,0M) Survivors: 4096,0K->4096,0K Heap: 764,4M(1024,0M)->154,5M(1024,0M)]
 [Times: user=0,00 sys=0,00, real=0,01 secs] 
2016-12-22T17:45:29.392+0100: 55744,381: [GC pause (G1 Evacuation Pause) (young), 0,0118382 secs]
   [Parallel Time: 11,3 ms, GC Workers: 1]
      [GC Worker Start (ms):  55744381,5]
      [Ext Root Scanning (ms):  0,7]
      [Update RS (ms):  1,0]
         [Processed Buffers:  36]
      [Scan RS (ms):  0,2]
      [Code Root Scanning (ms):  0,0]
      [Object Copy (ms):  9,4]
      [Termination (ms):  0,0]
         [Termination Attempts:  1]
      [GC Worker Other (ms):  0,0]
      [GC Worker Total (ms):  11,3]
      [GC Worker End (ms):  55744392,8]
   [Code Root Fixup: 0,0 ms]
   [Code Root Purge: 0,0 ms]
   [Clear CT: 0,2 ms]
   [Other: 0,3 ms]
      [Choose CSet: 0,0 ms]
      [Ref Proc: 0,0 ms]
      [Ref Enq: 0,0 ms]
      [Redirty Cards: 0,0 ms]
      [Humongous Register: 0,0 ms]
      [Humongous Reclaim: 0,0 ms]
      [Free CSet: 0,1 ms]
   [Eden: 610,0M(610,0M)->0,0B(610,0M) Survivors: 4096,0K->4096,0K Heap: 764,5M(1024,0M)->154,5M(1024,0M)]
 [Times: user=0,01 sys=0,00, real=0,01 secs] 
2016-12-22T17:46:22.647+0100: 55797,636: [GC pause (G1 Evacuation Pause) (young), 0,0092373 secs]
   [Parallel Time: 8,8 ms, GC Workers: 1]
      [GC Worker Start (ms):  55797636,2]
      [Ext Root Scanning (ms):  0,7]
      [Update RS (ms):  1,1]
         [Processed Buffers:  33]
      [Scan RS (ms):  0,2]
      [Code Root Scanning (ms):  0,0]
      [Object Copy (ms):  6,7]
      [Termination (ms):  0,0]
         [Termination Attempts:  1]
      [GC Worker Other (ms):  0,0]
      [GC Worker Total (ms):  8,7]
      [GC Worker End (ms):  55797644,9]
   [Code Root Fixup: 0,0 ms]
   [Code Root Purge: 0,0 ms]
   [Clear CT: 0,2 ms]
   [Other: 0,3 ms]
      [Choose CSet: 0,0 ms]
      [Ref Proc: 0,0 ms]
      [Ref Enq: 0,0 ms]
      [Redirty Cards: 0,0 ms]
      [Humongous Register: 0,0 ms]
      [Humongous Reclaim: 0,0 ms]
      [Free CSet: 0,1 ms]
   [Eden: 610,0M(610,0M)->0,0B(610,0M) Survivors: 4096,0K->4096,0K Heap: 764,5M(1024,0M)->154,6M(1024,0M)]
 [Times: user=0,00 sys=0,00, real=0,01 secs] 
2016-12-22T17:47:14.560+0100: 55849,549: [GC pause (G1 Evacuation Pause) (young), 0,0132075 secs]
   [Parallel Time: 12,7 ms, GC Workers: 1]
      [GC Worker Start (ms):  55849549,4]
      [Ext Root Scanning (ms):  0,8]
      [Update RS (ms):  1,0]
         [Processed Buffers:  33]
      [Scan RS (ms):  0,2]
      [Code Root Scanning (ms):  0,0]
      [Object Copy (ms):  10,7]
      [Termination (ms):  0,0]
         [Termination Attempts:  1]
      [GC Worker Other (ms):  0,0]
      [GC Worker Total (ms):  12,7]
      [GC Worker End (ms):  55849562,1]
   [Code Root Fixup: 0,0 ms]
   [Code Root Purge: 0,0 ms]
   [Clear CT: 0,2 ms]
   [Other: 0,3 ms]
      [Choose CSet: 0,0 ms]
      [Ref Proc: 0,0 ms]
      [Ref Enq: 0,0 ms]
      [Redirty Cards: 0,0 ms]
      [Humongous Register: 0,0 ms]
      [Humongous Reclaim: 0,0 ms]
      [Free CSet: 0,1 ms]
   [Eden: 610,0M(610,0M)->0,0B(610,0M) Survivors: 4096,0K->4096,0K Heap: 764,6M(1024,0M)->154,6M(1024,0M)]
 [Times: user=0,01 sys=0,00, real=0,01 secs] 
2016-12-22T17:51:23.625+0100: 56098,614: [GC pause (G1 Evacuation Pause) (young), 0,0247280 secs]
   [Parallel Time: 24,2 ms, GC Workers: 1]
      [GC Worker Start (ms):  56098614,5]
      [Ext Root Scanning (ms):  0,9]
      [Update RS (ms):  1,7]
         [Processed Buffers:  36]
      [Scan RS (ms):  0,2]
      [Code Root Scanning (ms):  0,0]
      [Object Copy (ms):  21,3]
      [Termination (ms):  0,0]
         [Termination Attempts:  1]
      [GC Worker Other (ms):  0,0]
      [GC Worker Total (ms):  24,2]
      [GC Worker End (ms):  56098638,7]
   [Code Root Fixup: 0,0 ms]
   [Code Root Purge: 0,0 ms]
   [Clear CT: 0,2 ms]
   [Other: 0,3 ms]
      [Choose CSet: 0,0 ms]
      [Ref Proc: 0,0 ms]
      [Ref Enq: 0,0 ms]
      [Redirty Cards: 0,0 ms]
      [Humongous Register: 0,0 ms]
      [Humongous Reclaim: 0,0 ms]
      [Free CSet: 0,1 ms]
   [Eden: 610,0M(610,0M)->0,0B(611,0M) Survivors: 4096,0K->3072,0K Heap: 764,6M(1024,0M)->154,3M(1024,0M)]
 [Times: user=0,00 sys=0,00, real=0,03 secs] 
2016-12-22T17:53:15.177+0100: 56210,166: [GC pause (G1 Evacuation Pause) (young), 0,0097298 secs]
   [Parallel Time: 7,2 ms, GC Workers: 1]
      [GC Worker Start (ms):  56210166,0]
      [Ext Root Scanning (ms):  0,7]
      [Update RS (ms):  1,3]
         [Processed Buffers:  37]
      [Scan RS (ms):  0,4]
      [Code Root Scanning (ms):  0,0]
      [Object Copy (ms):  4,8]
      [Termination (ms):  0,0]
         [Termination Attempts:  1]
      [GC Worker Other (ms):  0,0]
      [GC Worker Total (ms):  7,2]
      [GC Worker End (ms):  56210173,2]
   [Code Root Fixup: 0,0 ms]
   [Code Root Purge: 0,0 ms]
   [Clear CT: 0,2 ms]
   [Other: 2,3 ms]
      [Choose CSet: 0,0 ms]
      [Ref Proc: 0,0 ms]
      [Ref Enq: 0,0 ms]
      [Redirty Cards: 0,0 ms]
      [Humongous Register: 0,0 ms]
      [Humongous Reclaim: 0,0 ms]
      [Free CSet: 0,1 ms]
   [Eden: 611,0M(611,0M)->0,0B(611,0M) Survivors: 3072,0K->3072,0K Heap: 765,3M(1024,0M)->154,4M(1024,0M)]
 [Times: user=0,00 sys=0,00, real=0,00 secs] 
2016-12-22T17:55:26.387+0100: 56341,376: [GC pause (G1 Evacuation Pause) (young), 0,0113429 secs]
   [Parallel Time: 10,9 ms, GC Workers: 1]
      [GC Worker Start (ms):  56341376,4]
      [Ext Root Scanning (ms):  0,7]
      [Update RS (ms):  1,0]
         [Processed Buffers:  37]
      [Scan RS (ms):  0,2]
      [Code Root Scanning (ms):  0,0]
      [Object Copy (ms):  9,0]
      [Termination (ms):  0,0]
         [Termination Attempts:  1]
      [GC Worker Other (ms):  0,0]
      [GC Worker Total (ms):  10,9]
      [GC Worker End (ms):  56341387,3]
   [Code Root Fixup: 0,0 ms]
   [Code Root Purge: 0,0 ms]
   [Clear CT: 0,1 ms]
   [Other: 0,3 ms]
      [Choose CSet: 0,0 ms]
      [Ref Proc: 0,0 ms]
      [Ref Enq: 0,0 ms]
      [Redirty Cards: 0,0 ms]
      [Humongous Register: 0,0 ms]
      [Humongous Reclaim: 0,0 ms]
      [Free CSet: 0,1 ms]
   [Eden: 611,0M(611,0M)->0,0B(611,0M) Survivors: 3072,0K->3072,0K Heap: 765,4M(1024,0M)->154,4M(1024,0M)]
 [Times: user=0,00 sys=0,00, real=0,01 secs] 
2016-12-22T17:58:07.366+0100: 56502,356: [GC pause (G1 Evacuation Pause) (young), 0,0248775 secs]
   [Parallel Time: 24,4 ms, GC Workers: 1]
      [GC Worker Start (ms):  56502355,7]
      [Ext Root Scanning (ms):  0,9]
      [Update RS (ms):  1,0]
         [Processed Buffers:  35]
      [Scan RS (ms):  0,2]
      [Code Root Scanning (ms):  0,0]
      [Object Copy (ms):  22,2]
      [Termination (ms):  0,0]
         [Termination Attempts:  1]
      [GC Worker Other (ms):  0,0]
      [GC Worker Total (ms):  24,4]
      [GC Worker End (ms):  56502380,1]
   [Code Root Fixup: 0,0 ms]
   [Code Root Purge: 0,0 ms]
   [Clear CT: 0,1 ms]
   [Other: 0,3 ms]
      [Choose CSet: 0,0 ms]
      [Ref Proc: 0,0 ms]
      [Ref Enq: 0,0 ms]
      [Redirty Cards: 0,0 ms]
      [Humongous Register: 0,0 ms]
      [Humongous Reclaim: 0,0 ms]
      [Free CSet: 0,2 ms]
   [Eden: 611,0M(611,0M)->0,0B(611,0M) Survivors: 3072,0K->3072,0K Heap: 765,4M(1024,0M)->155,0M(1024,0M)]
 [Times: user=0,01 sys=0,00, real=0,03 secs] 
2016-12-22T18:01:20.871+0100: 56695,860: [GC pause (G1 Evacuation Pause) (young), 0,0171605 secs]
   [Parallel Time: 14,6 ms, GC Workers: 1]
      [GC Worker Start (ms):  56695860,0]
      [Ext Root Scanning (ms):  0,7]
      [Update RS (ms):  1,7]
         [Processed Buffers:  42]
      [Scan RS (ms):  0,2]
      [Code Root Scanning (ms):  0,0]
      [Object Copy (ms):  11,9]
      [Termination (ms):  0,0]
         [Termination Attempts:  1]
      [GC Worker Other (ms):  0,0]
      [GC Worker Total (ms):  14,6]
      [GC Worker End (ms):  56695874,6]
   [Code Root Fixup: 0,1 ms]
   [Code Root Purge: 0,0 ms]
   [Clear CT: 0,1 ms]
   [Other: 2,3 ms]
      [Choose CSet: 0,0 ms]
      [Ref Proc: 0,0 ms]
      [Ref Enq: 0,0 ms]
      [Redirty Cards: 0,0 ms]
      [Humongous Register: 0,0 ms]
      [Humongous Reclaim: 0,0 ms]
      [Free CSet: 0,2 ms]
   [Eden: 611,0M(611,0M)->0,0B(452,0M) Survivors: 3072,0K->4096,0K Heap: 766,0M(1024,0M)->155,9M(1024,0M)]
 [Times: user=0,01 sys=0,00, real=0,02 secs] 
2016-12-22T18:01:32.355+0100: 56707,344: [GC pause (G1 Evacuation Pause) (young), 0,0120996 secs]
   [Parallel Time: 11,7 ms, GC Workers: 1]
      [GC Worker Start (ms):  56707343,8]
      [Ext Root Scanning (ms):  0,6]
      [Update RS (ms):  0,9]
         [Processed Buffers:  28]
      [Scan RS (ms):  0,1]
      [Code Root Scanning (ms):  0,0]
      [Object Copy (ms):  10,0]
      [Termination (ms):  0,0]
         [Termination Attempts:  1]
      [GC Worker Other (ms):  0,0]
      [GC Worker Total (ms):  11,7]
      [GC Worker End (ms):  56707355,5]
   [Code Root Fixup: 0,0 ms]
   [Code Root Purge: 0,0 ms]
   [Clear CT: 0,1 ms]
   [Other: 0,2 ms]
      [Choose CSet: 0,0 ms]
      [Ref Proc: 0,0 ms]
      [Ref Enq: 0,0 ms]
      [Redirty Cards: 0,0 ms]
      [Humongous Register: 0,0 ms]
      [Humongous Reclaim: 0,0 ms]
      [Free CSet: 0,1 ms]
   [Eden: 452,0M(452,0M)->0,0B(610,0M) Survivors: 4096,0K->4096,0K Heap: 607,9M(1024,0M)->156,2M(1024,0M)]
 [Times: user=0,01 sys=0,00, real=0,01 secs] 
2016-12-22T18:01:44.141+0100: 56719,130: [GC pause (G1 Evacuation Pause) (young), 0,0130032 secs]
   [Parallel Time: 12,1 ms, GC Workers: 1]
      [GC Worker Start (ms):  56719130,5]
      [Ext Root Scanning (ms):  0,7]
      [Update RS (ms):  1,4]
         [Processed Buffers:  29]
      [Scan RS (ms):  0,2]
      [Code Root Scanning (ms):  0,0]
      [Object Copy (ms):  9,9]
      [Termination (ms):  0,0]
         [Termination Attempts:  1]
      [GC Worker Other (ms):  0,0]
      [GC Worker Total (ms):  12,1]
      [GC Worker End (ms):  56719142,6]
   [Code Root Fixup: 0,0 ms]
   [Code Root Purge: 0,0 ms]
   [Clear CT: 0,1 ms]
   [Other: 0,7 ms]
      [Choose CSet: 0,0 ms]
      [Ref Proc: 0,0 ms]
      [Ref Enq: 0,0 ms]
      [Redirty Cards: 0,0 ms]
      [Humongous Register: 0,0 ms]
      [Humongous Reclaim: 0,0 ms]
      [Free CSet: 0,1 ms]
   [Eden: 610,0M(610,0M)->0,0B(610,0M) Survivors: 4096,0K->4096,0K Heap: 766,2M(1024,0M)->156,5M(1024,0M)]
 [Times: user=0,00 sys=0,00, real=0,01 secs] 
2016-12-22T18:01:53.946+0100: 56728,935: [GC pause (G1 Evacuation Pause) (young), 0,0109313 secs]
   [Parallel Time: 10,5 ms, GC Workers: 1]
      [GC Worker Start (ms):  56728935,2]
      [Ext Root Scanning (ms):  0,8]
      [Update RS (ms):  1,1]
         [Processed Buffers:  27]
      [Scan RS (ms):  0,2]
      [Code Root Scanning (ms):  0,0]
      [Object Copy (ms):  8,3]
      [Termination (ms):  0,0]
         [Termination Attempts:  1]
      [GC Worker Other (ms):  0,0]
      [GC Worker Total (ms):  10,5]
      [GC Worker End (ms):  56728945,6]
   [Code Root Fixup: 0,0 ms]
   [Code Root Purge: 0,0 ms]
   [Clear CT: 0,1 ms]
   [Other: 0,3 ms]
      [Choose CSet: 0,0 ms]
      [Ref Proc: 0,0 ms]
      [Ref Enq: 0,0 ms]
      [Redirty Cards: 0,0 ms]
      [Humongous Register: 0,0 ms]
      [Humongous Reclaim: 0,0 ms]
      [Free CSet: 0,1 ms]
   [Eden: 610,0M(610,0M)->0,0B(610,0M) Survivors: 4096,0K->4096,0K Heap: 766,5M(1024,0M)->156,6M(1024,0M)]
 [Times: user=0,01 sys=0,00, real=0,02 secs] 
2016-12-22T18:03:43.032+0100: 56838,021: [GC pause (G1 Evacuation Pause) (young), 0,0094850 secs]
   [Parallel Time: 7,0 ms, GC Workers: 1]
      [GC Worker Start (ms):  56838020,7]
      [Ext Root Scanning (ms):  0,7]
      [Update RS (ms):  1,2]
         [Processed Buffers:  38]
      [Scan RS (ms):  0,2]
      [Code Root Scanning (ms):  0,0]
      [Object Copy (ms):  4,9]
      [Termination (ms):  0,0]
         [Termination Attempts:  1]
      [GC Worker Other (ms):  0,0]
      [GC Worker Total (ms):  7,0]
      [GC Worker End (ms):  56838027,7]
   [Code Root Fixup: 0,0 ms]
   [Code Root Purge: 0,0 ms]
   [Clear CT: 0,3 ms]
   [Other: 2,1 ms]
      [Choose CSet: 0,0 ms]
      [Ref Proc: 0,0 ms]
      [Ref Enq: 0,0 ms]
      [Redirty Cards: 0,0 ms]
      [Humongous Register: 0,0 ms]
      [Humongous Reclaim: 0,0 ms]
      [Free CSet: 0,2 ms]
   [Eden: 610,0M(610,0M)->0,0B(610,0M) Survivors: 4096,0K->4096,0K Heap: 766,6M(1024,0M)->156,7M(1024,0M)]
 [Times: user=0,01 sys=0,00, real=0,01 secs] 
2016-12-22T18:05:10.854+0100: 56925,843: [GC pause (G1 Evacuation Pause) (young), 0,0134238 secs]
   [Parallel Time: 12,4 ms, GC Workers: 1]
      [GC Worker Start (ms):  56925843,4]
      [Ext Root Scanning (ms):  0,8]
      [Update RS (ms):  1,0]
         [Processed Buffers:  35]
      [Scan RS (ms):  0,2]
      [Code Root Scanning (ms):  0,0]
      [Object Copy (ms):  10,3]
      [Termination (ms):  0,0]
         [Termination Attempts:  1]
      [GC Worker Other (ms):  0,0]
      [GC Worker Total (ms):  12,4]
      [GC Worker End (ms):  56925855,7]
   [Code Root Fixup: 0,0 ms]
   [Code Root Purge: 0,0 ms]
   [Clear CT: 0,1 ms]
   [Other: 0,9 ms]
      [Choose CSet: 0,0 ms]
      [Ref Proc: 0,0 ms]
      [Ref Enq: 0,0 ms]
      [Redirty Cards: 0,0 ms]
      [Humongous Register: 0,0 ms]
      [Humongous Reclaim: 0,0 ms]
      [Free CSet: 0,2 ms]
   [Eden: 610,0M(610,0M)->0,0B(610,0M) Survivors: 4096,0K->4096,0K Heap: 766,7M(1024,0M)->156,8M(1024,0M)]
 [Times: user=0,00 sys=0,00, real=0,02 secs] 
2016-12-22T18:05:21.954+0100: 56936,943: [GC pause (G1 Evacuation Pause) (young), 0,0128342 secs]
   [Parallel Time: 12,4 ms, GC Workers: 1]
      [GC Worker Start (ms):  56936943,0]
      [Ext Root Scanning (ms):  0,7]
      [Update RS (ms):  1,1]
         [Processed Buffers:  29]
      [Scan RS (ms):  0,2]
      [Code Root Scanning (ms):  0,0]
      [Object Copy (ms):  10,4]
      [Termination (ms):  0,0]
         [Termination Attempts:  1]
      [GC Worker Other (ms):  0,0]
      [GC Worker Total (ms):  12,4]
      [GC Worker End (ms):  56936955,3]
   [Code Root Fixup: 0,0 ms]
   [Code Root Purge: 0,0 ms]
   [Clear CT: 0,1 ms]
   [Other: 0,3 ms]
      [Choose CSet: 0,0 ms]
      [Ref Proc: 0,0 ms]
      [Ref Enq: 0,0 ms]
      [Redirty Cards: 0,0 ms]
      [Humongous Register: 0,0 ms]
      [Humongous Reclaim: 0,0 ms]
      [Free CSet: 0,1 ms]
   [Eden: 610,0M(610,0M)->0,0B(610,0M) Survivors: 4096,0K->4096,0K Heap: 766,8M(1024,0M)->156,8M(1024,0M)]
 [Times: user=0,01 sys=0,00, real=0,01 secs] 
2016-12-22T18:05:31.637+0100: 56946,626: [GC pause (G1 Evacuation Pause) (young), 0,0108799 secs]
   [Parallel Time: 10,4 ms, GC Workers: 1]
      [GC Worker Start (ms):  56946625,8]
      [Ext Root Scanning (ms):  0,8]
      [Update RS (ms):  1,1]
         [Processed Buffers:  30]
      [Scan RS (ms):  0,2]
      [Code Root Scanning (ms):  0,0]
      [Object Copy (ms):  5,4]
      [Termination (ms):  0,0]
         [Termination Attempts:  1]
      [GC Worker Other (ms):  0,0]
      [GC Worker Total (ms):  7,5]
      [GC Worker End (ms):  56946633,2]
   [Code Root Fixup: 0,0 ms]
   [Code Root Purge: 0,0 ms]
   [Clear CT: 0,1 ms]
   [Other: 0,3 ms]
      [Choose CSet: 0,0 ms]
      [Ref Proc: 0,0 ms]
      [Ref Enq: 0,0 ms]
      [Redirty Cards: 0,0 ms]
      [Humongous Register: 0,0 ms]
      [Humongous Reclaim: 0,0 ms]
      [Free CSet: 0,1 ms]
   [Eden: 610,0M(610,0M)->0,0B(611,0M) Survivors: 4096,0K->3072,0K Heap: 766,8M(1024,0M)->156,3M(1024,0M)]
 [Times: user=0,01 sys=0,00, real=0,01 secs] 
2016-12-22T18:07:01.191+0100: 57036,180: [GC pause (G1 Evacuation Pause) (young), 0,0075972 secs]
   [Parallel Time: 7,2 ms, GC Workers: 1]
      [GC Worker Start (ms):  57036180,3]
      [Ext Root Scanning (ms):  0,6]
      [Update RS (ms):  1,0]
         [Processed Buffers:  36]
      [Scan RS (ms):  0,2]
      [Code Root Scanning (ms):  0,0]
      [Object Copy (ms):  5,3]
      [Termination (ms):  0,0]
         [Termination Attempts:  1]
      [GC Worker Other (ms):  0,0]
      [GC Worker Total (ms):  7,2]
      [GC Worker End (ms):  57036187,5]
   [Code Root Fixup: 0,0 ms]
   [Code Root Purge: 0,0 ms]
   [Clear CT: 0,1 ms]
   [Other: 0,2 ms]
      [Choose CSet: 0,0 ms]
      [Ref Proc: 0,0 ms]
      [Ref Enq: 0,0 ms]
      [Redirty Cards: 0,0 ms]
      [Humongous Register: 0,0 ms]
      [Humongous Reclaim: 0,0 ms]
      [Free CSet: 0,1 ms]
   [Eden: 611,0M(611,0M)->0,0B(610,0M) Survivors: 3072,0K->4096,0K Heap: 767,3M(1024,0M)->156,8M(1024,0M)]
 [Times: user=0,01 sys=0,00, real=0,01 secs] 
2016-12-22T18:40:52.076+0100: 59067,066: [GC pause (G1 Evacuation Pause) (young), 0,0069243 secs]
   [Parallel Time: 6,4 ms, GC Workers: 1]
      [GC Worker Start (ms):  59067065,6]
      [Ext Root Scanning (ms):  0,6]
      [Update RS (ms):  1,2]
         [Processed Buffers:  40]
      [Scan RS (ms):  0,2]
      [Code Root Scanning (ms):  0,0]
      [Object Copy (ms):  4,4]
      [Termination (ms):  0,0]
         [Termination Attempts:  1]
      [GC Worker Other (ms):  0,0]
      [GC Worker Total (ms):  6,4]
      [GC Worker End (ms):  59067071,9]
   [Code Root Fixup: 0,0 ms]
   [Code Root Purge: 0,0 ms]
   [Clear CT: 0,2 ms]
   [Other: 0,4 ms]
      [Choose CSet: 0,0 ms]
      [Ref Proc: 0,1 ms]
      [Ref Enq: 0,0 ms]
      [Redirty Cards: 0,0 ms]
      [Humongous Register: 0,0 ms]
      [Humongous Reclaim: 0,0 ms]
      [Free CSet: 0,1 ms]
   [Eden: 610,0M(610,0M)->0,0B(610,0M) Survivors: 4096,0K->4096,0K Heap: 766,8M(1024,0M)->156,8M(1024,0M)]
 [Times: user=0,01 sys=0,00, real=0,00 secs] 
2016-12-22T19:06:44.067+0100: 60619,056: [GC pause (G1 Evacuation Pause) (young), 0,0127548 secs]
   [Parallel Time: 12,2 ms, GC Workers: 1]
      [GC Worker Start (ms):  60619056,1]
      [Ext Root Scanning (ms):  0,7]
      [Update RS (ms):  1,2]
         [Processed Buffers:  40]
      [Scan RS (ms):  0,2]
      [Code Root Scanning (ms):  0,0]
      [Object Copy (ms):  7,9]
      [Termination (ms):  0,0]
         [Termination Attempts:  1]
      [GC Worker Other (ms):  0,0]
      [GC Worker Total (ms):  10,0]
      [GC Worker End (ms):  60619066,0]
   [Code Root Fixup: 0,1 ms]
   [Code Root Purge: 0,0 ms]
   [Clear CT: 0,1 ms]
   [Other: 0,4 ms]
      [Choose CSet: 0,0 ms]
      [Ref Proc: 0,1 ms]
      [Ref Enq: 0,0 ms]
      [Redirty Cards: 0,0 ms]
      [Humongous Register: 0,0 ms]
      [Humongous Reclaim: 0,0 ms]
      [Free CSet: 0,1 ms]
   [Eden: 610,0M(610,0M)->0,0B(610,0M) Survivors: 4096,0K->4096,0K Heap: 766,8M(1024,0M)->156,8M(1024,0M)]
 [Times: user=0,01 sys=0,00, real=0,02 secs] 
2016-12-22T19:06:56.120+0100: 60631,109: [GC pause (G1 Evacuation Pause) (young), 0,0090136 secs]
   [Parallel Time: 8,6 ms, GC Workers: 1]
      [GC Worker Start (ms):  60631109,0]
      [Ext Root Scanning (ms):  0,7]
      [Update RS (ms):  1,1]
         [Processed Buffers:  31]
      [Scan RS (ms):  0,2]
      [Code Root Scanning (ms):  0,0]
      [Object Copy (ms):  6,6]
      [Termination (ms):  0,0]
         [Termination Attempts:  1]
      [GC Worker Other (ms):  0,0]
      [GC Worker Total (ms):  8,6]
      [GC Worker End (ms):  60631117,6]
   [Code Root Fixup: 0,0 ms]
   [Code Root Purge: 0,0 ms]
   [Clear CT: 0,1 ms]
   [Other: 0,3 ms]
      [Choose CSet: 0,0 ms]
      [Ref Proc: 0,0 ms]
      [Ref Enq: 0,0 ms]
      [Redirty Cards: 0,0 ms]
      [Humongous Register: 0,0 ms]
      [Humongous Reclaim: 0,0 ms]
      [Free CSet: 0,1 ms]
   [Eden: 610,0M(610,0M)->0,0B(610,0M) Survivors: 4096,0K->4096,0K Heap: 766,8M(1024,0M)->156,9M(1024,0M)]
 [Times: user=0,01 sys=0,00, real=0,01 secs] 
2016-12-22T19:15:39.090+0100: 61154,079: [GC pause (G1 Evacuation Pause) (young), 0,0145324 secs]
   [Parallel Time: 13,4 ms, GC Workers: 1]
      [GC Worker Start (ms):  61154079,3]
      [Ext Root Scanning (ms):  0,7]
      [Update RS (ms):  1,5]
         [Processed Buffers:  39]
      [Scan RS (ms):  0,2]
      [Code Root Scanning (ms):  0,0]
      [Object Copy (ms):  10,9]
      [Termination (ms):  0,0]
         [Termination Attempts:  1]
      [GC Worker Other (ms):  0,0]
      [GC Worker Total (ms):  13,3]
      [GC Worker End (ms):  61154092,6]
   [Code Root Fixup: 0,0 ms]
   [Code Root Purge: 0,0 ms]
   [Clear CT: 0,1 ms]
   [Other: 0,9 ms]
      [Choose CSet: 0,0 ms]
      [Ref Proc: 0,1 ms]
      [Ref Enq: 0,0 ms]
      [Redirty Cards: 0,0 ms]
      [Humongous Register: 0,0 ms]
      [Humongous Reclaim: 0,0 ms]
      [Free CSet: 0,1 ms]
   [Eden: 610,0M(610,0M)->0,0B(610,0M) Survivors: 4096,0K->4096,0K Heap: 766,9M(1024,0M)->157,4M(1024,0M)]
 [Times: user=0,01 sys=0,00, real=0,01 secs] 
2016-12-22T22:45:32.370+0100: 62238,659: [GC pause (G1 Evacuation Pause) (young), 0,0690016 secs]
   [Parallel Time: 68,5 ms, GC Workers: 1]
      [GC Worker Start (ms):  62238658,6]
      [Ext Root Scanning (ms):  1,3]
      [Update RS (ms):  1,7]
         [Processed Buffers:  43]
      [Scan RS (ms):  0,2]
      [Code Root Scanning (ms):  0,0]
      [Object Copy (ms):  65,2]
      [Termination (ms):  0,0]
         [Termination Attempts:  1]
      [GC Worker Other (ms):  0,0]
      [GC Worker Total (ms):  68,5]
      [GC Worker End (ms):  62238727,1]
   [Code Root Fixup: 0,0 ms]
   [Code Root Purge: 0,0 ms]
   [Clear CT: 0,2 ms]
   [Other: 0,3 ms]
      [Choose CSet: 0,0 ms]
      [Ref Proc: 0,1 ms]
      [Ref Enq: 0,0 ms]
      [Redirty Cards: 0,0 ms]
      [Humongous Register: 0,0 ms]
      [Humongous Reclaim: 0,0 ms]
      [Free CSet: 0,1 ms]
   [Eden: 610,0M(610,0M)->0,0B(47,0M) Survivors: 4096,0K->4096,0K Heap: 767,4M(1024,0M)->157,4M(1024,0M)]
 [Times: user=0,01 sys=0,01, real=0,08 secs] 
2016-12-22T22:45:32.744+0100: 62239,032: [GC pause (G1 Evacuation Pause) (young), 0,0362031 secs]
   [Parallel Time: 36,0 ms, GC Workers: 1]
      [GC Worker Start (ms):  62239032,2]
      [Ext Root Scanning (ms):  0,8]
      [Update RS (ms):  1,3]
         [Processed Buffers:  24]
      [Scan RS (ms):  0,0]
      [Code Root Scanning (ms):  0,0]
      [Object Copy (ms):  33,8]
      [Termination (ms):  0,0]
         [Termination Attempts:  1]
      [GC Worker Other (ms):  0,0]
      [GC Worker Total (ms):  35,9]
      [GC Worker End (ms):  62239068,2]
   [Code Root Fixup: 0,0 ms]
   [Code Root Purge: 0,0 ms]
   [Clear CT: 0,0 ms]
   [Other: 0,2 ms]
      [Choose CSet: 0,0 ms]
      [Ref Proc: 0,0 ms]
      [Ref Enq: 0,0 ms]
      [Redirty Cards: 0,0 ms]
      [Humongous Register: 0,0 ms]
      [Humongous Reclaim: 0,0 ms]
      [Free CSet: 0,0 ms]
   [Eden: 47,0M(47,0M)->0,0B(47,0M) Survivors: 4096,0K->4096,0K Heap: 204,4M(1024,0M)->157,4M(1024,0M)]
 [Times: user=0,01 sys=0,00, real=0,04 secs] 
2016-12-22T22:45:32.855+0100: 62239,144: [GC pause (G1 Evacuation Pause) (young), 0,0134276 secs]
   [Parallel Time: 13,2 ms, GC Workers: 1]
      [GC Worker Start (ms):  62239144,0]
      [Ext Root Scanning (ms):  0,8]
      [Update RS (ms):  1,3]
         [Processed Buffers:  16]
      [Scan RS (ms):  0,0]
      [Code Root Scanning (ms):  0,0]
      [Object Copy (ms):  11,1]
      [Termination (ms):  0,0]
         [Termination Attempts:  1]
      [GC Worker Other (ms):  0,0]
      [GC Worker Total (ms):  13,2]
      [GC Worker End (ms):  62239157,1]
   [Code Root Fixup: 0,0 ms]
   [Code Root Purge: 0,0 ms]
   [Clear CT: 0,0 ms]
   [Other: 0,2 ms]
      [Choose CSet: 0,0 ms]
      [Ref Proc: 0,0 ms]
      [Ref Enq: 0,0 ms]
      [Redirty Cards: 0,0 ms]
      [Humongous Register: 0,0 ms]
      [Humongous Reclaim: 0,0 ms]
      [Free CSet: 0,0 ms]
   [Eden: 47,0M(47,0M)->0,0B(47,0M) Survivors: 4096,0K->4096,0K Heap: 204,4M(1024,0M)->157,6M(1024,0M)]
 [Times: user=0,01 sys=0,00, real=0,01 secs] 
2016-12-22T22:47:29.128+0100: 62355,416: [GC pause (G1 Evacuation Pause) (young), 0,0238801 secs]
   [Parallel Time: 23,4 ms, GC Workers: 1]
      [GC Worker Start (ms):  62355416,6]
      [Ext Root Scanning (ms):  2,2]
      [Update RS (ms):  8,2]
         [Processed Buffers:  39]
      [Scan RS (ms):  0,0]
      [Code Root Scanning (ms):  0,1]
      [Object Copy (ms):  12,8]
      [Termination (ms):  0,0]
         [Termination Attempts:  1]
      [GC Worker Other (ms):  0,0]
      [GC Worker Total (ms):  23,4]
      [GC Worker End (ms):  62355440,0]
   [Code Root Fixup: 0,0 ms]
   [Code Root Purge: 0,0 ms]
   [Clear CT: 0,0 ms]
   [Other: 0,4 ms]
      [Choose CSet: 0,0 ms]
      [Ref Proc: 0,0 ms]
      [Ref Enq: 0,0 ms]
      [Redirty Cards: 0,0 ms]
      [Humongous Register: 0,0 ms]
      [Humongous Reclaim: 0,0 ms]
      [Free CSet: 0,1 ms]
   [Eden: 47,0M(47,0M)->0,0B(47,0M) Survivors: 4096,0K->4096,0K Heap: 204,6M(1024,0M)->157,6M(1024,0M)]
 [Times: user=0,03 sys=0,00, real=0,02 secs] 
2016-12-22T22:50:31.905+0100: 62538,194: [GC pause (G1 Evacuation Pause) (young), 0,0095927 secs]
   [Parallel Time: 7,3 ms, GC Workers: 1]
      [GC Worker Start (ms):  62538194,0]
      [Ext Root Scanning (ms):  0,6]
      [Update RS (ms):  1,1]
         [Processed Buffers:  34]
      [Scan RS (ms):  0,0]
      [Code Root Scanning (ms):  0,0]
      [Object Copy (ms):  5,5]
      [Termination (ms):  0,0]
         [Termination Attempts:  1]
      [GC Worker Other (ms):  0,0]
      [GC Worker Total (ms):  7,3]
      [GC Worker End (ms):  62538201,3]
   [Code Root Fixup: 0,0 ms]
   [Code Root Purge: 0,0 ms]
   [Clear CT: 0,0 ms]
   [Other: 2,3 ms]
      [Choose CSet: 0,0 ms]
      [Ref Proc: 0,0 ms]
      [Ref Enq: 0,0 ms]
      [Redirty Cards: 0,0 ms]
      [Humongous Register: 0,0 ms]
      [Humongous Reclaim: 0,0 ms]
      [Free CSet: 0,0 ms]
   [Eden: 47,0M(47,0M)->0,0B(46,0M) Survivors: 4096,0K->5120,0K Heap: 204,6M(1024,0M)->158,1M(1024,0M)]
 [Times: user=0,00 sys=0,00, real=0,01 secs] 
2016-12-22T22:53:34.535+0100: 62720,824: [GC pause (G1 Evacuation Pause) (young), 0,0248373 secs]
   [Parallel Time: 24,6 ms, GC Workers: 1]
      [GC Worker Start (ms):  62720823,9]
      [Ext Root Scanning (ms):  0,7]
      [Update RS (ms):  1,1]
         [Processed Buffers:  36]
      [Scan RS (ms):  0,0]
      [Code Root Scanning (ms):  0,0]
      [Object Copy (ms):  22,7]
      [Termination (ms):  0,0]
         [Termination Attempts:  1]
      [GC Worker Other (ms):  0,0]
      [GC Worker Total (ms):  24,6]
      [GC Worker End (ms):  62720848,5]
   [Code Root Fixup: 0,0 ms]
   [Code Root Purge: 0,0 ms]
   [Clear CT: 0,0 ms]
   [Other: 0,2 ms]
      [Choose CSet: 0,0 ms]
      [Ref Proc: 0,0 ms]
      [Ref Enq: 0,0 ms]
      [Redirty Cards: 0,0 ms]
      [Humongous Register: 0,0 ms]
      [Humongous Reclaim: 0,0 ms]
      [Free CSet: 0,0 ms]
   [Eden: 46,0M(46,0M)->0,0B(47,0M) Survivors: 5120,0K->4096,0K Heap: 204,1M(1024,0M)->158,1M(1024,0M)]
 [Times: user=0,00 sys=0,00, real=0,03 secs] 
2016-12-22T22:53:57.264+0100: 62743,553: [GC pause (G1 Evacuation Pause) (young), 0,0093734 secs]
   [Parallel Time: 9,1 ms, GC Workers: 1]
      [GC Worker Start (ms):  62743552,7]
      [Ext Root Scanning (ms):  0,8]
      [Update RS (ms):  2,1]
         [Processed Buffers:  40]
      [Scan RS (ms):  0,0]
      [Code Root Scanning (ms):  0,0]
      [Object Copy (ms):  6,2]
      [Termination (ms):  0,0]
         [Termination Attempts:  1]
      [GC Worker Other (ms):  0,0]
      [GC Worker Total (ms):  9,1]
      [GC Worker End (ms):  62743561,8]
   [Code Root Fixup: 0,0 ms]
   [Code Root Purge: 0,0 ms]
   [Clear CT: 0,0 ms]
   [Other: 0,2 ms]
      [Choose CSet: 0,0 ms]
      [Ref Proc: 0,0 ms]
      [Ref Enq: 0,0 ms]
      [Redirty Cards: 0,0 ms]
      [Humongous Register: 0,0 ms]
      [Humongous Reclaim: 0,0 ms]
      [Free CSet: 0,0 ms]
   [Eden: 47,0M(47,0M)->0,0B(48,0M) Survivors: 4096,0K->3072,0K Heap: 205,1M(1024,0M)->157,6M(1024,0M)]
 [Times: user=0,01 sys=0,00, real=0,01 secs] 
2016-12-22T22:54:05.266+0100: 62751,554: [GC pause (G1 Evacuation Pause) (young), 0,0088300 secs]
   [Parallel Time: 8,6 ms, GC Workers: 1]
      [GC Worker Start (ms):  62751554,3]
      [Ext Root Scanning (ms):  0,7]
      [Update RS (ms):  0,9]
         [Processed Buffers:  25]
      [Scan RS (ms):  0,0]
      [Code Root Scanning (ms):  0,0]
      [Object Copy (ms):  3,2]
      [Termination (ms):  0,0]
         [Termination Attempts:  1]
      [GC Worker Other (ms):  0,0]
      [GC Worker Total (ms):  4,9]
      [GC Worker End (ms):  62751559,2]
   [Code Root Fixup: 0,0 ms]
   [Code Root Purge: 0,0 ms]
   [Clear CT: 0,0 ms]
   [Other: 0,2 ms]
      [Choose CSet: 0,0 ms]
      [Ref Proc: 0,0 ms]
      [Ref Enq: 0,0 ms]
      [Redirty Cards: 0,0 ms]
      [Humongous Register: 0,0 ms]
      [Humongous Reclaim: 0,0 ms]
      [Free CSet: 0,0 ms]
   [Eden: 48,0M(48,0M)->0,0B(86,0M) Survivors: 3072,0K->3072,0K Heap: 205,6M(1024,0M)->157,6M(1024,0M)]
 [Times: user=0,01 sys=0,00, real=0,01 secs] 
2016-12-22T22:54:35.885+0100: 62782,174: [GC pause (G1 Evacuation Pause) (young), 0,0183924 secs]
   [Parallel Time: 17,9 ms, GC Workers: 1]
      [GC Worker Start (ms):  62782174,0]
      [Ext Root Scanning (ms):  2,0]
      [Update RS (ms):  4,0]
         [Processed Buffers:  32]
      [Scan RS (ms):  0,1]
      [Code Root Scanning (ms):  0,1]
      [Object Copy (ms):  11,8]
      [Termination (ms):  0,0]
         [Termination Attempts:  1]
      [GC Worker Other (ms):  0,0]
      [GC Worker Total (ms):  17,9]
      [GC Worker End (ms):  62782191,9]
   [Code Root Fixup: 0,1 ms]
   [Code Root Purge: 0,0 ms]
   [Clear CT: 0,0 ms]
   [Other: 0,4 ms]
      [Choose CSet: 0,0 ms]
      [Ref Proc: 0,0 ms]
      [Ref Enq: 0,0 ms]
      [Redirty Cards: 0,0 ms]
      [Humongous Register: 0,0 ms]
      [Humongous Reclaim: 0,0 ms]
      [Free CSet: 0,1 ms]
   [Eden: 86,0M(86,0M)->0,0B(65,0M) Survivors: 3072,0K->3072,0K Heap: 243,6M(1024,0M)->157,6M(1024,0M)]
 [Times: user=0,02 sys=0,00, real=0,02 secs] 
2016-12-22T22:55:03.676+0100: 62809,965: [GC pause (G1 Evacuation Pause) (young), 0,0139291 secs]
   [Parallel Time: 13,7 ms, GC Workers: 1]
      [GC Worker Start (ms):  62809964,8]
      [Ext Root Scanning (ms):  0,8]
      [Update RS (ms):  0,9]
         [Processed Buffers:  32]
      [Scan RS (ms):  0,0]
      [Code Root Scanning (ms):  0,0]
      [Object Copy (ms):  11,9]
      [Termination (ms):  0,0]
         [Termination Attempts:  1]
      [GC Worker Other (ms):  0,0]
      [GC Worker Total (ms):  13,7]
      [GC Worker End (ms):  62809978,5]
   [Code Root Fixup: 0,0 ms]
   [Code Root Purge: 0,0 ms]
   [Clear CT: 0,0 ms]
   [Other: 0,2 ms]
      [Choose CSet: 0,0 ms]
      [Ref Proc: 0,0 ms]
      [Ref Enq: 0,0 ms]
      [Redirty Cards: 0,0 ms]
      [Humongous Register: 0,0 ms]
      [Humongous Reclaim: 0,0 ms]
      [Free CSet: 0,0 ms]
   [Eden: 65,0M(65,0M)->0,0B(70,0M) Survivors: 3072,0K->4096,0K Heap: 222,6M(1024,0M)->158,1M(1024,0M)]
 [Times: user=0,01 sys=0,00, real=0,01 secs] 
2016-12-22T22:55:15.651+0100: 62821,939: [GC pause (G1 Evacuation Pause) (young), 0,0080198 secs]
   [Parallel Time: 7,8 ms, GC Workers: 1]
      [GC Worker Start (ms):  62821939,4]
      [Ext Root Scanning (ms):  0,7]
      [Update RS (ms):  1,0]
         [Processed Buffers:  28]
      [Scan RS (ms):  0,0]
      [Code Root Scanning (ms):  0,0]
      [Object Copy (ms):  6,1]
      [Termination (ms):  0,0]
         [Termination Attempts:  1]
      [GC Worker Other (ms):  0,0]
      [GC Worker Total (ms):  7,8]
      [GC Worker End (ms):  62821947,2]
   [Code Root Fixup: 0,0 ms]
   [Code Root Purge: 0,0 ms]
   [Clear CT: 0,0 ms]
   [Other: 0,2 ms]
      [Choose CSet: 0,0 ms]
      [Ref Proc: 0,0 ms]
      [Ref Enq: 0,0 ms]
      [Redirty Cards: 0,0 ms]
      [Humongous Register: 0,0 ms]
      [Humongous Reclaim: 0,0 ms]
      [Free CSet: 0,0 ms]
   [Eden: 70,0M(70,0M)->0,0B(99,0M) Survivors: 4096,0K->3072,0K Heap: 228,1M(1024,0M)->157,6M(1024,0M)]
 [Times: user=0,01 sys=0,00, real=0,01 secs] 
2016-12-22T22:55:32.639+0100: 62838,928: [GC pause (G1 Evacuation Pause) (young), 0,0074470 secs]
   [Parallel Time: 7,2 ms, GC Workers: 1]
      [GC Worker Start (ms):  62838928,0]
      [Ext Root Scanning (ms):  0,7]
      [Update RS (ms):  1,0]
         [Processed Buffers:  29]
      [Scan RS (ms):  0,0]
      [Code Root Scanning (ms):  0,0]
      [Object Copy (ms):  5,5]
      [Termination (ms):  0,0]
         [Termination Attempts:  1]
      [GC Worker Other (ms):  0,0]
      [GC Worker Total (ms):  7,2]
      [GC Worker End (ms):  62838935,2]
   [Code Root Fixup: 0,0 ms]
   [Code Root Purge: 0,0 ms]
   [Clear CT: 0,0 ms]
   [Other: 0,2 ms]
      [Choose CSet: 0,0 ms]
      [Ref Proc: 0,0 ms]
      [Ref Enq: 0,0 ms]
      [Redirty Cards: 0,0 ms]
      [Humongous Register: 0,0 ms]
      [Humongous Reclaim: 0,0 ms]
      [Free CSet: 0,0 ms]
   [Eden: 99,0M(99,0M)->0,0B(137,0M) Survivors: 3072,0K->3072,0K Heap: 256,6M(1024,0M)->157,6M(1024,0M)]
 [Times: user=0,01 sys=0,00, real=0,00 secs] 
2016-12-22T22:55:56.601+0100: 62862,890: [GC pause (G1 Evacuation Pause) (young), 0,0130976 secs]
   [Parallel Time: 12,8 ms, GC Workers: 1]
      [GC Worker Start (ms):  62862889,6]
      [Ext Root Scanning (ms):  1,0]
      [Update RS (ms):  1,4]
         [Processed Buffers:  32]
      [Scan RS (ms):  0,0]
      [Code Root Scanning (ms):  0,0]
      [Object Copy (ms):  10,3]
      [Termination (ms):  0,0]
         [Termination Attempts:  1]
      [GC Worker Other (ms):  0,0]
      [GC Worker Total (ms):  12,8]
      [GC Worker End (ms):  62862902,4]
   [Code Root Fixup: 0,0 ms]
   [Code Root Purge: 0,0 ms]
   [Clear CT: 0,0 ms]
   [Other: 0,2 ms]
      [Choose CSet: 0,0 ms]
      [Ref Proc: 0,0 ms]
      [Ref Enq: 0,0 ms]
      [Redirty Cards: 0,0 ms]
      [Humongous Register: 0,0 ms]
      [Humongous Reclaim: 0,0 ms]
      [Free CSet: 0,1 ms]
   [Eden: 137,0M(137,0M)->0,0B(151,0M) Survivors: 3072,0K->3072,0K Heap: 294,6M(1024,0M)->157,6M(1024,0M)]
 [Times: user=0,00 sys=0,00, real=0,01 secs] 
2016-12-22T22:56:22.593+0100: 62888,882: [GC pause (G1 Evacuation Pause) (young), 0,0094894 secs]
   [Parallel Time: 9,2 ms, GC Workers: 1]
      [GC Worker Start (ms):  62888882,0]
      [Ext Root Scanning (ms):  0,8]
      [Update RS (ms):  1,2]
         [Processed Buffers:  29]
      [Scan RS (ms):  0,0]
      [Code Root Scanning (ms):  0,0]
      [Object Copy (ms):  7,0]
      [Termination (ms):  0,0]
         [Termination Attempts:  1]
      [GC Worker Other (ms):  0,0]
      [GC Worker Total (ms):  9,2]
      [GC Worker End (ms):  62888891,2]
   [Code Root Fixup: 0,1 ms]
   [Code Root Purge: 0,0 ms]
   [Clear CT: 0,0 ms]
   [Other: 0,2 ms]
      [Choose CSet: 0,0 ms]
      [Ref Proc: 0,0 ms]
      [Ref Enq: 0,0 ms]
      [Redirty Cards: 0,0 ms]
      [Humongous Register: 0,0 ms]
      [Humongous Reclaim: 0,0 ms]
      [Free CSet: 0,1 ms]
   [Eden: 151,0M(151,0M)->0,0B(200,0M) Survivors: 3072,0K->3072,0K Heap: 308,6M(1024,0M)->157,7M(1024,0M)]
 [Times: user=0,01 sys=0,00, real=0,01 secs] 
2016-12-22T22:57:38.373+0100: 62964,662: [GC pause (G1 Evacuation Pause) (young), 0,0143070 secs]
   [Parallel Time: 13,9 ms, GC Workers: 1]
      [GC Worker Start (ms):  62964661,9]
      [Ext Root Scanning (ms):  0,7]
      [Update RS (ms):  1,0]
         [Processed Buffers:  35]
      [Scan RS (ms):  0,0]
      [Code Root Scanning (ms):  0,0]
      [Object Copy (ms):  12,1]
      [Termination (ms):  0,0]
         [Termination Attempts:  1]
      [GC Worker Other (ms):  0,0]
      [GC Worker Total (ms):  13,9]
      [GC Worker End (ms):  62964675,8]
   [Code Root Fixup: 0,1 ms]
   [Code Root Purge: 0,0 ms]
   [Clear CT: 0,1 ms]
   [Other: 0,2 ms]
      [Choose CSet: 0,0 ms]
      [Ref Proc: 0,0 ms]
      [Ref Enq: 0,0 ms]
      [Redirty Cards: 0,0 ms]
      [Humongous Register: 0,0 ms]
      [Humongous Reclaim: 0,0 ms]
      [Free CSet: 0,1 ms]
   [Eden: 200,0M(200,0M)->0,0B(220,0M) Survivors: 3072,0K->3072,0K Heap: 357,7M(1024,0M)->157,7M(1024,0M)]
 [Times: user=0,00 sys=0,00, real=0,02 secs] 
2016-12-22T22:57:42.372+0100: 62968,661: [GC pause (G1 Evacuation Pause) (young), 0,0099208 secs]
   [Parallel Time: 9,2 ms, GC Workers: 1]
      [GC Worker Start (ms):  62968660,9]
      [Ext Root Scanning (ms):  0,8]
      [Update RS (ms):  1,6]
         [Processed Buffers:  28]
      [Scan RS (ms):  0,1]
      [Code Root Scanning (ms):  0,0]
      [Object Copy (ms):  6,7]
      [Termination (ms):  0,0]
         [Termination Attempts:  1]
      [GC Worker Other (ms):  0,0]
      [GC Worker Total (ms):  9,2]
      [GC Worker End (ms):  62968670,1]
   [Code Root Fixup: 0,0 ms]
   [Code Root Purge: 0,0 ms]
   [Clear CT: 0,1 ms]
   [Other: 0,6 ms]
      [Choose CSet: 0,0 ms]
      [Ref Proc: 0,0 ms]
      [Ref Enq: 0,0 ms]
      [Redirty Cards: 0,0 ms]
      [Humongous Register: 0,0 ms]
      [Humongous Reclaim: 0,0 ms]
      [Free CSet: 0,1 ms]
   [Eden: 220,0M(220,0M)->0,0B(287,0M) Survivors: 3072,0K->2048,0K Heap: 377,7M(1024,0M)->157,7M(1024,0M)]
 [Times: user=0,00 sys=0,00, real=0,01 secs] 
2016-12-22T22:58:35.346+0100: 63021,635: [GC pause (G1 Evacuation Pause) (young), 0,0102289 secs]
   [Parallel Time: 9,4 ms, GC Workers: 1]
      [GC Worker Start (ms):  63021634,7]
      [Ext Root Scanning (ms):  0,6]
      [Update RS (ms):  0,7]
         [Processed Buffers:  32]
      [Scan RS (ms):  0,1]
      [Code Root Scanning (ms):  0,0]
      [Object Copy (ms):  8,0]
      [Termination (ms):  0,0]
         [Termination Attempts:  1]
      [GC Worker Other (ms):  0,0]
      [GC Worker Total (ms):  9,4]
      [GC Worker End (ms):  63021644,1]
   [Code Root Fixup: 0,0 ms]
   [Code Root Purge: 0,0 ms]
   [Clear CT: 0,1 ms]
   [Other: 0,7 ms]
      [Choose CSet: 0,0 ms]
      [Ref Proc: 0,0 ms]
      [Ref Enq: 0,0 ms]
      [Redirty Cards: 0,0 ms]
      [Humongous Register: 0,0 ms]
      [Humongous Reclaim: 0,0 ms]
      [Free CSet: 0,1 ms]
   [Eden: 287,0M(287,0M)->0,0B(333,0M) Survivors: 2048,0K->3072,0K Heap: 444,7M(1024,0M)->158,3M(1024,0M)]
 [Times: user=0,01 sys=0,00, real=0,02 secs] 
2016-12-22T22:58:39.147+0100: 63025,436: [GC pause (G1 Evacuation Pause) (young), 0,0073328 secs]
   [Parallel Time: 6,1 ms, GC Workers: 1]
      [GC Worker Start (ms):  63025436,0]
      [Ext Root Scanning (ms):  0,6]
      [Update RS (ms):  0,6]
         [Processed Buffers:  22]
      [Scan RS (ms):  0,1]
      [Code Root Scanning (ms):  0,0]
      [Object Copy (ms):  2,6]
      [Termination (ms):  0,0]
         [Termination Attempts:  1]
      [GC Worker Other (ms):  0,0]
      [GC Worker Total (ms):  3,9]
      [GC Worker End (ms):  63025440,0]
   [Code Root Fixup: 0,0 ms]
   [Code Root Purge: 0,0 ms]
   [Clear CT: 0,2 ms]
   [Other: 0,9 ms]
      [Choose CSet: 0,0 ms]
      [Ref Proc: 0,0 ms]
      [Ref Enq: 0,0 ms]
      [Redirty Cards: 0,0 ms]
      [Humongous Register: 0,0 ms]
      [Humongous Reclaim: 0,0 ms]
      [Free CSet: 0,1 ms]
   [Eden: 333,0M(333,0M)->0,0B(441,0M) Survivors: 3072,0K->3072,0K Heap: 491,3M(1024,0M)->158,3M(1024,0M)]
 [Times: user=0,00 sys=0,00, real=0,00 secs] 
2016-12-22T22:59:08.647+0100: 63054,936: [GC pause (G1 Evacuation Pause) (young), 0,0391338 secs]
   [Parallel Time: 38,7 ms, GC Workers: 1]
      [GC Worker Start (ms):  63054935,9]
      [Ext Root Scanning (ms):  0,8]
      [Update RS (ms):  0,5]
         [Processed Buffers:  28]
      [Scan RS (ms):  0,1]
      [Code Root Scanning (ms):  0,0]
      [Object Copy (ms):  37,3]
      [Termination (ms):  0,0]
         [Termination Attempts:  1]
      [GC Worker Other (ms):  0,0]
      [GC Worker Total (ms):  38,7]
      [GC Worker End (ms):  63054974,6]
   [Code Root Fixup: 0,0 ms]
   [Code Root Purge: 0,0 ms]
   [Clear CT: 0,1 ms]
   [Other: 0,3 ms]
      [Choose CSet: 0,0 ms]
      [Ref Proc: 0,0 ms]
      [Ref Enq: 0,0 ms]
      [Redirty Cards: 0,0 ms]
      [Humongous Register: 0,0 ms]
      [Humongous Reclaim: 0,0 ms]
      [Free CSet: 0,1 ms]
   [Eden: 441,0M(441,0M)->0,0B(74,0M) Survivors: 3072,0K->2048,0K Heap: 599,3M(1024,0M)->157,9M(1024,0M)]
 [Times: user=0,01 sys=0,00, real=0,04 secs] 
2016-12-22T22:59:09.499+0100: 63055,788: [GC pause (G1 Evacuation Pause) (young), 0,0051426 secs]
   [Parallel Time: 4,9 ms, GC Workers: 1]
      [GC Worker Start (ms):  63055788,2]
      [Ext Root Scanning (ms):  0,7]
      [Update RS (ms):  0,5]
         [Processed Buffers:  18]
      [Scan RS (ms):  0,0]
      [Code Root Scanning (ms):  0,0]
      [Object Copy (ms):  3,7]
      [Termination (ms):  0,0]
         [Termination Attempts:  1]
      [GC Worker Other (ms):  0,0]
      [GC Worker Total (ms):  4,8]
      [GC Worker End (ms):  63055793,0]
   [Code Root Fixup: 0,0 ms]
   [Code Root Purge: 0,0 ms]
   [Clear CT: 0,0 ms]
   [Other: 0,2 ms]
      [Choose CSet: 0,0 ms]
      [Ref Proc: 0,0 ms]
      [Ref Enq: 0,0 ms]
      [Redirty Cards: 0,0 ms]
      [Humongous Register: 0,0 ms]
      [Humongous Reclaim: 0,0 ms]
      [Free CSet: 0,1 ms]
   [Eden: 74,0M(74,0M)->0,0B(157,0M) Survivors: 2048,0K->2048,0K Heap: 231,9M(1024,0M)->157,4M(1024,0M)]
 [Times: user=0,01 sys=0,00, real=0,00 secs] 
2016-12-22T22:59:11.183+0100: 63057,471: [GC pause (G1 Evacuation Pause) (young), 0,0038703 secs]
   [Parallel Time: 3,6 ms, GC Workers: 1]
      [GC Worker Start (ms):  63057471,4]
      [Ext Root Scanning (ms):  0,7]
      [Update RS (ms):  0,3]
         [Processed Buffers:  19]
      [Scan RS (ms):  0,0]
      [Code Root Scanning (ms):  0,0]
      [Object Copy (ms):  2,5]
      [Termination (ms):  0,0]
         [Termination Attempts:  1]
      [GC Worker Other (ms):  0,0]
      [GC Worker Total (ms):  3,5]
      [GC Worker End (ms):  63057474,9]
   [Code Root Fixup: 0,0 ms]
   [Code Root Purge: 0,0 ms]
   [Clear CT: 0,0 ms]
   [Other: 0,2 ms]
      [Choose CSet: 0,0 ms]
      [Ref Proc: 0,0 ms]
      [Ref Enq: 0,0 ms]
      [Redirty Cards: 0,0 ms]
      [Humongous Register: 0,0 ms]
      [Humongous Reclaim: 0,0 ms]
      [Free CSet: 0,1 ms]
   [Eden: 157,0M(157,0M)->0,0B(247,0M) Survivors: 2048,0K->2048,0K Heap: 314,4M(1024,0M)->158,0M(1024,0M)]
 [Times: user=0,00 sys=0,00, real=0,00 secs] 
2016-12-22T22:59:13.716+0100: 63060,005: [GC pause (G1 Evacuation Pause) (young), 0,0058744 secs]
   [Parallel Time: 4,9 ms, GC Workers: 1]
      [GC Worker Start (ms):  63060005,0]
      [Ext Root Scanning (ms):  0,7]
      [Update RS (ms):  0,4]
         [Processed Buffers:  19]
      [Scan RS (ms):  0,1]
      [Code Root Scanning (ms):  0,0]
      [Object Copy (ms):  2,1]
      [Termination (ms):  0,0]
         [Termination Attempts:  1]
      [GC Worker Other (ms):  0,0]
      [GC Worker Total (ms):  3,3]
      [GC Worker End (ms):  63060008,3]
   [Code Root Fixup: 0,0 ms]
   [Code Root Purge: 0,0 ms]
   [Clear CT: 0,1 ms]
   [Other: 0,9 ms]
      [Choose CSet: 0,0 ms]
      [Ref Proc: 0,0 ms]
      [Ref Enq: 0,0 ms]
      [Redirty Cards: 0,0 ms]
      [Humongous Register: 0,0 ms]
      [Humongous Reclaim: 0,0 ms]
      [Free CSet: 0,1 ms]
   [Eden: 247,0M(247,0M)->0,0B(437,0M) Survivors: 2048,0K->2048,0K Heap: 405,0M(1024,0M)->157,5M(1024,0M)]
 [Times: user=0,01 sys=0,00, real=0,00 secs] 
2016-12-22T22:59:18.670+0100: 63064,959: [GC pause (G1 Evacuation Pause) (young), 0,0133210 secs]
   [Parallel Time: 13,0 ms, GC Workers: 1]
      [GC Worker Start (ms):  63064958,7]
      [Ext Root Scanning (ms):  0,8]
      [Update RS (ms):  1,7]
         [Processed Buffers:  24]
      [Scan RS (ms):  0,1]
      [Code Root Scanning (ms):  0,0]
      [Object Copy (ms):  10,3]
      [Termination (ms):  0,0]
         [Termination Attempts:  1]
      [GC Worker Other (ms):  0,0]
      [GC Worker Total (ms):  12,9]
      [GC Worker End (ms):  63064971,6]
   [Code Root Fixup: 0,0 ms]
   [Code Root Purge: 0,0 ms]
   [Clear CT: 0,1 ms]
   [Other: 0,2 ms]
      [Choose CSet: 0,0 ms]
      [Ref Proc: 0,0 ms]
      [Ref Enq: 0,0 ms]
      [Redirty Cards: 0,0 ms]
      [Humongous Register: 0,0 ms]
      [Humongous Reclaim: 0,0 ms]
      [Free CSet: 0,1 ms]
   [Eden: 437,0M(437,0M)->0,0B(423,0M) Survivors: 2048,0K->2048,0K Heap: 594,5M(1024,0M)->158,0M(1024,0M)]
 [Times: user=0,01 sys=0,00, real=0,01 secs] 
2016-12-22T22:59:23.162+0100: 63069,450: [GC pause (G1 Evacuation Pause) (young), 0,0039293 secs]
   [Parallel Time: 3,5 ms, GC Workers: 1]
      [GC Worker Start (ms):  63069450,3]
      [Ext Root Scanning (ms):  0,7]
      [Update RS (ms):  0,5]
         [Processed Buffers:  22]
      [Scan RS (ms):  0,1]
      [Code Root Scanning (ms):  0,0]
      [Object Copy (ms):  2,2]
      [Termination (ms):  0,0]
         [Termination Attempts:  1]
      [GC Worker Other (ms):  0,0]
      [GC Worker Total (ms):  3,5]
      [GC Worker End (ms):  63069453,8]
   [Code Root Fixup: 0,0 ms]
   [Code Root Purge: 0,0 ms]
   [Clear CT: 0,1 ms]
   [Other: 0,3 ms]
      [Choose CSet: 0,0 ms]
      [Ref Proc: 0,0 ms]
      [Ref Enq: 0,0 ms]
      [Redirty Cards: 0,0 ms]
      [Humongous Register: 0,1 ms]
      [Humongous Reclaim: 0,0 ms]
      [Free CSet: 0,1 ms]
   [Eden: 423,0M(423,0M)->0,0B(611,0M) Survivors: 2048,0K->3072,0K Heap: 581,0M(1024,0M)->158,5M(1024,0M)]
 [Times: user=0,00 sys=0,00, real=0,01 secs] 
2016-12-22T22:59:29.374+0100: 63075,663: [GC pause (G1 Evacuation Pause) (young), 0,0051223 secs]
   [Parallel Time: 4,1 ms, GC Workers: 1]
      [GC Worker Start (ms):  63075663,2]
      [Ext Root Scanning (ms):  0,7]
      [Update RS (ms):  0,5]
         [Processed Buffers:  22]
      [Scan RS (ms):  0,2]
      [Code Root Scanning (ms):  0,0]
      [Object Copy (ms):  2,5]
      [Termination (ms):  0,0]
         [Termination Attempts:  1]
      [GC Worker Other (ms):  0,0]
      [GC Worker Total (ms):  3,9]
      [GC Worker End (ms):  63075667,0]
   [Code Root Fixup: 0,0 ms]
   [Code Root Purge: 0,0 ms]
   [Clear CT: 0,2 ms]
   [Other: 0,8 ms]
      [Choose CSet: 0,0 ms]
      [Ref Proc: 0,0 ms]
      [Ref Enq: 0,0 ms]
      [Redirty Cards: 0,0 ms]
      [Humongous Register: 0,0 ms]
      [Humongous Reclaim: 0,0 ms]
      [Free CSet: 0,1 ms]
   [Eden: 611,0M(611,0M)->0,0B(611,0M) Survivors: 3072,0K->3072,0K Heap: 769,5M(1024,0M)->158,5M(1024,0M)]
 [Times: user=0,00 sys=0,00, real=0,01 secs] 
2016-12-22T23:06:44.787+0100: 63511,076: [GC pause (G1 Evacuation Pause) (young), 0,0328875 secs]
   [Parallel Time: 32,4 ms, GC Workers: 1]
      [GC Worker Start (ms):  63511076,2]
      [Ext Root Scanning (ms):  0,7]
      [Update RS (ms):  0,6]
         [Processed Buffers:  33]
      [Scan RS (ms):  0,2]
      [Code Root Scanning (ms):  0,0]
      [Object Copy (ms):  30,9]
      [Termination (ms):  0,0]
         [Termination Attempts:  1]
      [GC Worker Other (ms):  0,0]
      [GC Worker Total (ms):  32,4]
      [GC Worker End (ms):  63511108,5]
   [Code Root Fixup: 0,0 ms]
   [Code Root Purge: 0,0 ms]
   [Clear CT: 0,1 ms]
   [Other: 0,4 ms]
      [Choose CSet: 0,0 ms]
      [Ref Proc: 0,0 ms]
      [Ref Enq: 0,0 ms]
      [Redirty Cards: 0,0 ms]
      [Humongous Register: 0,0 ms]
      [Humongous Reclaim: 0,0 ms]
      [Free CSet: 0,1 ms]
   [Eden: 611,0M(611,0M)->0,0B(140,0M) Survivors: 3072,0K->9216,0K Heap: 769,5M(1024,0M)->165,0M(1024,0M)]
 [Times: user=0,02 sys=0,00, real=0,03 secs] 
2016-12-22T23:06:46.802+0100: 63513,090: [GC pause (G1 Evacuation Pause) (young), 0,0281686 secs]
   [Parallel Time: 27,3 ms, GC Workers: 1]
      [GC Worker Start (ms):  63513090,4]
      [Ext Root Scanning (ms):  0,7]
      [Update RS (ms):  0,6]
         [Processed Buffers:  22]
      [Scan RS (ms):  0,0]
      [Code Root Scanning (ms):  0,0]
      [Object Copy (ms):  21,7]
      [Termination (ms):  0,0]
         [Termination Attempts:  1]
      [GC Worker Other (ms):  0,0]
      [GC Worker Total (ms):  23,0]
      [GC Worker End (ms):  63513113,4]
   [Code Root Fixup: 0,0 ms]
   [Code Root Purge: 0,0 ms]
   [Clear CT: 0,0 ms]
   [Other: 0,8 ms]
      [Choose CSet: 0,0 ms]
      [Ref Proc: 0,0 ms]
      [Ref Enq: 0,0 ms]
      [Redirty Cards: 0,0 ms]
      [Humongous Register: 0,0 ms]
      [Humongous Reclaim: 0,0 ms]
      [Free CSet: 0,6 ms]
   [Eden: 140,0M(140,0M)->0,0B(42,0M) Survivors: 9216,0K->9216,0K Heap: 305,0M(1024,0M)->165,0M(1024,0M)]
 [Times: user=0,02 sys=0,00, real=0,03 secs] 
2016-12-22T23:06:47.464+0100: 63513,753: [GC pause (G1 Evacuation Pause) (young), 0,0822349 secs]
   [Parallel Time: 82,0 ms, GC Workers: 1]
      [GC Worker Start (ms):  63513753,1]
      [Ext Root Scanning (ms):  0,7]
      [Update RS (ms):  0,4]
         [Processed Buffers:  19]
      [Scan RS (ms):  0,0]
      [Code Root Scanning (ms):  0,0]
      [Object Copy (ms):  80,8]
      [Termination (ms):  0,0]
         [Termination Attempts:  1]
      [GC Worker Other (ms):  0,0]
      [GC Worker Total (ms):  82,0]
      [GC Worker End (ms):  63513835,1]
   [Code Root Fixup: 0,0 ms]
   [Code Root Purge: 0,0 ms]
   [Clear CT: 0,0 ms]
   [Other: 0,2 ms]
      [Choose CSet: 0,0 ms]
      [Ref Proc: 0,0 ms]
      [Ref Enq: 0,0 ms]
      [Redirty Cards: 0,0 ms]
      [Humongous Register: 0,0 ms]
      [Humongous Reclaim: 0,0 ms]
      [Free CSet: 0,0 ms]
   [Eden: 42,0M(42,0M)->0,0B(206,0M) Survivors: 9216,0K->1024,0K Heap: 207,0M(1024,0M)->164,4M(1024,0M)]
 [Times: user=0,01 sys=0,01, real=0,08 secs] 
2016-12-22T23:06:50.060+0100: 63516,349: [GC pause (G1 Evacuation Pause) (young), 0,0151035 secs]
   [Parallel Time: 14,8 ms, GC Workers: 1]
      [GC Worker Start (ms):  63516348,7]
      [Ext Root Scanning (ms):  0,7]
      [Update RS (ms):  8,3]
         [Processed Buffers:  37]
      [Scan RS (ms):  0,0]
      [Code Root Scanning (ms):  0,0]
      [Object Copy (ms):  1,6]
      [Termination (ms):  0,0]
         [Termination Attempts:  1]
      [GC Worker Other (ms):  0,0]
      [GC Worker Total (ms):  10,6]
      [GC Worker End (ms):  63516359,3]
   [Code Root Fixup: 0,0 ms]
   [Code Root Purge: 0,0 ms]
   [Clear CT: 0,0 ms]
   [Other: 0,2 ms]
      [Choose CSet: 0,0 ms]
      [Ref Proc: 0,0 ms]
      [Ref Enq: 0,0 ms]
      [Redirty Cards: 0,0 ms]
      [Humongous Register: 0,0 ms]
      [Humongous Reclaim: 0,0 ms]
      [Free CSet: 0,1 ms]
   [Eden: 206,0M(206,0M)->0,0B(162,0M) Survivors: 1024,0K->2048,0K Heap: 370,4M(1024,0M)->165,4M(1024,0M)]
 [Times: user=0,01 sys=0,00, real=0,01 secs] 
2016-12-22T23:06:52.088+0100: 63518,377: [GC pause (G1 Evacuation Pause) (young), 0,0062066 secs]
   [Parallel Time: 5,9 ms, GC Workers: 1]
      [GC Worker Start (ms):  63518376,6]
      [Ext Root Scanning (ms):  0,7]
      [Update RS (ms):  1,4]
         [Processed Buffers:  27]
      [Scan RS (ms):  0,0]
      [Code Root Scanning (ms):  0,0]
      [Object Copy (ms):  3,8]
      [Termination (ms):  0,0]
         [Termination Attempts:  1]
      [GC Worker Other (ms):  0,0]
      [GC Worker Total (ms):  5,9]
      [GC Worker End (ms):  63518382,5]
   [Code Root Fixup: 0,0 ms]
   [Code Root Purge: 0,0 ms]
   [Clear CT: 0,0 ms]
   [Other: 0,3 ms]
      [Choose CSet: 0,0 ms]
      [Ref Proc: 0,0 ms]
      [Ref Enq: 0,0 ms]
      [Redirty Cards: 0,0 ms]
      [Humongous Register: 0,0 ms]
      [Humongous Reclaim: 0,0 ms]
      [Free CSet: 0,0 ms]
   [Eden: 162,0M(162,0M)->0,0B(189,0M) Survivors: 2048,0K->2048,0K Heap: 327,4M(1024,0M)->165,9M(1024,0M)]
 [Times: user=0,01 sys=0,00, real=0,00 secs] 
2016-12-22T23:06:54.378+0100: 63520,667: [GC pause (G1 Evacuation Pause) (young), 0,0075763 secs]
   [Parallel Time: 7,3 ms, GC Workers: 1]
      [GC Worker Start (ms):  63520666,8]
      [Ext Root Scanning (ms):  0,8]
      [Update RS (ms):  1,6]
         [Processed Buffers:  28]
      [Scan RS (ms):  0,0]
      [Code Root Scanning (ms):  0,0]
      [Object Copy (ms):  2,2]
      [Termination (ms):  0,0]
         [Termination Attempts:  1]
      [GC Worker Other (ms):  0,0]
      [GC Worker Total (ms):  4,5]
      [GC Worker End (ms):  63520671,3]
   [Code Root Fixup: 0,0 ms]
   [Code Root Purge: 0,0 ms]
   [Clear CT: 0,0 ms]
   [Other: 0,2 ms]
      [Choose CSet: 0,0 ms]
      [Ref Proc: 0,0 ms]
      [Ref Enq: 0,0 ms]
      [Redirty Cards: 0,0 ms]
      [Humongous Register: 0,0 ms]
      [Humongous Reclaim: 0,0 ms]
      [Free CSet: 0,1 ms]
   [Eden: 189,0M(189,0M)->0,0B(223,0M) Survivors: 2048,0K->2048,0K Heap: 354,9M(1024,0M)->165,4M(1024,0M)]
 [Times: user=0,00 sys=0,00, real=0,00 secs] 
2016-12-22T23:06:57.229+0100: 63523,518: [GC pause (G1 Evacuation Pause) (young), 0,0138514 secs]
   [Parallel Time: 9,5 ms, GC Workers: 1]
      [GC Worker Start (ms):  63523518,0]
      [Ext Root Scanning (ms):  0,7]
      [Update RS (ms):  2,0]
         [Processed Buffers:  26]
      [Scan RS (ms):  0,1]
      [Code Root Scanning (ms):  0,0]
      [Object Copy (ms):  6,7]
      [Termination (ms):  0,0]
         [Termination Attempts:  1]
      [GC Worker Other (ms):  0,0]
      [GC Worker Total (ms):  9,5]
      [GC Worker End (ms):  63523527,5]
   [Code Root Fixup: 0,0 ms]
   [Code Root Purge: 0,0 ms]
   [Clear CT: 0,1 ms]
   [Other: 4,2 ms]
      [Choose CSet: 0,0 ms]
      [Ref Proc: 4,0 ms]
      [Ref Enq: 0,0 ms]
      [Redirty Cards: 0,0 ms]
      [Humongous Register: 0,0 ms]
      [Humongous Reclaim: 0,0 ms]
      [Free CSet: 0,1 ms]
   [Eden: 223,0M(223,0M)->0,0B(226,0M) Survivors: 2048,0K->2048,0K Heap: 388,4M(1024,0M)->165,9M(1024,0M)]
 [Times: user=0,01 sys=0,00, real=0,01 secs] 
2016-12-22T23:07:00.256+0100: 63526,544: [GC pause (G1 Evacuation Pause) (young), 0,0140579 secs]
   [Parallel Time: 13,8 ms, GC Workers: 1]
      [GC Worker Start (ms):  63526544,2]
      [Ext Root Scanning (ms):  0,9]
      [Update RS (ms):  1,7]
         [Processed Buffers:  27]
      [Scan RS (ms):  0,1]
      [Code Root Scanning (ms):  0,0]
      [Object Copy (ms):  10,2]
      [Termination (ms):  0,0]
         [Termination Attempts:  1]
      [GC Worker Other (ms):  0,0]
      [GC Worker Total (ms):  12,8]
      [GC Worker End (ms):  63526557,1]
   [Code Root Fixup: 0,0 ms]
   [Code Root Purge: 0,0 ms]
   [Clear CT: 0,1 ms]
   [Other: 0,2 ms]
      [Choose CSet: 0,0 ms]
      [Ref Proc: 0,0 ms]
      [Ref Enq: 0,0 ms]
      [Redirty Cards: 0,0 ms]
      [Humongous Register: 0,0 ms]
      [Humongous Reclaim: 0,0 ms]
      [Free CSet: 0,1 ms]
   [Eden: 226,0M(226,0M)->0,0B(226,0M) Survivors: 2048,0K->2048,0K Heap: 391,9M(1024,0M)->165,9M(1024,0M)]
 [Times: user=0,01 sys=0,00, real=0,01 secs] 
2016-12-22T23:07:02.995+0100: 63529,284: [GC pause (G1 Evacuation Pause) (young), 0,0097782 secs]
   [Parallel Time: 9,5 ms, GC Workers: 1]
      [GC Worker Start (ms):  63529283,6]
      [Ext Root Scanning (ms):  0,7]
      [Update RS (ms):  1,7]
         [Processed Buffers:  29]
      [Scan RS (ms):  0,1]
      [Code Root Scanning (ms):  0,0]
      [Object Copy (ms):  4,6]
      [Termination (ms):  0,0]
         [Termination Attempts:  1]
      [GC Worker Other (ms):  0,0]
      [GC Worker Total (ms):  7,1]
      [GC Worker End (ms):  63529290,7]
   [Code Root Fixup: 0,0 ms]
   [Code Root Purge: 0,0 ms]
   [Clear CT: 0,1 ms]
   [Other: 0,2 ms]
      [Choose CSet: 0,0 ms]
      [Ref Proc: 0,0 ms]
      [Ref Enq: 0,0 ms]
      [Redirty Cards: 0,0 ms]
      [Humongous Register: 0,0 ms]
      [Humongous Reclaim: 0,0 ms]
      [Free CSet: 0,1 ms]
   [Eden: 226,0M(226,0M)->0,0B(244,0M) Survivors: 2048,0K->3072,0K Heap: 391,9M(1024,0M)->166,4M(1024,0M)]
 [Times: user=0,00 sys=0,00, real=0,00 secs] 
2016-12-22T23:07:05.969+0100: 63532,258: [GC pause (G1 Evacuation Pause) (young), 0,0110226 secs]
   [Parallel Time: 10,5 ms, GC Workers: 1]
      [GC Worker Start (ms):  63532257,6]
      [Ext Root Scanning (ms):  0,6]
      [Update RS (ms):  1,7]
         [Processed Buffers:  29]
      [Scan RS (ms):  0,1]
      [Code Root Scanning (ms):  0,0]
      [Object Copy (ms):  3,7]
      [Termination (ms):  0,0]
         [Termination Attempts:  1]
      [GC Worker Other (ms):  0,0]
      [GC Worker Total (ms):  6,2]
      [GC Worker End (ms):  63532263,8]
   [Code Root Fixup: 0,1 ms]
   [Code Root Purge: 0,0 ms]
   [Clear CT: 0,1 ms]
   [Other: 0,4 ms]
      [Choose CSet: 0,0 ms]
      [Ref Proc: 0,0 ms]
      [Ref Enq: 0,0 ms]
      [Redirty Cards: 0,0 ms]
      [Humongous Register: 0,0 ms]
      [Humongous Reclaim: 0,0 ms]
      [Free CSet: 0,1 ms]
   [Eden: 244,0M(244,0M)->0,0B(270,0M) Survivors: 3072,0K->3072,0K Heap: 410,4M(1024,0M)->166,9M(1024,0M)]
 [Times: user=0,00 sys=0,00, real=0,01 secs] 
2016-12-22T23:07:09.477+0100: 63535,766: [GC pause (G1 Evacuation Pause) (young), 0,0106015 secs]
   [Parallel Time: 10,3 ms, GC Workers: 1]
      [GC Worker Start (ms):  63535766,0]
      [Ext Root Scanning (ms):  0,8]
      [Update RS (ms):  1,9]
         [Processed Buffers:  29]
      [Scan RS (ms):  0,1]
      [Code Root Scanning (ms):  0,0]
      [Object Copy (ms):  7,5]
      [Termination (ms):  0,0]
         [Termination Attempts:  1]
      [GC Worker Other (ms):  0,0]
      [GC Worker Total (ms):  10,3]
      [GC Worker End (ms):  63535776,2]
   [Code Root Fixup: 0,0 ms]
   [Code Root Purge: 0,0 ms]
   [Clear CT: 0,1 ms]
   [Other: 0,2 ms]
      [Choose CSet: 0,0 ms]
      [Ref Proc: 0,0 ms]
      [Ref Enq: 0,0 ms]
      [Redirty Cards: 0,0 ms]
      [Humongous Register: 0,0 ms]
      [Humongous Reclaim: 0,0 ms]
      [Free CSet: 0,1 ms]
   [Eden: 270,0M(270,0M)->0,0B(303,0M) Survivors: 3072,0K->3072,0K Heap: 436,9M(1024,0M)->166,4M(1024,0M)]
 [Times: user=0,01 sys=0,00, real=0,01 secs] 
2016-12-22T23:07:13.308+0100: 63539,596: [GC pause (G1 Evacuation Pause) (young), 0,0134114 secs]
   [Parallel Time: 13,1 ms, GC Workers: 1]
      [GC Worker Start (ms):  63539596,5]
      [Ext Root Scanning (ms):  0,8]
      [Update RS (ms):  2,0]
         [Processed Buffers:  28]
      [Scan RS (ms):  0,1]
      [Code Root Scanning (ms):  0,0]
      [Object Copy (ms):  10,2]
      [Termination (ms):  0,0]
         [Termination Attempts:  1]
      [GC Worker Other (ms):  0,0]
      [GC Worker Total (ms):  13,1]
      [GC Worker End (ms):  63539609,6]
   [Code Root Fixup: 0,0 ms]
   [Code Root Purge: 0,0 ms]
   [Clear CT: 0,1 ms]
   [Other: 0,2 ms]
      [Choose CSet: 0,0 ms]
      [Ref Proc: 0,0 ms]
      [Ref Enq: 0,0 ms]
      [Redirty Cards: 0,0 ms]
      [Humongous Register: 0,0 ms]
      [Humongous Reclaim: 0,0 ms]
      [Free CSet: 0,1 ms]
   [Eden: 303,0M(303,0M)->0,0B(315,0M) Survivors: 3072,0K->3072,0K Heap: 469,4M(1024,0M)->166,9M(1024,0M)]
 [Times: user=0,01 sys=0,00, real=0,01 secs] 
2016-12-22T23:07:52.064+0100: 63578,353: [GC pause (G1 Evacuation Pause) (young), 0,0129017 secs]
   [Parallel Time: 12,5 ms, GC Workers: 1]
      [GC Worker Start (ms):  63578353,0]
      [Ext Root Scanning (ms):  0,8]
      [Update RS (ms):  3,0]
         [Processed Buffers:  35]
      [Scan RS (ms):  0,1]
      [Code Root Scanning (ms):  0,0]
      [Object Copy (ms):  8,5]
      [Termination (ms):  0,0]
         [Termination Attempts:  1]
      [GC Worker Other (ms):  0,0]
      [GC Worker Total (ms):  12,5]
      [GC Worker End (ms):  63578365,5]
   [Code Root Fixup: 0,0 ms]
   [Code Root Purge: 0,0 ms]
   [Clear CT: 0,1 ms]
   [Other: 0,3 ms]
      [Choose CSet: 0,0 ms]
      [Ref Proc: 0,0 ms]
      [Ref Enq: 0,0 ms]
      [Redirty Cards: 0,0 ms]
      [Humongous Register: 0,0 ms]
      [Humongous Reclaim: 0,0 ms]
      [Free CSet: 0,1 ms]
   [Eden: 315,0M(315,0M)->0,0B(312,0M) Survivors: 3072,0K->4096,0K Heap: 481,9M(1024,0M)->167,9M(1024,0M)]
 [Times: user=0,01 sys=0,00, real=0,02 secs] 
2016-12-22T23:09:54.326+0100: 63700,614: [GC pause (G1 Evacuation Pause) (young), 0,0267566 secs]
   [Parallel Time: 26,4 ms, GC Workers: 1]
      [GC Worker Start (ms):  63700614,4]
      [Ext Root Scanning (ms):  0,7]
      [Update RS (ms):  2,4]
         [Processed Buffers:  41]
      [Scan RS (ms):  0,1]
      [Code Root Scanning (ms):  0,0]
      [Object Copy (ms):  23,2]
      [Termination (ms):  0,0]
         [Termination Attempts:  1]
      [GC Worker Other (ms):  0,0]
      [GC Worker Total (ms):  26,4]
      [GC Worker End (ms):  63700640,8]
   [Code Root Fixup: 0,0 ms]
   [Code Root Purge: 0,0 ms]
   [Clear CT: 0,1 ms]
   [Other: 0,2 ms]
      [Choose CSet: 0,0 ms]
      [Ref Proc: 0,0 ms]
      [Ref Enq: 0,0 ms]
      [Redirty Cards: 0,0 ms]
      [Humongous Register: 0,0 ms]
      [Humongous Reclaim: 0,0 ms]
      [Free CSet: 0,1 ms]
   [Eden: 312,0M(312,0M)->0,0B(144,0M) Survivors: 4096,0K->7168,0K Heap: 479,9M(1024,0M)->170,4M(1024,0M)]
 [Times: user=0,02 sys=0,00, real=0,03 secs] 
2016-12-22T23:09:55.969+0100: 63702,258: [GC pause (G1 Evacuation Pause) (young), 0,0280623 secs]
   [Parallel Time: 27,8 ms, GC Workers: 1]
      [GC Worker Start (ms):  63702258,0]
      [Ext Root Scanning (ms):  0,7]
      [Update RS (ms):  2,4]
         [Processed Buffers:  30]
      [Scan RS (ms):  0,1]
      [Code Root Scanning (ms):  0,0]
      [Object Copy (ms):  24,6]
      [Termination (ms):  0,0]
         [Termination Attempts:  1]
      [GC Worker Other (ms):  0,0]
      [GC Worker Total (ms):  27,8]
      [GC Worker End (ms):  63702285,8]
   [Code Root Fixup: 0,0 ms]
   [Code Root Purge: 0,0 ms]
   [Clear CT: 0,0 ms]
   [Other: 0,2 ms]
      [Choose CSet: 0,0 ms]
      [Ref Proc: 0,0 ms]
      [Ref Enq: 0,0 ms]
      [Redirty Cards: 0,0 ms]
      [Humongous Register: 0,0 ms]
      [Humongous Reclaim: 0,0 ms]
      [Free CSet: 0,0 ms]
   [Eden: 144,0M(144,0M)->0,0B(43,0M) Survivors: 7168,0K->8192,0K Heap: 314,4M(1024,0M)->171,4M(1024,0M)]
 [Times: user=0,02 sys=0,00, real=0,03 secs] 
2016-12-22T23:09:56.479+0100: 63702,768: [GC pause (G1 Evacuation Pause) (young), 0,2350240 secs]
   [Parallel Time: 234,7 ms, GC Workers: 1]
      [GC Worker Start (ms):  63702768,0]
      [Ext Root Scanning (ms):  0,7]
      [Update RS (ms):  2,3]
         [Processed Buffers:  25]
      [Scan RS (ms):  0,0]
      [Code Root Scanning (ms):  0,0]
      [Object Copy (ms):  231,7]
      [Termination (ms):  0,0]
         [Termination Attempts:  1]
      [GC Worker Other (ms):  0,0]
      [GC Worker Total (ms):  234,7]
      [GC Worker End (ms):  63703002,7]
   [Code Root Fixup: 0,0 ms]
   [Code Root Purge: 0,0 ms]
   [Clear CT: 0,0 ms]
   [Other: 0,2 ms]
      [Choose CSet: 0,0 ms]
      [Ref Proc: 0,0 ms]
      [Ref Enq: 0,0 ms]
      [Redirty Cards: 0,0 ms]
      [Humongous Register: 0,0 ms]
      [Humongous Reclaim: 0,0 ms]
      [Free CSet: 0,0 ms]
   [Eden: 43,0M(43,0M)->0,0B(47,0M) Survivors: 8192,0K->4096,0K Heap: 214,4M(1024,0M)->171,2M(1024,0M)]
 [Times: user=0,02 sys=0,00, real=0,23 secs] 
2016-12-22T23:09:57.144+0100: 63703,432: [GC pause (G1 Evacuation Pause) (young), 0,0387904 secs]
   [Parallel Time: 38,2 ms, GC Workers: 1]
      [GC Worker Start (ms):  63703432,2]
      [Ext Root Scanning (ms):  0,8]
      [Update RS (ms):  6,5]
         [Processed Buffers:  34]
      [Scan RS (ms):  3,7]
      [Code Root Scanning (ms):  0,0]
      [Object Copy (ms):  27,2]
      [Termination (ms):  0,0]
         [Termination Attempts:  1]
      [GC Worker Other (ms):  0,0]
      [GC Worker Total (ms):  38,2]
      [GC Worker End (ms):  63703470,5]
   [Code Root Fixup: 0,0 ms]
   [Code Root Purge: 0,0 ms]
   [Clear CT: 0,0 ms]
   [Other: 0,5 ms]
      [Choose CSet: 0,0 ms]
      [Ref Proc: 0,0 ms]
      [Ref Enq: 0,0 ms]
      [Redirty Cards: 0,0 ms]
      [Humongous Register: 0,0 ms]
      [Humongous Reclaim: 0,0 ms]
      [Free CSet: 0,0 ms]
   [Eden: 47,0M(47,0M)->0,0B(49,0M) Survivors: 4096,0K->2048,0K Heap: 218,2M(1024,0M)->171,5M(1024,0M)]
 [Times: user=0,01 sys=0,00, real=0,04 secs] 
2016-12-22T23:09:57.670+0100: 63703,959: [GC pause (G1 Evacuation Pause) (young), 0,0199763 secs]
   [Parallel Time: 19,7 ms, GC Workers: 1]
      [GC Worker Start (ms):  63703958,8]
      [Ext Root Scanning (ms):  0,8]
      [Update RS (ms):  9,2]
         [Processed Buffers:  31]
      [Scan RS (ms):  1,1]
      [Code Root Scanning (ms):  0,0]
      [Object Copy (ms):  8,6]
      [Termination (ms):  0,0]
         [Termination Attempts:  1]
      [GC Worker Other (ms):  0,0]
      [GC Worker Total (ms):  19,7]
      [GC Worker End (ms):  63703978,5]
   [Code Root Fixup: 0,0 ms]
   [Code Root Purge: 0,0 ms]
   [Clear CT: 0,0 ms]
   [Other: 0,2 ms]
      [Choose CSet: 0,0 ms]
      [Ref Proc: 0,0 ms]
      [Ref Enq: 0,0 ms]
      [Redirty Cards: 0,0 ms]
      [Humongous Register: 0,0 ms]
      [Humongous Reclaim: 0,0 ms]
      [Free CSet: 0,0 ms]
   [Eden: 49,0M(49,0M)->0,0B(49,0M) Survivors: 2048,0K->2048,0K Heap: 220,5M(1024,0M)->172,0M(1024,0M)]
 [Times: user=0,01 sys=0,00, real=0,02 secs] 
2016-12-22T23:09:58.234+0100: 63704,522: [GC pause (G1 Evacuation Pause) (young), 0,0140791 secs]
   [Parallel Time: 13,9 ms, GC Workers: 1]
      [GC Worker Start (ms):  63704522,2]
      [Ext Root Scanning (ms):  0,7]
      [Update RS (ms):  2,4]
         [Processed Buffers:  24]
      [Scan RS (ms):  0,0]
      [Code Root Scanning (ms):  0,0]
      [Object Copy (ms):  10,7]
      [Termination (ms):  0,0]
         [Termination Attempts:  1]
      [GC Worker Other (ms):  0,0]
      [GC Worker Total (ms):  13,8]
      [GC Worker End (ms):  63704536,1]
   [Code Root Fixup: 0,0 ms]
   [Code Root Purge: 0,0 ms]
   [Clear CT: 0,0 ms]
   [Other: 0,2 ms]
      [Choose CSet: 0,0 ms]
      [Ref Proc: 0,0 ms]
      [Ref Enq: 0,0 ms]
      [Redirty Cards: 0,0 ms]
      [Humongous Register: 0,0 ms]
      [Humongous Reclaim: 0,0 ms]
      [Free CSet: 0,0 ms]
   [Eden: 49,0M(49,0M)->0,0B(48,0M) Survivors: 2048,0K->3072,0K Heap: 221,0M(1024,0M)->172,5M(1024,0M)]
 [Times: user=0,01 sys=0,00, real=0,02 secs] 
2016-12-22T23:09:58.761+0100: 63705,049: [GC pause (G1 Evacuation Pause) (young), 0,0136388 secs]
   [Parallel Time: 13,3 ms, GC Workers: 1]
      [GC Worker Start (ms):  63705049,3]
      [Ext Root Scanning (ms):  0,7]
      [Update RS (ms):  6,4]
         [Processed Buffers:  29]
      [Scan RS (ms):  0,0]
      [Code Root Scanning (ms):  0,0]
      [Object Copy (ms):  6,2]
      [Termination (ms):  0,0]
         [Termination Attempts:  1]
      [GC Worker Other (ms):  0,0]
      [GC Worker Total (ms):  13,3]
      [GC Worker End (ms):  63705062,6]
   [Code Root Fixup: 0,0 ms]
   [Code Root Purge: 0,0 ms]
   [Clear CT: 0,0 ms]
   [Other: 0,3 ms]
      [Choose CSet: 0,0 ms]
      [Ref Proc: 0,0 ms]
      [Ref Enq: 0,0 ms]
      [Redirty Cards: 0,0 ms]
      [Humongous Register: 0,0 ms]
      [Humongous Reclaim: 0,0 ms]
      [Free CSet: 0,0 ms]
   [Eden: 48,0M(48,0M)->0,0B(48,0M) Survivors: 3072,0K->3072,0K Heap: 220,5M(1024,0M)->172,5M(1024,0M)]
 [Times: user=0,01 sys=0,00, real=0,01 secs] 
2016-12-22T23:09:59.288+0100: 63705,577: [GC pause (G1 Evacuation Pause) (young), 0,0150620 secs]
   [Parallel Time: 14,8 ms, GC Workers: 1]
      [GC Worker Start (ms):  63705576,9]
      [Ext Root Scanning (ms):  1,0]
      [Update RS (ms):  2,1]
         [Processed Buffers:  26]
      [Scan RS (ms):  1,9]
      [Code Root Scanning (ms):  0,0]
      [Object Copy (ms):  4,7]
      [Termination (ms):  0,0]
         [Termination Attempts:  1]
      [GC Worker Other (ms):  0,0]
      [GC Worker Total (ms):  9,7]
      [GC Worker End (ms):  63705586,6]
   [Code Root Fixup: 0,0 ms]
   [Code Root Purge: 0,0 ms]
   [Clear CT: 0,0 ms]
   [Other: 0,2 ms]
      [Choose CSet: 0,0 ms]
      [Ref Proc: 0,0 ms]
      [Ref Enq: 0,0 ms]
      [Redirty Cards: 0,0 ms]
      [Humongous Register: 0,0 ms]
      [Humongous Reclaim: 0,0 ms]
      [Free CSet: 0,0 ms]
   [Eden: 48,0M(48,0M)->0,0B(48,0M) Survivors: 3072,0K->3072,0K Heap: 220,5M(1024,0M)->172,5M(1024,0M)]
 [Times: user=0,01 sys=0,00, real=0,01 secs] 
2016-12-22T23:09:59.784+0100: 63706,072: [GC pause (G1 Evacuation Pause) (young), 0,0162676 secs]
   [Parallel Time: 16,0 ms, GC Workers: 1]
      [GC Worker Start (ms):  63706072,5]
      [Ext Root Scanning (ms):  0,7]
      [Update RS (ms):  1,9]
         [Processed Buffers:  23]
      [Scan RS (ms):  2,9]
      [Code Root Scanning (ms):  0,0]
      [Object Copy (ms):  8,2]
      [Termination (ms):  0,0]
         [Termination Attempts:  1]
      [GC Worker Other (ms):  0,0]
      [GC Worker Total (ms):  13,7]
      [GC Worker End (ms):  63706086,2]
   [Code Root Fixup: 0,0 ms]
   [Code Root Purge: 0,0 ms]
   [Clear CT: 0,0 ms]
   [Other: 0,2 ms]
      [Choose CSet: 0,0 ms]
      [Ref Proc: 0,0 ms]
      [Ref Enq: 0,0 ms]
      [Redirty Cards: 0,0 ms]
      [Humongous Register: 0,0 ms]
      [Humongous Reclaim: 0,0 ms]
      [Free CSet: 0,0 ms]
   [Eden: 48,0M(48,0M)->0,0B(48,0M) Survivors: 3072,0K->3072,0K Heap: 220,5M(1024,0M)->173,0M(1024,0M)]
 [Times: user=0,01 sys=0,00, real=0,02 secs] 
2016-12-22T23:10:00.410+0100: 63706,698: [GC pause (G1 Evacuation Pause) (young), 0,0179475 secs]
   [Parallel Time: 17,7 ms, GC Workers: 1]
      [GC Worker Start (ms):  63706698,2]
      [Ext Root Scanning (ms):  0,8]
      [Update RS (ms):  2,1]
         [Processed Buffers:  25]
      [Scan RS (ms):  0,3]
      [Code Root Scanning (ms):  0,0]
      [Object Copy (ms):  14,4]
      [Termination (ms):  0,0]
         [Termination Attempts:  1]
      [GC Worker Other (ms):  0,0]
      [GC Worker Total (ms):  17,7]
      [GC Worker End (ms):  63706715,9]
   [Code Root Fixup: 0,0 ms]
   [Code Root Purge: 0,0 ms]
   [Clear CT: 0,0 ms]
   [Other: 0,2 ms]
      [Choose CSet: 0,0 ms]
      [Ref Proc: 0,0 ms]
      [Ref Enq: 0,0 ms]
      [Redirty Cards: 0,0 ms]
      [Humongous Register: 0,0 ms]
      [Humongous Reclaim: 0,0 ms]
      [Free CSet: 0,0 ms]
   [Eden: 48,0M(48,0M)->0,0B(48,0M) Survivors: 3072,0K->3072,0K Heap: 221,0M(1024,0M)->173,0M(1024,0M)]
 [Times: user=0,01 sys=0,00, real=0,02 secs] 
2016-12-22T23:10:00.928+0100: 63707,216: [GC pause (G1 Evacuation Pause) (young), 0,0172838 secs]
   [Parallel Time: 17,0 ms, GC Workers: 1]
      [GC Worker Start (ms):  63707216,5]
      [Ext Root Scanning (ms):  0,7]
      [Update RS (ms):  2,1]
         [Processed Buffers:  25]
      [Scan RS (ms):  0,4]
      [Code Root Scanning (ms):  0,0]
      [Object Copy (ms):  10,8]
      [Termination (ms):  0,0]
         [Termination Attempts:  1]
      [GC Worker Other (ms):  0,0]
      [GC Worker Total (ms):  14,1]
      [GC Worker End (ms):  63707230,5]
   [Code Root Fixup: 0,0 ms]
   [Code Root Purge: 0,0 ms]
   [Clear CT: 0,0 ms]
   [Other: 0,2 ms]
      [Choose CSet: 0,0 ms]
      [Ref Proc: 0,0 ms]
      [Ref Enq: 0,0 ms]
      [Redirty Cards: 0,0 ms]
      [Humongous Register: 0,0 ms]
      [Humongous Reclaim: 0,0 ms]
      [Free CSet: 0,0 ms]
   [Eden: 48,0M(48,0M)->0,0B(47,0M) Survivors: 3072,0K->4096,0K Heap: 221,0M(1024,0M)->173,5M(1024,0M)]
 [Times: user=0,01 sys=0,00, real=0,01 secs] 
2016-12-22T23:10:01.441+0100: 63707,729: [GC pause (G1 Evacuation Pause) (young), 0,0159827 secs]
   [Parallel Time: 15,7 ms, GC Workers: 1]
      [GC Worker Start (ms):  63707729,3]
      [Ext Root Scanning (ms):  0,9]
      [Update RS (ms):  1,6]
         [Processed Buffers:  24]
      [Scan RS (ms):  0,7]
      [Code Root Scanning (ms):  0,0]
      [Object Copy (ms):  9,4]
      [Termination (ms):  0,0]
         [Termination Attempts:  1]
      [GC Worker Other (ms):  0,0]
      [GC Worker Total (ms):  12,6]
      [GC Worker End (ms):  63707741,9]
   [Code Root Fixup: 0,0 ms]
   [Code Root Purge: 0,0 ms]
   [Clear CT: 0,0 ms]
   [Other: 0,2 ms]
      [Choose CSet: 0,0 ms]
      [Ref Proc: 0,0 ms]
      [Ref Enq: 0,0 ms]
      [Redirty Cards: 0,0 ms]
      [Humongous Register: 0,0 ms]
      [Humongous Reclaim: 0,0 ms]
      [Free CSet: 0,0 ms]
   [Eden: 47,0M(47,0M)->0,0B(47,0M) Survivors: 4096,0K->4096,0K Heap: 220,5M(1024,0M)->173,5M(1024,0M)]
 [Times: user=0,01 sys=0,00, real=0,02 secs] 
2016-12-22T23:10:01.919+0100: 63708,207: [GC pause (G1 Evacuation Pause) (young), 0,0171214 secs]
   [Parallel Time: 16,9 ms, GC Workers: 1]
      [GC Worker Start (ms):  63708207,4]
      [Ext Root Scanning (ms):  0,7]
      [Update RS (ms):  1,9]
         [Processed Buffers:  22]
      [Scan RS (ms):  0,7]
      [Code Root Scanning (ms):  0,0]
      [Object Copy (ms):  13,6]
      [Termination (ms):  0,0]
         [Termination Attempts:  1]
      [GC Worker Other (ms):  0,0]
      [GC Worker Total (ms):  16,9]
      [GC Worker End (ms):  63708224,3]
   [Code Root Fixup: 0,0 ms]
   [Code Root Purge: 0,0 ms]
   [Clear CT: 0,0 ms]
   [Other: 0,2 ms]
      [Choose CSet: 0,0 ms]
      [Ref Proc: 0,0 ms]
      [Ref Enq: 0,0 ms]
      [Redirty Cards: 0,0 ms]
      [Humongous Register: 0,0 ms]
      [Humongous Reclaim: 0,0 ms]
      [Free CSet: 0,0 ms]
   [Eden: 47,0M(47,0M)->0,0B(47,0M) Survivors: 4096,0K->4096,0K Heap: 220,5M(1024,0M)->173,5M(1024,0M)]
 [Times: user=0,01 sys=0,00, real=0,02 secs] 
2016-12-22T23:10:02.471+0100: 63708,759: [GC pause (G1 Evacuation Pause) (young), 0,0211941 secs]
   [Parallel Time: 20,9 ms, GC Workers: 1]
      [GC Worker Start (ms):  63708759,4]
      [Ext Root Scanning (ms):  0,7]
      [Update RS (ms):  3,0]
         [Processed Buffers:  24]
      [Scan RS (ms):  0,3]
      [Code Root Scanning (ms):  0,0]
      [Object Copy (ms):  16,9]
      [Termination (ms):  0,0]
         [Termination Attempts:  1]
      [GC Worker Other (ms):  0,0]
      [GC Worker Total (ms):  20,9]
      [GC Worker End (ms):  63708780,3]
   [Code Root Fixup: 0,0 ms]
   [Code Root Purge: 0,0 ms]
   [Clear CT: 0,0 ms]
   [Other: 0,2 ms]
      [Choose CSet: 0,0 ms]
      [Ref Proc: 0,0 ms]
      [Ref Enq: 0,0 ms]
      [Redirty Cards: 0,0 ms]
      [Humongous Register: 0,0 ms]
      [Humongous Reclaim: 0,0 ms]
      [Free CSet: 0,0 ms]
   [Eden: 47,0M(47,0M)->0,0B(47,0M) Survivors: 4096,0K->4096,0K Heap: 220,5M(1024,0M)->173,5M(1024,0M)]
 [Times: user=0,02 sys=0,00, real=0,02 secs] 
2016-12-22T23:10:02.982+0100: 63709,271: [GC pause (G1 Evacuation Pause) (young), 0,0174450 secs]
   [Parallel Time: 17,2 ms, GC Workers: 1]
      [GC Worker Start (ms):  63709271,2]
      [Ext Root Scanning (ms):  0,7]
      [Update RS (ms):  2,1]
         [Processed Buffers:  22]
      [Scan RS (ms):  0,1]
      [Code Root Scanning (ms):  0,0]
      [Object Copy (ms):  14,2]
      [Termination (ms):  0,0]
         [Termination Attempts:  1]
      [GC Worker Other (ms):  0,0]
      [GC Worker Total (ms):  17,2]
      [GC Worker End (ms):  63709288,3]
   [Code Root Fixup: 0,0 ms]
   [Code Root Purge: 0,0 ms]
   [Clear CT: 0,0 ms]
   [Other: 0,2 ms]
      [Choose CSet: 0,0 ms]
      [Ref Proc: 0,0 ms]
      [Ref Enq: 0,0 ms]
      [Redirty Cards: 0,0 ms]
      [Humongous Register: 0,0 ms]
      [Humongous Reclaim: 0,0 ms]
      [Free CSet: 0,0 ms]
   [Eden: 47,0M(47,0M)->0,0B(47,0M) Survivors: 4096,0K->4096,0K Heap: 220,5M(1024,0M)->174,0M(1024,0M)]
 [Times: user=0,01 sys=0,00, real=0,02 secs] 
2016-12-22T23:10:03.533+0100: 63709,822: [GC pause (G1 Evacuation Pause) (young), 0,0305199 secs]
   [Parallel Time: 30,3 ms, GC Workers: 1]
      [GC Worker Start (ms):  63709821,6]
      [Ext Root Scanning (ms):  0,7]
      [Update RS (ms):  1,7]
         [Processed Buffers:  28]
      [Scan RS (ms):  0,5]
      [Code Root Scanning (ms):  0,0]
      [Object Copy (ms):  22,7]
      [Termination (ms):  0,0]
         [Termination Attempts:  1]
      [GC Worker Other (ms):  0,0]
      [GC Worker Total (ms):  25,7]
      [GC Worker End (ms):  63709847,3]
   [Code Root Fixup: 0,0 ms]
   [Code Root Purge: 0,0 ms]
   [Clear CT: 0,0 ms]
   [Other: 0,2 ms]
      [Choose CSet: 0,0 ms]
      [Ref Proc: 0,0 ms]
      [Ref Enq: 0,0 ms]
      [Redirty Cards: 0,0 ms]
      [Humongous Register: 0,0 ms]
      [Humongous Reclaim: 0,0 ms]
      [Free CSet: 0,0 ms]
   [Eden: 47,0M(47,0M)->0,0B(47,0M) Survivors: 4096,0K->4096,0K Heap: 221,0M(1024,0M)->174,0M(1024,0M)]
 [Times: user=0,00 sys=0,00, real=0,03 secs] 
2016-12-22T23:10:04.026+0100: 63710,315: [GC pause (G1 Evacuation Pause) (young), 0,0791963 secs]
   [Parallel Time: 78,8 ms, GC Workers: 1]
      [GC Worker Start (ms):  63710315,2]
      [Ext Root Scanning (ms):  0,8]
      [Update RS (ms):  2,1]
         [Processed Buffers:  24]
      [Scan RS (ms):  0,4]
      [Code Root Scanning (ms):  0,0]
      [Object Copy (ms):  75,6]
      [Termination (ms):  0,0]
         [Termination Attempts:  1]
      [GC Worker Other (ms):  0,0]
      [GC Worker Total (ms):  78,8]
      [GC Worker End (ms):  63710394,0]
   [Code Root Fixup: 0,1 ms]
   [Code Root Purge: 0,0 ms]
   [Clear CT: 0,0 ms]
   [Other: 0,3 ms]
      [Choose CSet: 0,0 ms]
      [Ref Proc: 0,0 ms]
      [Ref Enq: 0,0 ms]
      [Redirty Cards: 0,0 ms]
      [Humongous Register: 0,0 ms]
      [Humongous Reclaim: 0,0 ms]
      [Free CSet: 0,0 ms]
   [Eden: 47,0M(47,0M)->0,0B(48,0M) Survivors: 4096,0K->3072,0K Heap: 221,0M(1024,0M)->173,9M(1024,0M)]
 [Times: user=0,01 sys=0,00, real=0,08 secs] 
2016-12-22T23:10:04.619+0100: 63710,908: [GC pause (G1 Evacuation Pause) (young), 0,0224464 secs]
   [Parallel Time: 21,4 ms, GC Workers: 1]
      [GC Worker Start (ms):  63710907,8]
      [Ext Root Scanning (ms):  0,7]
      [Update RS (ms):  2,5]
         [Processed Buffers:  24]
      [Scan RS (ms):  4,1]
      [Code Root Scanning (ms):  0,0]
      [Object Copy (ms):  14,1]
      [Termination (ms):  0,0]
         [Termination Attempts:  1]
      [GC Worker Other (ms):  0,0]
      [GC Worker Total (ms):  21,4]
      [GC Worker End (ms):  63710929,1]
   [Code Root Fixup: 0,0 ms]
   [Code Root Purge: 0,0 ms]
   [Clear CT: 0,0 ms]
   [Other: 1,0 ms]
      [Choose CSet: 0,0 ms]
      [Ref Proc: 0,0 ms]
      [Ref Enq: 0,0 ms]
      [Redirty Cards: 0,0 ms]
      [Humongous Register: 0,0 ms]
      [Humongous Reclaim: 0,0 ms]
      [Free CSet: 0,1 ms]
   [Eden: 48,0M(48,0M)->0,0B(48,0M) Survivors: 3072,0K->3072,0K Heap: 221,9M(1024,0M)->174,5M(1024,0M)]
 [Times: user=0,01 sys=0,01, real=0,02 secs] 
2016-12-22T23:10:05.153+0100: 63711,442: [GC pause (G1 Evacuation Pause) (young), 0,0199320 secs]
   [Parallel Time: 19,6 ms, GC Workers: 1]
      [GC Worker Start (ms):  63711441,7]
      [Ext Root Scanning (ms):  0,7]
      [Update RS (ms):  2,7]
         [Processed Buffers:  24]
      [Scan RS (ms):  0,9]
      [Code Root Scanning (ms):  0,0]
      [Object Copy (ms):  15,4]
      [Termination (ms):  0,0]
         [Termination Attempts:  1]
      [GC Worker Other (ms):  0,0]
      [GC Worker Total (ms):  19,6]
      [GC Worker End (ms):  63711461,4]
   [Code Root Fixup: 0,0 ms]
   [Code Root Purge: 0,0 ms]
   [Clear CT: 0,0 ms]
   [Other: 0,3 ms]
      [Choose CSet: 0,0 ms]
      [Ref Proc: 0,0 ms]
      [Ref Enq: 0,0 ms]
      [Redirty Cards: 0,0 ms]
      [Humongous Register: 0,0 ms]
      [Humongous Reclaim: 0,0 ms]
      [Free CSet: 0,0 ms]
   [Eden: 48,0M(48,0M)->0,0B(48,0M) Survivors: 3072,0K->3072,0K Heap: 222,5M(1024,0M)->174,4M(1024,0M)]
 [Times: user=0,01 sys=0,00, real=0,02 secs] 
2016-12-22T23:10:05.660+0100: 63711,949: [GC pause (G1 Evacuation Pause) (young), 0,0192126 secs]
   [Parallel Time: 18,6 ms, GC Workers: 1]
      [GC Worker Start (ms):  63711948,8]
      [Ext Root Scanning (ms):  0,7]
      [Update RS (ms):  2,0]
         [Processed Buffers:  24]
      [Scan RS (ms):  2,4]
      [Code Root Scanning (ms):  0,0]
      [Object Copy (ms):  13,5]
      [Termination (ms):  0,0]
         [Termination Attempts:  1]
      [GC Worker Other (ms):  0,0]
      [GC Worker Total (ms):  18,6]
      [GC Worker End (ms):  63711967,3]
   [Code Root Fixup: 0,0 ms]
   [Code Root Purge: 0,0 ms]
   [Clear CT: 0,0 ms]
   [Other: 0,6 ms]
      [Choose CSet: 0,0 ms]
      [Ref Proc: 0,0 ms]
      [Ref Enq: 0,0 ms]
      [Redirty Cards: 0,0 ms]
      [Humongous Register: 0,0 ms]
      [Humongous Reclaim: 0,0 ms]
      [Free CSet: 0,0 ms]
   [Eden: 48,0M(48,0M)->0,0B(48,0M) Survivors: 3072,0K->3072,0K Heap: 222,4M(1024,0M)->175,1M(1024,0M)]
 [Times: user=0,01 sys=0,00, real=0,02 secs] 
2016-12-22T23:10:06.256+0100: 63712,545: [GC pause (G1 Evacuation Pause) (young), 0,0199289 secs]
   [Parallel Time: 19,1 ms, GC Workers: 1]
      [GC Worker Start (ms):  63712544,7]
      [Ext Root Scanning (ms):  0,8]
      [Update RS (ms):  3,5]
         [Processed Buffers:  29]
      [Scan RS (ms):  1,1]
      [Code Root Scanning (ms):  0,0]
      [Object Copy (ms):  13,7]
      [Termination (ms):  0,0]
         [Termination Attempts:  1]
      [GC Worker Other (ms):  0,0]
      [GC Worker Total (ms):  19,1]
      [GC Worker End (ms):  63712563,9]
   [Code Root Fixup: 0,0 ms]
   [Code Root Purge: 0,0 ms]
   [Clear CT: 0,0 ms]
   [Other: 0,7 ms]
      [Choose CSet: 0,0 ms]
      [Ref Proc: 0,0 ms]
      [Ref Enq: 0,0 ms]
      [Redirty Cards: 0,0 ms]
      [Humongous Register: 0,0 ms]
      [Humongous Reclaim: 0,0 ms]
      [Free CSet: 0,0 ms]
   [Eden: 48,0M(48,0M)->0,0B(48,0M) Survivors: 3072,0K->3072,0K Heap: 223,1M(1024,0M)->176,0M(1024,0M)]
 [Times: user=0,01 sys=0,00, real=0,02 secs] 
2016-12-22T23:10:06.767+0100: 63713,056: [GC pause (G1 Evacuation Pause) (young), 0,0203018 secs]
   [Parallel Time: 17,4 ms, GC Workers: 1]
      [GC Worker Start (ms):  63713056,0]
      [Ext Root Scanning (ms):  0,7]
      [Update RS (ms):  2,2]
         [Processed Buffers:  21]
      [Scan RS (ms):  1,6]
      [Code Root Scanning (ms):  0,0]
      [Object Copy (ms):  12,9]
      [Termination (ms):  0,0]
         [Termination Attempts:  1]
      [GC Worker Other (ms):  0,0]
      [GC Worker Total (ms):  17,3]
      [GC Worker End (ms):  63713073,3]
   [Code Root Fixup: 0,0 ms]
   [Code Root Purge: 0,0 ms]
   [Clear CT: 0,0 ms]
   [Other: 2,8 ms]
      [Choose CSet: 0,0 ms]
      [Ref Proc: 0,0 ms]
      [Ref Enq: 0,0 ms]
      [Redirty Cards: 0,0 ms]
      [Humongous Register: 0,0 ms]
      [Humongous Reclaim: 0,0 ms]
      [Free CSet: 0,0 ms]
   [Eden: 48,0M(48,0M)->0,0B(49,0M) Survivors: 3072,0K->2048,0K Heap: 224,0M(1024,0M)->175,2M(1024,0M)]
 [Times: user=0,00 sys=0,01, real=0,03 secs] 
2016-12-22T23:10:07.316+0100: 63713,605: [GC pause (G1 Evacuation Pause) (young), 0,0173514 secs]
   [Parallel Time: 15,7 ms, GC Workers: 1]
      [GC Worker Start (ms):  63713604,8]
      [Ext Root Scanning (ms):  0,8]
      [Update RS (ms):  2,2]
         [Processed Buffers:  20]
      [Scan RS (ms):  2,7]
      [Code Root Scanning (ms):  0,0]
      [Object Copy (ms):  10,0]
      [Termination (ms):  0,0]
         [Termination Attempts:  1]
      [GC Worker Other (ms):  0,0]
      [GC Worker Total (ms):  15,7]
      [GC Worker End (ms):  63713620,5]
   [Code Root Fixup: 0,0 ms]
   [Code Root Purge: 0,0 ms]
   [Clear CT: 0,0 ms]
   [Other: 1,6 ms]
      [Choose CSet: 0,0 ms]
      [Ref Proc: 0,0 ms]
      [Ref Enq: 0,0 ms]
      [Redirty Cards: 0,0 ms]
      [Humongous Register: 0,0 ms]
      [Humongous Reclaim: 0,0 ms]
      [Free CSet: 0,0 ms]
   [Eden: 49,0M(49,0M)->0,0B(49,0M) Survivors: 2048,0K->2048,0K Heap: 224,2M(1024,0M)->175,7M(1024,0M)]
 [Times: user=0,01 sys=0,00, real=0,01 secs] 
2016-12-22T23:10:07.830+0100: 63714,119: [GC pause (G1 Evacuation Pause) (young), 0,0172899 secs]
   [Parallel Time: 16,6 ms, GC Workers: 1]
      [GC Worker Start (ms):  63714118,8]
      [Ext Root Scanning (ms):  0,7]
      [Update RS (ms):  2,0]
         [Processed Buffers:  16]
      [Scan RS (ms):  1,4]
      [Code Root Scanning (ms):  0,0]
      [Object Copy (ms):  12,6]
      [Termination (ms):  0,0]
         [Termination Attempts:  1]
      [GC Worker Other (ms):  0,0]
      [GC Worker Total (ms):  16,6]
      [GC Worker End (ms):  63714135,5]
   [Code Root Fixup: 0,0 ms]
   [Code Root Purge: 0,0 ms]
   [Clear CT: 0,0 ms]
   [Other: 0,6 ms]
      [Choose CSet: 0,0 ms]
      [Ref Proc: 0,0 ms]
      [Ref Enq: 0,0 ms]
      [Redirty Cards: 0,0 ms]
      [Humongous Register: 0,0 ms]
      [Humongous Reclaim: 0,0 ms]
      [Free CSet: 0,0 ms]
   [Eden: 49,0M(49,0M)->0,0B(49,0M) Survivors: 2048,0K->2048,0K Heap: 224,7M(1024,0M)->175,9M(1024,0M)]
 [Times: user=0,00 sys=0,00, real=0,02 secs] 
2016-12-22T23:10:08.414+0100: 63714,703: [GC pause (G1 Evacuation Pause) (young), 0,0218149 secs]
   [Parallel Time: 21,6 ms, GC Workers: 1]
      [GC Worker Start (ms):  63714703,0]
      [Ext Root Scanning (ms):  0,7]
      [Update RS (ms):  2,3]
         [Processed Buffers:  21]
      [Scan RS (ms):  1,8]
      [Code Root Scanning (ms):  0,0]
      [Object Copy (ms):  16,8]
      [Termination (ms):  0,0]
         [Termination Attempts:  1]
      [GC Worker Other (ms):  0,0]
      [GC Worker Total (ms):  21,6]
      [GC Worker End (ms):  63714724,6]
   [Code Root Fixup: 0,0 ms]
   [Code Root Purge: 0,0 ms]
   [Clear CT: 0,0 ms]
   [Other: 0,2 ms]
      [Choose CSet: 0,0 ms]
      [Ref Proc: 0,0 ms]
      [Ref Enq: 0,0 ms]
      [Redirty Cards: 0,0 ms]
      [Humongous Register: 0,0 ms]
      [Humongous Reclaim: 0,0 ms]
      [Free CSet: 0,0 ms]
   [Eden: 49,0M(49,0M)->0,0B(49,0M) Survivors: 2048,0K->2048,0K Heap: 224,9M(1024,0M)->176,2M(1024,0M)]
 [Times: user=0,00 sys=0,00, real=0,03 secs] 
2016-12-22T23:10:08.948+0100: 63715,236: [GC pause (G1 Evacuation Pause) (young), 0,0158503 secs]
   [Parallel Time: 15,6 ms, GC Workers: 1]
      [GC Worker Start (ms):  63715236,3]
      [Ext Root Scanning (ms):  0,7]
      [Update RS (ms):  2,1]
         [Processed Buffers:  20]
      [Scan RS (ms):  3,5]
      [Code Root Scanning (ms):  0,0]
      [Object Copy (ms):  9,2]
      [Termination (ms):  0,0]
         [Termination Attempts:  1]
      [GC Worker Other (ms):  0,0]
      [GC Worker Total (ms):  15,6]
      [GC Worker End (ms):  63715251,9]
   [Code Root Fixup: 0,0 ms]
   [Code Root Purge: 0,0 ms]
   [Clear CT: 0,0 ms]
   [Other: 0,2 ms]
      [Choose CSet: 0,0 ms]
      [Ref Proc: 0,0 ms]
      [Ref Enq: 0,0 ms]
      [Redirty Cards: 0,0 ms]
      [Humongous Register: 0,0 ms]
      [Humongous Reclaim: 0,0 ms]
      [Free CSet: 0,0 ms]
   [Eden: 49,0M(49,0M)->0,0B(77,0M) Survivors: 2048,0K->2048,0K Heap: 225,2M(1024,0M)->176,3M(1024,0M)]
 [Times: user=0,00 sys=0,01, real=0,01 secs] 
2016-12-22T23:10:09.495+0100: 63715,783: [GC pause (G1 Evacuation Pause) (young), 0,0164717 secs]
   [Parallel Time: 16,2 ms, GC Workers: 1]
      [GC Worker Start (ms):  63715783,4]
      [Ext Root Scanning (ms):  0,7]
      [Update RS (ms):  1,6]
         [Processed Buffers:  16]
      [Scan RS (ms):  4,1]
      [Code Root Scanning (ms):  0,0]
      [Object Copy (ms):  9,8]
      [Termination (ms):  0,0]
         [Termination Attempts:  1]
      [GC Worker Other (ms):  0,0]
      [GC Worker Total (ms):  16,2]
      [GC Worker End (ms):  63715799,6]
   [Code Root Fixup: 0,0 ms]
   [Code Root Purge: 0,0 ms]
   [Clear CT: 0,0 ms]
   [Other: 0,2 ms]
      [Choose CSet: 0,0 ms]
      [Ref Proc: 0,0 ms]
      [Ref Enq: 0,0 ms]
      [Redirty Cards: 0,0 ms]
      [Humongous Register: 0,0 ms]
      [Humongous Reclaim: 0,0 ms]
      [Free CSet: 0,1 ms]
   [Eden: 49,0M(49,0M)->0,0B(177,0M) Survivors: 2048,0K->2048,0K Heap: 225,3M(1024,0M)->176,0M(1024,0M)]
 [Times: user=0,01 sys=0,00, real=0,02 secs] 
2016-12-22T23:10:10.308+0100: 63716,597: [GC pause (G1 Evacuation Pause) (young), 0,0168056 secs]
   [Parallel Time: 16,6 ms, GC Workers: 1]
      [GC Worker Start (ms):  63716597,0]
      [Ext Root Scanning (ms):  0,7]
      [Update RS (ms):  3,5]
         [Processed Buffers:  20]
      [Scan RS (ms):  2,0]
      [Code Root Scanning (ms):  0,0]
      [Object Copy (ms):  10,3]
      [Termination (ms):  0,0]
         [Termination Attempts:  1]
      [GC Worker Other (ms):  0,0]
      [GC Worker Total (ms):  16,5]
      [GC Worker End (ms):  63716613,5]
   [Code Root Fixup: 0,0 ms]
   [Code Root Purge: 0,0 ms]
   [Clear CT: 0,0 ms]
   [Other: 0,2 ms]
      [Choose CSet: 0,0 ms]
      [Ref Proc: 0,0 ms]
      [Ref Enq: 0,0 ms]
      [Redirty Cards: 0,0 ms]
      [Humongous Register: 0,0 ms]
      [Humongous Reclaim: 0,0 ms]
      [Free CSet: 0,0 ms]
   [Eden: 73,0M(49,0M)->0,0B(175,0M) Survivors: 2048,0K->2048,0K Heap: 249,0M(1024,0M)->176,1M(1024,0M)]
 [Times: user=0,01 sys=0,00, real=0,01 secs] 
2016-12-22T23:10:10.835+0100: 63717,123: [GC pause (G1 Evacuation Pause) (young), 0,0168009 secs]
   [Parallel Time: 16,5 ms, GC Workers: 1]
      [GC Worker Start (ms):  63717123,2]
      [Ext Root Scanning (ms):  0,7]
      [Update RS (ms):  1,6]
         [Processed Buffers:  23]
      [Scan RS (ms):  6,8]
      [Code Root Scanning (ms):  0,0]
      [Object Copy (ms):  7,5]
      [Termination (ms):  0,0]
         [Termination Attempts:  1]
      [GC Worker Other (ms):  0,0]
      [GC Worker Total (ms):  16,5]
      [GC Worker End (ms):  63717139,7]
   [Code Root Fixup: 0,0 ms]
   [Code Root Purge: 0,0 ms]
   [Clear CT: 0,0 ms]
   [Other: 0,2 ms]
      [Choose CSet: 0,0 ms]
      [Ref Proc: 0,0 ms]
      [Ref Enq: 0,0 ms]
      [Redirty Cards: 0,0 ms]
      [Humongous Register: 0,0 ms]
      [Humongous Reclaim: 0,0 ms]
      [Free CSet: 0,0 ms]
   [Eden: 49,0M(49,0M)->0,0B(175,0M) Survivors: 2048,0K->2048,0K Heap: 225,1M(1024,0M)->176,3M(1024,0M)]
 [Times: user=0,01 sys=0,00, real=0,02 secs] 
2016-12-22T23:10:11.507+0100: 63717,796: [GC pause (G1 Evacuation Pause) (young), 0,0161425 secs]
   [Parallel Time: 15,8 ms, GC Workers: 1]
      [GC Worker Start (ms):  63717796,2]
      [Ext Root Scanning (ms):  0,7]
      [Update RS (ms):  1,9]
         [Processed Buffers:  19]
      [Scan RS (ms):  4,6]
      [Code Root Scanning (ms):  0,0]
      [Object Copy (ms):  8,5]
      [Termination (ms):  0,0]
         [Termination Attempts:  1]
      [GC Worker Other (ms):  0,0]
      [GC Worker Total (ms):  15,8]
      [GC Worker End (ms):  63717812,0]
   [Code Root Fixup: 0,0 ms]
   [Code Root Purge: 0,0 ms]
   [Clear CT: 0,0 ms]
   [Other: 0,2 ms]
      [Choose CSet: 0,0 ms]
      [Ref Proc: 0,0 ms]
      [Ref Enq: 0,0 ms]
      [Redirty Cards: 0,0 ms]
      [Humongous Register: 0,0 ms]
      [Humongous Reclaim: 0,0 ms]
      [Free CSet: 0,1 ms]
   [Eden: 64,0M(49,0M)->0,0B(133,0M) Survivors: 2048,0K->2048,0K Heap: 240,3M(1024,0M)->176,9M(1024,0M)]
 [Times: user=0,01 sys=0,00, real=0,01 secs] 
2016-12-22T23:10:12.939+0100: 63719,228: [GC pause (G1 Evacuation Pause) (young), 0,0180193 secs]
   [Parallel Time: 17,7 ms, GC Workers: 1]
      [GC Worker Start (ms):  63719227,6]
      [Ext Root Scanning (ms):  1,0]
      [Update RS (ms):  2,2]
         [Processed Buffers:  22]
      [Scan RS (ms):  2,4]
      [Code Root Scanning (ms):  0,0]
      [Object Copy (ms):  8,9]
      [Termination (ms):  0,0]
         [Termination Attempts:  1]
      [GC Worker Other (ms):  0,0]
      [GC Worker Total (ms):  14,5]
      [GC Worker End (ms):  63719242,1]
   [Code Root Fixup: 0,0 ms]
   [Code Root Purge: 0,0 ms]
   [Clear CT: 0,0 ms]
   [Other: 0,2 ms]
      [Choose CSet: 0,0 ms]
      [Ref Proc: 0,0 ms]
      [Ref Enq: 0,0 ms]
      [Redirty Cards: 0,0 ms]
      [Humongous Register: 0,0 ms]
      [Humongous Reclaim: 0,0 ms]
      [Free CSet: 0,1 ms]
   [Eden: 133,0M(133,0M)->0,0B(175,0M) Survivors: 2048,0K->2048,0K Heap: 309,9M(1024,0M)->176,6M(1024,0M)]
 [Times: user=0,00 sys=0,00, real=0,02 secs] 
2016-12-22T23:10:13.915+0100: 63720,204: [GC pause (G1 Evacuation Pause) (young), 0,0151822 secs]
   [Parallel Time: 14,8 ms, GC Workers: 1]
      [GC Worker Start (ms):  63720204,0]
      [Ext Root Scanning (ms):  0,7]
      [Update RS (ms):  2,1]
         [Processed Buffers:  22]
      [Scan RS (ms):  5,8]
      [Code Root Scanning (ms):  0,0]
      [Object Copy (ms):  6,2]
      [Termination (ms):  0,0]
         [Termination Attempts:  1]
      [GC Worker Other (ms):  0,0]
      [GC Worker Total (ms):  14,8]
      [GC Worker End (ms):  63720218,8]
   [Code Root Fixup: 0,1 ms]
   [Code Root Purge: 0,0 ms]
   [Clear CT: 0,0 ms]
   [Other: 0,2 ms]
      [Choose CSet: 0,0 ms]
      [Ref Proc: 0,0 ms]
      [Ref Enq: 0,0 ms]
      [Redirty Cards: 0,0 ms]
      [Humongous Register: 0,0 ms]
      [Humongous Reclaim: 0,0 ms]
      [Free CSet: 0,0 ms]
   [Eden: 91,0M(49,0M)->0,0B(245,0M) Survivors: 2048,0K->2048,0K Heap: 267,6M(1024,0M)->176,7M(1024,0M)]
 [Times: user=0,01 sys=0,00, real=0,01 secs] 
2016-12-22T23:10:14.810+0100: 63721,099: [GC pause (G1 Evacuation Pause) (young), 0,0187862 secs]
   [Parallel Time: 18,5 ms, GC Workers: 1]
      [GC Worker Start (ms):  63721098,9]
      [Ext Root Scanning (ms):  0,7]
      [Update RS (ms):  2,0]
         [Processed Buffers:  19]
      [Scan RS (ms):  7,9]
      [Code Root Scanning (ms):  0,0]
      [Object Copy (ms):  7,9]
      [Termination (ms):  0,0]
         [Termination Attempts:  1]
      [GC Worker Other (ms):  0,0]
      [GC Worker Total (ms):  18,5]
      [GC Worker End (ms):  63721117,4]
   [Code Root Fixup: 0,0 ms]
   [Code Root Purge: 0,0 ms]
   [Clear CT: 0,0 ms]
   [Other: 0,2 ms]
      [Choose CSet: 0,0 ms]
      [Ref Proc: 0,0 ms]
      [Ref Enq: 0,0 ms]
      [Redirty Cards: 0,0 ms]
      [Humongous Register: 0,0 ms]
      [Humongous Reclaim: 0,0 ms]
      [Free CSet: 0,0 ms]
   [Eden: 77,0M(49,0M)->0,0B(203,0M) Survivors: 2048,0K->2048,0K Heap: 253,7M(1024,0M)->176,8M(1024,0M)]
 [Times: user=0,00 sys=0,00, real=0,02 secs] 
2016-12-22T23:10:16.310+0100: 63722,598: [GC pause (G1 Evacuation Pause) (young), 0,0179492 secs]
   [Parallel Time: 17,6 ms, GC Workers: 1]
      [GC Worker Start (ms):  63722598,2]
      [Ext Root Scanning (ms):  0,7]
      [Update RS (ms):  2,1]
         [Processed Buffers:  24]
      [Scan RS (ms):  5,6]
      [Code Root Scanning (ms):  0,0]
      [Object Copy (ms):  4,1]
      [Termination (ms):  0,0]
         [Termination Attempts:  1]
      [GC Worker Other (ms):  0,0]
      [GC Worker Total (ms):  12,6]
      [GC Worker End (ms):  63722610,8]
   [Code Root Fixup: 0,0 ms]
   [Code Root Purge: 0,0 ms]
   [Clear CT: 0,0 ms]
   [Other: 0,2 ms]
      [Choose CSet: 0,0 ms]
      [Ref Proc: 0,0 ms]
      [Ref Enq: 0,0 ms]
      [Redirty Cards: 0,0 ms]
      [Humongous Register: 0,0 ms]
      [Humongous Reclaim: 0,0 ms]
      [Free CSet: 0,1 ms]
   [Eden: 143,0M(49,0M)->0,0B(48,0M) Survivors: 2048,0K->3072,0K Heap: 319,8M(1024,0M)->178,0M(1024,0M)]
 [Times: user=0,01 sys=0,00, real=0,02 secs] 
2016-12-22T23:10:16.800+0100: 63723,089: [GC pause (G1 Evacuation Pause) (young), 0,0138558 secs]
   [Parallel Time: 13,6 ms, GC Workers: 1]
      [GC Worker Start (ms):  63723088,8]
      [Ext Root Scanning (ms):  0,7]
      [Update RS (ms):  1,6]
         [Processed Buffers:  17]
      [Scan RS (ms):  7,9]
      [Code Root Scanning (ms):  0,0]
      [Object Copy (ms):  3,4]
      [Termination (ms):  0,0]
         [Termination Attempts:  1]
      [GC Worker Other (ms):  0,0]
      [GC Worker Total (ms):  13,6]
      [GC Worker End (ms):  63723102,4]
   [Code Root Fixup: 0,0 ms]
   [Code Root Purge: 0,0 ms]
   [Clear CT: 0,0 ms]
   [Other: 0,2 ms]
      [Choose CSet: 0,0 ms]
      [Ref Proc: 0,0 ms]
      [Ref Enq: 0,0 ms]
      [Redirty Cards: 0,0 ms]
      [Humongous Register: 0,0 ms]
      [Humongous Reclaim: 0,0 ms]
      [Free CSet: 0,0 ms]
   [Eden: 48,0M(48,0M)->0,0B(292,0M) Survivors: 3072,0K->2048,0K Heap: 226,0M(1024,0M)->177,2M(1024,0M)]
 [Times: user=0,01 sys=0,00, real=0,01 secs] 
2016-12-22T23:10:18.412+0100: 63724,700: [GC pause (G1 Evacuation Pause) (young), 0,0199831 secs]
   [Parallel Time: 19,7 ms, GC Workers: 1]
      [GC Worker Start (ms):  63724700,4]
      [Ext Root Scanning (ms):  0,7]
      [Update RS (ms):  2,1]
         [Processed Buffers:  21]
      [Scan RS (ms):  4,3]
      [Code Root Scanning (ms):  0,0]
      [Object Copy (ms):  12,6]
      [Termination (ms):  0,0]
         [Termination Attempts:  1]
      [GC Worker Other (ms):  0,0]
      [GC Worker Total (ms):  19,7]
      [GC Worker End (ms):  63724720,1]
   [Code Root Fixup: 0,0 ms]
   [Code Root Purge: 0,0 ms]
   [Clear CT: 0,0 ms]
   [Other: 0,2 ms]
      [Choose CSet: 0,0 ms]
      [Ref Proc: 0,0 ms]
      [Ref Enq: 0,0 ms]
      [Redirty Cards: 0,0 ms]
      [Humongous Register: 0,0 ms]
      [Humongous Reclaim: 0,0 ms]
      [Free CSet: 0,1 ms]
   [Eden: 154,0M(49,0M)->0,0B(77,0M) Survivors: 2048,0K->3072,0K Heap: 331,2M(1024,0M)->178,3M(1024,0M)]
 [Times: user=0,01 sys=0,00, real=0,02 secs] 
2016-12-22T23:10:19.240+0100: 63725,529: [GC pause (G1 Evacuation Pause) (young), 0,0146627 secs]
   [Parallel Time: 14,3 ms, GC Workers: 1]
      [GC Worker Start (ms):  63725528,7]
      [Ext Root Scanning (ms):  0,7]
      [Update RS (ms):  1,7]
         [Processed Buffers:  18]
      [Scan RS (ms):  4,3]
      [Code Root Scanning (ms):  0,0]
      [Object Copy (ms):  7,7]
      [Termination (ms):  0,0]
         [Termination Attempts:  1]
      [GC Worker Other (ms):  0,0]
      [GC Worker Total (ms):  14,3]
      [GC Worker End (ms):  63725543,0]
   [Code Root Fixup: 0,0 ms]
   [Code Root Purge: 0,0 ms]
   [Clear CT: 0,0 ms]
   [Other: 0,3 ms]
      [Choose CSet: 0,0 ms]
      [Ref Proc: 0,0 ms]
      [Ref Enq: 0,0 ms]
      [Redirty Cards: 0,0 ms]
      [Humongous Register: 0,0 ms]
      [Humongous Reclaim: 0,0 ms]
      [Free CSet: 0,1 ms]
   [Eden: 77,0M(77,0M)->0,0B(327,0M) Survivors: 3072,0K->2048,0K Heap: 255,3M(1024,0M)->178,0M(1024,0M)]
 [Times: user=0,01 sys=0,00, real=0,01 secs] 
2016-12-22T23:10:21.416+0100: 63727,705: [GC pause (G1 Evacuation Pause) (young), 0,0220619 secs]
   [Parallel Time: 21,2 ms, GC Workers: 1]
      [GC Worker Start (ms):  63727705,1]
      [Ext Root Scanning (ms):  0,7]
      [Update RS (ms):  2,1]
         [Processed Buffers:  25]
      [Scan RS (ms):  5,9]
      [Code Root Scanning (ms):  0,0]
      [Object Copy (ms):  12,4]
      [Termination (ms):  0,0]
         [Termination Attempts:  1]
      [GC Worker Other (ms):  0,0]
      [GC Worker Total (ms):  21,1]
      [GC Worker End (ms):  63727726,2]
   [Code Root Fixup: 0,0 ms]
   [Code Root Purge: 0,0 ms]
   [Clear CT: 0,1 ms]
   [Other: 0,8 ms]
      [Choose CSet: 0,0 ms]
      [Ref Proc: 0,0 ms]
      [Ref Enq: 0,0 ms]
      [Redirty Cards: 0,0 ms]
      [Humongous Register: 0,0 ms]
      [Humongous Reclaim: 0,0 ms]
      [Free CSet: 0,1 ms]
   [Eden: 182,0M(49,0M)->0,0B(171,0M) Survivors: 2048,0K->3072,0K Heap: 360,0M(1024,0M)->178,7M(1024,0M)]
 [Times: user=0,01 sys=0,00, real=0,02 secs] 
2016-12-22T23:10:22.615+0100: 63728,904: [GC pause (G1 Evacuation Pause) (young), 0,0191521 secs]
   [Parallel Time: 18,7 ms, GC Workers: 1]
      [GC Worker Start (ms):  63728903,9]
      [Ext Root Scanning (ms):  0,7]
      [Update RS (ms):  1,9]
         [Processed Buffers:  19]
      [Scan RS (ms):  7,1]
      [Code Root Scanning (ms):  0,0]
      [Object Copy (ms):  9,0]
      [Termination (ms):  0,0]
         [Termination Attempts:  1]
      [GC Worker Other (ms):  0,0]
      [GC Worker Total (ms):  18,6]
      [GC Worker End (ms):  63728922,6]
   [Code Root Fixup: 0,0 ms]
   [Code Root Purge: 0,0 ms]
   [Clear CT: 0,0 ms]
   [Other: 0,4 ms]
      [Choose CSet: 0,0 ms]
      [Ref Proc: 0,0 ms]
      [Ref Enq: 0,0 ms]
      [Redirty Cards: 0,0 ms]
      [Humongous Register: 0,0 ms]
      [Humongous Reclaim: 0,0 ms]
      [Free CSet: 0,0 ms]
   [Eden: 115,0M(48,0M)->0,0B(267,0M) Survivors: 3072,0K->2048,0K Heap: 293,7M(1024,0M)->178,3M(1024,0M)]
 [Times: user=0,01 sys=0,00, real=0,01 secs] 
2016-12-22T23:10:24.720+0100: 63731,008: [GC pause (G1 Evacuation Pause) (young), 0,0230060 secs]
   [Parallel Time: 22,3 ms, GC Workers: 1]
      [GC Worker Start (ms):  63731008,4]
      [Ext Root Scanning (ms):  0,8]
      [Update RS (ms):  3,3]
         [Processed Buffers:  22]
      [Scan RS (ms):  6,1]
      [Code Root Scanning (ms):  0,0]
      [Object Copy (ms):  12,2]
      [Termination (ms):  0,0]
         [Termination Attempts:  1]
      [GC Worker Other (ms):  0,0]
      [GC Worker Total (ms):  22,3]
      [GC Worker End (ms):  63731030,7]
   [Code Root Fixup: 0,0 ms]
   [Code Root Purge: 0,0 ms]
   [Clear CT: 0,1 ms]
   [Other: 0,6 ms]
      [Choose CSet: 0,0 ms]
      [Ref Proc: 0,0 ms]
      [Ref Enq: 0,0 ms]
      [Redirty Cards: 0,0 ms]
      [Humongous Register: 0,0 ms]
      [Humongous Reclaim: 0,0 ms]
      [Free CSet: 0,1 ms]
   [Eden: 199,0M(49,0M)->0,0B(69,0M) Survivors: 2048,0K->2048,0K Heap: 377,3M(1024,0M)->178,4M(1024,0M)]
 [Times: user=0,01 sys=0,00, real=0,02 secs] 
2016-12-22T23:10:25.484+0100: 63731,772: [GC pause (G1 Evacuation Pause) (young), 0,0226878 secs]
   [Parallel Time: 22,1 ms, GC Workers: 1]
      [GC Worker Start (ms):  63731772,3]
      [Ext Root Scanning (ms):  0,7]
      [Update RS (ms):  1,8]
         [Processed Buffers:  18]
      [Scan RS (ms):  6,1]
      [Code Root Scanning (ms):  0,0]
      [Object Copy (ms):  13,5]
      [Termination (ms):  0,0]
         [Termination Attempts:  1]
      [GC Worker Other (ms):  0,0]
      [GC Worker Total (ms):  22,1]
      [GC Worker End (ms):  63731794,4]
   [Code Root Fixup: 0,0 ms]
   [Code Root Purge: 0,0 ms]
   [Clear CT: 0,0 ms]
   [Other: 0,5 ms]
      [Choose CSet: 0,0 ms]
      [Ref Proc: 0,0 ms]
      [Ref Enq: 0,0 ms]
      [Redirty Cards: 0,0 ms]
      [Humongous Register: 0,0 ms]
      [Humongous Reclaim: 0,0 ms]
      [Free CSet: 0,0 ms]
   [Eden: 49,0M(49,0M)->0,0B(49,0M) Survivors: 2048,0K->2048,0K Heap: 227,4M(1024,0M)->178,5M(1024,0M)]
 [Times: user=0,02 sys=0,00, real=0,02 secs] 
2016-12-22T23:10:26.897+0100: 63733,186: [GC pause (G1 Evacuation Pause) (young), 0,0170561 secs]
   [Parallel Time: 16,8 ms, GC Workers: 1]
      [GC Worker Start (ms):  63733185,7]
      [Ext Root Scanning (ms):  0,7]
      [Update RS (ms):  2,4]
         [Processed Buffers:  25]
      [Scan RS (ms):  3,2]
      [Code Root Scanning (ms):  0,0]
      [Object Copy (ms):  10,4]
      [Termination (ms):  0,0]
         [Termination Attempts:  1]
      [GC Worker Other (ms):  0,0]
      [GC Worker Total (ms):  16,8]
      [GC Worker End (ms):  63733202,4]
   [Code Root Fixup: 0,0 ms]
   [Code Root Purge: 0,0 ms]
   [Clear CT: 0,0 ms]
   [Other: 0,2 ms]
      [Choose CSet: 0,0 ms]
      [Ref Proc: 0,0 ms]
      [Ref Enq: 0,0 ms]
      [Redirty Cards: 0,0 ms]
      [Humongous Register: 0,0 ms]
      [Humongous Reclaim: 0,0 ms]
      [Free CSet: 0,0 ms]
   [Eden: 49,0M(49,0M)->0,0B(48,0M) Survivors: 2048,0K->3072,0K Heap: 227,5M(1024,0M)->179,1M(1024,0M)]
 [Times: user=0,01 sys=0,00, real=0,01 secs] 
2016-12-22T23:10:27.946+0100: 63734,234: [GC pause (G1 Evacuation Pause) (young), 0,0292905 secs]
   [Parallel Time: 29,0 ms, GC Workers: 1]
      [GC Worker Start (ms):  63734234,2]
      [Ext Root Scanning (ms):  0,8]
      [Update RS (ms):  2,5]
         [Processed Buffers:  23]
      [Scan RS (ms):  11,2]
      [Code Root Scanning (ms):  0,0]
      [Object Copy (ms):  14,5]
      [Termination (ms):  0,0]
         [Termination Attempts:  1]
      [GC Worker Other (ms):  0,0]
      [GC Worker Total (ms):  29,0]
      [GC Worker End (ms):  63734263,2]
   [Code Root Fixup: 0,0 ms]
   [Code Root Purge: 0,0 ms]
   [Clear CT: 0,0 ms]
   [Other: 0,2 ms]
      [Choose CSet: 0,0 ms]
      [Ref Proc: 0,0 ms]
      [Ref Enq: 0,0 ms]
      [Redirty Cards: 0,0 ms]
      [Humongous Register: 0,0 ms]
      [Humongous Reclaim: 0,0 ms]
      [Free CSet: 0,1 ms]
   [Eden: 48,0M(48,0M)->0,0B(49,0M) Survivors: 3072,0K->2048,0K Heap: 227,1M(1024,0M)->178,8M(1024,0M)]
 [Times: user=0,01 sys=0,00, real=0,03 secs] 
2016-12-22T23:10:29.353+0100: 63735,641: [GC pause (G1 Evacuation Pause) (young), 0,0210763 secs]
   [Parallel Time: 20,5 ms, GC Workers: 1]
      [GC Worker Start (ms):  63735641,4]
      [Ext Root Scanning (ms):  0,8]
      [Update RS (ms):  6,4]
         [Processed Buffers:  24]
      [Scan RS (ms):  3,5]
      [Code Root Scanning (ms):  0,0]
      [Object Copy (ms):  9,7]
      [Termination (ms):  0,0]
         [Termination Attempts:  1]
      [GC Worker Other (ms):  0,0]
      [GC Worker Total (ms):  20,5]
      [GC Worker End (ms):  63735661,8]
   [Code Root Fixup: 0,0 ms]
   [Code Root Purge: 0,0 ms]
   [Clear CT: 0,0 ms]
   [Other: 0,6 ms]
      [Choose CSet: 0,0 ms]
      [Ref Proc: 0,0 ms]
      [Ref Enq: 0,0 ms]
      [Redirty Cards: 0,0 ms]
      [Humongous Register: 0,0 ms]
      [Humongous Reclaim: 0,0 ms]
      [Free CSet: 0,0 ms]
   [Eden: 49,0M(49,0M)->0,0B(49,0M) Survivors: 2048,0K->2048,0K Heap: 227,8M(1024,0M)->178,9M(1024,0M)]
 [Times: user=0,01 sys=0,00, real=0,02 secs] 
2016-12-22T23:10:30.379+0100: 63736,668: [GC pause (G1 Evacuation Pause) (young), 0,0255468 secs]
   [Parallel Time: 25,0 ms, GC Workers: 1]
      [GC Worker Start (ms):  63736667,8]
      [Ext Root Scanning (ms):  1,0]
      [Update RS (ms):  1,7]
         [Processed Buffers:  20]
      [Scan RS (ms):  3,7]
      [Code Root Scanning (ms):  0,0]
      [Object Copy (ms):  18,6]
      [Termination (ms):  0,0]
         [Termination Attempts:  1]
      [GC Worker Other (ms):  0,0]
      [GC Worker Total (ms):  24,9]
      [GC Worker End (ms):  63736692,8]
   [Code Root Fixup: 0,0 ms]
   [Code Root Purge: 0,0 ms]
   [Clear CT: 0,0 ms]
   [Other: 0,5 ms]
      [Choose CSet: 0,0 ms]
      [Ref Proc: 0,0 ms]
      [Ref Enq: 0,0 ms]
      [Redirty Cards: 0,0 ms]
      [Humongous Register: 0,0 ms]
      [Humongous Reclaim: 0,0 ms]
      [Free CSet: 0,0 ms]
   [Eden: 49,0M(49,0M)->0,0B(48,0M) Survivors: 2048,0K->3072,0K Heap: 227,9M(1024,0M)->179,6M(1024,0M)]
 [Times: user=0,01 sys=0,01, real=0,02 secs] 
2016-12-22T23:10:31.367+0100: 63737,656: [GC pause (G1 Evacuation Pause) (young), 0,0148572 secs]
   [Parallel Time: 14,3 ms, GC Workers: 1]
      [GC Worker Start (ms):  63737655,7]
      [Ext Root Scanning (ms):  0,7]
      [Update RS (ms):  1,7]
         [Processed Buffers:  19]
      [Scan RS (ms):  3,7]
      [Code Root Scanning (ms):  0,0]
      [Object Copy (ms):  8,2]
      [Termination (ms):  0,0]
         [Termination Attempts:  1]
      [GC Worker Other (ms):  0,0]
      [GC Worker Total (ms):  14,3]
      [GC Worker End (ms):  63737670,0]
   [Code Root Fixup: 0,0 ms]
   [Code Root Purge: 0,0 ms]
   [Clear CT: 0,0 ms]
   [Other: 0,5 ms]
      [Choose CSet: 0,0 ms]
      [Ref Proc: 0,0 ms]
      [Ref Enq: 0,0 ms]
      [Redirty Cards: 0,0 ms]
      [Humongous Register: 0,0 ms]
      [Humongous Reclaim: 0,0 ms]
      [Free CSet: 0,1 ms]
   [Eden: 48,0M(48,0M)->0,0B(48,0M) Survivors: 3072,0K->3072,0K Heap: 227,6M(1024,0M)->179,8M(1024,0M)]
 [Times: user=0,01 sys=0,00, real=0,02 secs] 
2016-12-22T23:10:32.355+0100: 63738,644: [GC pause (G1 Evacuation Pause) (young), 0,0246840 secs]
   [Parallel Time: 24,0 ms, GC Workers: 1]
      [GC Worker Start (ms):  63738643,8]
      [Ext Root Scanning (ms):  1,1]
      [Update RS (ms):  2,0]
         [Processed Buffers:  20]
      [Scan RS (ms):  8,0]
      [Code Root Scanning (ms):  0,0]
      [Object Copy (ms):  12,9]
      [Termination (ms):  0,0]
         [Termination Attempts:  1]
      [GC Worker Other (ms):  0,0]
      [GC Worker Total (ms):  24,0]
      [GC Worker End (ms):  63738667,8]
   [Code Root Fixup: 0,0 ms]
   [Code Root Purge: 0,0 ms]
   [Clear CT: 0,0 ms]
   [Other: 0,6 ms]
      [Choose CSet: 0,0 ms]
      [Ref Proc: 0,0 ms]
      [Ref Enq: 0,0 ms]
      [Redirty Cards: 0,0 ms]
      [Humongous Register: 0,0 ms]
      [Humongous Reclaim: 0,0 ms]
      [Free CSet: 0,0 ms]
   [Eden: 48,0M(48,0M)->0,0B(49,0M) Survivors: 3072,0K->2048,0K Heap: 227,8M(1024,0M)->179,4M(1024,0M)]
 [Times: user=0,01 sys=0,00, real=0,02 secs] 
2016-12-22T23:10:33.665+0100: 63739,953: [GC pause (G1 Evacuation Pause) (young), 0,0294965 secs]
   [Parallel Time: 27,8 ms, GC Workers: 1]
      [GC Worker Start (ms):  63739953,3]
      [Ext Root Scanning (ms):  0,8]
      [Update RS (ms):  1,8]
         [Processed Buffers:  20]
      [Scan RS (ms):  10,7]
      [Code Root Scanning (ms):  0,0]
      [Object Copy (ms):  14,5]
      [Termination (ms):  0,0]
         [Termination Attempts:  1]
      [GC Worker Other (ms):  0,0]
      [GC Worker Total (ms):  27,8]
      [GC Worker End (ms):  63739981,1]
   [Code Root Fixup: 0,0 ms]
   [Code Root Purge: 0,0 ms]
   [Clear CT: 0,1 ms]
   [Other: 1,6 ms]
      [Choose CSet: 0,0 ms]
      [Ref Proc: 0,0 ms]
      [Ref Enq: 0,0 ms]
      [Redirty Cards: 0,0 ms]
      [Humongous Register: 0,0 ms]
      [Humongous Reclaim: 0,0 ms]
      [Free CSet: 0,0 ms]
   [Eden: 49,0M(49,0M)->0,0B(48,0M) Survivors: 2048,0K->3072,0K Heap: 228,4M(1024,0M)->180,1M(1024,0M)]
 [Times: user=0,01 sys=0,00, real=0,03 secs] 
2016-12-22T23:10:34.883+0100: 63741,172: [GC pause (G1 Evacuation Pause) (young), 0,0238216 secs]
   [Parallel Time: 22,8 ms, GC Workers: 1]
      [GC Worker Start (ms):  63741171,9]
      [Ext Root Scanning (ms):  0,7]
      [Update RS (ms):  1,6]
         [Processed Buffers:  21]
      [Scan RS (ms):  7,9]
      [Code Root Scanning (ms):  0,0]
      [Object Copy (ms):  12,6]
      [Termination (ms):  0,0]
         [Termination Attempts:  1]
      [GC Worker Other (ms):  0,0]
      [GC Worker Total (ms):  22,8]
      [GC Worker End (ms):  63741194,6]
   [Code Root Fixup: 0,0 ms]
   [Code Root Purge: 0,0 ms]
   [Clear CT: 0,1 ms]
   [Other: 0,9 ms]
      [Choose CSet: 0,0 ms]
      [Ref Proc: 0,0 ms]
      [Ref Enq: 0,0 ms]
      [Redirty Cards: 0,0 ms]
      [Humongous Register: 0,0 ms]
      [Humongous Reclaim: 0,0 ms]
      [Free CSet: 0,0 ms]
   [Eden: 48,0M(48,0M)->0,0B(49,0M) Survivors: 3072,0K->2048,0K Heap: 228,1M(1024,0M)->179,8M(1024,0M)]
 [Times: user=0,01 sys=0,01, real=0,02 secs] 
2016-12-22T23:10:36.715+0100: 63743,004: [GC pause (G1 Evacuation Pause) (young), 0,0304305 secs]
   [Parallel Time: 29,6 ms, GC Workers: 1]
      [GC Worker Start (ms):  63743004,0]
      [Ext Root Scanning (ms):  0,7]
      [Update RS (ms):  2,0]
         [Processed Buffers:  23]
      [Scan RS (ms):  6,8]
      [Code Root Scanning (ms):  0,0]
      [Object Copy (ms):  20,1]
      [Termination (ms):  0,0]
         [Termination Attempts:  1]
      [GC Worker Other (ms):  0,0]
      [GC Worker Total (ms):  29,6]
      [GC Worker End (ms):  63743033,7]
   [Code Root Fixup: 0,1 ms]
   [Code Root Purge: 0,0 ms]
   [Clear CT: 0,0 ms]
   [Other: 0,7 ms]
      [Choose CSet: 0,0 ms]
      [Ref Proc: 0,0 ms]
      [Ref Enq: 0,0 ms]
      [Redirty Cards: 0,0 ms]
      [Humongous Register: 0,0 ms]
      [Humongous Reclaim: 0,0 ms]
      [Free CSet: 0,0 ms]
   [Eden: 49,0M(49,0M)->0,0B(48,0M) Survivors: 2048,0K->3072,0K Heap: 228,8M(1024,0M)->180,4M(1024,0M)]
 [Times: user=0,01 sys=0,00, real=0,02 secs] 
2016-12-22T23:10:38.162+0100: 63744,450: [GC pause (G1 Evacuation Pause) (young), 0,0195576 secs]
   [Parallel Time: 18,9 ms, GC Workers: 1]
      [GC Worker Start (ms):  63744450,5]
      [Ext Root Scanning (ms):  0,7]
      [Update RS (ms):  1,8]
         [Processed Buffers:  19]
      [Scan RS (ms):  4,7]
      [Code Root Scanning (ms):  0,0]
      [Object Copy (ms):  11,7]
      [Termination (ms):  0,0]
         [Termination Attempts:  1]
      [GC Worker Other (ms):  0,0]
      [GC Worker Total (ms):  18,9]
      [GC Worker End (ms):  63744469,4]
   [Code Root Fixup: 0,0 ms]
   [Code Root Purge: 0,0 ms]
   [Clear CT: 0,0 ms]
   [Other: 0,6 ms]
      [Choose CSet: 0,0 ms]
      [Ref Proc: 0,0 ms]
      [Ref Enq: 0,0 ms]
      [Redirty Cards: 0,0 ms]
      [Humongous Register: 0,0 ms]
      [Humongous Reclaim: 0,0 ms]
      [Free CSet: 0,0 ms]
   [Eden: 48,0M(48,0M)->0,0B(49,0M) Survivors: 3072,0K->2048,0K Heap: 228,4M(1024,0M)->180,1M(1024,0M)]
 [Times: user=0,02 sys=0,00, real=0,02 secs] 
2016-12-22T23:10:39.104+0100: 63745,393: [GC pause (G1 Evacuation Pause) (young), 0,0135425 secs]
   [Parallel Time: 12,9 ms, GC Workers: 1]
      [GC Worker Start (ms):  63745393,1]
      [Ext Root Scanning (ms):  1,0]
      [Update RS (ms):  2,8]
         [Processed Buffers:  24]
      [Scan RS (ms):  3,0]
      [Code Root Scanning (ms):  0,0]
      [Object Copy (ms):  6,1]
      [Termination (ms):  0,0]
         [Termination Attempts:  1]
      [GC Worker Other (ms):  0,0]
      [GC Worker Total (ms):  12,9]
      [GC Worker End (ms):  63745406,0]
   [Code Root Fixup: 0,0 ms]
   [Code Root Purge: 0,0 ms]
   [Clear CT: 0,0 ms]
   [Other: 0,6 ms]
      [Choose CSet: 0,0 ms]
      [Ref Proc: 0,0 ms]
      [Ref Enq: 0,0 ms]
      [Redirty Cards: 0,0 ms]
      [Humongous Register: 0,0 ms]
      [Humongous Reclaim: 0,0 ms]
      [Free CSet: 0,0 ms]
   [Eden: 49,0M(49,0M)->0,0B(49,0M) Survivors: 2048,0K->2048,0K Heap: 229,1M(1024,0M)->180,3M(1024,0M)]
 [Times: user=0,01 sys=0,00, real=0,02 secs] 
2016-12-22T23:10:39.971+0100: 63746,260: [GC pause (G1 Evacuation Pause) (young), 0,0151573 secs]
   [Parallel Time: 14,4 ms, GC Workers: 1]
      [GC Worker Start (ms):  63746260,0]
      [Ext Root Scanning (ms):  1,3]
      [Update RS (ms):  2,6]
         [Processed Buffers:  18]
      [Scan RS (ms):  4,0]
      [Code Root Scanning (ms):  0,0]
      [Object Copy (ms):  6,5]
      [Termination (ms):  0,0]
         [Termination Attempts:  1]
      [GC Worker Other (ms):  0,0]
      [GC Worker Total (ms):  14,4]
      [GC Worker End (ms):  63746274,4]
   [Code Root Fixup: 0,0 ms]
   [Code Root Purge: 0,0 ms]
   [Clear CT: 0,0 ms]
   [Other: 0,7 ms]
      [Choose CSet: 0,0 ms]
      [Ref Proc: 0,0 ms]
      [Ref Enq: 0,0 ms]
      [Redirty Cards: 0,0 ms]
      [Humongous Register: 0,0 ms]
      [Humongous Reclaim: 0,0 ms]
      [Free CSet: 0,0 ms]
   [Eden: 49,0M(49,0M)->0,0B(49,0M) Survivors: 2048,0K->2048,0K Heap: 229,3M(1024,0M)->180,5M(1024,0M)]
 [Times: user=0,01 sys=0,00, real=0,01 secs] 
2016-12-22T23:10:40.995+0100: 63747,283: [GC pause (G1 Evacuation Pause) (young), 0,0214225 secs]
   [Parallel Time: 20,6 ms, GC Workers: 1]
      [GC Worker Start (ms):  63747283,3]
      [Ext Root Scanning (ms):  0,7]
      [Update RS (ms):  1,8]
         [Processed Buffers:  21]
      [Scan RS (ms):  5,0]
      [Code Root Scanning (ms):  0,0]
      [Object Copy (ms):  13,0]
      [Termination (ms):  0,0]
         [Termination Attempts:  1]
      [GC Worker Other (ms):  0,0]
      [GC Worker Total (ms):  20,6]
      [GC Worker End (ms):  63747303,9]
   [Code Root Fixup: 0,0 ms]
   [Code Root Purge: 0,0 ms]
   [Clear CT: 0,0 ms]
   [Other: 0,8 ms]
      [Choose CSet: 0,0 ms]
      [Ref Proc: 0,0 ms]
      [Ref Enq: 0,0 ms]
      [Redirty Cards: 0,0 ms]
      [Humongous Register: 0,0 ms]
      [Humongous Reclaim: 0,0 ms]
      [Free CSet: 0,1 ms]
   [Eden: 49,0M(49,0M)->0,0B(48,0M) Survivors: 2048,0K->3072,0K Heap: 229,5M(1024,0M)->181,1M(1024,0M)]
 [Times: user=0,01 sys=0,00, real=0,03 secs] 
2016-12-22T23:10:42.980+0100: 63749,268: [GC pause (G1 Evacuation Pause) (young), 0,0398828 secs]
   [Parallel Time: 39,2 ms, GC Workers: 1]
      [GC Worker Start (ms):  63749268,4]
      [Ext Root Scanning (ms):  0,8]
      [Update RS (ms):  1,8]
         [Processed Buffers:  24]
      [Scan RS (ms):  7,7]
      [Code Root Scanning (ms):  0,0]
      [Object Copy (ms):  28,9]
      [Termination (ms):  0,0]
         [Termination Attempts:  1]
      [GC Worker Other (ms):  0,0]
      [GC Worker Total (ms):  39,2]
      [GC Worker End (ms):  63749307,6]
   [Code Root Fixup: 0,0 ms]
   [Code Root Purge: 0,0 ms]
   [Clear CT: 0,0 ms]
   [Other: 0,6 ms]
      [Choose CSet: 0,0 ms]
      [Ref Proc: 0,0 ms]
      [Ref Enq: 0,0 ms]
      [Redirty Cards: 0,0 ms]
      [Humongous Register: 0,0 ms]
      [Humongous Reclaim: 0,0 ms]
      [Free CSet: 0,0 ms]
   [Eden: 48,0M(48,0M)->0,0B(49,0M) Survivors: 3072,0K->2048,0K Heap: 229,1M(1024,0M)->180,9M(1024,0M)]
 [Times: user=0,01 sys=0,00, real=0,04 secs] 
2016-12-22T23:10:44.904+0100: 63751,193: [GC pause (G1 Evacuation Pause) (young), 0,0314090 secs]
   [Parallel Time: 30,8 ms, GC Workers: 1]
      [GC Worker Start (ms):  63751192,8]
      [Ext Root Scanning (ms):  1,1]
      [Update RS (ms):  10,4]
         [Processed Buffers:  26]
      [Scan RS (ms):  3,6]
      [Code Root Scanning (ms):  0,0]
      [Object Copy (ms):  15,7]
      [Termination (ms):  0,0]
         [Termination Attempts:  1]
      [GC Worker Other (ms):  0,0]
      [GC Worker Total (ms):  30,8]
      [GC Worker End (ms):  63751223,6]
   [Code Root Fixup: 0,1 ms]
   [Code Root Purge: 0,0 ms]
   [Clear CT: 0,0 ms]
   [Other: 0,6 ms]
      [Choose CSet: 0,0 ms]
      [Ref Proc: 0,0 ms]
      [Ref Enq: 0,0 ms]
      [Redirty Cards: 0,0 ms]
      [Humongous Register: 0,0 ms]
      [Humongous Reclaim: 0,0 ms]
      [Free CSet: 0,0 ms]
   [Eden: 49,0M(49,0M)->0,0B(49,0M) Survivors: 2048,0K->2048,0K Heap: 229,9M(1024,0M)->181,2M(1024,0M)]
 [Times: user=0,02 sys=0,00, real=0,04 secs] 
2016-12-22T23:10:45.873+0100: 63752,162: [GC pause (G1 Evacuation Pause) (young), 0,0138030 secs]
   [Parallel Time: 13,2 ms, GC Workers: 1]
      [GC Worker Start (ms):  63752161,7]
      [Ext Root Scanning (ms):  0,8]
      [Update RS (ms):  2,8]
         [Processed Buffers:  23]
      [Scan RS (ms):  2,8]
      [Code Root Scanning (ms):  0,0]
      [Object Copy (ms):  6,7]
      [Termination (ms):  0,0]
         [Termination Attempts:  1]
      [GC Worker Other (ms):  0,0]
      [GC Worker Total (ms):  13,2]
      [GC Worker End (ms):  63752174,9]
   [Code Root Fixup: 0,0 ms]
   [Code Root Purge: 0,0 ms]
   [Clear CT: 0,0 ms]
   [Other: 0,5 ms]
      [Choose CSet: 0,0 ms]
      [Ref Proc: 0,0 ms]
      [Ref Enq: 0,0 ms]
      [Redirty Cards: 0,0 ms]
      [Humongous Register: 0,0 ms]
      [Humongous Reclaim: 0,0 ms]
      [Free CSet: 0,0 ms]
   [Eden: 49,0M(49,0M)->0,0B(48,0M) Survivors: 2048,0K->3072,0K Heap: 230,2M(1024,0M)->181,9M(1024,0M)]
 [Times: user=0,01 sys=0,00, real=0,01 secs] 
2016-12-22T23:10:47.168+0100: 63753,457: [GC pause (G1 Evacuation Pause) (young), 0,0305102 secs]
   [Parallel Time: 29,8 ms, GC Workers: 1]
      [GC Worker Start (ms):  63753456,7]
      [Ext Root Scanning (ms):  0,7]
      [Update RS (ms):  1,6]
         [Processed Buffers:  24]
      [Scan RS (ms):  10,1]
      [Code Root Scanning (ms):  0,0]
      [Object Copy (ms):  17,3]
      [Termination (ms):  0,0]
         [Termination Attempts:  1]
      [GC Worker Other (ms):  0,0]
      [GC Worker Total (ms):  29,8]
      [GC Worker End (ms):  63753486,5]
   [Code Root Fixup: 0,0 ms]
   [Code Root Purge: 0,0 ms]
   [Clear CT: 0,0 ms]
   [Other: 0,6 ms]
      [Choose CSet: 0,0 ms]
      [Ref Proc: 0,0 ms]
      [Ref Enq: 0,0 ms]
      [Redirty Cards: 0,0 ms]
      [Humongous Register: 0,0 ms]
      [Humongous Reclaim: 0,0 ms]
      [Free CSet: 0,0 ms]
   [Eden: 48,0M(48,0M)->0,0B(49,0M) Survivors: 3072,0K->2048,0K Heap: 229,9M(1024,0M)->181,7M(1024,0M)]
 [Times: user=0,01 sys=0,00, real=0,03 secs] 
2016-12-22T23:10:48.324+0100: 63754,612: [GC pause (G1 Evacuation Pause) (young), 0,0123753 secs]
   [Parallel Time: 11,6 ms, GC Workers: 1]
      [GC Worker Start (ms):  63754612,5]
      [Ext Root Scanning (ms):  0,7]
      [Update RS (ms):  2,0]
         [Processed Buffers:  22]
      [Scan RS (ms):  3,1]
      [Code Root Scanning (ms):  0,0]
      [Object Copy (ms):  5,8]
      [Termination (ms):  0,0]
         [Termination Attempts:  1]
      [GC Worker Other (ms):  0,0]
      [GC Worker Total (ms):  11,6]
      [GC Worker End (ms):  63754624,1]
   [Code Root Fixup: 0,0 ms]
   [Code Root Purge: 0,0 ms]
   [Clear CT: 0,0 ms]
   [Other: 0,7 ms]
      [Choose CSet: 0,0 ms]
      [Ref Proc: 0,0 ms]
      [Ref Enq: 0,0 ms]
      [Redirty Cards: 0,0 ms]
      [Humongous Register: 0,0 ms]
      [Humongous Reclaim: 0,0 ms]
      [Free CSet: 0,0 ms]
   [Eden: 49,0M(49,0M)->0,0B(49,0M) Survivors: 2048,0K->2048,0K Heap: 230,7M(1024,0M)->181,9M(1024,0M)]
 [Times: user=0,01 sys=0,00, real=0,02 secs] 
2016-12-22T23:10:49.219+0100: 63755,508: [GC pause (G1 Evacuation Pause) (young), 0,0122873 secs]
   [Parallel Time: 11,5 ms, GC Workers: 1]
      [GC Worker Start (ms):  63755508,1]
      [Ext Root Scanning (ms):  0,8]
      [Update RS (ms):  2,6]
         [Processed Buffers:  20]
      [Scan RS (ms):  2,6]
      [Code Root Scanning (ms):  0,0]
      [Object Copy (ms):  5,5]
      [Termination (ms):  0,0]
         [Termination Attempts:  1]
      [GC Worker Other (ms):  0,0]
      [GC Worker Total (ms):  11,5]
      [GC Worker End (ms):  63755519,6]
   [Code Root Fixup: 0,1 ms]
   [Code Root Purge: 0,0 ms]
   [Clear CT: 0,0 ms]
   [Other: 0,6 ms]
      [Choose CSet: 0,0 ms]
      [Ref Proc: 0,0 ms]
      [Ref Enq: 0,0 ms]
      [Redirty Cards: 0,0 ms]
      [Humongous Register: 0,0 ms]
      [Humongous Reclaim: 0,0 ms]
      [Free CSet: 0,0 ms]
   [Eden: 49,0M(49,0M)->0,0B(119,0M) Survivors: 2048,0K->2048,0K Heap: 230,9M(1024,0M)->181,5M(1024,0M)]
 [Times: user=0,01 sys=0,00, real=0,01 secs] 
2016-12-22T23:10:50.577+0100: 63756,866: [GC pause (G1 Evacuation Pause) (young), 0,0118237 secs]
   [Parallel Time: 10,9 ms, GC Workers: 1]
      [GC Worker Start (ms):  63756866,1]
      [Ext Root Scanning (ms):  0,7]
      [Update RS (ms):  2,0]
         [Processed Buffers:  24]
      [Scan RS (ms):  3,1]
      [Code Root Scanning (ms):  0,0]
      [Object Copy (ms):  5,1]
      [Termination (ms):  0,0]
         [Termination Attempts:  1]
      [GC Worker Other (ms):  0,0]
      [GC Worker Total (ms):  10,8]
      [GC Worker End (ms):  63756877,0]
   [Code Root Fixup: 0,0 ms]
   [Code Root Purge: 0,0 ms]
   [Clear CT: 0,1 ms]
   [Other: 0,9 ms]
      [Choose CSet: 0,0 ms]
      [Ref Proc: 0,0 ms]
      [Ref Enq: 0,0 ms]
      [Redirty Cards: 0,0 ms]
      [Humongous Register: 0,0 ms]
      [Humongous Reclaim: 0,0 ms]
      [Free CSet: 0,1 ms]
   [Eden: 80,0M(49,0M)->0,0B(302,0M) Survivors: 2048,0K->2048,0K Heap: 261,5M(1024,0M)->181,6M(1024,0M)]
 [Times: user=0,02 sys=0,00, real=0,01 secs] 
2016-12-22T23:10:54.792+0100: 63761,081: [GC pause (G1 Evacuation Pause) (young), 0,0121245 secs]
   [Parallel Time: 11,5 ms, GC Workers: 1]
      [GC Worker Start (ms):  63761080,9]
      [Ext Root Scanning (ms):  0,7]
      [Update RS (ms):  2,2]
         [Processed Buffers:  28]
      [Scan RS (ms):  3,4]
      [Code Root Scanning (ms):  0,0]
      [Object Copy (ms):  5,2]
      [Termination (ms):  0,0]
         [Termination Attempts:  1]
      [GC Worker Other (ms):  0,0]
      [GC Worker Total (ms):  11,5]
      [GC Worker End (ms):  63761092,4]
   [Code Root Fixup: 0,1 ms]
   [Code Root Purge: 0,0 ms]
   [Clear CT: 0,1 ms]
   [Other: 0,4 ms]
      [Choose CSet: 0,0 ms]
      [Ref Proc: 0,0 ms]
      [Ref Enq: 0,0 ms]
      [Redirty Cards: 0,0 ms]
      [Humongous Register: 0,0 ms]
      [Humongous Reclaim: 0,0 ms]
      [Free CSet: 0,2 ms]
   [Eden: 244,0M(49,0M)->0,0B(410,0M) Survivors: 2048,0K->2048,0K Heap: 425,6M(1024,0M)->182,2M(1024,0M)]
 [Times: user=0,01 sys=0,00, real=0,01 secs] 
2016-12-22T23:10:58.110+0100: 63764,399: [GC pause (G1 Evacuation Pause) (young), 0,0124917 secs]
   [Parallel Time: 11,5 ms, GC Workers: 1]
      [GC Worker Start (ms):  63764398,6]
      [Ext Root Scanning (ms):  0,7]
      [Update RS (ms):  2,0]
         [Processed Buffers:  27]
      [Scan RS (ms):  3,2]
      [Code Root Scanning (ms):  0,0]
      [Object Copy (ms):  5,5]
      [Termination (ms):  0,0]
         [Termination Attempts:  1]
      [GC Worker Other (ms):  0,0]
      [GC Worker Total (ms):  11,4]
      [GC Worker End (ms):  63764410,1]
   [Code Root Fixup: 0,0 ms]
   [Code Root Purge: 0,0 ms]
   [Clear CT: 0,1 ms]
   [Other: 0,9 ms]
      [Choose CSet: 0,0 ms]
      [Ref Proc: 0,0 ms]
      [Ref Enq: 0,0 ms]
      [Redirty Cards: 0,0 ms]
      [Humongous Register: 0,0 ms]
      [Humongous Reclaim: 0,0 ms]
      [Free CSet: 0,1 ms]
   [Eden: 195,0M(49,0M)->0,0B(612,0M) Survivors: 2048,0K->2048,0K Heap: 377,2M(1024,0M)->182,3M(1024,0M)]
 [Times: user=0,01 sys=0,00, real=0,01 secs] 
2016-12-22T23:11:00.501+0100: 63766,790: [GC pause (G1 Evacuation Pause) (young), 0,0120265 secs]
   [Parallel Time: 11,7 ms, GC Workers: 1]
      [GC Worker Start (ms):  63766789,6]
      [Ext Root Scanning (ms):  0,7]
      [Update RS (ms):  1,7]
         [Processed Buffers:  25]
      [Scan RS (ms):  4,2]
      [Code Root Scanning (ms):  0,0]
      [Object Copy (ms):  5,1]
      [Termination (ms):  0,0]
         [Termination Attempts:  1]
      [GC Worker Other (ms):  0,0]
      [GC Worker Total (ms):  11,7]
      [GC Worker End (ms):  63766801,3]
   [Code Root Fixup: 0,0 ms]
   [Code Root Purge: 0,0 ms]
   [Clear CT: 0,0 ms]
   [Other: 0,2 ms]
      [Choose CSet: 0,0 ms]
      [Ref Proc: 0,0 ms]
      [Ref Enq: 0,0 ms]
      [Redirty Cards: 0,0 ms]
      [Humongous Register: 0,0 ms]
      [Humongous Reclaim: 0,0 ms]
      [Free CSet: 0,1 ms]
   [Eden: 137,0M(49,0M)->0,0B(612,0M) Survivors: 2048,0K->2048,0K Heap: 319,3M(1024,0M)->182,4M(1024,0M)]
 [Times: user=0,01 sys=0,00, real=0,01 secs] 
2016-12-22T23:11:05.953+0100: 63772,241: [GC pause (G1 Evacuation Pause) (young), 0,0125228 secs]
   [Parallel Time: 11,7 ms, GC Workers: 1]
      [GC Worker Start (ms):  63772241,6]
      [Ext Root Scanning (ms):  0,8]
      [Update RS (ms):  2,8]
         [Processed Buffers:  30]
      [Scan RS (ms):  3,3]
      [Code Root Scanning (ms):  0,0]
      [Object Copy (ms):  4,7]
      [Termination (ms):  0,0]
         [Termination Attempts:  1]
      [GC Worker Other (ms):  0,0]
      [GC Worker Total (ms):  11,7]
      [GC Worker End (ms):  63772253,3]
   [Code Root Fixup: 0,0 ms]
   [Code Root Purge: 0,0 ms]
   [Clear CT: 0,1 ms]
   [Other: 0,7 ms]
      [Choose CSet: 0,0 ms]
      [Ref Proc: 0,0 ms]
      [Ref Enq: 0,0 ms]
      [Redirty Cards: 0,0 ms]
      [Humongous Register: 0,0 ms]
      [Humongous Reclaim: 0,0 ms]
      [Free CSet: 0,1 ms]
   [Eden: 235,0M(97,0M)->0,0B(611,0M) Survivors: 2048,0K->3072,0K Heap: 417,4M(1024,0M)->183,0M(1024,0M)]
 [Times: user=0,01 sys=0,00, real=0,01 secs] 
2016-12-22T23:11:10.105+0100: 63776,394: [GC pause (G1 Evacuation Pause) (young), 0,0208770 secs]
   [Parallel Time: 20,1 ms, GC Workers: 1]
      [GC Worker Start (ms):  63776394,1]
      [Ext Root Scanning (ms):  1,0]
      [Update RS (ms):  1,8]
         [Processed Buffers:  25]
      [Scan RS (ms):  8,6]
      [Code Root Scanning (ms):  0,0]
      [Object Copy (ms):  8,6]
      [Termination (ms):  0,0]
         [Termination Attempts:  1]
      [GC Worker Other (ms):  0,0]
      [GC Worker Total (ms):  20,1]
      [GC Worker End (ms):  63776414,2]
   [Code Root Fixup: 0,0 ms]
   [Code Root Purge: 0,0 ms]
   [Clear CT: 0,1 ms]
   [Other: 0,7 ms]
      [Choose CSet: 0,0 ms]
      [Ref Proc: 0,0 ms]
      [Ref Enq: 0,0 ms]
      [Redirty Cards: 0,0 ms]
      [Humongous Register: 0,0 ms]
      [Humongous Reclaim: 0,0 ms]
      [Free CSet: 0,1 ms]
   [Eden: 195,0M(151,0M)->0,0B(612,0M) Survivors: 3072,0K->2048,0K Heap: 378,0M(1024,0M)->182,7M(1024,0M)]
 [Times: user=0,01 sys=0,00, real=0,02 secs] 
2016-12-22T23:11:16.412+0100: 63782,700: [GC pause (G1 Evacuation Pause) (young), 0,0138817 secs]
   [Parallel Time: 13,0 ms, GC Workers: 1]
      [GC Worker Start (ms):  63782700,4]
      [Ext Root Scanning (ms):  0,7]
      [Update RS (ms):  2,0]
         [Processed Buffers:  28]
      [Scan RS (ms):  3,3]
      [Code Root Scanning (ms):  0,0]
      [Object Copy (ms):  7,0]
      [Termination (ms):  0,0]
         [Termination Attempts:  1]
      [GC Worker Other (ms):  0,0]
      [GC Worker Total (ms):  13,0]
      [GC Worker End (ms):  63782713,4]
   [Code Root Fixup: 0,0 ms]
   [Code Root Purge: 0,0 ms]
   [Clear CT: 0,1 ms]
   [Other: 0,7 ms]
      [Choose CSet: 0,0 ms]
      [Ref Proc: 0,0 ms]
      [Ref Enq: 0,0 ms]
      [Redirty Cards: 0,1 ms]
      [Humongous Register: 0,0 ms]
      [Humongous Reclaim: 0,0 ms]
      [Free CSet: 0,1 ms]
   [Eden: 281,0M(49,0M)->0,0B(611,0M) Survivors: 2048,0K->3072,0K Heap: 463,7M(1024,0M)->183,3M(1024,0M)]
 [Times: user=0,02 sys=0,00, real=0,01 secs] 
2016-12-22T23:11:21.222+0100: 63787,511: [GC pause (G1 Evacuation Pause) (young), 0,0233736 secs]
   [Parallel Time: 23,0 ms, GC Workers: 1]
      [GC Worker Start (ms):  63787510,7]
      [Ext Root Scanning (ms):  0,7]
      [Update RS (ms):  3,2]
         [Processed Buffers:  26]
      [Scan RS (ms):  5,3]
      [Code Root Scanning (ms):  0,0]
      [Object Copy (ms):  11,6]
      [Termination (ms):  0,0]
         [Termination Attempts:  1]
      [GC Worker Other (ms):  0,0]
      [GC Worker Total (ms):  20,8]
      [GC Worker End (ms):  63787531,5]
   [Code Root Fixup: 0,0 ms]
   [Code Root Purge: 0,0 ms]
   [Clear CT: 0,1 ms]
   [Other: 0,3 ms]
      [Choose CSet: 0,0 ms]
      [Ref Proc: 0,0 ms]
      [Ref Enq: 0,0 ms]
      [Redirty Cards: 0,0 ms]
      [Humongous Register: 0,0 ms]
      [Humongous Reclaim: 0,0 ms]
      [Free CSet: 0,1 ms]
   [Eden: 226,0M(48,0M)->0,0B(132,0M) Survivors: 3072,0K->3072,0K Heap: 409,3M(1024,0M)->183,9M(1024,0M)]
 [Times: user=0,01 sys=0,00, real=0,02 secs] 
2016-12-22T23:11:24.030+0100: 63790,318: [GC pause (G1 Evacuation Pause) (young), 0,0121849 secs]
   [Parallel Time: 11,9 ms, GC Workers: 1]
      [GC Worker Start (ms):  63790318,5]
      [Ext Root Scanning (ms):  0,7]
      [Update RS (ms):  1,5]
         [Processed Buffers:  20]
      [Scan RS (ms):  3,1]
      [Code Root Scanning (ms):  0,0]
      [Object Copy (ms):  6,5]
      [Termination (ms):  0,0]
         [Termination Attempts:  1]
      [GC Worker Other (ms):  0,0]
      [GC Worker Total (ms):  11,8]
      [GC Worker End (ms):  63790330,4]
   [Code Root Fixup: 0,1 ms]
   [Code Root Purge: 0,0 ms]
   [Clear CT: 0,0 ms]
   [Other: 0,2 ms]
      [Choose CSet: 0,0 ms]
      [Ref Proc: 0,0 ms]
      [Ref Enq: 0,0 ms]
      [Redirty Cards: 0,0 ms]
      [Humongous Register: 0,0 ms]
      [Humongous Reclaim: 0,0 ms]
      [Free CSet: 0,0 ms]
   [Eden: 132,0M(132,0M)->0,0B(564,0M) Survivors: 3072,0K->3072,0K Heap: 315,9M(1024,0M)->183,5M(1024,0M)]
 [Times: user=0,02 sys=0,00, real=0,01 secs] 
2016-12-22T23:11:29.633+0100: 63795,922: [GC pause (G1 Evacuation Pause) (young), 0,0127115 secs]
   [Parallel Time: 12,3 ms, GC Workers: 1]
      [GC Worker Start (ms):  63795921,9]
      [Ext Root Scanning (ms):  0,7]
      [Update RS (ms):  1,8]
         [Processed Buffers:  24]
      [Scan RS (ms):  3,6]
      [Code Root Scanning (ms):  0,0]
      [Object Copy (ms):  6,2]
      [Termination (ms):  0,0]
         [Termination Attempts:  1]
      [GC Worker Other (ms):  0,0]
      [GC Worker Total (ms):  12,3]
      [GC Worker End (ms):  63795934,2]
   [Code Root Fixup: 0,0 ms]
   [Code Root Purge: 0,0 ms]
   [Clear CT: 0,1 ms]
   [Other: 0,3 ms]
      [Choose CSet: 0,0 ms]
      [Ref Proc: 0,0 ms]
      [Ref Enq: 0,0 ms]
      [Redirty Cards: 0,1 ms]
      [Humongous Register: 0,0 ms]
      [Humongous Reclaim: 0,0 ms]
      [Free CSet: 0,1 ms]
   [Eden: 262,0M(48,0M)->0,0B(611,0M) Survivors: 3072,0K->3072,0K Heap: 445,5M(1024,0M)->184,1M(1024,0M)]
 [Times: user=0,01 sys=0,00, real=0,01 secs] 
2016-12-22T23:11:39.267+0100: 63805,556: [GC pause (G1 Evacuation Pause) (young), 0,0225680 secs]
   [Parallel Time: 21,9 ms, GC Workers: 1]
      [GC Worker Start (ms):  63805555,6]
      [Ext Root Scanning (ms):  0,7]
      [Update RS (ms):  7,4]
         [Processed Buffers:  28]
      [Scan RS (ms):  6,3]
      [Code Root Scanning (ms):  0,0]
      [Object Copy (ms):  7,5]
      [Termination (ms):  0,0]
         [Termination Attempts:  1]
      [GC Worker Other (ms):  0,0]
      [GC Worker Total (ms):  21,9]
      [GC Worker End (ms):  63805577,5]
   [Code Root Fixup: 0,0 ms]
   [Code Root Purge: 0,0 ms]
   [Clear CT: 0,3 ms]
   [Other: 0,3 ms]
      [Choose CSet: 0,0 ms]
      [Ref Proc: 0,0 ms]
      [Ref Enq: 0,0 ms]
      [Redirty Cards: 0,0 ms]
      [Humongous Register: 0,0 ms]
      [Humongous Reclaim: 0,0 ms]
      [Free CSet: 0,1 ms]
   [Eden: 463,0M(48,0M)->0,0B(406,0M) Survivors: 3072,0K->3072,0K Heap: 647,1M(1024,0M)->184,2M(1024,0M)]
 [Times: user=0,02 sys=0,00, real=0,03 secs] 
2016-12-22T23:11:47.959+0100: 63814,247: [GC pause (G1 Evacuation Pause) (young), 0,0142491 secs]
   [Parallel Time: 13,8 ms, GC Workers: 1]
      [GC Worker Start (ms):  63814247,4]
      [Ext Root Scanning (ms):  0,7]
      [Update RS (ms):  2,3]
         [Processed Buffers:  31]
      [Scan RS (ms):  3,7]
      [Code Root Scanning (ms):  0,0]
      [Object Copy (ms):  7,1]
      [Termination (ms):  0,0]
         [Termination Attempts:  1]
      [GC Worker Other (ms):  0,0]
      [GC Worker Total (ms):  13,8]
      [GC Worker End (ms):  63814261,2]
   [Code Root Fixup: 0,0 ms]
   [Code Root Purge: 0,0 ms]
   [Clear CT: 0,1 ms]
   [Other: 0,3 ms]
      [Choose CSet: 0,0 ms]
      [Ref Proc: 0,0 ms]
      [Ref Enq: 0,0 ms]
      [Redirty Cards: 0,0 ms]
      [Humongous Register: 0,0 ms]
      [Humongous Reclaim: 0,0 ms]
      [Free CSet: 0,1 ms]
   [Eden: 393,0M(48,0M)->0,0B(610,0M) Survivors: 3072,0K->4096,0K Heap: 577,2M(1024,0M)->184,8M(1024,0M)]
 [Times: user=0,02 sys=0,00, real=0,01 secs] 
2016-12-22T23:11:54.272+0100: 63820,560: [GC pause (G1 Evacuation Pause) (young), 0,0122452 secs]
   [Parallel Time: 11,9 ms, GC Workers: 1]
      [GC Worker Start (ms):  63820560,2]
      [Ext Root Scanning (ms):  1,0]
      [Update RS (ms):  1,6]
         [Processed Buffers:  27]
      [Scan RS (ms):  3,7]
      [Code Root Scanning (ms):  0,0]
      [Object Copy (ms):  5,6]
      [Termination (ms):  0,0]
         [Termination Attempts:  1]
      [GC Worker Other (ms):  0,0]
      [GC Worker Total (ms):  11,9]
      [GC Worker End (ms):  63820572,1]
   [Code Root Fixup: 0,0 ms]
   [Code Root Purge: 0,0 ms]
   [Clear CT: 0,1 ms]
   [Other: 0,2 ms]
      [Choose CSet: 0,0 ms]
      [Ref Proc: 0,0 ms]
      [Ref Enq: 0,0 ms]
      [Redirty Cards: 0,0 ms]
      [Humongous Register: 0,0 ms]
      [Humongous Reclaim: 0,0 ms]
      [Free CSet: 0,1 ms]
   [Eden: 255,0M(47,0M)->0,0B(610,0M) Survivors: 4096,0K->4096,0K Heap: 439,8M(1024,0M)->184,9M(1024,0M)]
 [Times: user=0,01 sys=0,00, real=0,01 secs] 
2016-12-22T23:13:42.716+0100: 63929,005: [GC pause (G1 Evacuation Pause) (young), 0,0275221 secs]
   [Parallel Time: 27,2 ms, GC Workers: 1]
      [GC Worker Start (ms):  63929004,6]
      [Ext Root Scanning (ms):  0,8]
      [Update RS (ms):  4,5]
         [Processed Buffers:  36]
      [Scan RS (ms):  7,6]
      [Code Root Scanning (ms):  0,0]
      [Object Copy (ms):  10,2]
      [Termination (ms):  0,0]
         [Termination Attempts:  1]
      [GC Worker Other (ms):  0,0]
      [GC Worker Total (ms):  23,1]
      [GC Worker End (ms):  63929027,7]
   [Code Root Fixup: 0,0 ms]
   [Code Root Purge: 0,0 ms]
   [Clear CT: 0,1 ms]
   [Other: 0,2 ms]
      [Choose CSet: 0,0 ms]
      [Ref Proc: 0,0 ms]
      [Ref Enq: 0,0 ms]
      [Redirty Cards: 0,0 ms]
      [Humongous Register: 0,0 ms]
      [Humongous Reclaim: 0,0 ms]
      [Free CSet: 0,1 ms]
   [Eden: 154,0M(47,0M)->0,0B(47,0M) Survivors: 4096,0K->4096,0K Heap: 338,9M(1024,0M)->185,0M(1024,0M)]
 [Times: user=0,01 sys=0,00, real=0,02 secs] 
2016-12-22T23:13:43.973+0100: 63930,262: [GC pause (G1 Evacuation Pause) (young), 0,0304302 secs]
   [Parallel Time: 30,1 ms, GC Workers: 1]
      [GC Worker Start (ms):  63930261,8]
      [Ext Root Scanning (ms):  1,2]
      [Update RS (ms):  1,8]
         [Processed Buffers:  25]
      [Scan RS (ms):  9,9]
      [Code Root Scanning (ms):  0,0]
      [Object Copy (ms):  17,1]
      [Termination (ms):  0,0]
         [Termination Attempts:  1]
      [GC Worker Other (ms):  0,0]
      [GC Worker Total (ms):  30,1]
      [GC Worker End (ms):  63930291,9]
   [Code Root Fixup: 0,0 ms]
   [Code Root Purge: 0,0 ms]
   [Clear CT: 0,0 ms]
   [Other: 0,3 ms]
      [Choose CSet: 0,0 ms]
      [Ref Proc: 0,0 ms]
      [Ref Enq: 0,0 ms]
      [Redirty Cards: 0,0 ms]
      [Humongous Register: 0,0 ms]
      [Humongous Reclaim: 0,0 ms]
      [Free CSet: 0,1 ms]
   [Eden: 47,0M(47,0M)->0,0B(47,0M) Survivors: 4096,0K->4096,0K Heap: 232,0M(1024,0M)->185,1M(1024,0M)]
 [Times: user=0,01 sys=0,00, real=0,03 secs] 
2016-12-22T23:13:44.926+0100: 63931,215: [GC pause (G1 Evacuation Pause) (young), 0,0304104 secs]
   [Parallel Time: 30,1 ms, GC Workers: 1]
      [GC Worker Start (ms):  63931214,7]
      [Ext Root Scanning (ms):  0,7]
      [Update RS (ms):  1,7]
         [Processed Buffers:  24]
      [Scan RS (ms):  10,2]
      [Code Root Scanning (ms):  0,0]
      [Object Copy (ms):  13,6]
      [Termination (ms):  0,0]
         [Termination Attempts:  1]
      [GC Worker Other (ms):  0,0]
      [GC Worker Total (ms):  26,3]
      [GC Worker End (ms):  63931241,0]
   [Code Root Fixup: 0,0 ms]
   [Code Root Purge: 0,0 ms]
   [Clear CT: 0,0 ms]
   [Other: 0,2 ms]
      [Choose CSet: 0,0 ms]
      [Ref Proc: 0,0 ms]
      [Ref Enq: 0,0 ms]
      [Redirty Cards: 0,0 ms]
      [Humongous Register: 0,0 ms]
      [Humongous Reclaim: 0,0 ms]
      [Free CSet: 0,0 ms]
   [Eden: 47,0M(47,0M)->0,0B(47,0M) Survivors: 4096,0K->4096,0K Heap: 232,1M(1024,0M)->185,2M(1024,0M)]
 [Times: user=0,02 sys=0,00, real=0,04 secs] 
2016-12-22T23:13:45.890+0100: 63932,179: [GC pause (G1 Evacuation Pause) (young), 0,0289575 secs]
   [Parallel Time: 27,0 ms, GC Workers: 1]
      [GC Worker Start (ms):  63932179,2]
      [Ext Root Scanning (ms):  0,7]
      [Update RS (ms):  1,9]
         [Processed Buffers:  30]
      [Scan RS (ms):  10,2]
      [Code Root Scanning (ms):  0,0]
      [Object Copy (ms):  14,2]
      [Termination (ms):  0,0]
         [Termination Attempts:  1]
      [GC Worker Other (ms):  0,0]
      [GC Worker Total (ms):  27,0]
      [GC Worker End (ms):  63932206,2]
   [Code Root Fixup: 0,0 ms]
   [Code Root Purge: 0,0 ms]
   [Clear CT: 0,0 ms]
   [Other: 1,8 ms]
      [Choose CSet: 0,0 ms]
      [Ref Proc: 0,0 ms]
      [Ref Enq: 0,0 ms]
      [Redirty Cards: 0,0 ms]
      [Humongous Register: 0,1 ms]
      [Humongous Reclaim: 0,0 ms]
      [Free CSet: 0,0 ms]
   [Eden: 47,0M(47,0M)->0,0B(47,0M) Survivors: 4096,0K->4096,0K Heap: 232,2M(1024,0M)->186,1M(1024,0M)]
 [Times: user=0,01 sys=0,00, real=0,03 secs] 
2016-12-22T23:13:46.637+0100: 63932,926: [GC pause (G1 Evacuation Pause) (young), 0,0462201 secs]
   [Parallel Time: 43,1 ms, GC Workers: 1]
      [GC Worker Start (ms):  63932925,8]
      [Ext Root Scanning (ms):  0,8]
      [Update RS (ms):  2,6]
         [Processed Buffers:  27]
      [Scan RS (ms):  7,9]
      [Code Root Scanning (ms):  0,0]
      [Object Copy (ms):  31,6]
      [Termination (ms):  0,0]
         [Termination Attempts:  1]
      [GC Worker Other (ms):  0,0]
      [GC Worker Total (ms):  43,0]
      [GC Worker End (ms):  63932968,8]
   [Code Root Fixup: 0,0 ms]
   [Code Root Purge: 0,0 ms]
   [Clear CT: 0,0 ms]
   [Other: 3,1 ms]
      [Choose CSet: 0,0 ms]
      [Ref Proc: 0,0 ms]
      [Ref Enq: 0,0 ms]
      [Redirty Cards: 0,0 ms]
      [Humongous Register: 0,0 ms]
      [Humongous Reclaim: 0,0 ms]
      [Free CSet: 0,0 ms]
   [Eden: 47,0M(47,0M)->0,0B(48,0M) Survivors: 4096,0K->3072,0K Heap: 233,1M(1024,0M)->185,3M(1024,0M)]
 [Times: user=0,02 sys=0,00, real=0,04 secs] 
2016-12-22T23:13:47.403+0100: 63933,692: [GC pause (G1 Evacuation Pause) (young), 0,0346979 secs]
   [Parallel Time: 32,6 ms, GC Workers: 1]
      [GC Worker Start (ms):  63933692,0]
      [Ext Root Scanning (ms):  0,8]
      [Update RS (ms):  2,0]
         [Processed Buffers:  22]
      [Scan RS (ms):  9,7]
      [Code Root Scanning (ms):  0,0]
      [Object Copy (ms):  20,1]
      [Termination (ms):  0,0]
         [Termination Attempts:  1]
      [GC Worker Other (ms):  0,0]
      [GC Worker Total (ms):  32,6]
      [GC Worker End (ms):  63933724,5]
   [Code Root Fixup: 0,0 ms]
   [Code Root Purge: 0,0 ms]
   [Clear CT: 0,0 ms]
   [Other: 2,1 ms]
      [Choose CSet: 0,0 ms]
      [Ref Proc: 0,0 ms]
      [Ref Enq: 0,0 ms]
      [Redirty Cards: 0,0 ms]
      [Humongous Register: 0,0 ms]
      [Humongous Reclaim: 0,0 ms]
      [Free CSet: 0,0 ms]
   [Eden: 48,0M(48,0M)->0,0B(48,0M) Survivors: 3072,0K->3072,0K Heap: 233,3M(1024,0M)->185,5M(1024,0M)]
 [Times: user=0,01 sys=0,01, real=0,04 secs] 
2016-12-22T23:13:47.994+0100: 63934,283: [GC pause (G1 Evacuation Pause) (young), 0,0329181 secs]
   [Parallel Time: 30,8 ms, GC Workers: 1]
      [GC Worker Start (ms):  63934283,1]
      [Ext Root Scanning (ms):  0,8]
      [Update RS (ms):  2,3]
         [Processed Buffers:  22]
      [Scan RS (ms):  10,7]
      [Code Root Scanning (ms):  0,0]
      [Object Copy (ms):  17,1]
      [Termination (ms):  0,0]
         [Termination Attempts:  1]
      [GC Worker Other (ms):  0,0]
      [GC Worker Total (ms):  30,8]
      [GC Worker End (ms):  63934313,9]
   [Code Root Fixup: 0,0 ms]
   [Code Root Purge: 0,0 ms]
   [Clear CT: 0,0 ms]
   [Other: 2,0 ms]
      [Choose CSet: 0,0 ms]
      [Ref Proc: 0,0 ms]
      [Ref Enq: 0,0 ms]
      [Redirty Cards: 0,0 ms]
      [Humongous Register: 0,0 ms]
      [Humongous Reclaim: 0,0 ms]
      [Free CSet: 0,0 ms]
   [Eden: 48,0M(48,0M)->0,0B(47,0M) Survivors: 3072,0K->4096,0K Heap: 233,5M(1024,0M)->186,2M(1024,0M)]
 [Times: user=0,02 sys=0,00, real=0,04 secs] 
2016-12-22T23:13:48.612+0100: 63934,900: [GC pause (G1 Evacuation Pause) (young), 0,0295649 secs]
   [Parallel Time: 28,8 ms, GC Workers: 1]
      [GC Worker Start (ms):  63934900,4]
      [Ext Root Scanning (ms):  0,7]
      [Update RS (ms):  2,0]
         [Processed Buffers:  25]
      [Scan RS (ms):  10,0]
      [Code Root Scanning (ms):  0,0]
      [Object Copy (ms):  16,0]
      [Termination (ms):  0,0]
         [Termination Attempts:  1]
      [GC Worker Other (ms):  0,0]
      [GC Worker Total (ms):  28,8]
      [GC Worker End (ms):  63934929,2]
   [Code Root Fixup: 0,0 ms]
   [Code Root Purge: 0,0 ms]
   [Clear CT: 0,0 ms]
   [Other: 0,7 ms]
      [Choose CSet: 0,0 ms]
      [Ref Proc: 0,0 ms]
      [Ref Enq: 0,0 ms]
      [Redirty Cards: 0,0 ms]
      [Humongous Register: 0,0 ms]
      [Humongous Reclaim: 0,0 ms]
      [Free CSet: 0,0 ms]
   [Eden: 47,0M(47,0M)->0,0B(48,0M) Survivors: 4096,0K->3072,0K Heap: 233,2M(1024,0M)->185,9M(1024,0M)]
 [Times: user=0,02 sys=0,00, real=0,03 secs] 
2016-12-22T23:13:49.247+0100: 63935,535: [GC pause (G1 Evacuation Pause) (young), 0,0295811 secs]
   [Parallel Time: 28,3 ms, GC Workers: 1]
      [GC Worker Start (ms):  63935535,3]
      [Ext Root Scanning (ms):  0,8]
      [Update RS (ms):  1,7]
         [Processed Buffers:  20]
      [Scan RS (ms):  8,8]
      [Code Root Scanning (ms):  0,0]
      [Object Copy (ms):  17,0]
      [Termination (ms):  0,0]
         [Termination Attempts:  1]
      [GC Worker Other (ms):  0,0]
      [GC Worker Total (ms):  28,2]
      [GC Worker End (ms):  63935563,5]
   [Code Root Fixup: 0,0 ms]
   [Code Root Purge: 0,0 ms]
   [Clear CT: 0,0 ms]
   [Other: 1,3 ms]
      [Choose CSet: 0,0 ms]
      [Ref Proc: 0,0 ms]
      [Ref Enq: 0,0 ms]
      [Redirty Cards: 0,0 ms]
      [Humongous Register: 0,0 ms]
      [Humongous Reclaim: 0,0 ms]
      [Free CSet: 0,0 ms]
   [Eden: 48,0M(48,0M)->0,0B(48,0M) Survivors: 3072,0K->3072,0K Heap: 233,9M(1024,0M)->186,3M(1024,0M)]
 [Times: user=0,02 sys=0,00, real=0,04 secs] 
2016-12-22T23:13:49.725+0100: 63936,014: [GC pause (G1 Evacuation Pause) (young), 0,0332240 secs]
   [Parallel Time: 31,4 ms, GC Workers: 1]
      [GC Worker Start (ms):  63936013,9]
      [Ext Root Scanning (ms):  0,7]
      [Update RS (ms):  3,4]
         [Processed Buffers:  20]
      [Scan RS (ms):  9,0]
      [Code Root Scanning (ms):  0,0]
      [Object Copy (ms):  18,3]
      [Termination (ms):  0,0]
         [Termination Attempts:  1]
      [GC Worker Other (ms):  0,0]
      [GC Worker Total (ms):  31,4]
      [GC Worker End (ms):  63936045,2]
   [Code Root Fixup: 0,0 ms]
   [Code Root Purge: 0,0 ms]
   [Clear CT: 0,0 ms]
   [Other: 1,8 ms]
      [Choose CSet: 0,0 ms]
      [Ref Proc: 0,0 ms]
      [Ref Enq: 0,0 ms]
      [Redirty Cards: 0,0 ms]
      [Humongous Register: 0,0 ms]
      [Humongous Reclaim: 0,0 ms]
      [Free CSet: 0,0 ms]
   [Eden: 48,0M(48,0M)->0,0B(48,0M) Survivors: 3072,0K->3072,0K Heap: 234,3M(1024,0M)->186,5M(1024,0M)]
 [Times: user=0,01 sys=0,00, real=0,04 secs] 
2016-12-22T23:13:50.269+0100: 63936,558: [GC pause (G1 Evacuation Pause) (young), 0,0265683 secs]
   [Parallel Time: 25,8 ms, GC Workers: 1]
      [GC Worker Start (ms):  63936557,9]
      [Ext Root Scanning (ms):  0,7]
      [Update RS (ms):  1,6]
         [Processed Buffers:  20]
      [Scan RS (ms):  9,3]
      [Code Root Scanning (ms):  0,0]
      [Object Copy (ms):  11,1]
      [Termination (ms):  0,0]
         [Termination Attempts:  1]
      [GC Worker Other (ms):  0,0]
      [GC Worker Total (ms):  22,8]
      [GC Worker End (ms):  63936580,7]
   [Code Root Fixup: 0,0 ms]
   [Code Root Purge: 0,0 ms]
   [Clear CT: 0,0 ms]
   [Other: 0,8 ms]
      [Choose CSet: 0,0 ms]
      [Ref Proc: 0,0 ms]
      [Ref Enq: 0,0 ms]
      [Redirty Cards: 0,0 ms]
      [Humongous Register: 0,0 ms]
      [Humongous Reclaim: 0,0 ms]
      [Free CSet: 0,0 ms]
   [Eden: 48,0M(48,0M)->0,0B(48,0M) Survivors: 3072,0K->3072,0K Heap: 234,5M(1024,0M)->186,7M(1024,0M)]
 [Times: user=0,01 sys=0,00, real=0,03 secs] 
2016-12-22T23:13:50.791+0100: 63937,079: [GC pause (G1 Evacuation Pause) (young), 0,0268173 secs]
   [Parallel Time: 23,7 ms, GC Workers: 1]
      [GC Worker Start (ms):  63937079,3]
      [Ext Root Scanning (ms):  0,7]
      [Update RS (ms):  1,7]
         [Processed Buffers:  24]
      [Scan RS (ms):  10,8]
      [Code Root Scanning (ms):  0,0]
      [Object Copy (ms):  10,5]
      [Termination (ms):  0,0]
         [Termination Attempts:  1]
      [GC Worker Other (ms):  0,0]
      [GC Worker Total (ms):  23,7]
      [GC Worker End (ms):  63937103,0]
   [Code Root Fixup: 0,0 ms]
   [Code Root Purge: 0,0 ms]
   [Clear CT: 0,1 ms]
   [Other: 3,0 ms]
      [Choose CSet: 0,0 ms]
      [Ref Proc: 0,0 ms]
      [Ref Enq: 0,0 ms]
      [Redirty Cards: 0,0 ms]
      [Humongous Register: 0,0 ms]
      [Humongous Reclaim: 0,0 ms]
      [Free CSet: 0,0 ms]
   [Eden: 48,0M(48,0M)->0,0B(48,0M) Survivors: 3072,0K->3072,0K Heap: 234,7M(1024,0M)->186,4M(1024,0M)]
 [Times: user=0,02 sys=0,00, real=0,03 secs] 
2016-12-22T23:13:51.363+0100: 63937,651: [GC pause (G1 Evacuation Pause) (young), 0,0272400 secs]
   [Parallel Time: 26,6 ms, GC Workers: 1]
      [GC Worker Start (ms):  63937651,3]
      [Ext Root Scanning (ms):  0,8]
      [Update RS (ms):  2,4]
         [Processed Buffers:  27]
      [Scan RS (ms):  8,5]
      [Code Root Scanning (ms):  0,0]
      [Object Copy (ms):  14,9]
      [Termination (ms):  0,0]
         [Termination Attempts:  1]
      [GC Worker Other (ms):  0,0]
      [GC Worker Total (ms):  26,6]
      [GC Worker End (ms):  63937677,9]
   [Code Root Fixup: 0,0 ms]
   [Code Root Purge: 0,0 ms]
   [Clear CT: 0,0 ms]
   [Other: 0,6 ms]
      [Choose CSet: 0,0 ms]
      [Ref Proc: 0,0 ms]
      [Ref Enq: 0,0 ms]
      [Redirty Cards: 0,0 ms]
      [Humongous Register: 0,0 ms]
      [Humongous Reclaim: 0,0 ms]
      [Free CSet: 0,0 ms]
   [Eden: 48,0M(48,0M)->0,0B(48,0M) Survivors: 3072,0K->3072,0K Heap: 234,4M(1024,0M)->187,4M(1024,0M)]
 [Times: user=0,01 sys=0,00, real=0,03 secs] 
2016-12-22T23:13:52.077+0100: 63938,366: [GC pause (G1 Evacuation Pause) (young), 0,0441218 secs]
   [Parallel Time: 42,3 ms, GC Workers: 1]
      [GC Worker Start (ms):  63938365,6]
      [Ext Root Scanning (ms):  0,9]
      [Update RS (ms):  3,3]
         [Processed Buffers:  23]
      [Scan RS (ms):  8,8]
      [Code Root Scanning (ms):  0,0]
      [Object Copy (ms):  29,3]
      [Termination (ms):  0,0]
         [Termination Attempts:  1]
      [GC Worker Other (ms):  0,0]
      [GC Worker Total (ms):  42,3]
      [GC Worker End (ms):  63938407,9]
   [Code Root Fixup: 0,0 ms]
   [Code Root Purge: 0,0 ms]
   [Clear CT: 0,0 ms]
   [Other: 1,8 ms]
      [Choose CSet: 0,0 ms]
      [Ref Proc: 0,0 ms]
      [Ref Enq: 0,0 ms]
      [Redirty Cards: 0,0 ms]
      [Humongous Register: 0,0 ms]
      [Humongous Reclaim: 0,0 ms]
      [Free CSet: 0,0 ms]
   [Eden: 48,0M(48,0M)->0,0B(48,0M) Survivors: 3072,0K->3072,0K Heap: 235,4M(1024,0M)->187,2M(1024,0M)]
 [Times: user=0,02 sys=0,00, real=0,04 secs] 
2016-12-22T23:13:52.641+0100: 63938,929: [GC pause (G1 Evacuation Pause) (young), 0,0223875 secs]
   [Parallel Time: 21,6 ms, GC Workers: 1]
      [GC Worker Start (ms):  63938929,4]
      [Ext Root Scanning (ms):  0,7]
      [Update RS (ms):  1,5]
         [Processed Buffers:  19]
      [Scan RS (ms):  9,9]
      [Code Root Scanning (ms):  0,0]
      [Object Copy (ms):  6,8]
      [Termination (ms):  0,0]
         [Termination Attempts:  1]
      [GC Worker Other (ms):  0,0]
      [GC Worker Total (ms):  19,0]
      [GC Worker End (ms):  63938948,3]
   [Code Root Fixup: 0,0 ms]
   [Code Root Purge: 0,0 ms]
   [Clear CT: 0,0 ms]
   [Other: 0,8 ms]
      [Choose CSet: 0,0 ms]
      [Ref Proc: 0,0 ms]
      [Ref Enq: 0,0 ms]
      [Redirty Cards: 0,1 ms]
      [Humongous Register: 0,0 ms]
      [Humongous Reclaim: 0,0 ms]
      [Free CSet: 0,1 ms]
   [Eden: 48,0M(48,0M)->0,0B(49,0M) Survivors: 3072,0K->2048,0K Heap: 235,2M(1024,0M)->186,9M(1024,0M)]
 [Times: user=0,01 sys=0,00, real=0,02 secs] 
2016-12-22T23:13:53.322+0100: 63939,611: [GC pause (G1 Evacuation Pause) (young), 0,0310555 secs]
   [Parallel Time: 30,4 ms, GC Workers: 1]
      [GC Worker Start (ms):  63939611,0]
      [Ext Root Scanning (ms):  0,7]
      [Update RS (ms):  1,9]
         [Processed Buffers:  22]
      [Scan RS (ms):  6,9]
      [Code Root Scanning (ms):  0,0]
      [Object Copy (ms):  20,8]
      [Termination (ms):  0,0]
         [Termination Attempts:  1]
      [GC Worker Other (ms):  0,0]
      [GC Worker Total (ms):  30,4]
      [GC Worker End (ms):  63939641,3]
   [Code Root Fixup: 0,0 ms]
   [Code Root Purge: 0,0 ms]
   [Clear CT: 0,0 ms]
   [Other: 0,6 ms]
      [Choose CSet: 0,0 ms]
      [Ref Proc: 0,0 ms]
      [Ref Enq: 0,0 ms]
      [Redirty Cards: 0,1 ms]
      [Humongous Register: 0,0 ms]
      [Humongous Reclaim: 0,0 ms]
      [Free CSet: 0,1 ms]
   [Eden: 49,0M(49,0M)->0,0B(49,0M) Survivors: 2048,0K->2048,0K Heap: 235,9M(1024,0M)->187,3M(1024,0M)]
 [Times: user=0,01 sys=0,00, real=0,03 secs] 
2016-12-22T23:13:54.034+0100: 63940,323: [GC pause (G1 Evacuation Pause) (young), 0,0205949 secs]
   [Parallel Time: 20,0 ms, GC Workers: 1]
      [GC Worker Start (ms):  63940322,7]
      [Ext Root Scanning (ms):  1,2]
      [Update RS (ms):  2,4]
         [Processed Buffers:  26]
      [Scan RS (ms):  6,4]
      [Code Root Scanning (ms):  0,0]
      [Object Copy (ms):  9,9]
      [Termination (ms):  0,0]
         [Termination Attempts:  1]
      [GC Worker Other (ms):  0,0]
      [GC Worker Total (ms):  19,9]
      [GC Worker End (ms):  63940342,7]
   [Code Root Fixup: 0,0 ms]
   [Code Root Purge: 0,0 ms]
   [Clear CT: 0,0 ms]
   [Other: 0,6 ms]
      [Choose CSet: 0,0 ms]
      [Ref Proc: 0,0 ms]
      [Ref Enq: 0,0 ms]
      [Redirty Cards: 0,0 ms]
      [Humongous Register: 0,0 ms]
      [Humongous Reclaim: 0,0 ms]
      [Free CSet: 0,0 ms]
   [Eden: 49,0M(49,0M)->0,0B(49,0M) Survivors: 2048,0K->2048,0K Heap: 236,3M(1024,0M)->188,0M(1024,0M)]
 [Times: user=0,01 sys=0,00, real=0,02 secs] 
2016-12-22T23:13:54.601+0100: 63940,890: [GC pause (G1 Evacuation Pause) (young), 0,0188423 secs]
   [Parallel Time: 18,1 ms, GC Workers: 1]
      [GC Worker Start (ms):  63940890,0]
      [Ext Root Scanning (ms):  1,0]
      [Update RS (ms):  2,0]
         [Processed Buffers:  20]
      [Scan RS (ms):  8,1]
      [Code Root Scanning (ms):  0,0]
      [Object Copy (ms):  7,1]
      [Termination (ms):  0,0]
         [Termination Attempts:  1]
      [GC Worker Other (ms):  0,0]
      [GC Worker Total (ms):  18,1]
      [GC Worker End (ms):  63940908,1]
   [Code Root Fixup: 0,0 ms]
   [Code Root Purge: 0,0 ms]
   [Clear CT: 0,0 ms]
   [Other: 0,7 ms]
      [Choose CSet: 0,0 ms]
      [Ref Proc: 0,0 ms]
      [Ref Enq: 0,0 ms]
      [Redirty Cards: 0,0 ms]
      [Humongous Register: 0,0 ms]
      [Humongous Reclaim: 0,0 ms]
      [Free CSet: 0,1 ms]
   [Eden: 49,0M(49,0M)->0,0B(49,0M) Survivors: 2048,0K->2048,0K Heap: 237,0M(1024,0M)->188,2M(1024,0M)]
 [Times: user=0,01 sys=0,00, real=0,02 secs] 
2016-12-22T23:13:55.226+0100: 63941,515: [GC pause (G1 Evacuation Pause) (young), 0,0221755 secs]
   [Parallel Time: 21,5 ms, GC Workers: 1]
      [GC Worker Start (ms):  63941515,1]
      [Ext Root Scanning (ms):  0,7]
      [Update RS (ms):  5,8]
         [Processed Buffers:  18]
      [Scan RS (ms):  7,6]
      [Code Root Scanning (ms):  0,0]
      [Object Copy (ms):  7,4]
      [Termination (ms):  0,0]
         [Termination Attempts:  1]
      [GC Worker Other (ms):  0,0]
      [GC Worker Total (ms):  21,5]
      [GC Worker End (ms):  63941536,6]
   [Code Root Fixup: 0,0 ms]
   [Code Root Purge: 0,0 ms]
   [Clear CT: 0,0 ms]
   [Other: 0,6 ms]
      [Choose CSet: 0,0 ms]
      [Ref Proc: 0,0 ms]
      [Ref Enq: 0,0 ms]
      [Redirty Cards: 0,0 ms]
      [Humongous Register: 0,0 ms]
      [Humongous Reclaim: 0,0 ms]
      [Free CSet: 0,0 ms]
   [Eden: 49,0M(49,0M)->0,0B(49,0M) Survivors: 2048,0K->2048,0K Heap: 237,2M(1024,0M)->188,4M(1024,0M)]
 [Times: user=0,00 sys=0,00, real=0,03 secs] 
2016-12-22T23:13:55.763+0100: 63942,052: [GC pause (G1 Evacuation Pause) (young), 0,0204539 secs]
   [Parallel Time: 19,8 ms, GC Workers: 1]
      [GC Worker Start (ms):  63942052,1]
      [Ext Root Scanning (ms):  0,7]
      [Update RS (ms):  2,3]
         [Processed Buffers:  21]
      [Scan RS (ms):  8,6]
      [Code Root Scanning (ms):  0,0]
      [Object Copy (ms):  8,2]
      [Termination (ms):  0,0]
         [Termination Attempts:  1]
      [GC Worker Other (ms):  0,0]
      [GC Worker Total (ms):  19,8]
      [GC Worker End (ms):  63942071,9]
   [Code Root Fixup: 0,1 ms]
   [Code Root Purge: 0,0 ms]
   [Clear CT: 0,0 ms]
   [Other: 0,5 ms]
      [Choose CSet: 0,0 ms]
      [Ref Proc: 0,0 ms]
      [Ref Enq: 0,0 ms]
      [Redirty Cards: 0,0 ms]
      [Humongous Register: 0,0 ms]
      [Humongous Reclaim: 0,0 ms]
      [Free CSet: 0,0 ms]
   [Eden: 49,0M(49,0M)->0,0B(50,0M) Survivors: 2048,0K->1024,0K Heap: 237,4M(1024,0M)->188,1M(1024,0M)]
 [Times: user=0,02 sys=0,00, real=0,02 secs] 
2016-12-22T23:13:56.407+0100: 63942,696: [GC pause (G1 Evacuation Pause) (young), 0,0157680 secs]
   [Parallel Time: 14,3 ms, GC Workers: 1]
      [GC Worker Start (ms):  63942695,9]
      [Ext Root Scanning (ms):  0,7]
      [Update RS (ms):  1,7]
         [Processed Buffers:  19]
      [Scan RS (ms):  5,3]
      [Code Root Scanning (ms):  0,0]
      [Object Copy (ms):  6,6]
      [Termination (ms):  0,0]
         [Termination Attempts:  1]
      [GC Worker Other (ms):  0,0]
      [GC Worker Total (ms):  14,3]
      [GC Worker End (ms):  63942710,1]
   [Code Root Fixup: 0,0 ms]
   [Code Root Purge: 0,0 ms]
   [Clear CT: 0,0 ms]
   [Other: 1,4 ms]
      [Choose CSet: 0,0 ms]
      [Ref Proc: 0,0 ms]
      [Ref Enq: 0,0 ms]
      [Redirty Cards: 0,0 ms]
      [Humongous Register: 0,0 ms]
      [Humongous Reclaim: 0,0 ms]
      [Free CSet: 0,1 ms]
   [Eden: 50,0M(50,0M)->0,0B(49,0M) Survivors: 1024,0K->2048,0K Heap: 238,1M(1024,0M)->188,8M(1024,0M)]
 [Times: user=0,01 sys=0,00, real=0,01 secs] 
2016-12-22T23:13:57.348+0100: 63943,637: [GC pause (G1 Evacuation Pause) (young), 0,0281184 secs]
   [Parallel Time: 27,9 ms, GC Workers: 1]
      [GC Worker Start (ms):  63943636,6]
      [Ext Root Scanning (ms):  0,9]
      [Update RS (ms):  6,4]
         [Processed Buffers:  19]
      [Scan RS (ms):  3,1]
      [Code Root Scanning (ms):  0,0]
      [Object Copy (ms):  17,5]
      [Termination (ms):  0,0]
         [Termination Attempts:  1]
      [GC Worker Other (ms):  0,0]
      [GC Worker Total (ms):  27,9]
      [GC Worker End (ms):  63943664,5]
   [Code Root Fixup: 0,0 ms]
   [Code Root Purge: 0,0 ms]
   [Clear CT: 0,0 ms]
   [Other: 0,2 ms]
      [Choose CSet: 0,0 ms]
      [Ref Proc: 0,0 ms]
      [Ref Enq: 0,0 ms]
      [Redirty Cards: 0,0 ms]
      [Humongous Register: 0,0 ms]
      [Humongous Reclaim: 0,0 ms]
      [Free CSet: 0,0 ms]
   [Eden: 49,0M(49,0M)->0,0B(50,0M) Survivors: 2048,0K->1024,0K Heap: 237,8M(1024,0M)->188,3M(1024,0M)]
 [Times: user=0,01 sys=0,00, real=0,03 secs] 
2016-12-22T23:13:58.081+0100: 63944,370: [GC pause (G1 Evacuation Pause) (young), 0,0163590 secs]
   [Parallel Time: 16,1 ms, GC Workers: 1]
      [GC Worker Start (ms):  63944369,8]
      [Ext Root Scanning (ms):  0,7]
      [Update RS (ms):  2,3]
         [Processed Buffers:  18]
      [Scan RS (ms):  8,7]
      [Code Root Scanning (ms):  0,0]
      [Object Copy (ms):  4,5]
      [Termination (ms):  0,0]
         [Termination Attempts:  1]
      [GC Worker Other (ms):  0,0]
      [GC Worker Total (ms):  16,1]
      [GC Worker End (ms):  63944385,9]
   [Code Root Fixup: 0,0 ms]
   [Code Root Purge: 0,0 ms]
   [Clear CT: 0,0 ms]
   [Other: 0,2 ms]
      [Choose CSet: 0,0 ms]
      [Ref Proc: 0,0 ms]
      [Ref Enq: 0,0 ms]
      [Redirty Cards: 0,0 ms]
      [Humongous Register: 0,0 ms]
      [Humongous Reclaim: 0,0 ms]
      [Free CSet: 0,0 ms]
   [Eden: 50,0M(50,0M)->0,0B(50,0M) Survivors: 1024,0K->1024,0K Heap: 238,3M(1024,0M)->188,4M(1024,0M)]
 [Times: user=0,01 sys=0,00, real=0,02 secs] 
2016-12-22T23:13:58.758+0100: 63945,046: [GC pause (G1 Evacuation Pause) (young), 0,0154120 secs]
   [Parallel Time: 14,2 ms, GC Workers: 1]
      [GC Worker Start (ms):  63945046,5]
      [Ext Root Scanning (ms):  0,7]
      [Update RS (ms):  1,5]
         [Processed Buffers:  19]
      [Scan RS (ms):  7,3]
      [Code Root Scanning (ms):  0,0]
      [Object Copy (ms):  4,7]
      [Termination (ms):  0,0]
         [Termination Attempts:  1]
      [GC Worker Other (ms):  0,0]
      [GC Worker Total (ms):  14,2]
      [GC Worker End (ms):  63945060,7]
   [Code Root Fixup: 0,1 ms]
   [Code Root Purge: 0,0 ms]
   [Clear CT: 0,0 ms]
   [Other: 1,1 ms]
      [Choose CSet: 0,0 ms]
      [Ref Proc: 0,0 ms]
      [Ref Enq: 0,0 ms]
      [Redirty Cards: 0,0 ms]
      [Humongous Register: 0,0 ms]
      [Humongous Reclaim: 0,0 ms]
      [Free CSet: 0,1 ms]
   [Eden: 50,0M(50,0M)->0,0B(50,0M) Survivors: 1024,0K->1024,0K Heap: 238,4M(1024,0M)->188,5M(1024,0M)]
 [Times: user=0,01 sys=0,00, real=0,01 secs] 
2016-12-22T23:13:59.456+0100: 63945,745: [GC pause (G1 Evacuation Pause) (young), 0,0148959 secs]
   [Parallel Time: 13,0 ms, GC Workers: 1]
      [GC Worker Start (ms):  63945744,8]
      [Ext Root Scanning (ms):  0,8]
      [Update RS (ms):  1,6]
         [Processed Buffers:  19]
      [Scan RS (ms):  4,3]
      [Code Root Scanning (ms):  0,0]
      [Object Copy (ms):  6,3]
      [Termination (ms):  0,0]
         [Termination Attempts:  1]
      [GC Worker Other (ms):  0,0]
      [GC Worker Total (ms):  13,0]
      [GC Worker End (ms):  63945757,8]
   [Code Root Fixup: 0,1 ms]
   [Code Root Purge: 0,0 ms]
   [Clear CT: 0,0 ms]
   [Other: 1,7 ms]
      [Choose CSet: 0,0 ms]
      [Ref Proc: 0,0 ms]
      [Ref Enq: 0,0 ms]
      [Redirty Cards: 0,0 ms]
      [Humongous Register: 0,0 ms]
      [Humongous Reclaim: 0,0 ms]
      [Free CSet: 0,0 ms]
   [Eden: 50,0M(50,0M)->0,0B(50,0M) Survivors: 1024,0K->1024,0K Heap: 238,5M(1024,0M)->188,6M(1024,0M)]
 [Times: user=0,01 sys=0,00, real=0,01 secs] 
2016-12-22T23:14:00.365+0100: 63946,653: [GC pause (G1 Evacuation Pause) (young), 0,0183700 secs]
   [Parallel Time: 16,3 ms, GC Workers: 1]
      [GC Worker Start (ms):  63946653,3]
      [Ext Root Scanning (ms):  0,8]
      [Update RS (ms):  2,5]
         [Processed Buffers:  21]
      [Scan RS (ms):  7,4]
      [Code Root Scanning (ms):  0,0]
      [Object Copy (ms):  5,6]
      [Termination (ms):  0,0]
         [Termination Attempts:  1]
      [GC Worker Other (ms):  0,0]
      [GC Worker Total (ms):  16,3]
      [GC Worker End (ms):  63946669,6]
   [Code Root Fixup: 0,0 ms]
   [Code Root Purge: 0,0 ms]
   [Clear CT: 0,0 ms]
   [Other: 2,0 ms]
      [Choose CSet: 0,0 ms]
      [Ref Proc: 0,0 ms]
      [Ref Enq: 0,0 ms]
      [Redirty Cards: 0,0 ms]
      [Humongous Register: 0,0 ms]
      [Humongous Reclaim: 0,0 ms]
      [Free CSet: 0,1 ms]
   [Eden: 50,0M(50,0M)->0,0B(50,0M) Survivors: 1024,0K->1024,0K Heap: 238,6M(1024,0M)->188,7M(1024,0M)]
 [Times: user=0,01 sys=0,00, real=0,02 secs] 
2016-12-22T23:14:01.152+0100: 63947,441: [GC pause (G1 Evacuation Pause) (young), 0,0192471 secs]
   [Parallel Time: 19,0 ms, GC Workers: 1]
      [GC Worker Start (ms):  63947441,1]
      [Ext Root Scanning (ms):  0,8]
      [Update RS (ms):  1,8]
         [Processed Buffers:  23]
      [Scan RS (ms):  7,6]
      [Code Root Scanning (ms):  0,0]
      [Object Copy (ms):  8,8]
      [Termination (ms):  0,0]
         [Termination Attempts:  1]
      [GC Worker Other (ms):  0,0]
      [GC Worker Total (ms):  19,0]
      [GC Worker End (ms):  63947460,1]
   [Code Root Fixup: 0,0 ms]
   [Code Root Purge: 0,0 ms]
   [Clear CT: 0,0 ms]
   [Other: 0,2 ms]
      [Choose CSet: 0,0 ms]
      [Ref Proc: 0,0 ms]
      [Ref Enq: 0,0 ms]
      [Redirty Cards: 0,0 ms]
      [Humongous Register: 0,0 ms]
      [Humongous Reclaim: 0,0 ms]
      [Free CSet: 0,0 ms]
   [Eden: 50,0M(50,0M)->0,0B(49,0M) Survivors: 1024,0K->2048,0K Heap: 238,7M(1024,0M)->189,3M(1024,0M)]
 [Times: user=0,01 sys=0,00, real=0,02 secs] 
2016-12-22T23:14:01.988+0100: 63948,276: [GC pause (G1 Evacuation Pause) (young), 0,0171460 secs]
   [Parallel Time: 15,9 ms, GC Workers: 1]
      [GC Worker Start (ms):  63948276,3]
      [Ext Root Scanning (ms):  0,8]
      [Update RS (ms):  1,8]
         [Processed Buffers:  19]
      [Scan RS (ms):  8,8]
      [Code Root Scanning (ms):  0,0]
      [Object Copy (ms):  4,5]
      [Termination (ms):  0,0]
         [Termination Attempts:  1]
      [GC Worker Other (ms):  0,0]
      [GC Worker Total (ms):  15,9]
      [GC Worker End (ms):  63948292,2]
   [Code Root Fixup: 0,0 ms]
   [Code Root Purge: 0,0 ms]
   [Clear CT: 0,0 ms]
   [Other: 1,2 ms]
      [Choose CSet: 0,0 ms]
      [Ref Proc: 0,0 ms]
      [Ref Enq: 0,0 ms]
      [Redirty Cards: 0,0 ms]
      [Humongous Register: 0,0 ms]
      [Humongous Reclaim: 0,0 ms]
      [Free CSet: 0,0 ms]
   [Eden: 49,0M(49,0M)->0,0B(132,0M) Survivors: 2048,0K->1024,0K Heap: 238,3M(1024,0M)->188,9M(1024,0M)]
 [Times: user=0,00 sys=0,00, real=0,01 secs] 
2016-12-22T23:14:04.090+0100: 63950,379: [GC pause (G1 Evacuation Pause) (young), 0,0173512 secs]
   [Parallel Time: 17,0 ms, GC Workers: 1]
      [GC Worker Start (ms):  63950378,6]
      [Ext Root Scanning (ms):  0,7]
      [Update RS (ms):  2,7]
         [Processed Buffers:  26]
      [Scan RS (ms):  5,6]
      [Code Root Scanning (ms):  0,0]
      [Object Copy (ms):  8,0]
      [Termination (ms):  0,0]
         [Termination Attempts:  1]
      [GC Worker Other (ms):  0,0]
      [GC Worker Total (ms):  17,0]
      [GC Worker End (ms):  63950395,6]
   [Code Root Fixup: 0,1 ms]
   [Code Root Purge: 0,0 ms]
   [Clear CT: 0,0 ms]
   [Other: 0,2 ms]
      [Choose CSet: 0,0 ms]
      [Ref Proc: 0,0 ms]
      [Ref Enq: 0,0 ms]
      [Redirty Cards: 0,0 ms]
      [Humongous Register: 0,0 ms]
      [Humongous Reclaim: 0,0 ms]
      [Free CSet: 0,1 ms]
   [Eden: 132,0M(132,0M)->0,0B(49,0M) Survivors: 1024,0K->2048,0K Heap: 320,9M(1024,0M)->189,5M(1024,0M)]
 [Times: user=0,02 sys=0,00, real=0,02 secs] 
2016-12-22T23:14:04.878+0100: 63951,167: [GC pause (G1 Evacuation Pause) (young), 0,0146107 secs]
   [Parallel Time: 14,3 ms, GC Workers: 1]
      [GC Worker Start (ms):  63951166,9]
      [Ext Root Scanning (ms):  0,7]
      [Update RS (ms):  1,6]
         [Processed Buffers:  20]
      [Scan RS (ms):  7,9]
      [Code Root Scanning (ms):  0,0]
      [Object Copy (ms):  4,0]
      [Termination (ms):  0,0]
         [Termination Attempts:  1]
      [GC Worker Other (ms):  0,0]
      [GC Worker Total (ms):  14,3]
      [GC Worker End (ms):  63951181,2]
   [Code Root Fixup: 0,0 ms]
   [Code Root Purge: 0,0 ms]
   [Clear CT: 0,1 ms]
   [Other: 0,2 ms]
      [Choose CSet: 0,0 ms]
      [Ref Proc: 0,0 ms]
      [Ref Enq: 0,0 ms]
      [Redirty Cards: 0,0 ms]
      [Humongous Register: 0,0 ms]
      [Humongous Reclaim: 0,0 ms]
      [Free CSet: 0,0 ms]
   [Eden: 49,0M(49,0M)->0,0B(233,0M) Survivors: 2048,0K->1024,0K Heap: 238,5M(1024,0M)->189,0M(1024,0M)]
 [Times: user=0,02 sys=0,00, real=0,01 secs] 
2016-12-22T23:14:06.446+0100: 63952,735: [GC pause (G1 Evacuation Pause) (young), 0,0176636 secs]
   [Parallel Time: 16,9 ms, GC Workers: 1]
      [GC Worker Start (ms):  63952734,7]
      [Ext Root Scanning (ms):  0,7]
      [Update RS (ms):  2,6]
         [Processed Buffers:  27]
      [Scan RS (ms):  6,9]
      [Code Root Scanning (ms):  0,0]
      [Object Copy (ms):  6,6]
      [Termination (ms):  0,0]
         [Termination Attempts:  1]
      [GC Worker Other (ms):  0,0]
      [GC Worker Total (ms):  16,9]
      [GC Worker End (ms):  63952751,5]
   [Code Root Fixup: 0,0 ms]
   [Code Root Purge: 0,0 ms]
   [Clear CT: 0,0 ms]
   [Other: 0,7 ms]
      [Choose CSet: 0,0 ms]
      [Ref Proc: 0,0 ms]
      [Ref Enq: 0,0 ms]
      [Redirty Cards: 0,0 ms]
      [Humongous Register: 0,0 ms]
      [Humongous Reclaim: 0,0 ms]
      [Free CSet: 0,0 ms]
   [Eden: 110,0M(50,0M)->0,0B(144,0M) Survivors: 1024,0K->2048,0K Heap: 299,0M(1024,0M)->189,7M(1024,0M)]
 [Times: user=0,00 sys=0,00, real=0,02 secs] 
2016-12-22T23:14:07.160+0100: 63953,449: [GC pause (G1 Evacuation Pause) (young), 0,0227625 secs]
   [Parallel Time: 22,3 ms, GC Workers: 1]
      [GC Worker Start (ms):  63953449,1]
      [Ext Root Scanning (ms):  0,7]
      [Update RS (ms):  2,0]
         [Processed Buffers:  22]
      [Scan RS (ms):  3,6]
      [Code Root Scanning (ms):  0,0]
      [Object Copy (ms):  16,0]
      [Termination (ms):  0,0]
         [Termination Attempts:  1]
      [GC Worker Other (ms):  0,0]
      [GC Worker Total (ms):  22,3]
      [GC Worker End (ms):  63953471,4]
   [Code Root Fixup: 0,0 ms]
   [Code Root Purge: 0,0 ms]
   [Clear CT: 0,0 ms]
   [Other: 0,4 ms]
      [Choose CSet: 0,0 ms]
      [Ref Proc: 0,0 ms]
      [Ref Enq: 0,0 ms]
      [Redirty Cards: 0,1 ms]
      [Humongous Register: 0,0 ms]
      [Humongous Reclaim: 0,0 ms]
      [Free CSet: 0,0 ms]
   [Eden: 49,0M(49,0M)->0,0B(50,0M) Survivors: 2048,0K->1024,0K Heap: 238,7M(1024,0M)->189,2M(1024,0M)]
 [Times: user=0,00 sys=0,00, real=0,02 secs] 
2016-12-22T23:14:07.804+0100: 63954,093: [GC pause (G1 Evacuation Pause) (young), 0,0229501 secs]
   [Parallel Time: 19,5 ms, GC Workers: 1]
      [GC Worker Start (ms):  63954092,8]
      [Ext Root Scanning (ms):  0,8]
      [Update RS (ms):  2,0]
         [Processed Buffers:  17]
      [Scan RS (ms):  7,1]
      [Code Root Scanning (ms):  0,0]
      [Object Copy (ms):  9,5]
      [Termination (ms):  0,0]
         [Termination Attempts:  1]
      [GC Worker Other (ms):  0,0]
      [GC Worker Total (ms):  19,5]
      [GC Worker End (ms):  63954112,3]
   [Code Root Fixup: 0,0 ms]
   [Code Root Purge: 0,0 ms]
   [Clear CT: 0,0 ms]
   [Other: 3,4 ms]
      [Choose CSet: 0,0 ms]
      [Ref Proc: 0,0 ms]
      [Ref Enq: 0,0 ms]
      [Redirty Cards: 0,0 ms]
      [Humongous Register: 0,0 ms]
      [Humongous Reclaim: 0,0 ms]
      [Free CSet: 0,0 ms]
   [Eden: 50,0M(50,0M)->0,0B(50,0M) Survivors: 1024,0K->1024,0K Heap: 239,2M(1024,0M)->189,3M(1024,0M)]
 [Times: user=0,01 sys=0,00, real=0,03 secs] 
2016-12-22T23:14:08.367+0100: 63954,655: [GC pause (G1 Evacuation Pause) (young), 0,0165241 secs]
   [Parallel Time: 14,4 ms, GC Workers: 1]
      [GC Worker Start (ms):  63954655,3]
      [Ext Root Scanning (ms):  0,8]
      [Update RS (ms):  1,9]
         [Processed Buffers:  22]
      [Scan RS (ms):  6,5]
      [Code Root Scanning (ms):  0,0]
      [Object Copy (ms):  5,1]
      [Termination (ms):  0,0]
         [Termination Attempts:  1]
      [GC Worker Other (ms):  0,0]
      [GC Worker Total (ms):  14,4]
      [GC Worker End (ms):  63954669,7]
   [Code Root Fixup: 0,0 ms]
   [Code Root Purge: 0,0 ms]
   [Clear CT: 0,1 ms]
   [Other: 2,0 ms]
      [Choose CSet: 0,0 ms]
      [Ref Proc: 0,0 ms]
      [Ref Enq: 0,0 ms]
      [Redirty Cards: 0,0 ms]
      [Humongous Register: 0,0 ms]
      [Humongous Reclaim: 0,0 ms]
      [Free CSet: 0,1 ms]
   [Eden: 50,0M(50,0M)->0,0B(50,0M) Survivors: 1024,0K->1024,0K Heap: 239,3M(1024,0M)->189,4M(1024,0M)]
 [Times: user=0,01 sys=0,00, real=0,02 secs] 
2016-12-22T23:14:08.894+0100: 63955,183: [GC pause (G1 Evacuation Pause) (young), 0,0152230 secs]
   [Parallel Time: 13,5 ms, GC Workers: 1]
      [GC Worker Start (ms):  63955182,8]
      [Ext Root Scanning (ms):  0,7]
      [Update RS (ms):  2,1]
         [Processed Buffers:  20]
      [Scan RS (ms):  5,3]
      [Code Root Scanning (ms):  0,0]
      [Object Copy (ms):  5,4]
      [Termination (ms):  0,0]
         [Termination Attempts:  1]
      [GC Worker Other (ms):  0,0]
      [GC Worker Total (ms):  13,5]
      [GC Worker End (ms):  63955196,4]
   [Code Root Fixup: 0,0 ms]
   [Code Root Purge: 0,0 ms]
   [Clear CT: 0,0 ms]
   [Other: 1,6 ms]
      [Choose CSet: 0,0 ms]
      [Ref Proc: 0,0 ms]
      [Ref Enq: 0,0 ms]
      [Redirty Cards: 0,0 ms]
      [Humongous Register: 0,0 ms]
      [Humongous Reclaim: 0,0 ms]
      [Free CSet: 0,0 ms]
   [Eden: 50,0M(50,0M)->0,0B(116,0M) Survivors: 1024,0K->1024,0K Heap: 239,4M(1024,0M)->189,5M(1024,0M)]
 [Times: user=0,01 sys=0,00, real=0,02 secs] 
2016-12-22T23:14:09.455+0100: 63955,744: [GC pause (G1 Evacuation Pause) (young), 0,0167674 secs]
   [Parallel Time: 16,0 ms, GC Workers: 1]
      [GC Worker Start (ms):  63955743,6]
      [Ext Root Scanning (ms):  0,7]
      [Update RS (ms):  2,0]
         [Processed Buffers:  19]
      [Scan RS (ms):  7,4]
      [Code Root Scanning (ms):  0,0]
      [Object Copy (ms):  3,4]
      [Termination (ms):  0,0]
         [Termination Attempts:  1]
      [GC Worker Other (ms):  0,0]
      [GC Worker Total (ms):  13,5]
      [GC Worker End (ms):  63955757,1]
   [Code Root Fixup: 0,0 ms]
   [Code Root Purge: 0,0 ms]
   [Clear CT: 0,0 ms]
   [Other: 0,7 ms]
      [Choose CSet: 0,0 ms]
      [Ref Proc: 0,0 ms]
      [Ref Enq: 0,0 ms]
      [Redirty Cards: 0,0 ms]
      [Humongous Register: 0,0 ms]
      [Humongous Reclaim: 0,0 ms]
      [Free CSet: 0,0 ms]
   [Eden: 52,0M(50,0M)->0,0B(154,0M) Survivors: 1024,0K->1024,0K Heap: 241,5M(1024,0M)->189,5M(1024,0M)]
 [Times: user=0,00 sys=0,00, real=0,01 secs] 
2016-12-22T23:14:10.134+0100: 63956,423: [GC pause (G1 Evacuation Pause) (young), 0,0169889 secs]
   [Parallel Time: 14,6 ms, GC Workers: 1]
      [GC Worker Start (ms):  63956423,0]
      [Ext Root Scanning (ms):  0,7]
      [Update RS (ms):  1,8]
         [Processed Buffers:  18]
      [Scan RS (ms):  7,5]
      [Code Root Scanning (ms):  0,0]
      [Object Copy (ms):  4,6]
      [Termination (ms):  0,0]
         [Termination Attempts:  1]
      [GC Worker Other (ms):  0,0]
      [GC Worker Total (ms):  14,6]
      [GC Worker End (ms):  63956437,5]
   [Code Root Fixup: 0,1 ms]
   [Code Root Purge: 0,0 ms]
   [Clear CT: 0,0 ms]
   [Other: 2,3 ms]
      [Choose CSet: 0,0 ms]
      [Ref Proc: 0,0 ms]
      [Ref Enq: 0,0 ms]
      [Redirty Cards: 0,0 ms]
      [Humongous Register: 0,0 ms]
      [Humongous Reclaim: 0,0 ms]
      [Free CSet: 0,1 ms]
   [Eden: 50,0M(50,0M)->0,0B(224,0M) Survivors: 1024,0K->1024,0K Heap: 239,5M(1024,0M)->189,6M(1024,0M)]
 [Times: user=0,01 sys=0,00, real=0,02 secs] 
2016-12-22T23:14:10.731+0100: 63957,020: [GC pause (G1 Evacuation Pause) (young), 0,0171070 secs]
   [Parallel Time: 16,4 ms, GC Workers: 1]
      [GC Worker Start (ms):  63957020,1]
      [Ext Root Scanning (ms):  0,8]
      [Update RS (ms):  2,0]
         [Processed Buffers:  20]
      [Scan RS (ms):  5,4]
      [Code Root Scanning (ms):  0,0]
      [Object Copy (ms):  8,1]
      [Termination (ms):  0,0]
         [Termination Attempts:  1]
      [GC Worker Other (ms):  0,0]
      [GC Worker Total (ms):  16,4]
      [GC Worker End (ms):  63957036,4]
   [Code Root Fixup: 0,0 ms]
   [Code Root Purge: 0,0 ms]
   [Clear CT: 0,1 ms]
   [Other: 0,6 ms]
      [Choose CSet: 0,0 ms]
      [Ref Proc: 0,0 ms]
      [Ref Enq: 0,0 ms]
      [Redirty Cards: 0,0 ms]
      [Humongous Register: 0,0 ms]
      [Humongous Reclaim: 0,0 ms]
      [Free CSet: 0,0 ms]
   [Eden: 50,0M(50,0M)->0,0B(225,0M) Survivors: 1024,0K->1024,0K Heap: 239,6M(1024,0M)->189,7M(1024,0M)]
 [Times: user=0,01 sys=0,00, real=0,02 secs] 
2016-12-22T23:14:11.275+0100: 63957,564: [GC pause (G1 Evacuation Pause) (young), 0,0185916 secs]
   [Parallel Time: 14,6 ms, GC Workers: 1]
      [GC Worker Start (ms):  63957563,9]
      [Ext Root Scanning (ms):  0,7]
      [Update RS (ms):  1,8]
         [Processed Buffers:  20]
      [Scan RS (ms):  8,4]
      [Code Root Scanning (ms):  0,0]
      [Object Copy (ms):  3,7]
      [Termination (ms):  0,0]
         [Termination Attempts:  1]
      [GC Worker Other (ms):  0,0]
      [GC Worker Total (ms):  14,6]
      [GC Worker End (ms):  63957578,5]
   [Code Root Fixup: 0,0 ms]
   [Code Root Purge: 0,0 ms]
   [Clear CT: 0,0 ms]
   [Other: 3,9 ms]
      [Choose CSet: 0,0 ms]
      [Ref Proc: 0,0 ms]
      [Ref Enq: 0,0 ms]
      [Redirty Cards: 0,0 ms]
      [Humongous Register: 0,0 ms]
      [Humongous Reclaim: 0,0 ms]
      [Free CSet: 0,1 ms]
   [Eden: 50,0M(50,0M)->0,0B(49,0M) Survivors: 1024,0K->2048,0K Heap: 239,7M(1024,0M)->190,3M(1024,0M)]
 [Times: user=0,01 sys=0,00, real=0,01 secs] 
2016-12-22T23:14:11.789+0100: 63958,077: [GC pause (G1 Evacuation Pause) (young), 0,0224459 secs]
   [Parallel Time: 19,4 ms, GC Workers: 1]
      [GC Worker Start (ms):  63958077,5]
      [Ext Root Scanning (ms):  0,7]
      [Update RS (ms):  1,7]
         [Processed Buffers:  19]
      [Scan RS (ms):  3,4]
      [Code Root Scanning (ms):  0,0]
      [Object Copy (ms):  13,6]
      [Termination (ms):  0,0]
         [Termination Attempts:  1]
      [GC Worker Other (ms):  0,0]
      [GC Worker Total (ms):  19,3]
      [GC Worker End (ms):  63958096,9]
   [Code Root Fixup: 0,0 ms]
   [Code Root Purge: 0,0 ms]
   [Clear CT: 2,9 ms]
   [Other: 0,2 ms]
      [Choose CSet: 0,0 ms]
      [Ref Proc: 0,0 ms]
      [Ref Enq: 0,0 ms]
      [Redirty Cards: 0,0 ms]
      [Humongous Register: 0,0 ms]
      [Humongous Reclaim: 0,0 ms]
      [Free CSet: 0,0 ms]
   [Eden: 49,0M(49,0M)->0,0B(50,0M) Survivors: 2048,0K->1024,0K Heap: 239,3M(1024,0M)->189,8M(1024,0M)]
 [Times: user=0,01 sys=0,00, real=0,02 secs] 
2016-12-22T23:14:12.379+0100: 63958,667: [GC pause (G1 Evacuation Pause) (young), 0,0185099 secs]
   [Parallel Time: 17,9 ms, GC Workers: 1]
      [GC Worker Start (ms):  63958667,5]
      [Ext Root Scanning (ms):  0,7]
      [Update RS (ms):  1,9]
         [Processed Buffers:  19]
      [Scan RS (ms):  7,7]
      [Code Root Scanning (ms):  0,0]
      [Object Copy (ms):  7,5]
      [Termination (ms):  0,0]
         [Termination Attempts:  1]
      [GC Worker Other (ms):  0,0]
      [GC Worker Total (ms):  17,8]
      [GC Worker End (ms):  63958685,4]
   [Code Root Fixup: 0,0 ms]
   [Code Root Purge: 0,0 ms]
   [Clear CT: 0,0 ms]
   [Other: 0,6 ms]
      [Choose CSet: 0,0 ms]
      [Ref Proc: 0,0 ms]
      [Ref Enq: 0,0 ms]
      [Redirty Cards: 0,0 ms]
      [Humongous Register: 0,0 ms]
      [Humongous Reclaim: 0,0 ms]
      [Free CSet: 0,0 ms]
   [Eden: 50,0M(50,0M)->0,0B(50,0M) Survivors: 1024,0K->1024,0K Heap: 239,8M(1024,0M)->189,9M(1024,0M)]
 [Times: user=0,01 sys=0,00, real=0,02 secs] 
2016-12-22T23:14:12.906+0100: 63959,194: [GC pause (G1 Evacuation Pause) (young), 0,0160287 secs]
   [Parallel Time: 15,7 ms, GC Workers: 1]
      [GC Worker Start (ms):  63959194,4]
      [Ext Root Scanning (ms):  0,7]
      [Update RS (ms):  2,1]
         [Processed Buffers:  18]
      [Scan RS (ms):  7,5]
      [Code Root Scanning (ms):  0,0]
      [Object Copy (ms):  5,3]
      [Termination (ms):  0,0]
         [Termination Attempts:  1]
      [GC Worker Other (ms):  0,0]
      [GC Worker Total (ms):  15,7]
      [GC Worker End (ms):  63959210,1]
   [Code Root Fixup: 0,1 ms]
   [Code Root Purge: 0,0 ms]
   [Clear CT: 0,0 ms]
   [Other: 0,2 ms]
      [Choose CSet: 0,0 ms]
      [Ref Proc: 0,0 ms]
      [Ref Enq: 0,0 ms]
      [Redirty Cards: 0,0 ms]
      [Humongous Register: 0,0 ms]
      [Humongous Reclaim: 0,0 ms]
      [Free CSet: 0,0 ms]
   [Eden: 50,0M(50,0M)->0,0B(52,0M) Survivors: 1024,0K->1024,0K Heap: 239,9M(1024,0M)->190,0M(1024,0M)]
 [Times: user=0,01 sys=0,00, real=0,02 secs] 
2016-12-22T23:14:13.477+0100: 63959,765: [GC pause (G1 Evacuation Pause) (young), 0,0170984 secs]
   [Parallel Time: 15,1 ms, GC Workers: 1]
      [GC Worker Start (ms):  63959765,3]
      [Ext Root Scanning (ms):  0,7]
      [Update RS (ms):  2,0]
         [Processed Buffers:  21]
      [Scan RS (ms):  8,6]
      [Code Root Scanning (ms):  0,0]
      [Object Copy (ms):  3,8]
      [Termination (ms):  0,0]
         [Termination Attempts:  1]
      [GC Worker Other (ms):  0,0]
      [GC Worker Total (ms):  15,1]
      [GC Worker End (ms):  63959780,4]
   [Code Root Fixup: 0,0 ms]
   [Code Root Purge: 0,0 ms]
   [Clear CT: 0,0 ms]
   [Other: 2,0 ms]
      [Choose CSet: 0,0 ms]
      [Ref Proc: 0,0 ms]
      [Ref Enq: 0,0 ms]
      [Redirty Cards: 0,0 ms]
      [Humongous Register: 0,0 ms]
      [Humongous Reclaim: 0,0 ms]
      [Free CSet: 0,0 ms]
   [Eden: 52,0M(52,0M)->0,0B(98,0M) Survivors: 1024,0K->1024,0K Heap: 242,0M(1024,0M)->190,1M(1024,0M)]
 [Times: user=0,00 sys=0,00, real=0,01 secs] 
2016-12-22T23:14:14.541+0100: 63960,830: [GC pause (G1 Evacuation Pause) (young), 0,0609393 secs]
   [Parallel Time: 60,7 ms, GC Workers: 1]
      [GC Worker Start (ms):  63960829,6]
      [Ext Root Scanning (ms):  0,7]
      [Update RS (ms):  2,5]
         [Processed Buffers:  22]
      [Scan RS (ms):  45,3]
      [Code Root Scanning (ms):  0,0]
      [Object Copy (ms):  12,1]
      [Termination (ms):  0,0]
         [Termination Attempts:  1]
      [GC Worker Other (ms):  0,0]
      [GC Worker Total (ms):  60,7]
      [GC Worker End (ms):  63960890,3]
   [Code Root Fixup: 0,0 ms]
   [Code Root Purge: 0,0 ms]
   [Clear CT: 0,0 ms]
   [Other: 0,2 ms]
      [Choose CSet: 0,0 ms]
      [Ref Proc: 0,0 ms]
      [Ref Enq: 0,0 ms]
      [Redirty Cards: 0,0 ms]
      [Humongous Register: 0,0 ms]
      [Humongous Reclaim: 0,0 ms]
      [Free CSet: 0,0 ms]
   [Eden: 98,0M(98,0M)->0,0B(50,0M) Survivors: 1024,0K->1024,0K Heap: 288,1M(1024,0M)->190,2M(1024,0M)]
 [Times: user=0,02 sys=0,00, real=0,06 secs] 
2016-12-22T23:14:15.405+0100: 63961,694: [GC pause (G1 Evacuation Pause) (young), 0,0230628 secs]
   [Parallel Time: 20,8 ms, GC Workers: 1]
      [GC Worker Start (ms):  63961694,1]
      [Ext Root Scanning (ms):  0,7]
      [Update RS (ms):  3,1]
         [Processed Buffers:  21]
      [Scan RS (ms):  12,8]
      [Code Root Scanning (ms):  0,0]
      [Object Copy (ms):  4,3]
      [Termination (ms):  0,0]
         [Termination Attempts:  1]
      [GC Worker Other (ms):  0,0]
      [GC Worker Total (ms):  20,8]
      [GC Worker End (ms):  63961714,8]
   [Code Root Fixup: 0,0 ms]
   [Code Root Purge: 0,0 ms]
   [Clear CT: 0,0 ms]
   [Other: 2,2 ms]
      [Choose CSet: 0,0 ms]
      [Ref Proc: 0,0 ms]
      [Ref Enq: 0,0 ms]
      [Redirty Cards: 0,0 ms]
      [Humongous Register: 0,0 ms]
      [Humongous Reclaim: 0,0 ms]
      [Free CSet: 0,0 ms]
   [Eden: 50,0M(50,0M)->0,0B(50,0M) Survivors: 1024,0K->1024,0K Heap: 240,2M(1024,0M)->190,3M(1024,0M)]
 [Times: user=0,01 sys=0,00, real=0,03 secs] 
2016-12-22T23:14:16.231+0100: 63962,519: [GC pause (G1 Evacuation Pause) (young), 0,0243853 secs]
   [Parallel Time: 22,9 ms, GC Workers: 1]
      [GC Worker Start (ms):  63962519,4]
      [Ext Root Scanning (ms):  0,7]
      [Update RS (ms):  2,4]
         [Processed Buffers:  23]
      [Scan RS (ms):  11,8]
      [Code Root Scanning (ms):  0,0]
      [Object Copy (ms):  8,0]
      [Termination (ms):  0,0]
         [Termination Attempts:  1]
      [GC Worker Other (ms):  0,0]
      [GC Worker Total (ms):  22,9]
      [GC Worker End (ms):  63962542,3]
   [Code Root Fixup: 0,0 ms]
   [Code Root Purge: 0,0 ms]
   [Clear CT: 0,0 ms]
   [Other: 1,4 ms]
      [Choose CSet: 0,0 ms]
      [Ref Proc: 0,0 ms]
      [Ref Enq: 0,0 ms]
      [Redirty Cards: 0,0 ms]
      [Humongous Register: 0,0 ms]
      [Humongous Reclaim: 0,0 ms]
      [Free CSet: 0,0 ms]
   [Eden: 50,0M(50,0M)->0,0B(49,0M) Survivors: 1024,0K->2048,0K Heap: 240,3M(1024,0M)->190,9M(1024,0M)]
 [Times: user=0,01 sys=0,00, real=0,02 secs] 
2016-12-22T23:14:16.925+0100: 63963,213: [GC pause (G1 Evacuation Pause) (young), 0,0150206 secs]
   [Parallel Time: 14,5 ms, GC Workers: 1]
      [GC Worker Start (ms):  63963213,4]
      [Ext Root Scanning (ms):  0,8]
      [Update RS (ms):  1,8]
         [Processed Buffers:  20]
      [Scan RS (ms):  8,9]
      [Code Root Scanning (ms):  0,0]
      [Object Copy (ms):  2,9]
      [Termination (ms):  0,0]
         [Termination Attempts:  1]
      [GC Worker Other (ms):  0,0]
      [GC Worker Total (ms):  14,4]
      [GC Worker End (ms):  63963227,8]
   [Code Root Fixup: 0,0 ms]
   [Code Root Purge: 0,0 ms]
   [Clear CT: 0,0 ms]
   [Other: 0,5 ms]
      [Choose CSet: 0,0 ms]
      [Ref Proc: 0,0 ms]
      [Ref Enq: 0,0 ms]
      [Redirty Cards: 0,0 ms]
      [Humongous Register: 0,0 ms]
      [Humongous Reclaim: 0,0 ms]
      [Free CSet: 0,0 ms]
   [Eden: 49,0M(49,0M)->0,0B(50,0M) Survivors: 2048,0K->1024,0K Heap: 239,9M(1024,0M)->190,3M(1024,0M)]
 [Times: user=0,01 sys=0,00, real=0,02 secs] 
2016-12-22T23:14:17.740+0100: 63964,029: [GC pause (G1 Evacuation Pause) (young), 0,0273662 secs]
   [Parallel Time: 23,1 ms, GC Workers: 1]
      [GC Worker Start (ms):  63964029,0]
      [Ext Root Scanning (ms):  0,7]
      [Update RS (ms):  1,8]
         [Processed Buffers:  18]
      [Scan RS (ms):  9,5]
      [Code Root Scanning (ms):  0,0]
      [Object Copy (ms):  11,1]
      [Termination (ms):  0,0]
         [Termination Attempts:  1]
      [GC Worker Other (ms):  0,0]
      [GC Worker Total (ms):  23,1]
      [GC Worker End (ms):  63964052,0]
   [Code Root Fixup: 0,0 ms]
   [Code Root Purge: 0,0 ms]
   [Clear CT: 0,0 ms]
   [Other: 4,2 ms]
      [Choose CSet: 0,0 ms]
      [Ref Proc: 0,0 ms]
      [Ref Enq: 0,0 ms]
      [Redirty Cards: 0,0 ms]
      [Humongous Register: 0,0 ms]
      [Humongous Reclaim: 0,0 ms]
      [Free CSet: 0,0 ms]
   [Eden: 50,0M(50,0M)->0,0B(50,0M) Survivors: 1024,0K->1024,0K Heap: 240,3M(1024,0M)->190,5M(1024,0M)]
 [Times: user=0,00 sys=0,00, real=0,03 secs] 
2016-12-22T23:14:18.579+0100: 63964,868: [GC pause (G1 Evacuation Pause) (young), 0,0152357 secs]
   [Parallel Time: 13,0 ms, GC Workers: 1]
      [GC Worker Start (ms):  63964868,2]
      [Ext Root Scanning (ms):  0,7]
      [Update RS (ms):  2,1]
         [Processed Buffers:  24]
      [Scan RS (ms):  5,8]
      [Code Root Scanning (ms):  0,0]
      [Object Copy (ms):  4,4]
      [Termination (ms):  0,0]
         [Termination Attempts:  1]
      [GC Worker Other (ms):  0,0]
      [GC Worker Total (ms):  13,0]
      [GC Worker End (ms):  63964881,2]
   [Code Root Fixup: 0,0 ms]
   [Code Root Purge: 0,0 ms]
   [Clear CT: 0,0 ms]
   [Other: 2,1 ms]
      [Choose CSet: 0,0 ms]
      [Ref Proc: 0,0 ms]
      [Ref Enq: 0,0 ms]
      [Redirty Cards: 0,0 ms]
      [Humongous Register: 0,0 ms]
      [Humongous Reclaim: 0,0 ms]
      [Free CSet: 0,0 ms]
   [Eden: 50,0M(50,0M)->0,0B(49,0M) Survivors: 1024,0K->2048,0K Heap: 240,5M(1024,0M)->191,1M(1024,0M)]
 [Times: user=0,00 sys=0,00, real=0,01 secs] 
2016-12-22T23:14:19.392+0100: 63965,680: [GC pause (G1 Evacuation Pause) (young), 0,0269528 secs]
   [Parallel Time: 19,2 ms, GC Workers: 1]
      [GC Worker Start (ms):  63965680,3]
      [Ext Root Scanning (ms):  0,7]
      [Update RS (ms):  2,1]
         [Processed Buffers:  20]
      [Scan RS (ms):  13,2]
      [Code Root Scanning (ms):  0,0]
      [Object Copy (ms):  3,2]
      [Termination (ms):  0,0]
         [Termination Attempts:  1]
      [GC Worker Other (ms):  0,0]
      [GC Worker Total (ms):  19,2]
      [GC Worker End (ms):  63965699,5]
   [Code Root Fixup: 0,0 ms]
   [Code Root Purge: 0,0 ms]
   [Clear CT: 0,0 ms]
   [Other: 7,6 ms]
      [Choose CSet: 0,0 ms]
      [Ref Proc: 0,0 ms]
      [Ref Enq: 0,0 ms]
      [Redirty Cards: 0,0 ms]
      [Humongous Register: 0,0 ms]
      [Humongous Reclaim: 0,0 ms]
      [Free CSet: 0,0 ms]
   [Eden: 49,0M(49,0M)->0,0B(50,0M) Survivors: 2048,0K->1024,0K Heap: 240,1M(1024,0M)->190,5M(1024,0M)]
 [Times: user=0,01 sys=0,00, real=0,03 secs] 
2016-12-22T23:14:20.197+0100: 63966,486: [GC pause (G1 Evacuation Pause) (young), 0,0315227 secs]
   [Parallel Time: 30,6 ms, GC Workers: 1]
      [GC Worker Start (ms):  63966485,8]
      [Ext Root Scanning (ms):  0,9]
      [Update RS (ms):  6,7]
         [Processed Buffers:  17]
      [Scan RS (ms):  12,2]
      [Code Root Scanning (ms):  0,0]
      [Object Copy (ms):  10,8]
      [Termination (ms):  0,0]
         [Termination Attempts:  1]
      [GC Worker Other (ms):  0,0]
      [GC Worker Total (ms):  30,6]
      [GC Worker End (ms):  63966516,4]
   [Code Root Fixup: 0,0 ms]
   [Code Root Purge: 0,0 ms]
   [Clear CT: 0,0 ms]
   [Other: 0,8 ms]
      [Choose CSet: 0,0 ms]
      [Ref Proc: 0,0 ms]
      [Ref Enq: 0,0 ms]
      [Redirty Cards: 0,0 ms]
      [Humongous Register: 0,0 ms]
      [Humongous Reclaim: 0,0 ms]
      [Free CSet: 0,0 ms]
   [Eden: 50,0M(50,0M)->0,0B(50,0M) Survivors: 1024,0K->1024,0K Heap: 240,5M(1024,0M)->190,7M(1024,0M)]
 [Times: user=0,01 sys=0,00, real=0,03 secs] 
2016-12-22T23:14:21.091+0100: 63967,379: [GC pause (G1 Evacuation Pause) (young), 0,0218857 secs]
   [Parallel Time: 21,1 ms, GC Workers: 1]
      [GC Worker Start (ms):  63967379,4]
      [Ext Root Scanning (ms):  0,7]
      [Update RS (ms):  1,6]
         [Processed Buffers:  21]
      [Scan RS (ms):  8,4]
      [Code Root Scanning (ms):  0,0]
      [Object Copy (ms):  10,3]
      [Termination (ms):  0,0]
         [Termination Attempts:  1]
      [GC Worker Other (ms):  0,0]
      [GC Worker Total (ms):  21,0]
      [GC Worker End (ms):  63967400,5]
   [Code Root Fixup: 0,0 ms]
   [Code Root Purge: 0,0 ms]
   [Clear CT: 0,0 ms]
   [Other: 0,8 ms]
      [Choose CSet: 0,0 ms]
      [Ref Proc: 0,0 ms]
      [Ref Enq: 0,0 ms]
      [Redirty Cards: 0,0 ms]
      [Humongous Register: 0,0 ms]
      [Humongous Reclaim: 0,0 ms]
      [Free CSet: 0,0 ms]
   [Eden: 50,0M(50,0M)->0,0B(49,0M) Survivors: 1024,0K->2048,0K Heap: 240,7M(1024,0M)->191,3M(1024,0M)]
 [Times: user=0,01 sys=0,00, real=0,02 secs] 
2016-12-22T23:14:21.953+0100: 63968,241: [GC pause (G1 Evacuation Pause) (young), 0,0161408 secs]
   [Parallel Time: 15,9 ms, GC Workers: 1]
      [GC Worker Start (ms):  63968241,5]
      [Ext Root Scanning (ms):  0,9]
      [Update RS (ms):  1,7]
         [Processed Buffers:  20]
      [Scan RS (ms):  8,6]
      [Code Root Scanning (ms):  0,0]
      [Object Copy (ms):  4,7]
      [Termination (ms):  0,0]
         [Termination Attempts:  1]
      [GC Worker Other (ms):  0,0]
      [GC Worker Total (ms):  15,8]
      [GC Worker End (ms):  63968257,3]
   [Code Root Fixup: 0,0 ms]
   [Code Root Purge: 0,0 ms]
   [Clear CT: 0,0 ms]
   [Other: 0,2 ms]
      [Choose CSet: 0,0 ms]
      [Ref Proc: 0,0 ms]
      [Ref Enq: 0,0 ms]
      [Redirty Cards: 0,0 ms]
      [Humongous Register: 0,0 ms]
      [Humongous Reclaim: 0,0 ms]
      [Free CSet: 0,0 ms]
   [Eden: 49,0M(49,0M)->0,0B(50,0M) Survivors: 2048,0K->1024,0K Heap: 240,3M(1024,0M)->190,6M(1024,0M)]
 [Times: user=0,01 sys=0,00, real=0,02 secs] 
2016-12-22T23:14:23.228+0100: 63969,517: [GC pause (G1 Evacuation Pause) (young), 0,0214820 secs]
   [Parallel Time: 19,3 ms, GC Workers: 1]
      [GC Worker Start (ms):  63969517,0]
      [Ext Root Scanning (ms):  0,8]
      [Update RS (ms):  1,9]
         [Processed Buffers:  19]
      [Scan RS (ms):  8,1]
      [Code Root Scanning (ms):  0,0]
      [Object Copy (ms):  8,4]
      [Termination (ms):  0,0]
         [Termination Attempts:  1]
      [GC Worker Other (ms):  0,0]
      [GC Worker Total (ms):  19,2]
      [GC Worker End (ms):  63969536,2]
   [Code Root Fixup: 0,0 ms]
   [Code Root Purge: 0,0 ms]
   [Clear CT: 0,0 ms]
   [Other: 2,2 ms]
      [Choose CSet: 0,0 ms]
      [Ref Proc: 0,0 ms]
      [Ref Enq: 0,0 ms]
      [Redirty Cards: 0,0 ms]
      [Humongous Register: 0,0 ms]
      [Humongous Reclaim: 0,0 ms]
      [Free CSet: 0,1 ms]
   [Eden: 50,0M(50,0M)->0,0B(50,0M) Survivors: 1024,0K->1024,0K Heap: 240,6M(1024,0M)->190,9M(1024,0M)]
 [Times: user=0,01 sys=0,00, real=0,02 secs] 
2016-12-22T23:14:24.381+0100: 63970,669: [GC pause (G1 Evacuation Pause) (young), 0,0290826 secs]
   [Parallel Time: 28,8 ms, GC Workers: 1]
      [GC Worker Start (ms):  63970669,3]
      [Ext Root Scanning (ms):  0,9]
      [Update RS (ms):  3,2]
         [Processed Buffers:  20]
      [Scan RS (ms):  14,2]
      [Code Root Scanning (ms):  0,0]
      [Object Copy (ms):  10,5]
      [Termination (ms):  0,0]
         [Termination Attempts:  1]
      [GC Worker Other (ms):  0,0]
      [GC Worker Total (ms):  28,8]
      [GC Worker End (ms):  63970698,2]
   [Code Root Fixup: 0,0 ms]
   [Code Root Purge: 0,0 ms]
   [Clear CT: 0,0 ms]
   [Other: 0,2 ms]
      [Choose CSet: 0,0 ms]
      [Ref Proc: 0,0 ms]
      [Ref Enq: 0,0 ms]
      [Redirty Cards: 0,0 ms]
      [Humongous Register: 0,0 ms]
      [Humongous Reclaim: 0,0 ms]
      [Free CSet: 0,0 ms]
   [Eden: 50,0M(50,0M)->0,0B(50,0M) Survivors: 1024,0K->1024,0K Heap: 240,9M(1024,0M)->190,9M(1024,0M)]
 [Times: user=0,01 sys=0,00, real=0,03 secs] 
2016-12-22T23:14:25.143+0100: 63971,431: [GC pause (G1 Evacuation Pause) (young), 0,0168483 secs]
   [Parallel Time: 16,1 ms, GC Workers: 1]
      [GC Worker Start (ms):  63971431,3]
      [Ext Root Scanning (ms):  0,8]
      [Update RS (ms):  2,1]
         [Processed Buffers:  17]
      [Scan RS (ms):  6,0]
      [Code Root Scanning (ms):  0,0]
      [Object Copy (ms):  7,3]
      [Termination (ms):  0,0]
         [Termination Attempts:  1]
      [GC Worker Other (ms):  0,0]
      [GC Worker Total (ms):  16,1]
      [GC Worker End (ms):  63971447,4]
   [Code Root Fixup: 0,0 ms]
   [Code Root Purge: 0,0 ms]
   [Clear CT: 0,0 ms]
   [Other: 0,7 ms]
      [Choose CSet: 0,0 ms]
      [Ref Proc: 0,0 ms]
      [Ref Enq: 0,0 ms]
      [Redirty Cards: 0,0 ms]
      [Humongous Register: 0,0 ms]
      [Humongous Reclaim: 0,0 ms]
      [Free CSet: 0,0 ms]
   [Eden: 50,0M(50,0M)->0,0B(50,0M) Survivors: 1024,0K->1024,0K Heap: 240,9M(1024,0M)->191,0M(1024,0M)]
 [Times: user=0,00 sys=0,00, real=0,02 secs] 
2016-12-22T23:14:25.875+0100: 63972,163: [GC pause (G1 Evacuation Pause) (young), 0,0151083 secs]
   [Parallel Time: 14,4 ms, GC Workers: 1]
      [GC Worker Start (ms):  63972163,3]
      [Ext Root Scanning (ms):  0,7]
      [Update RS (ms):  1,8]
         [Processed Buffers:  18]
      [Scan RS (ms):  6,0]
      [Code Root Scanning (ms):  0,0]
      [Object Copy (ms):  6,0]
      [Termination (ms):  0,0]
         [Termination Attempts:  1]
      [GC Worker Other (ms):  0,0]
      [GC Worker Total (ms):  14,4]
      [GC Worker End (ms):  63972177,7]
   [Code Root Fixup: 0,0 ms]
   [Code Root Purge: 0,0 ms]
   [Clear CT: 0,0 ms]
   [Other: 0,6 ms]
      [Choose CSet: 0,0 ms]
      [Ref Proc: 0,0 ms]
      [Ref Enq: 0,0 ms]
      [Redirty Cards: 0,0 ms]
      [Humongous Register: 0,0 ms]
      [Humongous Reclaim: 0,0 ms]
      [Free CSet: 0,0 ms]
   [Eden: 50,0M(50,0M)->0,0B(50,0M) Survivors: 1024,0K->1024,0K Heap: 241,0M(1024,0M)->191,1M(1024,0M)]
 [Times: user=0,01 sys=0,00, real=0,02 secs] 
2016-12-22T23:14:26.622+0100: 63972,911: [GC pause (G1 Evacuation Pause) (young), 0,0171191 secs]
   [Parallel Time: 14,6 ms, GC Workers: 1]
      [GC Worker Start (ms):  63972910,7]
      [Ext Root Scanning (ms):  0,7]
      [Update RS (ms):  1,9]
         [Processed Buffers:  23]
      [Scan RS (ms):  8,2]
      [Code Root Scanning (ms):  0,0]
      [Object Copy (ms):  3,8]
      [Termination (ms):  0,0]
         [Termination Attempts:  1]
      [GC Worker Other (ms):  0,0]
      [GC Worker Total (ms):  14,6]
      [GC Worker End (ms):  63972925,3]
   [Code Root Fixup: 0,0 ms]
   [Code Root Purge: 0,0 ms]
   [Clear CT: 0,0 ms]
   [Other: 2,4 ms]
      [Choose CSet: 0,0 ms]
      [Ref Proc: 0,0 ms]
      [Ref Enq: 0,0 ms]
      [Redirty Cards: 0,0 ms]
      [Humongous Register: 0,0 ms]
      [Humongous Reclaim: 0,0 ms]
      [Free CSet: 0,0 ms]
   [Eden: 50,0M(50,0M)->0,0B(49,0M) Survivors: 1024,0K->2048,0K Heap: 241,1M(1024,0M)->191,6M(1024,0M)]
 [Times: user=0,01 sys=0,00, real=0,02 secs] 
2016-12-22T23:14:27.309+0100: 63973,598: [GC pause (G1 Evacuation Pause) (young), 0,0146995 secs]
   [Parallel Time: 14,4 ms, GC Workers: 1]
      [GC Worker Start (ms):  63973597,8]
      [Ext Root Scanning (ms):  0,7]
      [Update RS (ms):  1,9]
         [Processed Buffers:  20]
      [Scan RS (ms):  2,9]
      [Code Root Scanning (ms):  0,0]
      [Object Copy (ms):  8,8]
      [Termination (ms):  0,0]
         [Termination Attempts:  1]
      [GC Worker Other (ms):  0,0]
      [GC Worker Total (ms):  14,4]
      [GC Worker End (ms):  63973612,2]
   [Code Root Fixup: 0,0 ms]
   [Code Root Purge: 0,0 ms]
   [Clear CT: 0,0 ms]
   [Other: 0,3 ms]
      [Choose CSet: 0,0 ms]
      [Ref Proc: 0,0 ms]
      [Ref Enq: 0,0 ms]
      [Redirty Cards: 0,0 ms]
      [Humongous Register: 0,0 ms]
      [Humongous Reclaim: 0,0 ms]
      [Free CSet: 0,1 ms]
   [Eden: 49,0M(49,0M)->0,0B(146,0M) Survivors: 2048,0K->1024,0K Heap: 240,6M(1024,0M)->191,0M(1024,0M)]
 [Times: user=0,00 sys=0,01, real=0,01 secs] 
2016-12-22T23:14:28.769+0100: 63975,057: [GC pause (G1 Evacuation Pause) (young), 0,0238258 secs]
   [Parallel Time: 20,3 ms, GC Workers: 1]
      [GC Worker Start (ms):  63975057,3]
      [Ext Root Scanning (ms):  0,7]
      [Update RS (ms):  2,6]
         [Processed Buffers:  27]
      [Scan RS (ms):  8,8]
      [Code Root Scanning (ms):  0,0]
      [Object Copy (ms):  8,1]
      [Termination (ms):  0,0]
         [Termination Attempts:  1]
      [GC Worker Other (ms):  0,0]
      [GC Worker Total (ms):  20,3]
      [GC Worker End (ms):  63975077,6]
   [Code Root Fixup: 0,0 ms]
   [Code Root Purge: 0,0 ms]
   [Clear CT: 0,0 ms]
   [Other: 3,4 ms]
      [Choose CSet: 0,0 ms]
      [Ref Proc: 0,0 ms]
      [Ref Enq: 0,0 ms]
      [Redirty Cards: 0,0 ms]
      [Humongous Register: 0,0 ms]
      [Humongous Reclaim: 0,0 ms]
      [Free CSet: 0,0 ms]
   [Eden: 92,0M(50,0M)->0,0B(50,0M) Survivors: 1024,0K->1024,0K Heap: 283,0M(1024,0M)->191,3M(1024,0M)]
 [Times: user=0,01 sys=0,00, real=0,02 secs] 
2016-12-22T23:14:30.113+0100: 63976,402: [GC pause (G1 Evacuation Pause) (young), 0,0341315 secs]
   [Parallel Time: 31,0 ms, GC Workers: 1]
      [GC Worker Start (ms):  63976402,0]
      [Ext Root Scanning (ms):  0,7]
      [Update RS (ms):  6,1]
         [Processed Buffers:  26]
      [Scan RS (ms):  11,4]
      [Code Root Scanning (ms):  0,0]
      [Object Copy (ms):  5,5]
      [Termination (ms):  0,0]
         [Termination Attempts:  1]
      [GC Worker Other (ms):  0,0]
      [GC Worker Total (ms):  23,7]
      [GC Worker End (ms):  63976425,7]
   [Code Root Fixup: 0,0 ms]
   [Code Root Purge: 0,0 ms]
   [Clear CT: 0,0 ms]
   [Other: 3,1 ms]
      [Choose CSet: 0,0 ms]
      [Ref Proc: 0,0 ms]
      [Ref Enq: 0,0 ms]
      [Redirty Cards: 0,0 ms]
      [Humongous Register: 0,0 ms]
      [Humongous Reclaim: 0,0 ms]
      [Free CSet: 0,0 ms]
   [Eden: 50,0M(50,0M)->0,0B(50,0M) Survivors: 1024,0K->1024,0K Heap: 241,3M(1024,0M)->191,3M(1024,0M)]
 [Times: user=0,01 sys=0,00, real=0,04 secs] 
2016-12-22T23:14:31.394+0100: 63977,683: [GC pause (G1 Evacuation Pause) (young), 0,0195433 secs]
   [Parallel Time: 19,3 ms, GC Workers: 1]
      [GC Worker Start (ms):  63977683,0]
      [Ext Root Scanning (ms):  0,7]
      [Update RS (ms):  2,0]
         [Processed Buffers:  26]
      [Scan RS (ms):  13,6]
      [Code Root Scanning (ms):  0,0]
      [Object Copy (ms):  2,9]
      [Termination (ms):  0,0]
         [Termination Attempts:  1]
      [GC Worker Other (ms):  0,0]
      [GC Worker Total (ms):  19,3]
      [GC Worker End (ms):  63977702,2]
   [Code Root Fixup: 0,0 ms]
   [Code Root Purge: 0,0 ms]
   [Clear CT: 0,0 ms]
   [Other: 0,2 ms]
      [Choose CSet: 0,0 ms]
      [Ref Proc: 0,0 ms]
      [Ref Enq: 0,0 ms]
      [Redirty Cards: 0,0 ms]
      [Humongous Register: 0,0 ms]
      [Humongous Reclaim: 0,0 ms]
      [Free CSet: 0,0 ms]
   [Eden: 50,0M(50,0M)->0,0B(49,0M) Survivors: 1024,0K->2048,0K Heap: 241,3M(1024,0M)->191,9M(1024,0M)]
 [Times: user=0,01 sys=0,00, real=0,02 secs] 
2016-12-22T23:14:32.964+0100: 63979,253: [GC pause (G1 Evacuation Pause) (young), 0,0219616 secs]
   [Parallel Time: 21,2 ms, GC Workers: 1]
      [GC Worker Start (ms):  63979252,7]
      [Ext Root Scanning (ms):  0,8]
      [Update RS (ms):  4,3]
         [Processed Buffers:  25]
      [Scan RS (ms):  7,7]
      [Code Root Scanning (ms):  0,0]
      [Object Copy (ms):  5,2]
      [Termination (ms):  0,0]
         [Termination Attempts:  1]
      [GC Worker Other (ms):  0,0]
      [GC Worker Total (ms):  18,0]
      [GC Worker End (ms):  63979270,8]
   [Code Root Fixup: 0,0 ms]
   [Code Root Purge: 0,0 ms]
   [Clear CT: 0,0 ms]
   [Other: 0,7 ms]
      [Choose CSet: 0,0 ms]
      [Ref Proc: 0,0 ms]
      [Ref Enq: 0,0 ms]
      [Redirty Cards: 0,0 ms]
      [Humongous Register: 0,0 ms]
      [Humongous Reclaim: 0,0 ms]
      [Free CSet: 0,0 ms]
   [Eden: 49,0M(49,0M)->0,0B(49,0M) Survivors: 2048,0K->2048,0K Heap: 240,9M(1024,0M)->191,9M(1024,0M)]
 [Times: user=0,01 sys=0,00, real=0,02 secs] 
2016-12-22T23:14:34.609+0100: 63980,897: [GC pause (G1 Evacuation Pause) (young), 0,0186940 secs]
   [Parallel Time: 18,4 ms, GC Workers: 1]
      [GC Worker Start (ms):  63980897,3]
      [Ext Root Scanning (ms):  0,7]
      [Update RS (ms):  1,8]
         [Processed Buffers:  23]
      [Scan RS (ms):  4,6]
      [Code Root Scanning (ms):  0,0]
      [Object Copy (ms):  11,4]
      [Termination (ms):  0,0]
         [Termination Attempts:  1]
      [GC Worker Other (ms):  0,0]
      [GC Worker Total (ms):  18,4]
      [GC Worker End (ms):  63980915,7]
   [Code Root Fixup: 0,0 ms]
   [Code Root Purge: 0,0 ms]
   [Clear CT: 0,0 ms]
   [Other: 0,2 ms]
      [Choose CSet: 0,0 ms]
      [Ref Proc: 0,0 ms]
      [Ref Enq: 0,0 ms]
      [Redirty Cards: 0,0 ms]
      [Humongous Register: 0,0 ms]
      [Humongous Reclaim: 0,0 ms]
      [Free CSet: 0,0 ms]
   [Eden: 49,0M(49,0M)->0,0B(49,0M) Survivors: 2048,0K->2048,0K Heap: 240,9M(1024,0M)->191,9M(1024,0M)]
 [Times: user=0,01 sys=0,00, real=0,02 secs] 
2016-12-22T23:14:35.964+0100: 63982,253: [GC pause (G1 Evacuation Pause) (young), 0,0216642 secs]
   [Parallel Time: 21,4 ms, GC Workers: 1]
      [GC Worker Start (ms):  63982252,8]
      [Ext Root Scanning (ms):  0,8]
      [Update RS (ms):  3,4]
         [Processed Buffers:  24]
      [Scan RS (ms):  4,1]
      [Code Root Scanning (ms):  0,0]
      [Object Copy (ms):  13,0]
      [Termination (ms):  0,0]
         [Termination Attempts:  1]
      [GC Worker Other (ms):  0,0]
      [GC Worker Total (ms):  21,4]
      [GC Worker End (ms):  63982274,2]
   [Code Root Fixup: 0,0 ms]
   [Code Root Purge: 0,0 ms]
   [Clear CT: 0,0 ms]
   [Other: 0,2 ms]
      [Choose CSet: 0,0 ms]
      [Ref Proc: 0,0 ms]
      [Ref Enq: 0,0 ms]
      [Redirty Cards: 0,0 ms]
      [Humongous Register: 0,0 ms]
      [Humongous Reclaim: 0,0 ms]
      [Free CSet: 0,0 ms]
   [Eden: 49,0M(49,0M)->0,0B(49,0M) Survivors: 2048,0K->2048,0K Heap: 240,9M(1024,0M)->192,0M(1024,0M)]
 [Times: user=0,01 sys=0,00, real=0,02 secs] 
2016-12-22T23:14:37.296+0100: 63983,585: [GC pause (G1 Evacuation Pause) (young), 0,0196748 secs]
   [Parallel Time: 18,4 ms, GC Workers: 1]
      [GC Worker Start (ms):  63983585,1]
      [Ext Root Scanning (ms):  0,7]
      [Update RS (ms):  1,8]
         [Processed Buffers:  19]
      [Scan RS (ms):  12,2]
      [Code Root Scanning (ms):  0,0]
      [Object Copy (ms):  3,7]
      [Termination (ms):  0,0]
         [Termination Attempts:  1]
      [GC Worker Other (ms):  0,0]
      [GC Worker Total (ms):  18,4]
      [GC Worker End (ms):  63983603,5]
   [Code Root Fixup: 0,0 ms]
   [Code Root Purge: 0,0 ms]
   [Clear CT: 0,0 ms]
   [Other: 1,2 ms]
      [Choose CSet: 0,0 ms]
      [Ref Proc: 0,0 ms]
      [Ref Enq: 0,0 ms]
      [Redirty Cards: 0,0 ms]
      [Humongous Register: 0,0 ms]
      [Humongous Reclaim: 0,0 ms]
      [Free CSet: 0,0 ms]
   [Eden: 49,0M(49,0M)->0,0B(50,0M) Survivors: 2048,0K->1024,0K Heap: 241,0M(1024,0M)->191,6M(1024,0M)]
 [Times: user=0,01 sys=0,00, real=0,02 secs] 
2016-12-22T23:14:38.660+0100: 63984,948: [GC pause (G1 Evacuation Pause) (young), 0,0169817 secs]
   [Parallel Time: 16,7 ms, GC Workers: 1]
      [GC Worker Start (ms):  63984948,4]
      [Ext Root Scanning (ms):  0,7]
      [Update RS (ms):  1,8]
         [Processed Buffers:  20]
      [Scan RS (ms):  8,0]
      [Code Root Scanning (ms):  0,0]
      [Object Copy (ms):  6,2]
      [Termination (ms):  0,0]
         [Termination Attempts:  1]
      [GC Worker Other (ms):  0,0]
      [GC Worker Total (ms):  16,7]
      [GC Worker End (ms):  63984965,1]
   [Code Root Fixup: 0,0 ms]
   [Code Root Purge: 0,0 ms]
   [Clear CT: 0,0 ms]
   [Other: 0,2 ms]
      [Choose CSet: 0,0 ms]
      [Ref Proc: 0,0 ms]
      [Ref Enq: 0,0 ms]
      [Redirty Cards: 0,0 ms]
      [Humongous Register: 0,0 ms]
      [Humongous Reclaim: 0,0 ms]
      [Free CSet: 0,0 ms]
   [Eden: 50,0M(50,0M)->0,0B(49,0M) Survivors: 1024,0K->2048,0K Heap: 241,6M(1024,0M)->192,2M(1024,0M)]
 [Times: user=0,01 sys=0,00, real=0,02 secs] 
2016-12-22T23:14:39.875+0100: 63986,163: [GC pause (G1 Evacuation Pause) (young), 0,0205049 secs]
   [Parallel Time: 19,1 ms, GC Workers: 1]
      [GC Worker Start (ms):  63986163,3]
      [Ext Root Scanning (ms):  3,7]
      [Update RS (ms):  1,9]
         [Processed Buffers:  18]
      [Scan RS (ms):  6,9]
      [Code Root Scanning (ms):  0,0]
      [Object Copy (ms):  6,7]
      [Termination (ms):  0,0]
         [Termination Attempts:  1]
      [GC Worker Other (ms):  0,0]
      [GC Worker Total (ms):  19,1]
      [GC Worker End (ms):  63986182,4]
   [Code Root Fixup: 0,0 ms]
   [Code Root Purge: 0,0 ms]
   [Clear CT: 0,0 ms]
   [Other: 1,3 ms]
      [Choose CSet: 0,0 ms]
      [Ref Proc: 0,0 ms]
      [Ref Enq: 0,0 ms]
      [Redirty Cards: 0,0 ms]
      [Humongous Register: 0,0 ms]
      [Humongous Reclaim: 0,0 ms]
      [Free CSet: 0,0 ms]
   [Eden: 49,0M(49,0M)->0,0B(49,0M) Survivors: 2048,0K->2048,0K Heap: 241,2M(1024,0M)->192,2M(1024,0M)]
 [Times: user=0,01 sys=0,00, real=0,03 secs] 
2016-12-22T23:14:40.882+0100: 63987,171: [GC pause (G1 Evacuation Pause) (young), 0,0219335 secs]
   [Parallel Time: 21,7 ms, GC Workers: 1]
      [GC Worker Start (ms):  63987170,7]
      [Ext Root Scanning (ms):  0,8]
      [Update RS (ms):  3,7]
         [Processed Buffers:  20]
      [Scan RS (ms):  8,2]
      [Code Root Scanning (ms):  0,0]
      [Object Copy (ms):  9,0]
      [Termination (ms):  0,0]
         [Termination Attempts:  1]
      [GC Worker Other (ms):  0,0]
      [GC Worker Total (ms):  21,6]
      [GC Worker End (ms):  63987192,3]
   [Code Root Fixup: 0,0 ms]
   [Code Root Purge: 0,0 ms]
   [Clear CT: 0,0 ms]
   [Other: 0,2 ms]
      [Choose CSet: 0,0 ms]
      [Ref Proc: 0,0 ms]
      [Ref Enq: 0,0 ms]
      [Redirty Cards: 0,0 ms]
      [Humongous Register: 0,0 ms]
      [Humongous Reclaim: 0,0 ms]
      [Free CSet: 0,0 ms]
   [Eden: 49,0M(49,0M)->0,0B(49,0M) Survivors: 2048,0K->2048,0K Heap: 241,2M(1024,0M)->192,3M(1024,0M)]
 [Times: user=0,01 sys=0,00, real=0,02 secs] 
2016-12-22T23:14:41.958+0100: 63988,246: [GC pause (G1 Evacuation Pause) (young), 0,0111833 secs]
   [Parallel Time: 10,9 ms, GC Workers: 1]
      [GC Worker Start (ms):  63988246,2]
      [Ext Root Scanning (ms):  0,6]
      [Update RS (ms):  1,8]
         [Processed Buffers:  23]
      [Scan RS (ms):  4,0]
      [Code Root Scanning (ms):  0,0]
      [Object Copy (ms):  4,4]
      [Termination (ms):  0,0]
         [Termination Attempts:  1]
      [GC Worker Other (ms):  0,0]
      [GC Worker Total (ms):  10,9]
      [GC Worker End (ms):  63988257,1]
   [Code Root Fixup: 0,0 ms]
   [Code Root Purge: 0,0 ms]
   [Clear CT: 0,0 ms]
   [Other: 0,2 ms]
      [Choose CSet: 0,0 ms]
      [Ref Proc: 0,0 ms]
      [Ref Enq: 0,0 ms]
      [Redirty Cards: 0,0 ms]
      [Humongous Register: 0,0 ms]
      [Humongous Reclaim: 0,0 ms]
      [Free CSet: 0,0 ms]
   [Eden: 49,0M(49,0M)->0,0B(49,0M) Survivors: 2048,0K->2048,0K Heap: 241,3M(1024,0M)->192,9M(1024,0M)]
 [Times: user=0,01 sys=0,00, real=0,01 secs] 
2016-12-22T23:14:42.965+0100: 63989,253: [GC pause (G1 Evacuation Pause) (young), 0,0116794 secs]
   [Parallel Time: 11,4 ms, GC Workers: 1]
      [GC Worker Start (ms):  63989253,4]
      [Ext Root Scanning (ms):  1,0]
      [Update RS (ms):  2,0]
         [Processed Buffers:  22]
      [Scan RS (ms):  3,4]
      [Code Root Scanning (ms):  0,0]
      [Object Copy (ms):  4,9]
      [Termination (ms):  0,0]
         [Termination Attempts:  1]
      [GC Worker Other (ms):  0,0]
      [GC Worker Total (ms):  11,4]
      [GC Worker End (ms):  63989264,8]
   [Code Root Fixup: 0,0 ms]
   [Code Root Purge: 0,0 ms]
   [Clear CT: 0,0 ms]
   [Other: 0,2 ms]
      [Choose CSet: 0,0 ms]
      [Ref Proc: 0,0 ms]
      [Ref Enq: 0,0 ms]
      [Redirty Cards: 0,0 ms]
      [Humongous Register: 0,0 ms]
      [Humongous Reclaim: 0,0 ms]
      [Free CSet: 0,0 ms]
   [Eden: 49,0M(49,0M)->0,0B(220,0M) Survivors: 2048,0K->2048,0K Heap: 241,9M(1024,0M)->192,4M(1024,0M)]
 [Times: user=0,01 sys=0,00, real=0,02 secs] 
2016-12-22T23:14:45.036+0100: 63991,325: [GC pause (G1 Evacuation Pause) (young), 0,0226140 secs]
   [Parallel Time: 15,9 ms, GC Workers: 1]
      [GC Worker Start (ms):  63991324,6]
      [Ext Root Scanning (ms):  0,7]
      [Update RS (ms):  2,1]
         [Processed Buffers:  25]
      [Scan RS (ms):  4,3]
      [Code Root Scanning (ms):  0,0]
      [Object Copy (ms):  8,7]
      [Termination (ms):  0,0]
         [Termination Attempts:  1]
      [GC Worker Other (ms):  0,0]
      [GC Worker Total (ms):  15,9]
      [GC Worker End (ms):  63991340,5]
   [Code Root Fixup: 0,0 ms]
   [Code Root Purge: 0,0 ms]
   [Clear CT: 0,0 ms]
   [Other: 6,6 ms]
      [Choose CSet: 0,0 ms]
      [Ref Proc: 0,0 ms]
      [Ref Enq: 0,0 ms]
      [Redirty Cards: 0,0 ms]
      [Humongous Register: 0,0 ms]
      [Humongous Reclaim: 0,0 ms]
      [Free CSet: 0,0 ms]
   [Eden: 101,0M(49,0M)->0,0B(49,0M) Survivors: 2048,0K->2048,0K Heap: 293,4M(1024,0M)->192,5M(1024,0M)]
 [Times: user=0,02 sys=0,00, real=0,02 secs] 
2016-12-22T23:14:46.066+0100: 63992,355: [GC pause (G1 Evacuation Pause) (young), 0,0105543 secs]
   [Parallel Time: 10,3 ms, GC Workers: 1]
      [GC Worker Start (ms):  63992354,6]
      [Ext Root Scanning (ms):  0,8]
      [Update RS (ms):  1,8]
         [Processed Buffers:  20]
      [Scan RS (ms):  3,6]
      [Code Root Scanning (ms):  0,0]
      [Object Copy (ms):  4,1]
      [Termination (ms):  0,0]
         [Termination Attempts:  1]
      [GC Worker Other (ms):  0,0]
      [GC Worker Total (ms):  10,3]
      [GC Worker End (ms):  63992364,9]
   [Code Root Fixup: 0,0 ms]
   [Code Root Purge: 0,0 ms]
   [Clear CT: 0,0 ms]
   [Other: 0,2 ms]
      [Choose CSet: 0,0 ms]
      [Ref Proc: 0,0 ms]
      [Ref Enq: 0,0 ms]
      [Redirty Cards: 0,0 ms]
      [Humongous Register: 0,0 ms]
      [Humongous Reclaim: 0,0 ms]
      [Free CSet: 0,0 ms]
   [Eden: 49,0M(49,0M)->0,0B(199,0M) Survivors: 2048,0K->2048,0K Heap: 241,5M(1024,0M)->193,0M(1024,0M)]
 [Times: user=0,01 sys=0,00, real=0,02 secs] 
2016-12-22T23:14:48.630+0100: 63994,919: [GC pause (G1 Evacuation Pause) (young), 0,0125681 secs]
   [Parallel Time: 12,3 ms, GC Workers: 1]
      [GC Worker Start (ms):  63994918,8]
      [Ext Root Scanning (ms):  0,7]
      [Update RS (ms):  2,4]
         [Processed Buffers:  27]
      [Scan RS (ms):  3,7]
      [Code Root Scanning (ms):  0,0]
      [Object Copy (ms):  5,4]
      [Termination (ms):  0,0]
         [Termination Attempts:  1]
      [GC Worker Other (ms):  0,0]
      [GC Worker Total (ms):  12,3]
      [GC Worker End (ms):  63994931,1]
   [Code Root Fixup: 0,0 ms]
   [Code Root Purge: 0,0 ms]
   [Clear CT: 0,0 ms]
   [Other: 0,2 ms]
      [Choose CSet: 0,0 ms]
      [Ref Proc: 0,0 ms]
      [Ref Enq: 0,0 ms]
      [Redirty Cards: 0,0 ms]
      [Humongous Register: 0,0 ms]
      [Humongous Reclaim: 0,0 ms]
      [Free CSet: 0,1 ms]
   [Eden: 128,0M(49,0M)->0,0B(389,0M) Survivors: 2048,0K->2048,0K Heap: 321,0M(1024,0M)->193,1M(1024,0M)]
 [Times: user=0,01 sys=0,00, real=0,01 secs] 
2016-12-22T23:14:50.719+0100: 63997,008: [GC pause (G1 Evacuation Pause) (young), 0,0140202 secs]
   [Parallel Time: 13,7 ms, GC Workers: 1]
      [GC Worker Start (ms):  63997007,7]
      [Ext Root Scanning (ms):  0,7]
      [Update RS (ms):  1,8]
         [Processed Buffers:  21]
      [Scan RS (ms):  3,9]
      [Code Root Scanning (ms):  0,0]
      [Object Copy (ms):  7,2]
      [Termination (ms):  0,0]
         [Termination Attempts:  1]
      [GC Worker Other (ms):  0,0]
      [GC Worker Total (ms):  13,7]
      [GC Worker End (ms):  63997021,4]
   [Code Root Fixup: 0,0 ms]
   [Code Root Purge: 0,0 ms]
   [Clear CT: 0,0 ms]
   [Other: 0,2 ms]
      [Choose CSet: 0,0 ms]
      [Ref Proc: 0,0 ms]
      [Ref Enq: 0,0 ms]
      [Redirty Cards: 0,0 ms]
      [Humongous Register: 0,0 ms]
      [Humongous Reclaim: 0,0 ms]
      [Free CSet: 0,0 ms]
   [Eden: 106,0M(49,0M)->0,0B(529,0M) Survivors: 2048,0K->2048,0K Heap: 299,1M(1024,0M)->192,7M(1024,0M)]
 [Times: user=0,01 sys=0,00, real=0,01 secs] 
2016-12-22T23:14:54.660+0100: 64000,949: [GC pause (G1 Evacuation Pause) (young), 0,0152196 secs]
   [Parallel Time: 14,5 ms, GC Workers: 1]
      [GC Worker Start (ms):  64000948,8]
      [Ext Root Scanning (ms):  0,7]
      [Update RS (ms):  2,1]
         [Processed Buffers:  24]
      [Scan RS (ms):  4,2]
      [Code Root Scanning (ms):  0,0]
      [Object Copy (ms):  7,5]
      [Termination (ms):  0,0]
         [Termination Attempts:  1]
      [GC Worker Other (ms):  0,0]
      [GC Worker Total (ms):  14,5]
      [GC Worker End (ms):  64000963,3]
   [Code Root Fixup: 0,0 ms]
   [Code Root Purge: 0,0 ms]
   [Clear CT: 0,1 ms]
   [Other: 0,6 ms]
      [Choose CSet: 0,0 ms]
      [Ref Proc: 0,0 ms]
      [Ref Enq: 0,0 ms]
      [Redirty Cards: 0,0 ms]
      [Humongous Register: 0,0 ms]
      [Humongous Reclaim: 0,0 ms]
      [Free CSet: 0,1 ms]
   [Eden: 196,0M(49,0M)->0,0B(463,0M) Survivors: 2048,0K->3072,0K Heap: 388,7M(1024,0M)->193,9M(1024,0M)]
 [Times: user=0,01 sys=0,00, real=0,02 secs] 
2016-12-22T23:14:58.237+0100: 64004,525: [GC pause (G1 Evacuation Pause) (young), 0,0217900 secs]
   [Parallel Time: 21,5 ms, GC Workers: 1]
      [GC Worker Start (ms):  64004525,4]
      [Ext Root Scanning (ms):  0,7]
      [Update RS (ms):  4,3]
         [Processed Buffers:  25]
      [Scan RS (ms):  4,0]
      [Code Root Scanning (ms):  0,0]
      [Object Copy (ms):  12,4]
      [Termination (ms):  0,0]
         [Termination Attempts:  1]
      [GC Worker Other (ms):  0,0]
      [GC Worker Total (ms):  21,5]
      [GC Worker End (ms):  64004546,9]
   [Code Root Fixup: 0,0 ms]
   [Code Root Purge: 0,0 ms]
   [Clear CT: 0,1 ms]
   [Other: 0,2 ms]
      [Choose CSet: 0,0 ms]
      [Ref Proc: 0,0 ms]
      [Ref Enq: 0,0 ms]
      [Redirty Cards: 0,0 ms]
      [Humongous Register: 0,0 ms]
      [Humongous Reclaim: 0,0 ms]
      [Free CSet: 0,1 ms]
   [Eden: 178,0M(48,0M)->0,0B(286,0M) Survivors: 3072,0K->3072,0K Heap: 371,9M(1024,0M)->194,0M(1024,0M)]
 [Times: user=0,02 sys=0,00, real=0,02 secs] 
2016-12-22T23:15:00.971+0100: 64007,260: [GC pause (G1 Evacuation Pause) (young), 0,0327561 secs]
   [Parallel Time: 28,1 ms, GC Workers: 1]
      [GC Worker Start (ms):  64007259,8]
      [Ext Root Scanning (ms):  3,1]
      [Update RS (ms):  3,6]
         [Processed Buffers:  25]
      [Scan RS (ms):  7,9]
      [Code Root Scanning (ms):  0,0]
      [Object Copy (ms):  13,5]
      [Termination (ms):  0,0]
         [Termination Attempts:  1]
      [GC Worker Other (ms):  0,0]
      [GC Worker Total (ms):  28,1]
      [GC Worker End (ms):  64007287,9]
   [Code Root Fixup: 0,0 ms]
   [Code Root Purge: 0,0 ms]
   [Clear CT: 0,1 ms]
   [Other: 4,5 ms]
      [Choose CSet: 0,0 ms]
      [Ref Proc: 0,0 ms]
      [Ref Enq: 0,0 ms]
      [Redirty Cards: 0,0 ms]
      [Humongous Register: 0,0 ms]
      [Humongous Reclaim: 0,0 ms]
      [Free CSet: 3,4 ms]
   [Eden: 132,0M(48,0M)->0,0B(48,0M) Survivors: 3072,0K->3072,0K Heap: 326,0M(1024,0M)->194,2M(1024,0M)]
 [Times: user=0,01 sys=0,00, real=0,03 secs] 
2016-12-22T23:15:02.226+0100: 64008,515: [GC pause (G1 Evacuation Pause) (young), 0,0118472 secs]
   [Parallel Time: 11,2 ms, GC Workers: 1]
      [GC Worker Start (ms):  64008515,0]
      [Ext Root Scanning (ms):  0,7]
      [Update RS (ms):  1,4]
         [Processed Buffers:  19]
      [Scan RS (ms):  4,0]
      [Code Root Scanning (ms):  0,0]
      [Object Copy (ms):  5,1]
      [Termination (ms):  0,0]
         [Termination Attempts:  1]
      [GC Worker Other (ms):  0,0]
      [GC Worker Total (ms):  11,2]
      [GC Worker End (ms):  64008526,3]
   [Code Root Fixup: 0,0 ms]
   [Code Root Purge: 0,0 ms]
   [Clear CT: 0,0 ms]
   [Other: 0,5 ms]
      [Choose CSet: 0,0 ms]
      [Ref Proc: 0,0 ms]
      [Ref Enq: 0,0 ms]
      [Redirty Cards: 0,0 ms]
      [Humongous Register: 0,0 ms]
      [Humongous Reclaim: 0,0 ms]
      [Free CSet: 0,0 ms]
   [Eden: 48,0M(48,0M)->0,0B(49,0M) Survivors: 3072,0K->2048,0K Heap: 242,2M(1024,0M)->193,8M(1024,0M)]
 [Times: user=0,01 sys=0,00, real=0,02 secs] 
2016-12-22T23:15:03.261+0100: 64009,550: [GC pause (G1 Evacuation Pause) (young), 0,0124832 secs]
   [Parallel Time: 11,9 ms, GC Workers: 1]
      [GC Worker Start (ms):  64009549,9]
      [Ext Root Scanning (ms):  0,7]
      [Update RS (ms):  1,6]
         [Processed Buffers:  18]
      [Scan RS (ms):  4,3]
      [Code Root Scanning (ms):  0,0]
      [Object Copy (ms):  5,2]
      [Termination (ms):  0,0]
         [Termination Attempts:  1]
      [GC Worker Other (ms):  0,0]
      [GC Worker Total (ms):  11,9]
      [GC Worker End (ms):  64009561,8]
   [Code Root Fixup: 0,0 ms]
   [Code Root Purge: 0,0 ms]
   [Clear CT: 0,0 ms]
   [Other: 0,6 ms]
      [Choose CSet: 0,0 ms]
      [Ref Proc: 0,0 ms]
      [Ref Enq: 0,0 ms]
      [Redirty Cards: 0,0 ms]
      [Humongous Register: 0,0 ms]
      [Humongous Reclaim: 0,0 ms]
      [Free CSet: 0,0 ms]
   [Eden: 49,0M(49,0M)->0,0B(120,0M) Survivors: 2048,0K->3072,0K Heap: 242,8M(1024,0M)->194,5M(1024,0M)]
 [Times: user=0,01 sys=0,00, real=0,01 secs] 
2016-12-22T23:15:05.728+0100: 64012,017: [GC pause (G1 Evacuation Pause) (young), 0,0140753 secs]
   [Parallel Time: 13,3 ms, GC Workers: 1]
      [GC Worker Start (ms):  64012016,9]
      [Ext Root Scanning (ms):  0,7]
      [Update RS (ms):  2,1]
         [Processed Buffers:  19]
      [Scan RS (ms):  4,4]
      [Code Root Scanning (ms):  0,0]
      [Object Copy (ms):  6,0]
      [Termination (ms):  0,0]
         [Termination Attempts:  1]
      [GC Worker Other (ms):  0,0]
      [GC Worker Total (ms):  13,3]
      [GC Worker End (ms):  64012030,2]
   [Code Root Fixup: 0,0 ms]
   [Code Root Purge: 0,0 ms]
   [Clear CT: 0,1 ms]
   [Other: 0,6 ms]
      [Choose CSet: 0,0 ms]
      [Ref Proc: 0,0 ms]
      [Ref Enq: 0,0 ms]
      [Redirty Cards: 0,0 ms]
      [Humongous Register: 0,0 ms]
      [Humongous Reclaim: 0,0 ms]
      [Free CSet: 0,0 ms]
   [Eden: 120,0M(120,0M)->0,0B(255,0M) Survivors: 3072,0K->2048,0K Heap: 314,5M(1024,0M)->194,1M(1024,0M)]
 [Times: user=0,01 sys=0,00, real=0,01 secs] 
2016-12-22T23:15:08.764+0100: 64015,053: [GC pause (G1 Evacuation Pause) (young), 0,0119476 secs]
   [Parallel Time: 11,0 ms, GC Workers: 1]
      [GC Worker Start (ms):  64015052,9]
      [Ext Root Scanning (ms):  0,7]
      [Update RS (ms):  1,6]
         [Processed Buffers:  25]
      [Scan RS (ms):  3,7]
      [Code Root Scanning (ms):  0,0]
      [Object Copy (ms):  4,9]
      [Termination (ms):  0,0]
         [Termination Attempts:  1]
      [GC Worker Other (ms):  0,0]
      [GC Worker Total (ms):  10,9]
      [GC Worker End (ms):  64015063,8]
   [Code Root Fixup: 0,0 ms]
   [Code Root Purge: 0,0 ms]
   [Clear CT: 0,1 ms]
   [Other: 0,9 ms]
      [Choose CSet: 0,0 ms]
      [Ref Proc: 0,0 ms]
      [Ref Enq: 0,0 ms]
      [Redirty Cards: 0,0 ms]
      [Humongous Register: 0,0 ms]
      [Humongous Reclaim: 0,0 ms]
      [Free CSet: 0,1 ms]
   [Eden: 140,0M(49,0M)->0,0B(399,0M) Survivors: 2048,0K->3072,0K Heap: 334,1M(1024,0M)->194,8M(1024,0M)]
 [Times: user=0,01 sys=0,00, real=0,02 secs] 
2016-12-22T23:15:13.255+0100: 64019,544: [GC pause (G1 Evacuation Pause) (young), 0,0124492 secs]
   [Parallel Time: 11,7 ms, GC Workers: 1]
      [GC Worker Start (ms):  64019543,9]
      [Ext Root Scanning (ms):  0,7]
      [Update RS (ms):  1,8]
         [Processed Buffers:  24]
      [Scan RS (ms):  3,8]
      [Code Root Scanning (ms):  0,0]
      [Object Copy (ms):  5,3]
      [Termination (ms):  0,0]
         [Termination Attempts:  1]
      [GC Worker Other (ms):  0,0]
      [GC Worker Total (ms):  11,7]
      [GC Worker End (ms):  64019555,6]
   [Code Root Fixup: 0,0 ms]
   [Code Root Purge: 0,0 ms]
   [Clear CT: 0,1 ms]
   [Other: 0,7 ms]
      [Choose CSet: 0,0 ms]
      [Ref Proc: 0,0 ms]
      [Ref Enq: 0,0 ms]
      [Redirty Cards: 0,0 ms]
      [Humongous Register: 0,0 ms]
      [Humongous Reclaim: 0,0 ms]
      [Free CSet: 0,1 ms]
   [Eden: 233,0M(48,0M)->0,0B(611,0M) Survivors: 3072,0K->3072,0K Heap: 427,8M(1024,0M)->194,9M(1024,0M)]
 [Times: user=0,01 sys=0,00, real=0,01 secs] 
2016-12-22T23:15:21.998+0100: 64028,286: [GC pause (G1 Evacuation Pause) (young), 0,0308562 secs]
   [Parallel Time: 25,7 ms, GC Workers: 1]
      [GC Worker Start (ms):  64028286,5]
      [Ext Root Scanning (ms):  0,8]
      [Update RS (ms):  3,5]
         [Processed Buffers:  32]
      [Scan RS (ms):  4,4]
      [Code Root Scanning (ms):  0,0]
      [Object Copy (ms):  17,0]
      [Termination (ms):  0,0]
         [Termination Attempts:  1]
      [GC Worker Other (ms):  0,0]
      [GC Worker Total (ms):  25,7]
      [GC Worker End (ms):  64028312,2]
   [Code Root Fixup: 0,0 ms]
   [Code Root Purge: 0,0 ms]
   [Clear CT: 0,1 ms]
   [Other: 5,0 ms]
      [Choose CSet: 0,0 ms]
      [Ref Proc: 0,0 ms]
      [Ref Enq: 0,0 ms]
      [Redirty Cards: 0,0 ms]
      [Humongous Register: 0,0 ms]
      [Humongous Reclaim: 0,0 ms]
      [Free CSet: 0,1 ms]
   [Eden: 365,0M(48,0M)->0,0B(48,0M) Survivors: 3072,0K->3072,0K Heap: 559,9M(1024,0M)->195,0M(1024,0M)]
 [Times: user=0,02 sys=0,00, real=0,03 secs] 
2016-12-22T23:15:23.135+0100: 64029,423: [GC pause (G1 Evacuation Pause) (young), 0,0119738 secs]
   [Parallel Time: 11,1 ms, GC Workers: 1]
      [GC Worker Start (ms):  64029423,5]
      [Ext Root Scanning (ms):  0,7]
      [Update RS (ms):  1,5]
         [Processed Buffers:  19]
      [Scan RS (ms):  3,5]
      [Code Root Scanning (ms):  0,0]
      [Object Copy (ms):  5,3]
      [Termination (ms):  0,0]
         [Termination Attempts:  1]
      [GC Worker Other (ms):  0,0]
      [GC Worker Total (ms):  11,0]
      [GC Worker End (ms):  64029434,5]
   [Code Root Fixup: 0,0 ms]
   [Code Root Purge: 0,0 ms]
   [Clear CT: 0,0 ms]
   [Other: 0,9 ms]
      [Choose CSet: 0,0 ms]
      [Ref Proc: 0,0 ms]
      [Ref Enq: 0,0 ms]
      [Redirty Cards: 0,0 ms]
      [Humongous Register: 0,0 ms]
      [Humongous Reclaim: 0,0 ms]
      [Free CSet: 0,0 ms]
   [Eden: 48,0M(48,0M)->0,0B(208,0M) Survivors: 3072,0K->2048,0K Heap: 243,0M(1024,0M)->194,6M(1024,0M)]
 [Times: user=0,01 sys=0,00, real=0,01 secs] 
2016-12-22T23:15:27.463+0100: 64033,752: [GC pause (G1 Evacuation Pause) (young), 0,0132972 secs]
   [Parallel Time: 12,7 ms, GC Workers: 1]
      [GC Worker Start (ms):  64033751,6]
      [Ext Root Scanning (ms):  0,9]
      [Update RS (ms):  2,4]
         [Processed Buffers:  24]
      [Scan RS (ms):  3,5]
      [Code Root Scanning (ms):  0,0]
      [Object Copy (ms):  5,9]
      [Termination (ms):  0,0]
         [Termination Attempts:  1]
      [GC Worker Other (ms):  0,0]
      [GC Worker Total (ms):  12,7]
      [GC Worker End (ms):  64033764,3]
   [Code Root Fixup: 0,0 ms]
   [Code Root Purge: 0,0 ms]
   [Clear CT: 0,1 ms]
   [Other: 0,5 ms]
      [Choose CSet: 0,0 ms]
      [Ref Proc: 0,0 ms]
      [Ref Enq: 0,0 ms]
      [Redirty Cards: 0,0 ms]
      [Humongous Register: 0,0 ms]
      [Humongous Reclaim: 0,0 ms]
      [Free CSet: 0,1 ms]
   [Eden: 208,0M(208,0M)->0,0B(160,0M) Survivors: 2048,0K->3072,0K Heap: 402,6M(1024,0M)->195,7M(1024,0M)]
 [Times: user=0,02 sys=0,00, real=0,02 secs] 
2016-12-22T23:15:30.804+0100: 64037,093: [GC pause (G1 Evacuation Pause) (young), 0,0166255 secs]
   [Parallel Time: 16,3 ms, GC Workers: 1]
      [GC Worker Start (ms):  64037093,0]
      [Ext Root Scanning (ms):  0,8]
      [Update RS (ms):  1,9]
         [Processed Buffers:  27]
      [Scan RS (ms):  3,4]
      [Code Root Scanning (ms):  0,0]
      [Object Copy (ms):  10,1]
      [Termination (ms):  0,0]
         [Termination Attempts:  1]
      [GC Worker Other (ms):  0,0]
      [GC Worker Total (ms):  16,3]
      [GC Worker End (ms):  64037109,3]
   [Code Root Fixup: 0,0 ms]
   [Code Root Purge: 0,0 ms]
   [Clear CT: 0,0 ms]
   [Other: 0,3 ms]
      [Choose CSet: 0,0 ms]
      [Ref Proc: 0,0 ms]
      [Ref Enq: 0,0 ms]
      [Redirty Cards: 0,0 ms]
      [Humongous Register: 0,0 ms]
      [Humongous Reclaim: 0,0 ms]
      [Free CSet: 0,1 ms]
   [Eden: 160,0M(160,0M)->0,0B(344,0M) Survivors: 3072,0K->2048,0K Heap: 355,7M(1024,0M)->194,9M(1024,0M)]
 [Times: user=0,01 sys=0,00, real=0,02 secs] 
2016-12-22T23:15:37.846+0100: 64044,134: [GC pause (G1 Evacuation Pause) (young), 0,0266018 secs]
   [Parallel Time: 25,7 ms, GC Workers: 1]
      [GC Worker Start (ms):  64044134,4]
      [Ext Root Scanning (ms):  0,9]
      [Update RS (ms):  5,6]
         [Processed Buffers:  30]
      [Scan RS (ms):  6,1]
      [Code Root Scanning (ms):  0,0]
      [Object Copy (ms):  13,1]
      [Termination (ms):  0,0]
         [Termination Attempts:  1]
      [GC Worker Other (ms):  0,0]
      [GC Worker Total (ms):  25,7]
      [GC Worker End (ms):  64044160,0]
   [Code Root Fixup: 0,0 ms]
   [Code Root Purge: 0,0 ms]
   [Clear CT: 0,1 ms]
   [Other: 0,8 ms]
      [Choose CSet: 0,0 ms]
      [Ref Proc: 0,0 ms]
      [Ref Enq: 0,0 ms]
      [Redirty Cards: 0,0 ms]
      [Humongous Register: 0,0 ms]
      [Humongous Reclaim: 0,0 ms]
      [Free CSet: 0,1 ms]
   [Eden: 344,0M(344,0M)->0,0B(48,0M) Survivors: 2048,0K->3072,0K Heap: 538,9M(1024,0M)->196,1M(1024,0M)]
 [Times: user=0,02 sys=0,00, real=0,03 secs] 
2016-12-22T23:15:39.171+0100: 64045,459: [GC pause (G1 Evacuation Pause) (young), 0,0149654 secs]
   [Parallel Time: 14,4 ms, GC Workers: 1]
      [GC Worker Start (ms):  64045459,5]
      [Ext Root Scanning (ms):  0,7]
      [Update RS (ms):  2,1]
         [Processed Buffers:  22]
      [Scan RS (ms):  3,5]
      [Code Root Scanning (ms):  0,0]
      [Object Copy (ms):  7,9]
      [Termination (ms):  0,0]
         [Termination Attempts:  1]
      [GC Worker Other (ms):  0,0]
      [GC Worker Total (ms):  14,4]
      [GC Worker End (ms):  64045473,9]
   [Code Root Fixup: 0,0 ms]
   [Code Root Purge: 0,0 ms]
   [Clear CT: 0,0 ms]
   [Other: 0,6 ms]
      [Choose CSet: 0,0 ms]
      [Ref Proc: 0,0 ms]
      [Ref Enq: 0,0 ms]
      [Redirty Cards: 0,0 ms]
      [Humongous Register: 0,0 ms]
      [Humongous Reclaim: 0,0 ms]
      [Free CSet: 0,0 ms]
   [Eden: 48,0M(48,0M)->0,0B(120,0M) Survivors: 3072,0K->3072,0K Heap: 244,1M(1024,0M)->195,8M(1024,0M)]
 [Times: user=0,01 sys=0,00, real=0,01 secs] 
2016-12-22T23:16:06.131+0100: 64072,420: [GC pause (G1 Evacuation Pause) (young), 0,0346381 secs]
   [Parallel Time: 33,4 ms, GC Workers: 1]
      [GC Worker Start (ms):  64072419,9]
      [Ext Root Scanning (ms):  0,7]
      [Update RS (ms):  1,7]
         [Processed Buffers:  33]
      [Scan RS (ms):  11,8]
      [Code Root Scanning (ms):  0,0]
      [Object Copy (ms):  14,5]
      [Termination (ms):  0,0]
         [Termination Attempts:  1]
      [GC Worker Other (ms):  0,0]
      [GC Worker Total (ms):  28,8]
      [GC Worker End (ms):  64072448,7]
   [Code Root Fixup: 0,0 ms]
   [Code Root Purge: 0,0 ms]
   [Clear CT: 0,1 ms]
   [Other: 1,2 ms]
      [Choose CSet: 0,0 ms]
      [Ref Proc: 0,0 ms]
      [Ref Enq: 0,0 ms]
      [Redirty Cards: 0,0 ms]
      [Humongous Register: 0,0 ms]
      [Humongous Reclaim: 0,0 ms]
      [Free CSet: 0,1 ms]
   [Eden: 86,0M(48,0M)->0,0B(48,0M) Survivors: 3072,0K->3072,0K Heap: 281,8M(1024,0M)->195,9M(1024,0M)]
 [Times: user=0,01 sys=0,00, real=0,03 secs] 
2016-12-22T23:16:06.954+0100: 64073,242: [GC pause (G1 Evacuation Pause) (young), 0,0214429 secs]
   [Parallel Time: 20,4 ms, GC Workers: 1]
      [GC Worker Start (ms):  64073242,3]
      [Ext Root Scanning (ms):  0,7]
      [Update RS (ms):  1,8]
         [Processed Buffers:  23]
      [Scan RS (ms):  7,6]
      [Code Root Scanning (ms):  0,0]
      [Object Copy (ms):  10,3]
      [Termination (ms):  0,0]
         [Termination Attempts:  1]
      [GC Worker Other (ms):  0,0]
      [GC Worker Total (ms):  20,4]
      [GC Worker End (ms):  64073262,8]
   [Code Root Fixup: 0,0 ms]
   [Code Root Purge: 0,0 ms]
   [Clear CT: 0,0 ms]
   [Other: 1,0 ms]
      [Choose CSet: 0,0 ms]
      [Ref Proc: 0,0 ms]
      [Ref Enq: 0,0 ms]
      [Redirty Cards: 0,0 ms]
      [Humongous Register: 0,0 ms]
      [Humongous Reclaim: 0,0 ms]
      [Free CSet: 0,0 ms]
   [Eden: 48,0M(48,0M)->0,0B(49,0M) Survivors: 3072,0K->2048,0K Heap: 243,9M(1024,0M)->195,7M(1024,0M)]
 [Times: user=0,01 sys=0,00, real=0,03 secs] 
2016-12-22T23:16:07.663+0100: 64073,951: [GC pause (G1 Evacuation Pause) (young), 0,0318065 secs]
   [Parallel Time: 31,5 ms, GC Workers: 1]
      [GC Worker Start (ms):  64073951,5]
      [Ext Root Scanning (ms):  0,9]
      [Update RS (ms):  2,3]
         [Processed Buffers:  22]
      [Scan RS (ms):  16,3]
      [Code Root Scanning (ms):  0,0]
      [Object Copy (ms):  12,1]
      [Termination (ms):  0,0]
         [Termination Attempts:  1]
      [GC Worker Other (ms):  0,0]
      [GC Worker Total (ms):  31,5]
      [GC Worker End (ms):  64073983,0]
   [Code Root Fixup: 0,0 ms]
   [Code Root Purge: 0,0 ms]
   [Clear CT: 0,0 ms]
   [Other: 0,2 ms]
      [Choose CSet: 0,0 ms]
      [Ref Proc: 0,0 ms]
      [Ref Enq: 0,0 ms]
      [Redirty Cards: 0,0 ms]
      [Humongous Register: 0,0 ms]
      [Humongous Reclaim: 0,0 ms]
      [Free CSet: 0,0 ms]
   [Eden: 49,0M(49,0M)->0,0B(49,0M) Survivors: 2048,0K->2048,0K Heap: 244,7M(1024,0M)->195,8M(1024,0M)]
 [Times: user=0,01 sys=0,00, real=0,03 secs] 
2016-12-22T23:16:08.425+0100: 64074,713: [GC pause (G1 Evacuation Pause) (young), 0,0243362 secs]
   [Parallel Time: 23,6 ms, GC Workers: 1]
      [GC Worker Start (ms):  64074713,4]
      [Ext Root Scanning (ms):  0,8]
      [Update RS (ms):  2,0]
         [Processed Buffers:  24]
      [Scan RS (ms):  8,8]
      [Code Root Scanning (ms):  0,0]
      [Object Copy (ms):  12,0]
      [Termination (ms):  0,0]
         [Termination Attempts:  1]
      [GC Worker Other (ms):  0,0]
      [GC Worker Total (ms):  23,6]
      [GC Worker End (ms):  64074737,0]
   [Code Root Fixup: 0,0 ms]
   [Code Root Purge: 0,0 ms]
   [Clear CT: 0,0 ms]
   [Other: 0,7 ms]
      [Choose CSet: 0,0 ms]
      [Ref Proc: 0,0 ms]
      [Ref Enq: 0,0 ms]
      [Redirty Cards: 0,1 ms]
      [Humongous Register: 0,0 ms]
      [Humongous Reclaim: 0,0 ms]
      [Free CSet: 0,0 ms]
   [Eden: 49,0M(49,0M)->0,0B(49,0M) Survivors: 2048,0K->2048,0K Heap: 244,8M(1024,0M)->196,0M(1024,0M)]
 [Times: user=0,01 sys=0,00, real=0,03 secs] 
2016-12-22T23:16:09.123+0100: 64075,412: [GC pause (G1 Evacuation Pause) (young), 0,0299751 secs]
   [Parallel Time: 29,3 ms, GC Workers: 1]
      [GC Worker Start (ms):  64075412,2]
      [Ext Root Scanning (ms):  0,7]
      [Update RS (ms):  2,0]
         [Processed Buffers:  24]
      [Scan RS (ms):  9,1]
      [Code Root Scanning (ms):  0,0]
      [Object Copy (ms):  5,8]
      [Termination (ms):  0,0]
         [Termination Attempts:  1]
      [GC Worker Other (ms):  0,0]
      [GC Worker Total (ms):  17,6]
      [GC Worker End (ms):  64075429,8]
   [Code Root Fixup: 0,0 ms]
   [Code Root Purge: 0,0 ms]
   [Clear CT: 0,0 ms]
   [Other: 0,7 ms]
      [Choose CSet: 0,0 ms]
      [Ref Proc: 0,0 ms]
      [Ref Enq: 0,0 ms]
      [Redirty Cards: 0,0 ms]
      [Humongous Register: 0,0 ms]
      [Humongous Reclaim: 0,0 ms]
      [Free CSet: 0,0 ms]
   [Eden: 49,0M(49,0M)->0,0B(49,0M) Survivors: 2048,0K->2048,0K Heap: 245,0M(1024,0M)->196,1M(1024,0M)]
 [Times: user=0,01 sys=0,00, real=0,03 secs] 
2016-12-22T23:16:09.839+0100: 64076,128: [GC pause (G1 Evacuation Pause) (young), 0,0301093 secs]
   [Parallel Time: 23,7 ms, GC Workers: 1]
      [GC Worker Start (ms):  64076127,9]
      [Ext Root Scanning (ms):  0,8]
      [Update RS (ms):  2,0]
         [Processed Buffers:  21]
      [Scan RS (ms):  8,8]
      [Code Root Scanning (ms):  0,0]
      [Object Copy (ms):  10,3]
      [Termination (ms):  0,0]
         [Termination Attempts:  1]
      [GC Worker Other (ms):  1,8]
      [GC Worker Total (ms):  23,7]
      [GC Worker End (ms):  64076151,6]
   [Code Root Fixup: 0,1 ms]
   [Code Root Purge: 0,0 ms]
   [Clear CT: 0,0 ms]
   [Other: 6,2 ms]
      [Choose CSet: 0,0 ms]
      [Ref Proc: 0,0 ms]
      [Ref Enq: 0,0 ms]
      [Redirty Cards: 0,0 ms]
      [Humongous Register: 0,0 ms]
      [Humongous Reclaim: 0,0 ms]
      [Free CSet: 0,0 ms]
   [Eden: 49,0M(49,0M)->0,0B(49,0M) Survivors: 2048,0K->2048,0K Heap: 245,1M(1024,0M)->196,2M(1024,0M)]
 [Times: user=0,01 sys=0,00, real=0,03 secs] 
2016-12-22T23:16:10.482+0100: 64076,771: [GC pause (G1 Evacuation Pause) (young), 0,0228084 secs]
   [Parallel Time: 21,6 ms, GC Workers: 1]
      [GC Worker Start (ms):  64076770,8]
      [Ext Root Scanning (ms):  0,8]
      [Update RS (ms):  1,5]
         [Processed Buffers:  21]
      [Scan RS (ms):  9,0]
      [Code Root Scanning (ms):  0,0]
      [Object Copy (ms):  10,2]
      [Termination (ms):  0,0]
         [Termination Attempts:  1]
      [GC Worker Other (ms):  0,0]
      [GC Worker Total (ms):  21,5]
      [GC Worker End (ms):  64076792,3]
   [Code Root Fixup: 0,0 ms]
   [Code Root Purge: 0,0 ms]
   [Clear CT: 0,0 ms]
   [Other: 1,2 ms]
      [Choose CSet: 0,0 ms]
      [Ref Proc: 0,0 ms]
      [Ref Enq: 0,0 ms]
      [Redirty Cards: 0,0 ms]
      [Humongous Register: 0,0 ms]
      [Humongous Reclaim: 0,0 ms]
      [Free CSet: 0,0 ms]
   [Eden: 49,0M(49,0M)->0,0B(49,0M) Survivors: 2048,0K->2048,0K Heap: 245,2M(1024,0M)->196,3M(1024,0M)]
 [Times: user=0,01 sys=0,00, real=0,02 secs] 
2016-12-22T23:16:11.041+0100: 64077,329: [GC pause (G1 Evacuation Pause) (young), 0,0240784 secs]
   [Parallel Time: 23,5 ms, GC Workers: 1]
      [GC Worker Start (ms):  64077329,5]
      [Ext Root Scanning (ms):  0,8]
      [Update RS (ms):  6,2]
         [Processed Buffers:  24]
      [Scan RS (ms):  7,2]
      [Code Root Scanning (ms):  0,0]
      [Object Copy (ms):  9,3]
      [Termination (ms):  0,0]
         [Termination Attempts:  1]
      [GC Worker Other (ms):  0,0]
      [GC Worker Total (ms):  23,5]
      [GC Worker End (ms):  64077353,0]
   [Code Root Fixup: 0,0 ms]
   [Code Root Purge: 0,0 ms]
   [Clear CT: 0,0 ms]
   [Other: 0,5 ms]
      [Choose CSet: 0,0 ms]
      [Ref Proc: 0,0 ms]
      [Ref Enq: 0,0 ms]
      [Redirty Cards: 0,0 ms]
      [Humongous Register: 0,0 ms]
      [Humongous Reclaim: 0,0 ms]
      [Free CSet: 0,0 ms]
   [Eden: 49,0M(49,0M)->0,0B(49,0M) Survivors: 2048,0K->2048,0K Heap: 245,3M(1024,0M)->196,4M(1024,0M)]
 [Times: user=0,01 sys=0,00, real=0,02 secs] 
2016-12-22T23:16:11.720+0100: 64078,009: [GC pause (G1 Evacuation Pause) (young), 0,0222952 secs]
   [Parallel Time: 21,6 ms, GC Workers: 1]
      [GC Worker Start (ms):  64078008,9]
      [Ext Root Scanning (ms):  1,0]
      [Update RS (ms):  1,6]
         [Processed Buffers:  22]
      [Scan RS (ms):  9,8]
      [Code Root Scanning (ms):  0,0]
      [Object Copy (ms):  9,3]
      [Termination (ms):  0,0]
         [Termination Attempts:  1]
      [GC Worker Other (ms):  0,0]
      [GC Worker Total (ms):  21,6]
      [GC Worker End (ms):  64078030,5]
   [Code Root Fixup: 0,0 ms]
   [Code Root Purge: 0,0 ms]
   [Clear CT: 0,0 ms]
   [Other: 0,6 ms]
      [Choose CSet: 0,0 ms]
      [Ref Proc: 0,0 ms]
      [Ref Enq: 0,0 ms]
      [Redirty Cards: 0,0 ms]
      [Humongous Register: 0,0 ms]
      [Humongous Reclaim: 0,0 ms]
      [Free CSet: 0,0 ms]
   [Eden: 49,0M(49,0M)->0,0B(49,0M) Survivors: 2048,0K->2048,0K Heap: 245,4M(1024,0M)->196,1M(1024,0M)]
 [Times: user=0,02 sys=0,00, real=0,02 secs] 
2016-12-22T23:16:12.377+0100: 64078,666: [GC pause (G1 Evacuation Pause) (young), 0,0468997 secs]
   [Parallel Time: 46,0 ms, GC Workers: 1]
      [GC Worker Start (ms):  64078665,6]
      [Ext Root Scanning (ms):  0,7]
      [Update RS (ms):  2,4]
         [Processed Buffers:  22]
      [Scan RS (ms):  10,9]
      [Code Root Scanning (ms):  0,0]
      [Object Copy (ms):  32,0]
      [Termination (ms):  0,0]
         [Termination Attempts:  1]
      [GC Worker Other (ms):  0,0]
      [GC Worker Total (ms):  46,0]
      [GC Worker End (ms):  64078711,6]
   [Code Root Fixup: 0,0 ms]
   [Code Root Purge: 0,0 ms]
   [Clear CT: 0,0 ms]
   [Other: 0,8 ms]
      [Choose CSet: 0,0 ms]
      [Ref Proc: 0,0 ms]
      [Ref Enq: 0,0 ms]
      [Redirty Cards: 0,0 ms]
      [Humongous Register: 0,0 ms]
      [Humongous Reclaim: 0,0 ms]
      [Free CSet: 0,0 ms]
   [Eden: 49,0M(49,0M)->0,0B(49,0M) Survivors: 2048,0K->2048,0K Heap: 245,1M(1024,0M)->196,4M(1024,0M)]
 [Times: user=0,02 sys=0,00, real=0,04 secs] 
2016-12-22T23:16:12.995+0100: 64079,284: [GC pause (G1 Evacuation Pause) (young), 0,0221771 secs]
   [Parallel Time: 19,6 ms, GC Workers: 1]
      [GC Worker Start (ms):  64079283,7]
      [Ext Root Scanning (ms):  0,8]
      [Update RS (ms):  1,4]
         [Processed Buffers:  19]
      [Scan RS (ms):  7,4]
      [Code Root Scanning (ms):  0,0]
      [Object Copy (ms):  9,8]
      [Termination (ms):  0,0]
         [Termination Attempts:  1]
      [GC Worker Other (ms):  0,0]
      [GC Worker Total (ms):  19,5]
      [GC Worker End (ms):  64079303,3]
   [Code Root Fixup: 0,0 ms]
   [Code Root Purge: 0,0 ms]
   [Clear CT: 0,0 ms]
   [Other: 2,5 ms]
      [Choose CSet: 0,0 ms]
      [Ref Proc: 0,0 ms]
      [Ref Enq: 0,0 ms]
      [Redirty Cards: 0,0 ms]
      [Humongous Register: 0,0 ms]
      [Humongous Reclaim: 0,0 ms]
      [Free CSet: 0,0 ms]
   [Eden: 49,0M(49,0M)->0,0B(49,0M) Survivors: 2048,0K->2048,0K Heap: 245,4M(1024,0M)->196,7M(1024,0M)]
 [Times: user=0,01 sys=0,00, real=0,02 secs] 
2016-12-22T23:16:13.793+0100: 64080,082: [GC pause (G1 Evacuation Pause) (young), 0,0241601 secs]
   [Parallel Time: 23,4 ms, GC Workers: 1]
      [GC Worker Start (ms):  64080081,8]
      [Ext Root Scanning (ms):  0,7]
      [Update RS (ms):  10,9]
         [Processed Buffers:  41]
      [Scan RS (ms):  1,1]
      [Code Root Scanning (ms):  0,0]
      [Object Copy (ms):  10,6]
      [Termination (ms):  0,0]
         [Termination Attempts:  1]
      [GC Worker Other (ms):  0,0]
      [GC Worker Total (ms):  23,4]
      [GC Worker End (ms):  64080105,2]
   [Code Root Fixup: 0,0 ms]
   [Code Root Purge: 0,0 ms]
   [Clear CT: 0,1 ms]
   [Other: 0,7 ms]
      [Choose CSet: 0,0 ms]
      [Ref Proc: 0,1 ms]
      [Ref Enq: 0,0 ms]
      [Redirty Cards: 0,0 ms]
      [Humongous Register: 0,0 ms]
      [Humongous Reclaim: 0,0 ms]
      [Free CSet: 0,0 ms]
   [Eden: 49,0M(49,0M)->0,0B(49,0M) Survivors: 2048,0K->2048,0K Heap: 245,7M(1024,0M)->196,9M(1024,0M)]
 [Times: user=0,01 sys=0,00, real=0,03 secs] 
2016-12-22T23:16:14.399+0100: 64080,687: [GC pause (G1 Evacuation Pause) (young), 0,0180706 secs]
   [Parallel Time: 17,8 ms, GC Workers: 1]
      [GC Worker Start (ms):  64080687,2]
      [Ext Root Scanning (ms):  0,7]
      [Update RS (ms):  1,3]
         [Processed Buffers:  23]
      [Scan RS (ms):  8,6]
      [Code Root Scanning (ms):  0,0]
      [Object Copy (ms):  7,1]
      [Termination (ms):  0,0]
         [Termination Attempts:  1]
      [GC Worker Other (ms):  0,0]
      [GC Worker Total (ms):  17,8]
      [GC Worker End (ms):  64080705,0]
   [Code Root Fixup: 0,0 ms]
   [Code Root Purge: 0,0 ms]
   [Clear CT: 0,0 ms]
   [Other: 0,2 ms]
      [Choose CSet: 0,0 ms]
      [Ref Proc: 0,0 ms]
      [Ref Enq: 0,0 ms]
      [Redirty Cards: 0,0 ms]
      [Humongous Register: 0,0 ms]
      [Humongous Reclaim: 0,0 ms]
      [Free CSet: 0,0 ms]
   [Eden: 49,0M(49,0M)->0,0B(49,0M) Survivors: 2048,0K->2048,0K Heap: 245,9M(1024,0M)->197,0M(1024,0M)]
 [Times: user=0,00 sys=0,00, real=0,02 secs] 
2016-12-22T23:16:15.054+0100: 64081,342: [GC pause (G1 Evacuation Pause) (young), 0,0176247 secs]
   [Parallel Time: 17,4 ms, GC Workers: 1]
      [GC Worker Start (ms):  64081342,3]
      [Ext Root Scanning (ms):  0,8]
      [Update RS (ms):  1,6]
         [Processed Buffers:  22]
      [Scan RS (ms):  8,0]
      [Code Root Scanning (ms):  0,0]
      [Object Copy (ms):  7,0]
      [Termination (ms):  0,0]
         [Termination Attempts:  1]
      [GC Worker Other (ms):  0,0]
      [GC Worker Total (ms):  17,4]
      [GC Worker End (ms):  64081359,6]
   [Code Root Fixup: 0,0 ms]
   [Code Root Purge: 0,0 ms]
   [Clear CT: 0,0 ms]
   [Other: 0,2 ms]
      [Choose CSet: 0,0 ms]
      [Ref Proc: 0,0 ms]
      [Ref Enq: 0,0 ms]
      [Redirty Cards: 0,0 ms]
      [Humongous Register: 0,0 ms]
      [Humongous Reclaim: 0,0 ms]
      [Free CSet: 0,0 ms]
   [Eden: 49,0M(49,0M)->0,0B(50,0M) Survivors: 2048,0K->1024,0K Heap: 246,0M(1024,0M)->196,7M(1024,0M)]
 [Times: user=0,01 sys=0,00, real=0,02 secs] 
2016-12-22T23:16:15.634+0100: 64081,923: [GC pause (G1 Evacuation Pause) (young), 0,0133737 secs]
   [Parallel Time: 11,3 ms, GC Workers: 1]
      [GC Worker Start (ms):  64081922,7]
      [Ext Root Scanning (ms):  0,7]
      [Update RS (ms):  1,8]
         [Processed Buffers:  23]
      [Scan RS (ms):  6,2]
      [Code Root Scanning (ms):  0,0]
      [Object Copy (ms):  2,6]
      [Termination (ms):  0,0]
         [Termination Attempts:  1]
      [GC Worker Other (ms):  0,0]
      [GC Worker Total (ms):  11,3]
      [GC Worker End (ms):  64081934,0]
   [Code Root Fixup: 0,0 ms]
   [Code Root Purge: 0,0 ms]
   [Clear CT: 0,1 ms]
   [Other: 2,0 ms]
      [Choose CSet: 0,0 ms]
      [Ref Proc: 0,0 ms]
      [Ref Enq: 0,0 ms]
      [Redirty Cards: 0,0 ms]
      [Humongous Register: 0,0 ms]
      [Humongous Reclaim: 0,0 ms]
      [Free CSet: 0,1 ms]
   [Eden: 50,0M(50,0M)->0,0B(50,0M) Survivors: 1024,0K->1024,0K Heap: 246,7M(1024,0M)->196,9M(1024,0M)]
 [Times: user=0,01 sys=0,01, real=0,02 secs] 
2016-12-22T23:16:16.307+0100: 64082,596: [GC pause (G1 Evacuation Pause) (young), 0,0153056 secs]
   [Parallel Time: 14,8 ms, GC Workers: 1]
      [GC Worker Start (ms):  64082595,9]
      [Ext Root Scanning (ms):  0,7]
      [Update RS (ms):  2,2]
         [Processed Buffers:  24]
      [Scan RS (ms):  5,2]
      [Code Root Scanning (ms):  0,0]
      [Object Copy (ms):  6,7]
      [Termination (ms):  0,0]
         [Termination Attempts:  1]
      [GC Worker Other (ms):  0,0]
      [GC Worker Total (ms):  14,7]
      [GC Worker End (ms):  64082610,6]
   [Code Root Fixup: 0,0 ms]
   [Code Root Purge: 0,0 ms]
   [Clear CT: 0,0 ms]
   [Other: 0,5 ms]
      [Choose CSet: 0,0 ms]
      [Ref Proc: 0,0 ms]
      [Ref Enq: 0,0 ms]
      [Redirty Cards: 0,0 ms]
      [Humongous Register: 0,0 ms]
      [Humongous Reclaim: 0,0 ms]
      [Free CSet: 0,0 ms]
   [Eden: 50,0M(50,0M)->0,0B(49,0M) Survivors: 1024,0K->2048,0K Heap: 246,9M(1024,0M)->197,6M(1024,0M)]
 [Times: user=0,01 sys=0,00, real=0,02 secs] 
2016-12-22T23:16:16.968+0100: 64083,256: [GC pause (G1 Evacuation Pause) (young), 0,0129871 secs]
   [Parallel Time: 12,0 ms, GC Workers: 1]
      [GC Worker Start (ms):  64083256,4]
      [Ext Root Scanning (ms):  0,7]
      [Update RS (ms):  2,0]
         [Processed Buffers:  20]
      [Scan RS (ms):  3,8]
      [Code Root Scanning (ms):  0,0]
      [Object Copy (ms):  5,5]
      [Termination (ms):  0,0]
         [Termination Attempts:  1]
      [GC Worker Other (ms):  0,0]
      [GC Worker Total (ms):  12,0]
      [GC Worker End (ms):  64083268,4]
   [Code Root Fixup: 0,0 ms]
   [Code Root Purge: 0,0 ms]
   [Clear CT: 0,1 ms]
   [Other: 0,8 ms]
      [Choose CSet: 0,0 ms]
      [Ref Proc: 0,0 ms]
      [Ref Enq: 0,0 ms]
      [Redirty Cards: 0,0 ms]
      [Humongous Register: 0,0 ms]
      [Humongous Reclaim: 0,0 ms]
      [Free CSet: 0,1 ms]
   [Eden: 49,0M(49,0M)->0,0B(117,0M) Survivors: 2048,0K->1024,0K Heap: 246,6M(1024,0M)->197,3M(1024,0M)]
 [Times: user=0,00 sys=0,00, real=0,01 secs] 
2016-12-22T23:16:18.428+0100: 64084,716: [GC pause (G1 Evacuation Pause) (young), 0,0116436 secs]
   [Parallel Time: 10,7 ms, GC Workers: 1]
      [GC Worker Start (ms):  64084716,4]
      [Ext Root Scanning (ms):  0,7]
      [Update RS (ms):  2,5]
         [Processed Buffers:  25]
      [Scan RS (ms):  4,2]
      [Code Root Scanning (ms):  0,0]
      [Object Copy (ms):  3,2]
      [Termination (ms):  0,0]
         [Termination Attempts:  1]
      [GC Worker Other (ms):  0,0]
      [GC Worker Total (ms):  10,6]
      [GC Worker End (ms):  64084727,0]
   [Code Root Fixup: 0,0 ms]
   [Code Root Purge: 0,0 ms]
   [Clear CT: 0,0 ms]
   [Other: 0,9 ms]
      [Choose CSet: 0,0 ms]
      [Ref Proc: 0,0 ms]
      [Ref Enq: 0,0 ms]
      [Redirty Cards: 0,0 ms]
      [Humongous Register: 0,0 ms]
      [Humongous Reclaim: 0,0 ms]
      [Free CSet: 0,0 ms]
   [Eden: 117,0M(117,0M)->0,0B(90,0M) Survivors: 1024,0K->2048,0K Heap: 314,3M(1024,0M)->197,9M(1024,0M)]
 [Times: user=0,01 sys=0,00, real=0,01 secs] 
2016-12-22T23:16:19.484+0100: 64085,772: [GC pause (G1 Evacuation Pause) (young), 0,0106258 secs]
   [Parallel Time: 9,2 ms, GC Workers: 1]
      [GC Worker Start (ms):  64085772,4]
      [Ext Root Scanning (ms):  0,7]
      [Update RS (ms):  2,0]
         [Processed Buffers:  21]
      [Scan RS (ms):  3,9]
      [Code Root Scanning (ms):  0,0]
      [Object Copy (ms):  2,6]
      [Termination (ms):  0,0]
         [Termination Attempts:  1]
      [GC Worker Other (ms):  0,0]
      [GC Worker Total (ms):  9,2]
      [GC Worker End (ms):  64085781,6]
   [Code Root Fixup: 0,0 ms]
   [Code Root Purge: 0,0 ms]
   [Clear CT: 0,0 ms]
   [Other: 1,4 ms]
      [Choose CSet: 0,0 ms]
      [Ref Proc: 0,0 ms]
      [Ref Enq: 0,0 ms]
      [Redirty Cards: 0,0 ms]
      [Humongous Register: 0,0 ms]
      [Humongous Reclaim: 0,0 ms]
      [Free CSet: 0,0 ms]
   [Eden: 90,0M(90,0M)->0,0B(613,0M) Survivors: 2048,0K->1024,0K Heap: 287,9M(1024,0M)->197,2M(1024,0M)]
 [Times: user=0,00 sys=0,00, real=0,01 secs] 
2016-12-22T23:16:27.353+0100: 64093,641: [GC pause (G1 Evacuation Pause) (young), 0,0152384 secs]
   [Parallel Time: 13,0 ms, GC Workers: 1]
      [GC Worker Start (ms):  64093641,4]
      [Ext Root Scanning (ms):  0,8]
      [Update RS (ms):  2,5]
         [Processed Buffers:  32]
      [Scan RS (ms):  5,4]
      [Code Root Scanning (ms):  0,0]
      [Object Copy (ms):  4,3]
      [Termination (ms):  0,0]
         [Termination Attempts:  1]
      [GC Worker Other (ms):  0,0]
      [GC Worker Total (ms):  13,0]
      [GC Worker End (ms):  64093654,4]
   [Code Root Fixup: 0,0 ms]
   [Code Root Purge: 0,0 ms]
   [Clear CT: 0,1 ms]
   [Other: 2,1 ms]
      [Choose CSet: 0,0 ms]
      [Ref Proc: 0,0 ms]
      [Ref Enq: 0,0 ms]
      [Redirty Cards: 0,0 ms]
      [Humongous Register: 0,0 ms]
      [Humongous Reclaim: 0,0 ms]
      [Free CSet: 0,2 ms]
   [Eden: 613,0M(613,0M)->0,0B(612,0M) Survivors: 1024,0K->2048,0K Heap: 810,2M(1024,0M)->198,0M(1024,0M)]
 [Times: user=0,01 sys=0,00, real=0,02 secs] 
2016-12-22T23:16:35.149+0100: 64101,437: [GC pause (G1 Evacuation Pause) (young), 0,0138346 secs]
   [Parallel Time: 13,3 ms, GC Workers: 1]
      [GC Worker Start (ms):  64101437,4]
      [Ext Root Scanning (ms):  0,8]
      [Update RS (ms):  2,2]
         [Processed Buffers:  34]
      [Scan RS (ms):  5,9]
      [Code Root Scanning (ms):  0,0]
      [Object Copy (ms):  4,4]
      [Termination (ms):  0,0]
         [Termination Attempts:  1]
      [GC Worker Other (ms):  0,0]
      [GC Worker Total (ms):  13,3]
      [GC Worker End (ms):  64101450,8]
   [Code Root Fixup: 0,0 ms]
   [Code Root Purge: 0,0 ms]
   [Clear CT: 0,2 ms]
   [Other: 0,3 ms]
      [Choose CSet: 0,0 ms]
      [Ref Proc: 0,0 ms]
      [Ref Enq: 0,0 ms]
      [Redirty Cards: 0,0 ms]
      [Humongous Register: 0,0 ms]
      [Humongous Reclaim: 0,0 ms]
      [Free CSet: 0,2 ms]
   [Eden: 612,0M(612,0M)->0,0B(612,0M) Survivors: 2048,0K->2048,0K Heap: 810,0M(1024,0M)->198,5M(1024,0M)]
 [Times: user=0,01 sys=0,00, real=0,01 secs] 
2016-12-22T23:17:28.812+0100: 64155,101: [GC pause (G1 Evacuation Pause) (young), 0,0240479 secs]
   [Parallel Time: 23,7 ms, GC Workers: 1]
      [GC Worker Start (ms):  64155101,0]
      [Ext Root Scanning (ms):  0,7]
      [Update RS (ms):  2,6]
         [Processed Buffers:  39]
      [Scan RS (ms):  2,1]
      [Code Root Scanning (ms):  0,0]
      [Object Copy (ms):  18,2]
      [Termination (ms):  0,0]
         [Termination Attempts:  1]
      [GC Worker Other (ms):  0,0]
      [GC Worker Total (ms):  23,6]
      [GC Worker End (ms):  64155124,6]
   [Code Root Fixup: 0,0 ms]
   [Code Root Purge: 0,0 ms]
   [Clear CT: 0,1 ms]
   [Other: 0,3 ms]
      [Choose CSet: 0,0 ms]
      [Ref Proc: 0,0 ms]
      [Ref Enq: 0,0 ms]
      [Redirty Cards: 0,0 ms]
      [Humongous Register: 0,0 ms]
      [Humongous Reclaim: 0,0 ms]
      [Free CSet: 0,1 ms]
   [Eden: 418,0M(49,0M)->0,0B(60,0M) Survivors: 2048,0K->3072,0K Heap: 616,5M(1024,0M)->199,1M(1024,0M)]
 [Times: user=0,01 sys=0,00, real=0,03 secs] 
2016-12-22T23:17:54.561+0100: 64180,850: [GC pause (G1 Evacuation Pause) (young), 0,0163622 secs]
   [Parallel Time: 13,5 ms, GC Workers: 1]
      [GC Worker Start (ms):  64180850,2]
      [Ext Root Scanning (ms):  0,7]
      [Update RS (ms):  2,1]
         [Processed Buffers:  33]
      [Scan RS (ms):  3,7]
      [Code Root Scanning (ms):  0,0]
      [Object Copy (ms):  7,0]
      [Termination (ms):  0,0]
         [Termination Attempts:  1]
      [GC Worker Other (ms):  0,0]
      [GC Worker Total (ms):  13,5]
      [GC Worker End (ms):  64180863,6]
   [Code Root Fixup: 0,0 ms]
   [Code Root Purge: 0,0 ms]
   [Clear CT: 0,0 ms]
   [Other: 2,8 ms]
      [Choose CSet: 0,0 ms]
      [Ref Proc: 0,0 ms]
      [Ref Enq: 0,0 ms]
      [Redirty Cards: 0,0 ms]
      [Humongous Register: 0,0 ms]
      [Humongous Reclaim: 0,0 ms]
      [Free CSet: 0,0 ms]
   [Eden: 48,0M(48,0M)->0,0B(80,0M) Survivors: 3072,0K->2048,0K Heap: 247,1M(1024,0M)->198,7M(1024,0M)]
 [Times: user=0,01 sys=0,00, real=0,02 secs] 
2016-12-22T23:17:55.317+0100: 64181,606: [GC pause (G1 Evacuation Pause) (young), 0,0159624 secs]
   [Parallel Time: 13,7 ms, GC Workers: 1]
      [GC Worker Start (ms):  64181606,1]
      [Ext Root Scanning (ms):  0,7]
      [Update RS (ms):  1,3]
         [Processed Buffers:  20]
      [Scan RS (ms):  2,5]
      [Code Root Scanning (ms):  0,0]
      [Object Copy (ms):  9,1]
      [Termination (ms):  0,0]
         [Termination Attempts:  1]
      [GC Worker Other (ms):  0,0]
      [GC Worker Total (ms):  13,6]
      [GC Worker End (ms):  64181619,7]
   [Code Root Fixup: 0,0 ms]
   [Code Root Purge: 0,0 ms]
   [Clear CT: 0,0 ms]
   [Other: 2,2 ms]
      [Choose CSet: 0,0 ms]
      [Ref Proc: 0,0 ms]
      [Ref Enq: 0,0 ms]
      [Redirty Cards: 0,0 ms]
      [Humongous Register: 0,0 ms]
      [Humongous Reclaim: 0,0 ms]
      [Free CSet: 0,0 ms]
   [Eden: 49,0M(49,0M)->0,0B(71,0M) Survivors: 2048,0K->2048,0K Heap: 247,7M(1024,0M)->198,2M(1024,0M)]
 [Times: user=0,01 sys=0,01, real=0,01 secs] 
2016-12-22T23:17:56.290+0100: 64182,579: [GC pause (G1 Evacuation Pause) (young), 0,0210624 secs]
   [Parallel Time: 20,6 ms, GC Workers: 1]
      [GC Worker Start (ms):  64182578,6]
      [Ext Root Scanning (ms):  0,8]
      [Update RS (ms):  1,6]
         [Processed Buffers:  24]
      [Scan RS (ms):  10,5]
      [Code Root Scanning (ms):  0,0]
      [Object Copy (ms):  7,8]
      [Termination (ms):  0,0]
         [Termination Attempts:  1]
      [GC Worker Other (ms):  0,0]
      [GC Worker Total (ms):  20,6]
      [GC Worker End (ms):  64182599,2]
   [Code Root Fixup: 0,0 ms]
   [Code Root Purge: 0,0 ms]
   [Clear CT: 0,1 ms]
   [Other: 0,3 ms]
      [Choose CSet: 0,0 ms]
      [Ref Proc: 0,0 ms]
      [Ref Enq: 0,0 ms]
      [Redirty Cards: 0,0 ms]
      [Humongous Register: 0,0 ms]
      [Humongous Reclaim: 0,0 ms]
      [Free CSet: 0,1 ms]
   [Eden: 71,0M(71,0M)->0,0B(49,0M) Survivors: 2048,0K->2048,0K Heap: 269,2M(1024,0M)->198,7M(1024,0M)]
 [Times: user=0,01 sys=0,00, real=0,02 secs] 
2016-12-22T23:17:56.947+0100: 64183,236: [GC pause (G1 Evacuation Pause) (young), 0,0147368 secs]
   [Parallel Time: 14,5 ms, GC Workers: 1]
      [GC Worker Start (ms):  64183235,9]
      [Ext Root Scanning (ms):  0,7]
      [Update RS (ms):  1,6]
         [Processed Buffers:  18]
      [Scan RS (ms):  6,3]
      [Code Root Scanning (ms):  0,0]
      [Object Copy (ms):  5,9]
      [Termination (ms):  0,0]
         [Termination Attempts:  1]
      [GC Worker Other (ms):  0,0]
      [GC Worker Total (ms):  14,5]
      [GC Worker End (ms):  64183250,4]
   [Code Root Fixup: 0,0 ms]
   [Code Root Purge: 0,0 ms]
   [Clear CT: 0,0 ms]
   [Other: 0,2 ms]
      [Choose CSet: 0,0 ms]
      [Ref Proc: 0,0 ms]
      [Ref Enq: 0,0 ms]
      [Redirty Cards: 0,0 ms]
      [Humongous Register: 0,0 ms]
      [Humongous Reclaim: 0,0 ms]
      [Free CSet: 0,0 ms]
   [Eden: 49,0M(49,0M)->0,0B(91,0M) Survivors: 2048,0K->2048,0K Heap: 247,7M(1024,0M)->198,3M(1024,0M)]
 [Times: user=0,01 sys=0,00, real=0,01 secs] 
2016-12-22T23:17:58.130+0100: 64184,418: [GC pause (G1 Evacuation Pause) (young), 0,0178312 secs]
   [Parallel Time: 15,1 ms, GC Workers: 1]
      [GC Worker Start (ms):  64184418,3]
      [Ext Root Scanning (ms):  0,8]
      [Update RS (ms):  2,0]
         [Processed Buffers:  18]
      [Scan RS (ms):  2,5]
      [Code Root Scanning (ms):  0,0]
      [Object Copy (ms):  9,8]
      [Termination (ms):  0,0]
         [Termination Attempts:  1]
      [GC Worker Other (ms):  0,0]
      [GC Worker Total (ms):  15,1]
      [GC Worker End (ms):  64184433,4]
   [Code Root Fixup: 0,1 ms]
   [Code Root Purge: 0,0 ms]
   [Clear CT: 0,1 ms]
   [Other: 2,6 ms]
      [Choose CSet: 0,0 ms]
      [Ref Proc: 0,0 ms]
      [Ref Enq: 0,0 ms]
      [Redirty Cards: 0,0 ms]
      [Humongous Register: 0,0 ms]
      [Humongous Reclaim: 0,0 ms]
      [Free CSet: 0,0 ms]
   [Eden: 91,0M(91,0M)->0,0B(80,0M) Survivors: 2048,0K->2048,0K Heap: 289,3M(1024,0M)->198,3M(1024,0M)]
 [Times: user=0,00 sys=0,00, real=0,02 secs] 
2016-12-22T23:17:59.576+0100: 64185,865: [GC pause (G1 Evacuation Pause) (young), 0,0157852 secs]
   [Parallel Time: 15,5 ms, GC Workers: 1]
      [GC Worker Start (ms):  64185864,8]
      [Ext Root Scanning (ms):  1,0]
      [Update RS (ms):  3,1]
         [Processed Buffers:  20]
      [Scan RS (ms):  2,2]
      [Code Root Scanning (ms):  0,0]
      [Object Copy (ms):  9,2]
      [Termination (ms):  0,0]
         [Termination Attempts:  1]
      [GC Worker Other (ms):  0,0]
      [GC Worker Total (ms):  15,5]
      [GC Worker End (ms):  64185880,3]
   [Code Root Fixup: 0,0 ms]
   [Code Root Purge: 0,0 ms]
   [Clear CT: 0,0 ms]
   [Other: 0,2 ms]
      [Choose CSet: 0,0 ms]
      [Ref Proc: 0,0 ms]
      [Ref Enq: 0,0 ms]
      [Redirty Cards: 0,0 ms]
      [Humongous Register: 0,0 ms]
      [Humongous Reclaim: 0,0 ms]
      [Free CSet: 0,0 ms]
   [Eden: 80,0M(80,0M)->0,0B(133,0M) Survivors: 2048,0K->2048,0K Heap: 278,3M(1024,0M)->198,4M(1024,0M)]
 [Times: user=0,01 sys=0,00, real=0,01 secs] 
2016-12-22T23:18:00.206+0100: 64186,494: [GC pause (G1 Evacuation Pause) (young), 0,0172319 secs]
   [Parallel Time: 15,4 ms, GC Workers: 1]
      [GC Worker Start (ms):  64186494,3]
      [Ext Root Scanning (ms):  0,7]
      [Update RS (ms):  1,4]
         [Processed Buffers:  16]
      [Scan RS (ms):  4,6]
      [Code Root Scanning (ms):  0,0]
      [Object Copy (ms):  8,7]
      [Termination (ms):  0,0]
         [Termination Attempts:  1]
      [GC Worker Other (ms):  0,0]
      [GC Worker Total (ms):  15,4]
      [GC Worker End (ms):  64186509,6]
   [Code Root Fixup: 0,0 ms]
   [Code Root Purge: 0,0 ms]
   [Clear CT: 0,0 ms]
   [Other: 1,8 ms]
      [Choose CSet: 0,0 ms]
      [Ref Proc: 0,0 ms]
      [Ref Enq: 0,0 ms]
      [Redirty Cards: 0,0 ms]
      [Humongous Register: 0,0 ms]
      [Humongous Reclaim: 0,0 ms]
      [Free CSet: 0,0 ms]
   [Eden: 49,0M(49,0M)->0,0B(167,0M) Survivors: 2048,0K->2048,0K Heap: 247,4M(1024,0M)->198,4M(1024,0M)]
 [Times: user=0,01 sys=0,00, real=0,02 secs] 
2016-12-22T23:18:01.802+0100: 64188,090: [GC pause (G1 Evacuation Pause) (young), 0,0224080 secs]
   [Parallel Time: 21,6 ms, GC Workers: 1]
      [GC Worker Start (ms):  64188090,5]
      [Ext Root Scanning (ms):  0,7]
      [Update RS (ms):  1,6]
         [Processed Buffers:  24]
      [Scan RS (ms):  2,5]
      [Code Root Scanning (ms):  0,0]
      [Object Copy (ms):  7,9]
      [Termination (ms):  0,0]
         [Termination Attempts:  1]
      [GC Worker Other (ms):  0,0]
      [GC Worker Total (ms):  12,7]
      [GC Worker End (ms):  64188103,2]
   [Code Root Fixup: 0,0 ms]
   [Code Root Purge: 0,0 ms]
   [Clear CT: 0,0 ms]
   [Other: 0,8 ms]
      [Choose CSet: 0,0 ms]
      [Ref Proc: 0,0 ms]
      [Ref Enq: 0,0 ms]
      [Redirty Cards: 0,0 ms]
      [Humongous Register: 0,0 ms]
      [Humongous Reclaim: 0,0 ms]
      [Free CSet: 0,1 ms]
   [Eden: 121,0M(49,0M)->0,0B(49,0M) Survivors: 2048,0K->2048,0K Heap: 319,4M(1024,0M)->198,9M(1024,0M)]
 [Times: user=0,01 sys=0,00, real=0,02 secs] 
2016-12-22T23:18:02.624+0100: 64188,913: [GC pause (G1 Evacuation Pause) (young), 0,0157402 secs]
   [Parallel Time: 15,5 ms, GC Workers: 1]
      [GC Worker Start (ms):  64188912,9]
      [Ext Root Scanning (ms):  0,7]
      [Update RS (ms):  2,3]
         [Processed Buffers:  18]
      [Scan RS (ms):  5,2]
      [Code Root Scanning (ms):  0,0]
      [Object Copy (ms):  7,3]
      [Termination (ms):  0,0]
         [Termination Attempts:  1]
      [GC Worker Other (ms):  0,0]
      [GC Worker Total (ms):  15,5]
      [GC Worker End (ms):  64188928,4]
   [Code Root Fixup: 0,0 ms]
   [Code Root Purge: 0,0 ms]
   [Clear CT: 0,0 ms]
   [Other: 0,2 ms]
      [Choose CSet: 0,0 ms]
      [Ref Proc: 0,0 ms]
      [Ref Enq: 0,0 ms]
      [Redirty Cards: 0,0 ms]
      [Humongous Register: 0,0 ms]
      [Humongous Reclaim: 0,0 ms]
      [Free CSet: 0,0 ms]
   [Eden: 49,0M(49,0M)->0,0B(79,0M) Survivors: 2048,0K->2048,0K Heap: 247,9M(1024,0M)->198,5M(1024,0M)]
 [Times: user=0,01 sys=0,00, real=0,02 secs] 
2016-12-22T23:18:03.635+0100: 64189,924: [GC pause (G1 Evacuation Pause) (young), 0,0174728 secs]
   [Parallel Time: 16,8 ms, GC Workers: 1]
      [GC Worker Start (ms):  64189923,6]
      [Ext Root Scanning (ms):  0,7]
      [Update RS (ms):  1,7]
         [Processed Buffers:  22]
      [Scan RS (ms):  6,2]
      [Code Root Scanning (ms):  0,0]
      [Object Copy (ms):  8,2]
      [Termination (ms):  0,0]
         [Termination Attempts:  1]
      [GC Worker Other (ms):  0,0]
      [GC Worker Total (ms):  16,8]
      [GC Worker End (ms):  64189940,4]
   [Code Root Fixup: 0,0 ms]
   [Code Root Purge: 0,0 ms]
   [Clear CT: 0,0 ms]
   [Other: 0,6 ms]
      [Choose CSet: 0,0 ms]
      [Ref Proc: 0,0 ms]
      [Ref Enq: 0,0 ms]
      [Redirty Cards: 0,0 ms]
      [Humongous Register: 0,0 ms]
      [Humongous Reclaim: 0,0 ms]
      [Free CSet: 0,0 ms]
   [Eden: 79,0M(79,0M)->0,0B(60,0M) Survivors: 2048,0K->2048,0K Heap: 277,5M(1024,0M)->199,0M(1024,0M)]
 [Times: user=0,01 sys=0,00, real=0,02 secs] 
2016-12-22T23:18:04.425+0100: 64190,714: [GC pause (G1 Evacuation Pause) (young), 0,0355634 secs]
   [Parallel Time: 35,2 ms, GC Workers: 1]
      [GC Worker Start (ms):  64190714,1]
      [Ext Root Scanning (ms):  1,0]
      [Update RS (ms):  3,1]
         [Processed Buffers:  21]
      [Scan RS (ms):  5,5]
      [Code Root Scanning (ms):  0,0]
      [Object Copy (ms):  25,6]
      [Termination (ms):  0,0]
         [Termination Attempts:  1]
      [GC Worker Other (ms):  0,0]
      [GC Worker Total (ms):  35,2]
      [GC Worker End (ms):  64190749,3]
   [Code Root Fixup: 0,1 ms]
   [Code Root Purge: 0,0 ms]
   [Clear CT: 0,0 ms]
   [Other: 0,2 ms]
      [Choose CSet: 0,0 ms]
      [Ref Proc: 0,0 ms]
      [Ref Enq: 0,0 ms]
      [Redirty Cards: 0,0 ms]
      [Humongous Register: 0,0 ms]
      [Humongous Reclaim: 0,0 ms]
      [Free CSet: 0,1 ms]
   [Eden: 60,0M(60,0M)->0,0B(49,0M) Survivors: 2048,0K->2048,0K Heap: 259,0M(1024,0M)->198,6M(1024,0M)]
 [Times: user=0,01 sys=0,00, real=0,04 secs] 
2016-12-22T23:18:05.280+0100: 64191,569: [GC pause (G1 Evacuation Pause) (young), 0,0257568 secs]
   [Parallel Time: 24,7 ms, GC Workers: 1]
      [GC Worker Start (ms):  64191569,1]
      [Ext Root Scanning (ms):  0,9]
      [Update RS (ms):  1,8]
         [Processed Buffers:  18]
      [Scan RS (ms):  2,8]
      [Code Root Scanning (ms):  0,0]
      [Object Copy (ms):  19,3]
      [Termination (ms):  0,0]
         [Termination Attempts:  1]
      [GC Worker Other (ms):  0,0]
      [GC Worker Total (ms):  24,7]
      [GC Worker End (ms):  64191593,8]
   [Code Root Fixup: 0,0 ms]
   [Code Root Purge: 0,0 ms]
   [Clear CT: 0,0 ms]
   [Other: 1,0 ms]
      [Choose CSet: 0,0 ms]
      [Ref Proc: 0,0 ms]
      [Ref Enq: 0,0 ms]
      [Redirty Cards: 0,0 ms]
      [Humongous Register: 0,0 ms]
      [Humongous Reclaim: 0,0 ms]
      [Free CSet: 0,0 ms]
   [Eden: 49,0M(49,0M)->0,0B(49,0M) Survivors: 2048,0K->2048,0K Heap: 247,6M(1024,0M)->198,6M(1024,0M)]
 [Times: user=0,01 sys=0,01, real=0,02 secs] 
2016-12-22T23:18:05.872+0100: 64192,161: [GC pause (G1 Evacuation Pause) (young), 0,0312449 secs]
   [Parallel Time: 28,3 ms, GC Workers: 1]
      [GC Worker Start (ms):  64192163,4]
      [Ext Root Scanning (ms):  1,3]
      [Update RS (ms):  2,6]
         [Processed Buffers:  23]
      [Scan RS (ms):  13,8]
      [Code Root Scanning (ms):  0,0]
      [Object Copy (ms):  10,5]
      [Termination (ms):  0,0]
         [Termination Attempts:  1]
      [GC Worker Other (ms):  0,0]
      [GC Worker Total (ms):  28,3]
      [GC Worker End (ms):  64192191,7]
   [Code Root Fixup: 0,0 ms]
   [Code Root Purge: 0,0 ms]
   [Clear CT: 0,0 ms]
   [Other: 2,9 ms]
      [Choose CSet: 0,0 ms]
      [Ref Proc: 0,0 ms]
      [Ref Enq: 0,0 ms]
      [Redirty Cards: 0,0 ms]
      [Humongous Register: 2,7 ms]
      [Humongous Reclaim: 0,0 ms]
      [Free CSet: 0,0 ms]
   [Eden: 49,0M(49,0M)->0,0B(49,0M) Survivors: 2048,0K->2048,0K Heap: 247,6M(1024,0M)->198,9M(1024,0M)]
 [Times: user=0,02 sys=0,01, real=0,03 secs] 
2016-12-22T23:18:06.576+0100: 64192,865: [GC pause (G1 Evacuation Pause) (young), 0,1527696 secs]
   [Parallel Time: 148,4 ms, GC Workers: 1]
      [GC Worker Start (ms):  64192864,6]
      [Ext Root Scanning (ms):  1,7]
      [Update RS (ms):  6,2]
         [Processed Buffers:  21]
      [Scan RS (ms):  4,8]
      [Code Root Scanning (ms):  0,0]
      [Object Copy (ms):  135,7]
      [Termination (ms):  0,0]
         [Termination Attempts:  1]
      [GC Worker Other (ms):  0,0]
      [GC Worker Total (ms):  148,4]
      [GC Worker End (ms):  64193013,0]
   [Code Root Fixup: 0,1 ms]
   [Code Root Purge: 0,0 ms]
   [Clear CT: 0,0 ms]
   [Other: 4,3 ms]
      [Choose CSet: 0,0 ms]
      [Ref Proc: 0,0 ms]
      [Ref Enq: 0,0 ms]
      [Redirty Cards: 0,0 ms]
      [Humongous Register: 0,0 ms]
      [Humongous Reclaim: 0,0 ms]
      [Free CSet: 0,0 ms]
   [Eden: 49,0M(49,0M)->0,0B(49,0M) Survivors: 2048,0K->2048,0K Heap: 247,9M(1024,0M)->199,8M(1024,0M)]
 [Times: user=0,01 sys=0,00, real=0,15 secs] 
2016-12-22T23:18:07.278+0100: 64193,566: [GC pause (G1 Evacuation Pause) (young), 0,0245684 secs]
   [Parallel Time: 24,3 ms, GC Workers: 1]
      [GC Worker Start (ms):  64193566,2]
      [Ext Root Scanning (ms):  1,1]
      [Update RS (ms):  9,5]
         [Processed Buffers:  21]
      [Scan RS (ms):  2,3]
      [Code Root Scanning (ms):  0,0]
      [Object Copy (ms):  11,3]
      [Termination (ms):  0,0]
         [Termination Attempts:  1]
      [GC Worker Other (ms):  0,0]
      [GC Worker Total (ms):  24,2]
      [GC Worker End (ms):  64193590,5]
   [Code Root Fixup: 0,0 ms]
   [Code Root Purge: 0,0 ms]
   [Clear CT: 0,0 ms]
   [Other: 0,2 ms]
      [Choose CSet: 0,0 ms]
      [Ref Proc: 0,0 ms]
      [Ref Enq: 0,0 ms]
      [Redirty Cards: 0,0 ms]
      [Humongous Register: 0,0 ms]
      [Humongous Reclaim: 0,0 ms]
      [Free CSet: 0,0 ms]
   [Eden: 49,0M(49,0M)->0,0B(50,0M) Survivors: 2048,0K->1024,0K Heap: 248,8M(1024,0M)->199,1M(1024,0M)]
 [Times: user=0,01 sys=0,01, real=0,02 secs] 
2016-12-22T23:18:07.894+0100: 64194,182: [GC pause (G1 Evacuation Pause) (young), 0,0165681 secs]
   [Parallel Time: 16,0 ms, GC Workers: 1]
      [GC Worker Start (ms):  64194182,3]
      [Ext Root Scanning (ms):  1,4]
      [Update RS (ms):  1,5]
         [Processed Buffers:  17]
      [Scan RS (ms):  7,0]
      [Code Root Scanning (ms):  0,0]
      [Object Copy (ms):  6,0]
      [Termination (ms):  0,0]
         [Termination Attempts:  1]
      [GC Worker Other (ms):  0,0]
      [GC Worker Total (ms):  16,0]
      [GC Worker End (ms):  64194198,3]
   [Code Root Fixup: 0,0 ms]
   [Code Root Purge: 0,0 ms]
   [Clear CT: 0,0 ms]
   [Other: 0,5 ms]
      [Choose CSet: 0,0 ms]
      [Ref Proc: 0,0 ms]
      [Ref Enq: 0,0 ms]
      [Redirty Cards: 0,0 ms]
      [Humongous Register: 0,0 ms]
      [Humongous Reclaim: 0,0 ms]
      [Free CSet: 0,1 ms]
   [Eden: 50,0M(50,0M)->0,0B(50,0M) Survivors: 1024,0K->1024,0K Heap: 249,1M(1024,0M)->199,5M(1024,0M)]
 [Times: user=0,00 sys=0,00, real=0,02 secs] 
2016-12-22T23:18:08.667+0100: 64194,955: [GC pause (G1 Evacuation Pause) (young), 0,0112505 secs]
   [Parallel Time: 10,0 ms, GC Workers: 1]
      [GC Worker Start (ms):  64194955,4]
      [Ext Root Scanning (ms):  0,8]
      [Update RS (ms):  1,5]
         [Processed Buffers:  17]
      [Scan RS (ms):  1,5]
      [Code Root Scanning (ms):  0,0]
      [Object Copy (ms):  6,3]
      [Termination (ms):  0,0]
         [Termination Attempts:  1]
      [GC Worker Other (ms):  0,0]
      [GC Worker Total (ms):  10,0]
      [GC Worker End (ms):  64194965,5]
   [Code Root Fixup: 0,0 ms]
   [Code Root Purge: 0,0 ms]
   [Clear CT: 0,0 ms]
   [Other: 1,1 ms]
      [Choose CSet: 0,0 ms]
      [Ref Proc: 0,0 ms]
      [Ref Enq: 0,0 ms]
      [Redirty Cards: 0,0 ms]
      [Humongous Register: 0,0 ms]
      [Humongous Reclaim: 0,0 ms]
      [Free CSet: 0,0 ms]
   [Eden: 50,0M(50,0M)->0,0B(50,0M) Survivors: 1024,0K->1024,0K Heap: 249,5M(1024,0M)->199,7M(1024,0M)]
 [Times: user=0,00 sys=0,00, real=0,02 secs] 
2016-12-22T23:18:09.328+0100: 64195,617: [GC pause (G1 Evacuation Pause) (young), 0,0121309 secs]
   [Parallel Time: 11,9 ms, GC Workers: 1]
      [GC Worker Start (ms):  64195617,2]
      [Ext Root Scanning (ms):  0,9]
      [Update RS (ms):  1,7]
         [Processed Buffers:  16]
      [Scan RS (ms):  1,3]
      [Code Root Scanning (ms):  0,0]
      [Object Copy (ms):  8,0]
      [Termination (ms):  0,0]
         [Termination Attempts:  1]
      [GC Worker Other (ms):  0,0]
      [GC Worker Total (ms):  11,9]
      [GC Worker End (ms):  64195629,1]
   [Code Root Fixup: 0,0 ms]
   [Code Root Purge: 0,0 ms]
   [Clear CT: 0,0 ms]
   [Other: 0,2 ms]
      [Choose CSet: 0,0 ms]
      [Ref Proc: 0,0 ms]
      [Ref Enq: 0,0 ms]
      [Redirty Cards: 0,0 ms]
      [Humongous Register: 0,0 ms]
      [Humongous Reclaim: 0,0 ms]
      [Free CSet: 0,0 ms]
   [Eden: 50,0M(50,0M)->0,0B(50,0M) Survivors: 1024,0K->1024,0K Heap: 249,7M(1024,0M)->199,8M(1024,0M)]
 [Times: user=0,00 sys=0,00, real=0,01 secs] 
2016-12-22T23:18:09.970+0100: 64196,259: [GC pause (G1 Evacuation Pause) (young), 0,0116404 secs]
   [Parallel Time: 11,3 ms, GC Workers: 1]
      [GC Worker Start (ms):  64196258,8]
      [Ext Root Scanning (ms):  1,0]
      [Update RS (ms):  2,5]
         [Processed Buffers:  17]
      [Scan RS (ms):  1,1]
      [Code Root Scanning (ms):  0,0]
      [Object Copy (ms):  6,7]
      [Termination (ms):  0,0]
         [Termination Attempts:  1]
      [GC Worker Other (ms):  0,0]
      [GC Worker Total (ms):  11,3]
      [GC Worker End (ms):  64196270,1]
   [Code Root Fixup: 0,1 ms]
   [Code Root Purge: 0,0 ms]
   [Clear CT: 0,0 ms]
   [Other: 0,2 ms]
      [Choose CSet: 0,0 ms]
      [Ref Proc: 0,0 ms]
      [Ref Enq: 0,0 ms]
      [Redirty Cards: 0,0 ms]
      [Humongous Register: 0,0 ms]
      [Humongous Reclaim: 0,0 ms]
      [Free CSet: 0,0 ms]
   [Eden: 50,0M(50,0M)->0,0B(50,0M) Survivors: 1024,0K->1024,0K Heap: 249,8M(1024,0M)->199,6M(1024,0M)]
 [Times: user=0,00 sys=0,01, real=0,01 secs] 
2016-12-22T23:18:10.563+0100: 64196,852: [GC pause (G1 Evacuation Pause) (young), 0,0103000 secs]
   [Parallel Time: 10,1 ms, GC Workers: 1]
      [GC Worker Start (ms):  64196851,9]
      [Ext Root Scanning (ms):  0,9]
      [Update RS (ms):  1,7]
         [Processed Buffers:  17]
      [Scan RS (ms):  4,5]
      [Code Root Scanning (ms):  0,0]
      [Object Copy (ms):  3,0]
      [Termination (ms):  0,0]
         [Termination Attempts:  1]
      [GC Worker Other (ms):  0,0]
      [GC Worker Total (ms):  10,0]
      [GC Worker End (ms):  64196862,0]
   [Code Root Fixup: 0,0 ms]
   [Code Root Purge: 0,0 ms]
   [Clear CT: 0,0 ms]
   [Other: 0,2 ms]
      [Choose CSet: 0,0 ms]
      [Ref Proc: 0,0 ms]
      [Ref Enq: 0,0 ms]
      [Redirty Cards: 0,0 ms]
      [Humongous Register: 0,0 ms]
      [Humongous Reclaim: 0,0 ms]
      [Free CSet: 0,0 ms]
   [Eden: 50,0M(50,0M)->0,0B(50,0M) Survivors: 1024,0K->1024,0K Heap: 249,6M(1024,0M)->199,9M(1024,0M)]
 [Times: user=0,01 sys=0,00, real=0,01 secs] 
2016-12-22T23:18:11.212+0100: 64197,501: [GC pause (G1 Evacuation Pause) (young), 0,0095567 secs]
   [Parallel Time: 8,9 ms, GC Workers: 1]
      [GC Worker Start (ms):  64197500,7]
      [Ext Root Scanning (ms):  0,8]
      [Update RS (ms):  1,9]
         [Processed Buffers:  20]
      [Scan RS (ms):  3,0]
      [Code Root Scanning (ms):  0,0]
      [Object Copy (ms):  3,2]
      [Termination (ms):  0,0]
         [Termination Attempts:  1]
      [GC Worker Other (ms):  0,0]
      [GC Worker Total (ms):  8,9]
      [GC Worker End (ms):  64197509,6]
   [Code Root Fixup: 0,0 ms]
   [Code Root Purge: 0,0 ms]
   [Clear CT: 0,0 ms]
   [Other: 0,6 ms]
      [Choose CSet: 0,0 ms]
      [Ref Proc: 0,0 ms]
      [Ref Enq: 0,0 ms]
      [Redirty Cards: 0,0 ms]
      [Humongous Register: 0,0 ms]
      [Humongous Reclaim: 0,0 ms]
      [Free CSet: 0,0 ms]
   [Eden: 50,0M(50,0M)->0,0B(320,0M) Survivors: 1024,0K->1024,0K Heap: 249,9M(1024,0M)->200,0M(1024,0M)]
 [Times: user=0,01 sys=0,00, real=0,01 secs] 
2016-12-22T23:18:15.307+0100: 64201,595: [GC pause (G1 Evacuation Pause) (young), 0,0186439 secs]
   [Parallel Time: 18,2 ms, GC Workers: 1]
      [GC Worker Start (ms):  64201595,4]
      [Ext Root Scanning (ms):  0,7]
      [Update RS (ms):  3,0]
         [Processed Buffers:  25]
      [Scan RS (ms):  7,4]
      [Code Root Scanning (ms):  0,0]
      [Object Copy (ms):  7,1]
      [Termination (ms):  0,0]
         [Termination Attempts:  1]
      [GC Worker Other (ms):  0,0]
      [GC Worker Total (ms):  18,2]
      [GC Worker End (ms):  64201613,6]
   [Code Root Fixup: 0,0 ms]
   [Code Root Purge: 0,0 ms]
   [Clear CT: 0,1 ms]
   [Other: 0,3 ms]
      [Choose CSet: 0,0 ms]
      [Ref Proc: 0,0 ms]
      [Ref Enq: 0,0 ms]
      [Redirty Cards: 0,0 ms]
      [Humongous Register: 0,0 ms]
      [Humongous Reclaim: 0,0 ms]
      [Free CSet: 0,1 ms]
   [Eden: 320,0M(320,0M)->0,0B(246,0M) Survivors: 1024,0K->1024,0K Heap: 520,0M(1024,0M)->199,9M(1024,0M)]
 [Times: user=0,00 sys=0,00, real=0,02 secs] 
2016-12-22T23:18:18.571+0100: 64204,860: [GC pause (G1 Evacuation Pause) (young), 0,0134954 secs]
   [Parallel Time: 13,2 ms, GC Workers: 1]
      [GC Worker Start (ms):  64204859,7]
      [Ext Root Scanning (ms):  0,7]
      [Update RS (ms):  2,2]
         [Processed Buffers:  27]
      [Scan RS (ms):  5,1]
      [Code Root Scanning (ms):  0,0]
      [Object Copy (ms):  5,2]
      [Termination (ms):  0,0]
         [Termination Attempts:  1]
      [GC Worker Other (ms):  0,0]
      [GC Worker Total (ms):  13,2]
      [GC Worker End (ms):  64204872,8]
   [Code Root Fixup: 0,0 ms]
   [Code Root Purge: 0,0 ms]
   [Clear CT: 0,1 ms]
   [Other: 0,2 ms]
      [Choose CSet: 0,0 ms]
      [Ref Proc: 0,0 ms]
      [Ref Enq: 0,0 ms]
      [Redirty Cards: 0,0 ms]
      [Humongous Register: 0,0 ms]
      [Humongous Reclaim: 0,0 ms]
      [Free CSet: 0,1 ms]
   [Eden: 246,0M(246,0M)->0,0B(49,0M) Survivors: 1024,0K->2048,0K Heap: 445,9M(1024,0M)->200,7M(1024,0M)]
 [Times: user=0,00 sys=0,00, real=0,01 secs] 
2016-12-22T23:18:19.132+0100: 64205,420: [GC pause (G1 Evacuation Pause) (young), 0,0100234 secs]
   [Parallel Time: 8,8 ms, GC Workers: 1]
      [GC Worker Start (ms):  64205420,4]
      [Ext Root Scanning (ms):  0,8]
      [Update RS (ms):  1,9]
         [Processed Buffers:  19]
      [Scan RS (ms):  3,1]
      [Code Root Scanning (ms):  0,0]
      [Object Copy (ms):  3,0]
      [Termination (ms):  0,0]
         [Termination Attempts:  1]
      [GC Worker Other (ms):  0,0]
      [GC Worker Total (ms):  8,8]
      [GC Worker End (ms):  64205429,2]
   [Code Root Fixup: 0,0 ms]
   [Code Root Purge: 0,0 ms]
   [Clear CT: 0,0 ms]
   [Other: 1,2 ms]
      [Choose CSet: 0,0 ms]
      [Ref Proc: 0,0 ms]
      [Ref Enq: 0,0 ms]
      [Redirty Cards: 0,0 ms]
      [Humongous Register: 0,0 ms]
      [Humongous Reclaim: 0,0 ms]
      [Free CSet: 0,0 ms]
   [Eden: 49,0M(49,0M)->0,0B(613,0M) Survivors: 2048,0K->1024,0K Heap: 249,7M(1024,0M)->200,0M(1024,0M)]
 [Times: user=0,00 sys=0,00, real=0,01 secs] 
2016-12-22T23:18:23.282+0100: 64209,571: [GC pause (G1 Evacuation Pause) (young), 0,0113837 secs]
   [Parallel Time: 11,0 ms, GC Workers: 1]
      [GC Worker Start (ms):  64209570,6]
      [Ext Root Scanning (ms):  0,6]
      [Update RS (ms):  2,2]
         [Processed Buffers:  25]
      [Scan RS (ms):  1,6]
      [Code Root Scanning (ms):  0,0]
      [Object Copy (ms):  6,5]
      [Termination (ms):  0,0]
         [Termination Attempts:  1]
      [GC Worker Other (ms):  0,0]
      [GC Worker Total (ms):  11,0]
      [GC Worker End (ms):  64209581,6]
   [Code Root Fixup: 0,0 ms]
   [Code Root Purge: 0,0 ms]
   [Clear CT: 0,1 ms]
   [Other: 0,3 ms]
      [Choose CSet: 0,0 ms]
      [Ref Proc: 0,0 ms]
      [Ref Enq: 0,0 ms]
      [Redirty Cards: 0,0 ms]
      [Humongous Register: 0,0 ms]
      [Humongous Reclaim: 0,0 ms]
      [Free CSet: 0,1 ms]
   [Eden: 324,0M(50,0M)->0,0B(612,0M) Survivors: 1024,0K->2048,0K Heap: 524,0M(1024,0M)->200,8M(1024,0M)]
 [Times: user=0,01 sys=0,00, real=0,01 secs] 
2016-12-22T23:18:23.995+0100: 64210,284: [GC pause (G1 Evacuation Pause) (young), 0,0141726 secs]
   [Parallel Time: 13,9 ms, GC Workers: 1]
      [GC Worker Start (ms):  64210283,8]
      [Ext Root Scanning (ms):  0,7]
      [Update RS (ms):  1,6]
         [Processed Buffers:  24]
      [Scan RS (ms):  3,1]
      [Code Root Scanning (ms):  0,0]
      [Object Copy (ms):  5,0]
      [Termination (ms):  0,0]
         [Termination Attempts:  1]
      [GC Worker Other (ms):  0,0]
      [GC Worker Total (ms):  10,4]
      [GC Worker End (ms):  64210294,2]
   [Code Root Fixup: 0,0 ms]
   [Code Root Purge: 0,0 ms]
   [Clear CT: 0,0 ms]
   [Other: 0,2 ms]
      [Choose CSet: 0,0 ms]
      [Ref Proc: 0,0 ms]
      [Ref Enq: 0,0 ms]
      [Redirty Cards: 0,0 ms]
      [Humongous Register: 0,0 ms]
      [Humongous Reclaim: 0,0 ms]
      [Free CSet: 0,0 ms]
   [Eden: 49,0M(49,0M)->0,0B(50,0M) Survivors: 2048,0K->2048,0K Heap: 249,8M(1024,0M)->201,1M(1024,0M)]
 [Times: user=0,01 sys=0,00, real=0,01 secs] 
2016-12-22T23:18:24.516+0100: 64210,805: [GC pause (G1 Evacuation Pause) (young), 0,0116336 secs]
   [Parallel Time: 11,4 ms, GC Workers: 1]
      [GC Worker Start (ms):  64210804,8]
      [Ext Root Scanning (ms):  0,8]
      [Update RS (ms):  1,7]
         [Processed Buffers:  17]
      [Scan RS (ms):  1,5]
      [Code Root Scanning (ms):  0,0]
      [Object Copy (ms):  5,1]
      [Termination (ms):  0,0]
         [Termination Attempts:  1]
      [GC Worker Other (ms):  0,0]
      [GC Worker Total (ms):  9,1]
      [GC Worker End (ms):  64210813,9]
   [Code Root Fixup: 0,0 ms]
   [Code Root Purge: 0,0 ms]
   [Clear CT: 0,0 ms]
   [Other: 0,2 ms]
      [Choose CSet: 0,0 ms]
      [Ref Proc: 0,0 ms]
      [Ref Enq: 0,0 ms]
      [Redirty Cards: 0,0 ms]
      [Humongous Register: 0,0 ms]
      [Humongous Reclaim: 0,0 ms]
      [Free CSet: 0,0 ms]
   [Eden: 50,0M(50,0M)->0,0B(53,0M) Survivors: 2048,0K->2048,0K Heap: 251,1M(1024,0M)->200,9M(1024,0M)]
 [Times: user=0,00 sys=0,00, real=0,01 secs] 
2016-12-22T23:18:25.240+0100: 64211,529: [GC pause (G1 Evacuation Pause) (young), 0,0120901 secs]
   [Parallel Time: 11,8 ms, GC Workers: 1]
      [GC Worker Start (ms):  64211528,6]
      [Ext Root Scanning (ms):  0,7]
      [Update RS (ms):  2,0]
         [Processed Buffers:  17]
      [Scan RS (ms):  3,6]
      [Code Root Scanning (ms):  0,0]
      [Object Copy (ms):  5,5]
      [Termination (ms):  0,0]
         [Termination Attempts:  1]
      [GC Worker Other (ms):  0,0]
      [GC Worker Total (ms):  11,8]
      [GC Worker End (ms):  64211540,4]
   [Code Root Fixup: 0,0 ms]
   [Code Root Purge: 0,0 ms]
   [Clear CT: 0,0 ms]
   [Other: 0,2 ms]
      [Choose CSet: 0,0 ms]
      [Ref Proc: 0,0 ms]
      [Ref Enq: 0,0 ms]
      [Redirty Cards: 0,0 ms]
      [Humongous Register: 0,0 ms]
      [Humongous Reclaim: 0,0 ms]
      [Free CSet: 0,0 ms]
   [Eden: 53,0M(53,0M)->0,0B(56,0M) Survivors: 2048,0K->2048,0K Heap: 253,9M(1024,0M)->200,9M(1024,0M)]
 [Times: user=0,00 sys=0,01, real=0,01 secs] 
2016-12-22T23:18:26.102+0100: 64212,390: [GC pause (G1 Evacuation Pause) (young), 0,0259762 secs]
   [Parallel Time: 25,2 ms, GC Workers: 1]
      [GC Worker Start (ms):  64212390,5]
      [Ext Root Scanning (ms):  0,7]
      [Update RS (ms):  2,6]
         [Processed Buffers:  25]
      [Scan RS (ms):  8,8]
      [Code Root Scanning (ms):  0,0]
      [Object Copy (ms):  7,8]
      [Termination (ms):  0,0]
         [Termination Attempts:  1]
      [GC Worker Other (ms):  0,0]
      [GC Worker Total (ms):  19,9]
      [GC Worker End (ms):  64212410,4]
   [Code Root Fixup: 0,0 ms]
   [Code Root Purge: 0,0 ms]
   [Clear CT: 0,0 ms]
   [Other: 0,7 ms]
      [Choose CSet: 0,0 ms]
      [Ref Proc: 0,0 ms]
      [Ref Enq: 0,0 ms]
      [Redirty Cards: 0,0 ms]
      [Humongous Register: 0,0 ms]
      [Humongous Reclaim: 0,0 ms]
      [Free CSet: 0,0 ms]
   [Eden: 56,0M(56,0M)->0,0B(48,0M) Survivors: 2048,0K->3072,0K Heap: 256,9M(1024,0M)->202,0M(1024,0M)]
 [Times: user=0,01 sys=0,01, real=0,03 secs] 
2016-12-22T23:18:26.618+0100: 64212,907: [GC pause (G1 Evacuation Pause) (young), 0,0187944 secs]
   [Parallel Time: 18,5 ms, GC Workers: 1]
      [GC Worker Start (ms):  64212906,6]
      [Ext Root Scanning (ms):  0,7]
      [Update RS (ms):  2,1]
         [Processed Buffers:  24]
      [Scan RS (ms):  6,4]
      [Code Root Scanning (ms):  0,0]
      [Object Copy (ms):  9,4]
      [Termination (ms):  0,0]
         [Termination Attempts:  1]
      [GC Worker Other (ms):  0,0]
      [GC Worker Total (ms):  18,5]
      [GC Worker End (ms):  64212925,1]
   [Code Root Fixup: 0,0 ms]
   [Code Root Purge: 0,0 ms]
   [Clear CT: 0,0 ms]
   [Other: 0,2 ms]
      [Choose CSet: 0,0 ms]
      [Ref Proc: 0,0 ms]
      [Ref Enq: 0,0 ms]
      [Redirty Cards: 0,0 ms]
      [Humongous Register: 0,0 ms]
      [Humongous Reclaim: 0,0 ms]
      [Free CSet: 0,0 ms]
   [Eden: 48,0M(48,0M)->0,0B(49,0M) Survivors: 3072,0K->2048,0K Heap: 250,0M(1024,0M)->201,5M(1024,0M)]
 [Times: user=0,01 sys=0,00, real=0,02 secs] 
2016-12-22T23:18:27.279+0100: 64213,567: [GC pause (G1 Evacuation Pause) (young), 0,0191984 secs]
   [Parallel Time: 16,5 ms, GC Workers: 1]
      [GC Worker Start (ms):  64213567,5]
      [Ext Root Scanning (ms):  0,7]
      [Update RS (ms):  1,9]
         [Processed Buffers:  23]
      [Scan RS (ms):  5,6]
      [Code Root Scanning (ms):  0,0]
      [Object Copy (ms):  7,4]
      [Termination (ms):  0,0]
         [Termination Attempts:  1]
      [GC Worker Other (ms):  0,0]
      [GC Worker Total (ms):  15,6]
      [GC Worker End (ms):  64213583,2]
   [Code Root Fixup: 0,0 ms]
   [Code Root Purge: 0,0 ms]
   [Clear CT: 0,0 ms]
   [Other: 2,6 ms]
      [Choose CSet: 0,0 ms]
      [Ref Proc: 0,1 ms]
      [Ref Enq: 0,0 ms]
      [Redirty Cards: 0,0 ms]
      [Humongous Register: 0,0 ms]
      [Humongous Reclaim: 0,1 ms]
      [Free CSet: 0,0 ms]
   [Eden: 49,0M(49,0M)->0,0B(49,0M) Survivors: 2048,0K->2048,0K Heap: 250,5M(1024,0M)->201,5M(1024,0M)]
 [Times: user=0,01 sys=0,00, real=0,02 secs] 
2016-12-22T23:18:27.775+0100: 64214,064: [GC pause (G1 Evacuation Pause) (young), 0,0205478 secs]
   [Parallel Time: 20,3 ms, GC Workers: 1]
      [GC Worker Start (ms):  64214063,9]
      [Ext Root Scanning (ms):  0,8]
      [Update RS (ms):  5,3]
         [Processed Buffers:  21]
      [Scan RS (ms):  5,1]
      [Code Root Scanning (ms):  0,0]
      [Object Copy (ms):  9,0]
      [Termination (ms):  0,0]
         [Termination Attempts:  1]
      [GC Worker Other (ms):  0,0]
      [GC Worker Total (ms):  20,2]
      [GC Worker End (ms):  64214084,1]
   [Code Root Fixup: 0,0 ms]
   [Code Root Purge: 0,0 ms]
   [Clear CT: 0,0 ms]
   [Other: 0,2 ms]
      [Choose CSet: 0,0 ms]
      [Ref Proc: 0,0 ms]
      [Ref Enq: 0,0 ms]
      [Redirty Cards: 0,0 ms]
      [Humongous Register: 0,0 ms]
      [Humongous Reclaim: 0,0 ms]
      [Free CSet: 0,0 ms]
   [Eden: 49,0M(49,0M)->0,0B(49,0M) Survivors: 2048,0K->2048,0K Heap: 250,5M(1024,0M)->201,6M(1024,0M)]
 [Times: user=0,02 sys=0,00, real=0,03 secs] 
2016-12-22T23:18:28.815+0100: 64215,104: [GC pause (G1 Evacuation Pause) (young), 0,0360331 secs]
   [Parallel Time: 35,3 ms, GC Workers: 1]
      [GC Worker Start (ms):  64215103,9]
      [Ext Root Scanning (ms):  0,7]
      [Update RS (ms):  1,7]
         [Processed Buffers:  25]
      [Scan RS (ms):  11,6]
      [Code Root Scanning (ms):  0,0]
      [Object Copy (ms):  12,9]
      [Termination (ms):  0,0]
         [Termination Attempts:  1]
      [GC Worker Other (ms):  0,0]
      [GC Worker Total (ms):  26,9]
      [GC Worker End (ms):  64215130,8]
   [Code Root Fixup: 0,0 ms]
   [Code Root Purge: 0,0 ms]
   [Clear CT: 0,0 ms]
   [Other: 0,7 ms]
      [Choose CSet: 0,0 ms]
      [Ref Proc: 0,0 ms]
      [Ref Enq: 0,0 ms]
      [Redirty Cards: 0,0 ms]
      [Humongous Register: 0,0 ms]
      [Humongous Reclaim: 0,0 ms]
      [Free CSet: 0,0 ms]
   [Eden: 49,0M(49,0M)->0,0B(49,0M) Survivors: 2048,0K->2048,0K Heap: 250,6M(1024,0M)->201,6M(1024,0M)]
 [Times: user=0,01 sys=0,00, real=0,03 secs] 
2016-12-22T23:18:30.230+0100: 64216,518: [GC pause (G1 Evacuation Pause) (young), 0,0362710 secs]
   [Parallel Time: 33,4 ms, GC Workers: 1]
      [GC Worker Start (ms):  64216518,2]
      [Ext Root Scanning (ms):  0,7]
      [Update RS (ms):  2,5]
         [Processed Buffers:  25]
      [Scan RS (ms):  11,9]
      [Code Root Scanning (ms):  0,0]
      [Object Copy (ms):  18,2]
      [Termination (ms):  0,0]
         [Termination Attempts:  1]
      [GC Worker Other (ms):  0,0]
      [GC Worker Total (ms):  33,4]
      [GC Worker End (ms):  64216551,6]
   [Code Root Fixup: 0,0 ms]
   [Code Root Purge: 0,0 ms]
   [Clear CT: 0,0 ms]
   [Other: 2,8 ms]
      [Choose CSet: 0,0 ms]
      [Ref Proc: 0,0 ms]
      [Ref Enq: 0,0 ms]
      [Redirty Cards: 0,0 ms]
      [Humongous Register: 0,0 ms]
      [Humongous Reclaim: 0,0 ms]
      [Free CSet: 0,0 ms]
   [Eden: 49,0M(49,0M)->0,0B(48,0M) Survivors: 2048,0K->3072,0K Heap: 250,6M(1024,0M)->202,2M(1024,0M)]
 [Times: user=0,01 sys=0,00, real=0,03 secs] 
2016-12-22T23:20:09.639+0100: 64315,927: [GC pause (G1 Evacuation Pause) (young), 0,0486150 secs]
   [Parallel Time: 48,3 ms, GC Workers: 1]
      [GC Worker Start (ms):  64315927,6]
      [Ext Root Scanning (ms):  0,7]
      [Update RS (ms):  3,3]
         [Processed Buffers:  38]
      [Scan RS (ms):  21,5]
      [Code Root Scanning (ms):  0,0]
      [Object Copy (ms):  22,7]
      [Termination (ms):  0,0]
         [Termination Attempts:  1]
      [GC Worker Other (ms):  0,0]
      [GC Worker Total (ms):  48,3]
      [GC Worker End (ms):  64315975,8]
   [Code Root Fixup: 0,0 ms]
   [Code Root Purge: 0,0 ms]
   [Clear CT: 0,0 ms]
   [Other: 0,3 ms]
      [Choose CSet: 0,0 ms]
      [Ref Proc: 0,1 ms]
      [Ref Enq: 0,0 ms]
      [Redirty Cards: 0,0 ms]
      [Humongous Register: 0,0 ms]
      [Humongous Reclaim: 0,0 ms]
      [Free CSet: 0,1 ms]
   [Eden: 48,0M(48,0M)->0,0B(47,0M) Survivors: 3072,0K->4096,0K Heap: 250,2M(1024,0M)->203,2M(1024,0M)]
 [Times: user=0,02 sys=0,00, real=0,05 secs] 
2016-12-22T23:20:10.518+0100: 64316,807: [GC pause (G1 Evacuation Pause) (young), 0,0274423 secs]
   [Parallel Time: 24,7 ms, GC Workers: 1]
      [GC Worker Start (ms):  64316807,0]
      [Ext Root Scanning (ms):  0,7]
      [Update RS (ms):  1,4]
         [Processed Buffers:  23]
      [Scan RS (ms):  11,4]
      [Code Root Scanning (ms):  0,0]
      [Object Copy (ms):  6,8]
      [Termination (ms):  0,0]
         [Termination Attempts:  1]
      [GC Worker Other (ms):  0,0]
      [GC Worker Total (ms):  20,4]
      [GC Worker End (ms):  64316827,4]
   [Code Root Fixup: 0,0 ms]
   [Code Root Purge: 0,0 ms]
   [Clear CT: 0,0 ms]
   [Other: 2,7 ms]
      [Choose CSet: 0,0 ms]
      [Ref Proc: 0,0 ms]
      [Ref Enq: 0,0 ms]
      [Redirty Cards: 0,0 ms]
      [Humongous Register: 0,0 ms]
      [Humongous Reclaim: 0,0 ms]
      [Free CSet: 0,0 ms]
   [Eden: 47,0M(47,0M)->0,0B(48,0M) Survivors: 4096,0K->3072,0K Heap: 250,2M(1024,0M)->202,7M(1024,0M)]
 [Times: user=0,02 sys=0,00, real=0,02 secs] 
2016-12-22T23:20:11.210+0100: 64317,499: [GC pause (G1 Evacuation Pause) (young), 0,0295128 secs]
   [Parallel Time: 29,2 ms, GC Workers: 1]
      [GC Worker Start (ms):  64317498,7]
      [Ext Root Scanning (ms):  0,7]
      [Update RS (ms):  2,0]
         [Processed Buffers:  27]
      [Scan RS (ms):  9,2]
      [Code Root Scanning (ms):  0,0]
      [Object Copy (ms):  17,3]
      [Termination (ms):  0,0]
         [Termination Attempts:  1]
      [GC Worker Other (ms):  0,0]
      [GC Worker Total (ms):  29,2]
      [GC Worker End (ms):  64317527,8]
   [Code Root Fixup: 0,0 ms]
   [Code Root Purge: 0,0 ms]
   [Clear CT: 0,0 ms]
   [Other: 0,3 ms]
      [Choose CSet: 0,0 ms]
      [Ref Proc: 0,0 ms]
      [Ref Enq: 0,0 ms]
      [Redirty Cards: 0,0 ms]
      [Humongous Register: 0,0 ms]
      [Humongous Reclaim: 0,0 ms]
      [Free CSet: 0,1 ms]
   [Eden: 48,0M(48,0M)->0,0B(47,0M) Survivors: 3072,0K->4096,0K Heap: 250,7M(1024,0M)->203,3M(1024,0M)]
 [Times: user=0,02 sys=0,00, real=0,03 secs] 
2016-12-22T23:20:11.878+0100: 64318,166: [GC pause (G1 Evacuation Pause) (young), 0,0270377 secs]
   [Parallel Time: 26,8 ms, GC Workers: 1]
      [GC Worker Start (ms):  64318166,5]
      [Ext Root Scanning (ms):  0,7]
      [Update RS (ms):  1,7]
         [Processed Buffers:  20]
      [Scan RS (ms):  9,6]
      [Code Root Scanning (ms):  0,0]
      [Object Copy (ms):  11,9]
      [Termination (ms):  0,0]
         [Termination Attempts:  1]
      [GC Worker Other (ms):  0,0]
      [GC Worker Total (ms):  23,8]
      [GC Worker End (ms):  64318190,3]
   [Code Root Fixup: 0,0 ms]
   [Code Root Purge: 0,0 ms]
   [Clear CT: 0,0 ms]
   [Other: 0,2 ms]
      [Choose CSet: 0,0 ms]
      [Ref Proc: 0,0 ms]
      [Ref Enq: 0,0 ms]
      [Redirty Cards: 0,0 ms]
      [Humongous Register: 0,0 ms]
      [Humongous Reclaim: 0,0 ms]
      [Free CSet: 0,0 ms]
   [Eden: 47,0M(47,0M)->0,0B(48,0M) Survivors: 4096,0K->3072,0K Heap: 250,3M(1024,0M)->202,9M(1024,0M)]
 [Times: user=0,01 sys=0,00, real=0,02 secs] 
2016-12-22T23:20:12.602+0100: 64318,891: [GC pause (G1 Evacuation Pause) (young), 0,0354371 secs]
   [Parallel Time: 34,7 ms, GC Workers: 1]
      [GC Worker Start (ms):  64318891,0]
      [Ext Root Scanning (ms):  0,7]
      [Update RS (ms):  1,7]
         [Processed Buffers:  21]
      [Scan RS (ms):  15,0]
      [Code Root Scanning (ms):  0,0]
      [Object Copy (ms):  14,3]
      [Termination (ms):  0,0]
         [Termination Attempts:  1]
      [GC Worker Other (ms):  0,0]
      [GC Worker Total (ms):  31,8]
      [GC Worker End (ms):  64318922,8]
   [Code Root Fixup: 0,0 ms]
   [Code Root Purge: 0,0 ms]
   [Clear CT: 0,0 ms]
   [Other: 0,7 ms]
      [Choose CSet: 0,0 ms]
      [Ref Proc: 0,0 ms]
      [Ref Enq: 0,0 ms]
      [Redirty Cards: 0,0 ms]
      [Humongous Register: 0,0 ms]
      [Humongous Reclaim: 0,0 ms]
      [Free CSet: 0,0 ms]
   [Eden: 48,0M(48,0M)->0,0B(48,0M) Survivors: 3072,0K->3072,0K Heap: 250,9M(1024,0M)->203,0M(1024,0M)]
 [Times: user=0,01 sys=0,00, real=0,04 secs] 
2016-12-22T23:20:13.348+0100: 64319,636: [GC pause (G1 Evacuation Pause) (young), 0,0258885 secs]
   [Parallel Time: 25,4 ms, GC Workers: 1]
      [GC Worker Start (ms):  64319636,4]
      [Ext Root Scanning (ms):  0,7]
      [Update RS (ms):  1,8]
         [Processed Buffers:  24]
      [Scan RS (ms):  10,1]
      [Code Root Scanning (ms):  0,0]
      [Object Copy (ms):  12,7]
      [Termination (ms):  0,0]
         [Termination Attempts:  1]
      [GC Worker Other (ms):  0,0]
      [GC Worker Total (ms):  25,3]
      [GC Worker End (ms):  64319661,7]
   [Code Root Fixup: 0,1 ms]
   [Code Root Purge: 0,0 ms]
   [Clear CT: 0,1 ms]
   [Other: 0,4 ms]
      [Choose CSet: 0,0 ms]
      [Ref Proc: 0,0 ms]
      [Ref Enq: 0,0 ms]
      [Redirty Cards: 0,1 ms]
      [Humongous Register: 0,0 ms]
      [Humongous Reclaim: 0,0 ms]
      [Free CSet: 0,1 ms]
   [Eden: 48,0M(48,0M)->0,0B(48,0M) Survivors: 3072,0K->3072,0K Heap: 251,0M(1024,0M)->203,1M(1024,0M)]
 [Times: user=0,01 sys=0,00, real=0,02 secs] 
2016-12-22T23:20:14.083+0100: 64320,371: [GC pause (G1 Evacuation Pause) (young), 0,0406964 secs]
   [Parallel Time: 38,4 ms, GC Workers: 1]
      [GC Worker Start (ms):  64320371,2]
      [Ext Root Scanning (ms):  0,7]
      [Update RS (ms):  2,3]
         [Processed Buffers:  28]
      [Scan RS (ms):  18,1]
      [Code Root Scanning (ms):  0,0]
      [Object Copy (ms):  17,2]
      [Termination (ms):  0,0]
         [Termination Attempts:  1]
      [GC Worker Other (ms):  0,0]
      [GC Worker Total (ms):  38,4]
      [GC Worker End (ms):  64320409,6]
   [Code Root Fixup: 0,0 ms]
   [Code Root Purge: 0,0 ms]
   [Clear CT: 0,0 ms]
   [Other: 2,2 ms]
      [Choose CSet: 0,0 ms]
      [Ref Proc: 0,0 ms]
      [Ref Enq: 0,0 ms]
      [Redirty Cards: 0,0 ms]
      [Humongous Register: 0,0 ms]
      [Humongous Reclaim: 0,0 ms]
      [Free CSet: 0,0 ms]
   [Eden: 48,0M(48,0M)->0,0B(48,0M) Survivors: 3072,0K->3072,0K Heap: 251,1M(1024,0M)->203,0M(1024,0M)]
 [Times: user=0,02 sys=0,00, real=0,04 secs] 
2016-12-22T23:20:14.771+0100: 64321,059: [GC pause (G1 Evacuation Pause) (young), 0,0247549 secs]
   [Parallel Time: 23,9 ms, GC Workers: 1]
      [GC Worker Start (ms):  64321059,5]
      [Ext Root Scanning (ms):  0,7]
      [Update RS (ms):  2,4]
         [Processed Buffers:  20]
      [Scan RS (ms):  10,5]
      [Code Root Scanning (ms):  0,0]
      [Object Copy (ms):  7,7]
      [Termination (ms):  0,0]
         [Termination Attempts:  1]
      [GC Worker Other (ms):  0,0]
      [GC Worker Total (ms):  21,3]
      [GC Worker End (ms):  64321080,8]
   [Code Root Fixup: 0,0 ms]
   [Code Root Purge: 0,0 ms]
   [Clear CT: 0,0 ms]
   [Other: 0,8 ms]
      [Choose CSet: 0,0 ms]
      [Ref Proc: 0,0 ms]
      [Ref Enq: 0,0 ms]
      [Redirty Cards: 0,0 ms]
      [Humongous Register: 0,0 ms]
      [Humongous Reclaim: 0,0 ms]
      [Free CSet: 0,0 ms]
   [Eden: 48,0M(48,0M)->0,0B(48,0M) Survivors: 3072,0K->3072,0K Heap: 251,0M(1024,0M)->203,3M(1024,0M)]
 [Times: user=0,02 sys=0,00, real=0,03 secs] 
2016-12-22T23:20:15.410+0100: 64321,698: [GC pause (G1 Evacuation Pause) (young), 0,0253423 secs]
   [Parallel Time: 22,1 ms, GC Workers: 1]
      [GC Worker Start (ms):  64321698,5]
      [Ext Root Scanning (ms):  0,7]
      [Update RS (ms):  1,7]
         [Processed Buffers:  23]
      [Scan RS (ms):  8,8]
      [Code Root Scanning (ms):  0,0]
      [Object Copy (ms):  10,9]
      [Termination (ms):  0,0]
         [Termination Attempts:  1]
      [GC Worker Other (ms):  0,0]
      [GC Worker Total (ms):  22,1]
      [GC Worker End (ms):  64321720,6]
   [Code Root Fixup: 0,0 ms]
   [Code Root Purge: 0,0 ms]
   [Clear CT: 0,0 ms]
   [Other: 3,2 ms]
      [Choose CSet: 0,0 ms]
      [Ref Proc: 0,0 ms]
      [Ref Enq: 0,0 ms]
      [Redirty Cards: 0,0 ms]
      [Humongous Register: 0,0 ms]
      [Humongous Reclaim: 0,0 ms]
      [Free CSet: 0,0 ms]
   [Eden: 48,0M(48,0M)->0,0B(48,0M) Survivors: 3072,0K->3072,0K Heap: 251,3M(1024,0M)->203,4M(1024,0M)]
 [Times: user=0,01 sys=0,00, real=0,03 secs] 
2016-12-22T23:20:16.247+0100: 64322,536: [GC pause (G1 Evacuation Pause) (young), 0,0238950 secs]
   [Parallel Time: 23,4 ms, GC Workers: 1]
      [GC Worker Start (ms):  64322536,0]
      [Ext Root Scanning (ms):  0,7]
      [Update RS (ms):  2,1]
         [Processed Buffers:  29]
      [Scan RS (ms):  9,6]
      [Code Root Scanning (ms):  0,0]
      [Object Copy (ms):  10,9]
      [Termination (ms):  0,0]
         [Termination Attempts:  1]
      [GC Worker Other (ms):  0,0]
      [GC Worker Total (ms):  23,4]
      [GC Worker End (ms):  64322559,4]
   [Code Root Fixup: 0,0 ms]
   [Code Root Purge: 0,0 ms]
   [Clear CT: 0,0 ms]
   [Other: 0,4 ms]
      [Choose CSet: 0,0 ms]
      [Ref Proc: 0,0 ms]
      [Ref Enq: 0,0 ms]
      [Redirty Cards: 0,0 ms]
      [Humongous Register: 0,0 ms]
      [Humongous Reclaim: 0,0 ms]
      [Free CSet: 0,1 ms]
   [Eden: 48,0M(48,0M)->0,0B(48,0M) Survivors: 3072,0K->3072,0K Heap: 251,4M(1024,0M)->204,0M(1024,0M)]
 [Times: user=0,01 sys=0,00, real=0,02 secs] 
2016-12-22T23:20:17.129+0100: 64323,417: [GC pause (G1 Evacuation Pause) (young), 0,0185376 secs]
   [Parallel Time: 17,0 ms, GC Workers: 1]
      [GC Worker Start (ms):  64323417,2]
      [Ext Root Scanning (ms):  0,7]
      [Update RS (ms):  1,7]
         [Processed Buffers:  23]
      [Scan RS (ms):  8,3]
      [Code Root Scanning (ms):  0,0]
      [Object Copy (ms):  6,3]
      [Termination (ms):  0,0]
         [Termination Attempts:  1]
      [GC Worker Other (ms):  0,0]
      [GC Worker Total (ms):  17,0]
      [GC Worker End (ms):  64323434,2]
   [Code Root Fixup: 0,0 ms]
   [Code Root Purge: 0,0 ms]
   [Clear CT: 0,0 ms]
   [Other: 1,5 ms]
      [Choose CSet: 0,0 ms]
      [Ref Proc: 0,0 ms]
      [Ref Enq: 0,0 ms]
      [Redirty Cards: 0,0 ms]
      [Humongous Register: 0,0 ms]
      [Humongous Reclaim: 0,0 ms]
      [Free CSet: 0,0 ms]
   [Eden: 48,0M(48,0M)->0,0B(49,0M) Survivors: 3072,0K->2048,0K Heap: 252,0M(1024,0M)->203,9M(1024,0M)]
 [Times: user=0,00 sys=0,00, real=0,02 secs] 
2016-12-22T23:20:17.672+0100: 64323,960: [GC pause (G1 Evacuation Pause) (young), 0,0223387 secs]
   [Parallel Time: 19,9 ms, GC Workers: 1]
      [GC Worker Start (ms):  64323960,5]
      [Ext Root Scanning (ms):  0,7]
      [Update RS (ms):  5,9]
         [Processed Buffers:  19]
      [Scan RS (ms):  6,5]
      [Code Root Scanning (ms):  0,0]
      [Object Copy (ms):  6,8]
      [Termination (ms):  0,0]
         [Termination Attempts:  1]
      [GC Worker Other (ms):  0,0]
      [GC Worker Total (ms):  19,8]
      [GC Worker End (ms):  64323980,3]
   [Code Root Fixup: 0,0 ms]
   [Code Root Purge: 0,0 ms]
   [Clear CT: 0,0 ms]
   [Other: 2,4 ms]
      [Choose CSet: 0,0 ms]
      [Ref Proc: 0,0 ms]
      [Ref Enq: 0,0 ms]
      [Redirty Cards: 0,0 ms]
      [Humongous Register: 0,0 ms]
      [Humongous Reclaim: 0,0 ms]
      [Free CSet: 0,0 ms]
   [Eden: 49,0M(49,0M)->0,0B(49,0M) Survivors: 2048,0K->2048,0K Heap: 252,9M(1024,0M)->204,0M(1024,0M)]
 [Times: user=0,01 sys=0,00, real=0,02 secs] 
2016-12-22T23:20:18.301+0100: 64324,590: [GC pause (G1 Evacuation Pause) (young), 0,0186427 secs]
   [Parallel Time: 17,8 ms, GC Workers: 1]
      [GC Worker Start (ms):  64324589,8]
      [Ext Root Scanning (ms):  0,7]
      [Update RS (ms):  1,7]
         [Processed Buffers:  26]
      [Scan RS (ms):  2,7]
      [Code Root Scanning (ms):  0,0]
      [Object Copy (ms):  7,7]
      [Termination (ms):  0,0]
         [Termination Attempts:  1]
      [GC Worker Other (ms):  0,0]
      [GC Worker Total (ms):  12,8]
      [GC Worker End (ms):  64324602,6]
   [Code Root Fixup: 0,0 ms]
   [Code Root Purge: 0,0 ms]
   [Clear CT: 0,0 ms]
   [Other: 0,8 ms]
      [Choose CSet: 0,0 ms]
      [Ref Proc: 0,0 ms]
      [Ref Enq: 0,0 ms]
      [Redirty Cards: 0,0 ms]
      [Humongous Register: 0,0 ms]
      [Humongous Reclaim: 0,0 ms]
      [Free CSet: 0,0 ms]
   [Eden: 49,0M(49,0M)->0,0B(48,0M) Survivors: 2048,0K->3072,0K Heap: 253,0M(1024,0M)->204,5M(1024,0M)]
 [Times: user=0,01 sys=0,00, real=0,02 secs] 
2016-12-22T23:20:18.983+0100: 64325,272: [GC pause (G1 Evacuation Pause) (young), 0,0173342 secs]
   [Parallel Time: 17,0 ms, GC Workers: 1]
      [GC Worker Start (ms):  64325271,8]
      [Ext Root Scanning (ms):  0,7]
      [Update RS (ms):  2,3]
         [Processed Buffers:  23]
      [Scan RS (ms):  6,6]
      [Code Root Scanning (ms):  0,0]
      [Object Copy (ms):  7,5]
      [Termination (ms):  0,0]
         [Termination Attempts:  1]
      [GC Worker Other (ms):  0,0]
      [GC Worker Total (ms):  17,0]
      [GC Worker End (ms):  64325288,9]
   [Code Root Fixup: 0,0 ms]
   [Code Root Purge: 0,0 ms]
   [Clear CT: 0,0 ms]
   [Other: 0,2 ms]
      [Choose CSet: 0,0 ms]
      [Ref Proc: 0,0 ms]
      [Ref Enq: 0,0 ms]
      [Redirty Cards: 0,0 ms]
      [Humongous Register: 0,0 ms]
      [Humongous Reclaim: 0,0 ms]
      [Free CSet: 0,0 ms]
   [Eden: 48,0M(48,0M)->0,0B(49,0M) Survivors: 3072,0K->2048,0K Heap: 252,5M(1024,0M)->204,0M(1024,0M)]
 [Times: user=0,01 sys=0,00, real=0,02 secs] 
2016-12-22T23:20:19.475+0100: 64325,764: [GC pause (G1 Evacuation Pause) (young), 0,0208992 secs]
   [Parallel Time: 20,6 ms, GC Workers: 1]
      [GC Worker Start (ms):  64325764,1]
      [Ext Root Scanning (ms):  0,7]
      [Update RS (ms):  1,8]
         [Processed Buffers:  19]
      [Scan RS (ms):  6,5]
      [Code Root Scanning (ms):  0,0]
      [Object Copy (ms):  11,5]
      [Termination (ms):  0,0]
         [Termination Attempts:  1]
      [GC Worker Other (ms):  0,0]
      [GC Worker Total (ms):  20,5]
      [GC Worker End (ms):  64325784,7]
   [Code Root Fixup: 0,0 ms]
   [Code Root Purge: 0,0 ms]
   [Clear CT: 0,0 ms]
   [Other: 0,3 ms]
      [Choose CSet: 0,0 ms]
      [Ref Proc: 0,0 ms]
      [Ref Enq: 0,0 ms]
      [Redirty Cards: 0,0 ms]
      [Humongous Register: 0,0 ms]
      [Humongous Reclaim: 0,0 ms]
      [Free CSet: 0,0 ms]
   [Eden: 49,0M(49,0M)->0,0B(49,0M) Survivors: 2048,0K->2048,0K Heap: 253,0M(1024,0M)->204,1M(1024,0M)]
 [Times: user=0,01 sys=0,00, real=0,02 secs] 
2016-12-22T23:20:20.221+0100: 64326,510: [GC pause (G1 Evacuation Pause) (young), 0,0242320 secs]
   [Parallel Time: 23,8 ms, GC Workers: 1]
      [GC Worker Start (ms):  64326509,8]
      [Ext Root Scanning (ms):  0,9]
      [Update RS (ms):  2,6]
         [Processed Buffers:  25]
      [Scan RS (ms):  5,5]
      [Code Root Scanning (ms):  0,0]
      [Object Copy (ms):  14,7]
      [Termination (ms):  0,0]
         [Termination Attempts:  1]
      [GC Worker Other (ms):  0,0]
      [GC Worker Total (ms):  23,7]
      [GC Worker End (ms):  64326533,6]
   [Code Root Fixup: 0,0 ms]
   [Code Root Purge: 0,0 ms]
   [Clear CT: 0,0 ms]
   [Other: 0,4 ms]
      [Choose CSet: 0,0 ms]
      [Ref Proc: 0,0 ms]
      [Ref Enq: 0,0 ms]
      [Redirty Cards: 0,0 ms]
      [Humongous Register: 0,0 ms]
      [Humongous Reclaim: 0,0 ms]
      [Free CSet: 0,0 ms]
   [Eden: 49,0M(49,0M)->0,0B(50,0M) Survivors: 2048,0K->1024,0K Heap: 253,1M(1024,0M)->204,9M(1024,0M)]
 [Times: user=0,00 sys=0,00, real=0,02 secs] 
2016-12-22T23:20:20.837+0100: 64327,125: [GC pause (G1 Evacuation Pause) (young), 0,0109911 secs]
   [Parallel Time: 10,3 ms, GC Workers: 1]
      [GC Worker Start (ms):  64327125,3]
      [Ext Root Scanning (ms):  0,7]
      [Update RS (ms):  6,0]
         [Processed Buffers:  20]
      [Scan RS (ms):  0,9]
      [Code Root Scanning (ms):  0,0]
      [Object Copy (ms):  2,7]
      [Termination (ms):  0,0]
         [Termination Attempts:  1]
      [GC Worker Other (ms):  0,0]
      [GC Worker Total (ms):  10,3]
      [GC Worker End (ms):  64327135,6]
   [Code Root Fixup: 0,1 ms]
   [Code Root Purge: 0,0 ms]
   [Clear CT: 0,0 ms]
   [Other: 0,5 ms]
      [Choose CSet: 0,0 ms]
      [Ref Proc: 0,0 ms]
      [Ref Enq: 0,0 ms]
      [Redirty Cards: 0,0 ms]
      [Humongous Register: 0,0 ms]
      [Humongous Reclaim: 0,0 ms]
      [Free CSet: 0,0 ms]
   [Eden: 50,0M(50,0M)->0,0B(137,0M) Survivors: 1024,0K->1024,0K Heap: 254,9M(1024,0M)->205,5M(1024,0M)]
 [Times: user=0,01 sys=0,00, real=0,01 secs] 
2016-12-22T23:20:22.481+0100: 64328,769: [GC pause (G1 Evacuation Pause) (young), 0,0105474 secs]
   [Parallel Time: 9,8 ms, GC Workers: 1]
      [GC Worker Start (ms):  64328769,2]
      [Ext Root Scanning (ms):  0,7]
      [Update RS (ms):  1,6]
         [Processed Buffers:  19]
      [Scan RS (ms):  2,0]
      [Code Root Scanning (ms):  0,0]
      [Object Copy (ms):  5,5]
      [Termination (ms):  0,0]
         [Termination Attempts:  1]
      [GC Worker Other (ms):  0,0]
      [GC Worker Total (ms):  9,8]
      [GC Worker End (ms):  64328779,0]
   [Code Root Fixup: 0,0 ms]
   [Code Root Purge: 0,0 ms]
   [Clear CT: 0,1 ms]
   [Other: 0,6 ms]
      [Choose CSet: 0,0 ms]
      [Ref Proc: 0,0 ms]
      [Ref Enq: 0,0 ms]
      [Redirty Cards: 0,0 ms]
      [Humongous Register: 0,0 ms]
      [Humongous Reclaim: 0,0 ms]
      [Free CSet: 0,1 ms]
   [Eden: 137,0M(137,0M)->0,0B(216,0M) Survivors: 1024,0K->2048,0K Heap: 342,5M(1024,0M)->206,2M(1024,0M)]
 [Times: user=0,01 sys=0,00, real=0,01 secs] 
2016-12-22T23:20:25.264+0100: 64331,553: [GC pause (G1 Evacuation Pause) (young), 0,0115029 secs]
   [Parallel Time: 9,9 ms, GC Workers: 1]
      [GC Worker Start (ms):  64331552,8]
      [Ext Root Scanning (ms):  0,7]
      [Update RS (ms):  2,0]
         [Processed Buffers:  21]
      [Scan RS (ms):  0,8]
      [Code Root Scanning (ms):  2,5]
      [Object Copy (ms):  3,9]
      [Termination (ms):  0,0]
         [Termination Attempts:  1]
      [GC Worker Other (ms):  0,0]
      [GC Worker Total (ms):  9,9]
      [GC Worker End (ms):  64331562,7]
   [Code Root Fixup: 0,1 ms]
   [Code Root Purge: 0,0 ms]
   [Clear CT: 0,1 ms]
   [Other: 1,5 ms]
      [Choose CSet: 0,0 ms]
      [Ref Proc: 0,0 ms]
      [Ref Enq: 0,0 ms]
      [Redirty Cards: 0,0 ms]
      [Humongous Register: 0,0 ms]
      [Humongous Reclaim: 0,0 ms]
      [Free CSet: 0,1 ms]
   [Eden: 216,0M(216,0M)->0,0B(613,0M) Survivors: 2048,0K->1024,0K Heap: 422,2M(1024,0M)->205,8M(1024,0M)]
 [Times: user=0,00 sys=0,00, real=0,02 secs] 
2016-12-22T23:20:33.001+0100: 64339,289: [GC pause (G1 Evacuation Pause) (young), 0,0207002 secs]
   [Parallel Time: 17,5 ms, GC Workers: 1]
      [GC Worker Start (ms):  64339289,3]
      [Ext Root Scanning (ms):  0,7]
      [Update RS (ms):  4,1]
         [Processed Buffers:  30]
      [Scan RS (ms):  4,9]
      [Code Root Scanning (ms):  0,1]
      [Object Copy (ms):  7,7]
      [Termination (ms):  0,0]
         [Termination Attempts:  1]
      [GC Worker Other (ms):  0,1]
      [GC Worker Total (ms):  17,5]
      [GC Worker End (ms):  64339306,8]
   [Code Root Fixup: 0,0 ms]
   [Code Root Purge: 0,0 ms]
   [Clear CT: 0,2 ms]
   [Other: 3,0 ms]
      [Choose CSet: 0,0 ms]
      [Ref Proc: 0,0 ms]
      [Ref Enq: 0,0 ms]
      [Redirty Cards: 0,0 ms]
      [Humongous Register: 0,0 ms]
      [Humongous Reclaim: 0,0 ms]
      [Free CSet: 0,3 ms]
   [Eden: 613,0M(613,0M)->0,0B(227,0M) Survivors: 1024,0K->2048,0K Heap: 818,8M(1024,0M)->206,4M(1024,0M)]
 [Times: user=0,01 sys=0,00, real=0,02 secs] 
2016-12-22T23:20:35.797+0100: 64342,086: [GC pause (G1 Evacuation Pause) (young), 0,0106579 secs]
   [Parallel Time: 10,4 ms, GC Workers: 1]
      [GC Worker Start (ms):  64342086,0]
      [Ext Root Scanning (ms):  0,7]
      [Update RS (ms):  1,7]
         [Processed Buffers:  26]
      [Scan RS (ms):  1,4]
      [Code Root Scanning (ms):  0,0]
      [Object Copy (ms):  6,6]
      [Termination (ms):  0,0]
         [Termination Attempts:  1]
      [GC Worker Other (ms):  0,0]
      [GC Worker Total (ms):  10,3]
      [GC Worker End (ms):  64342096,3]
   [Code Root Fixup: 0,0 ms]
   [Code Root Purge: 0,0 ms]
   [Clear CT: 0,1 ms]
   [Other: 0,2 ms]
      [Choose CSet: 0,0 ms]
      [Ref Proc: 0,0 ms]
      [Ref Enq: 0,0 ms]
      [Redirty Cards: 0,0 ms]
      [Humongous Register: 0,0 ms]
      [Humongous Reclaim: 0,0 ms]
      [Free CSet: 0,1 ms]
   [Eden: 227,0M(227,0M)->0,0B(421,0M) Survivors: 2048,0K->2048,0K Heap: 433,4M(1024,0M)->206,4M(1024,0M)]
 [Times: user=0,01 sys=0,00, real=0,01 secs] 
2016-12-22T23:20:40.301+0100: 64346,589: [GC pause (G1 Evacuation Pause) (young), 0,0142409 secs]
   [Parallel Time: 11,7 ms, GC Workers: 1]
      [GC Worker Start (ms):  64346589,3]
      [Ext Root Scanning (ms):  0,6]
      [Update RS (ms):  1,9]
         [Processed Buffers:  28]
      [Scan RS (ms):  4,4]
      [Code Root Scanning (ms):  0,0]
      [Object Copy (ms):  4,7]
      [Termination (ms):  0,0]
         [Termination Attempts:  1]
      [GC Worker Other (ms):  0,0]
      [GC Worker Total (ms):  11,7]
      [GC Worker End (ms):  64346601,0]
   [Code Root Fixup: 0,0 ms]
   [Code Root Purge: 0,0 ms]
   [Clear CT: 0,1 ms]
   [Other: 2,4 ms]
      [Choose CSet: 0,0 ms]
      [Ref Proc: 0,0 ms]
      [Ref Enq: 0,0 ms]
      [Redirty Cards: 0,0 ms]
      [Humongous Register: 0,0 ms]
      [Humongous Reclaim: 0,0 ms]
      [Free CSet: 0,1 ms]
   [Eden: 345,0M(49,0M)->0,0B(481,0M) Survivors: 2048,0K->2048,0K Heap: 551,4M(1024,0M)->207,0M(1024,0M)]
 [Times: user=0,01 sys=0,00, real=0,02 secs] 
2016-12-22T23:20:45.547+0100: 64351,835: [GC pause (G1 Evacuation Pause) (young), 0,0166082 secs]
   [Parallel Time: 15,8 ms, GC Workers: 1]
      [GC Worker Start (ms):  64351835,2]
      [Ext Root Scanning (ms):  2,4]
      [Update RS (ms):  2,0]
         [Processed Buffers:  28]
      [Scan RS (ms):  1,8]
      [Code Root Scanning (ms):  0,0]
      [Object Copy (ms):  9,5]
      [Termination (ms):  0,0]
         [Termination Attempts:  1]
      [GC Worker Other (ms):  0,0]
      [GC Worker Total (ms):  15,8]
      [GC Worker End (ms):  64351851,0]
   [Code Root Fixup: 0,0 ms]
   [Code Root Purge: 0,0 ms]
   [Clear CT: 0,1 ms]
   [Other: 0,7 ms]
      [Choose CSet: 0,0 ms]
      [Ref Proc: 0,0 ms]
      [Ref Enq: 0,0 ms]
      [Redirty Cards: 0,0 ms]
      [Humongous Register: 0,0 ms]
      [Humongous Reclaim: 0,0 ms]
      [Free CSet: 0,1 ms]
   [Eden: 304,0M(49,0M)->0,0B(520,0M) Survivors: 2048,0K->2048,0K Heap: 511,0M(1024,0M)->207,0M(1024,0M)]
 [Times: user=0,01 sys=0,00, real=0,02 secs] 
2016-12-22T23:22:23.537+0100: 64449,825: [GC pause (G1 Evacuation Pause) (young), 0,0391326 secs]
   [Parallel Time: 38,1 ms, GC Workers: 1]
      [GC Worker Start (ms):  64449825,7]
      [Ext Root Scanning (ms):  1,1]
      [Update RS (ms):  2,6]
         [Processed Buffers:  37]
      [Scan RS (ms):  10,1]
      [Code Root Scanning (ms):  0,0]
      [Object Copy (ms):  24,2]
      [Termination (ms):  0,0]
         [Termination Attempts:  1]
      [GC Worker Other (ms):  0,0]
      [GC Worker Total (ms):  38,0]
      [GC Worker End (ms):  64449863,8]
   [Code Root Fixup: 0,0 ms]
   [Code Root Purge: 0,0 ms]
   [Clear CT: 0,0 ms]
   [Other: 1,0 ms]
      [Choose CSet: 0,0 ms]
      [Ref Proc: 0,0 ms]
      [Ref Enq: 0,0 ms]
      [Redirty Cards: 0,0 ms]
      [Humongous Register: 0,0 ms]
      [Humongous Reclaim: 0,0 ms]
      [Free CSet: 0,1 ms]
   [Eden: 49,0M(49,0M)->0,0B(47,0M) Survivors: 2048,0K->4096,0K Heap: 256,0M(1024,0M)->209,1M(1024,0M)]
 [Times: user=0,02 sys=0,00, real=0,04 secs] 
2016-12-22T23:25:45.547+0100: 64651,835: [GC pause (G1 Evacuation Pause) (young), 0,0415022 secs]
   [Parallel Time: 41,0 ms, GC Workers: 1]
      [GC Worker Start (ms):  64651835,7]
      [Ext Root Scanning (ms):  2,2]
      [Update RS (ms):  6,8]
         [Processed Buffers:  38]
      [Scan RS (ms):  15,7]
      [Code Root Scanning (ms):  0,0]
      [Object Copy (ms):  16,2]
      [Termination (ms):  0,0]
         [Termination Attempts:  1]
      [GC Worker Other (ms):  0,0]
      [GC Worker Total (ms):  40,9]
      [GC Worker End (ms):  64651876,6]
   [Code Root Fixup: 0,0 ms]
   [Code Root Purge: 0,0 ms]
   [Clear CT: 0,0 ms]
   [Other: 0,4 ms]
      [Choose CSet: 0,0 ms]
      [Ref Proc: 0,0 ms]
      [Ref Enq: 0,0 ms]
      [Redirty Cards: 0,0 ms]
      [Humongous Register: 0,1 ms]
      [Humongous Reclaim: 0,0 ms]
      [Free CSet: 0,1 ms]
   [Eden: 47,0M(47,0M)->0,0B(45,0M) Survivors: 4096,0K->6144,0K Heap: 256,1M(1024,0M)->211,2M(1024,0M)]
 [Times: user=0,04 sys=0,00, real=0,05 secs] 
2016-12-22T23:29:01.891+0100: 64848,179: [GC pause (G1 Evacuation Pause) (young), 0,0489663 secs]
   [Parallel Time: 48,5 ms, GC Workers: 1]
      [GC Worker Start (ms):  64848179,7]
      [Ext Root Scanning (ms):  2,1]
      [Update RS (ms):  3,3]
         [Processed Buffers:  32]
      [Scan RS (ms):  4,3]
      [Code Root Scanning (ms):  0,0]
      [Object Copy (ms):  38,7]
      [Termination (ms):  0,0]
         [Termination Attempts:  1]
      [GC Worker Other (ms):  0,0]
      [GC Worker Total (ms):  48,5]
      [GC Worker End (ms):  64848228,2]
   [Code Root Fixup: 0,0 ms]
   [Code Root Purge: 0,0 ms]
   [Clear CT: 0,0 ms]
   [Other: 0,4 ms]
      [Choose CSet: 0,0 ms]
      [Ref Proc: 0,0 ms]
      [Ref Enq: 0,0 ms]
      [Redirty Cards: 0,0 ms]
      [Humongous Register: 0,0 ms]
      [Humongous Reclaim: 0,0 ms]
      [Free CSet: 0,1 ms]
   [Eden: 45,0M(45,0M)->0,0B(45,0M) Survivors: 6144,0K->6144,0K Heap: 256,2M(1024,0M)->213,7M(1024,0M)]
 [Times: user=0,02 sys=0,00, real=0,05 secs] 
2016-12-22T23:32:24.454+0100: 65050,742: [GC pause (G1 Evacuation Pause) (young), 0,0419154 secs]
   [Parallel Time: 41,6 ms, GC Workers: 1]
      [GC Worker Start (ms):  65050742,3]
      [Ext Root Scanning (ms):  0,7]
      [Update RS (ms):  1,2]
         [Processed Buffers:  30]
      [Scan RS (ms):  2,6]
      [Code Root Scanning (ms):  0,0]
      [Object Copy (ms):  37,0]
      [Termination (ms):  0,0]
         [Termination Attempts:  1]
      [GC Worker Other (ms):  0,0]
      [GC Worker Total (ms):  41,6]
      [GC Worker End (ms):  65050783,8]
   [Code Root Fixup: 0,0 ms]
   [Code Root Purge: 0,0 ms]
   [Clear CT: 0,1 ms]
   [Other: 0,2 ms]
      [Choose CSet: 0,0 ms]
      [Ref Proc: 0,0 ms]
      [Ref Enq: 0,0 ms]
      [Redirty Cards: 0,0 ms]
      [Humongous Register: 0,0 ms]
      [Humongous Reclaim: 0,0 ms]
      [Free CSet: 0,0 ms]
   [Eden: 45,0M(45,0M)->0,0B(47,0M) Survivors: 6144,0K->4096,0K Heap: 258,7M(1024,0M)->214,0M(1024,0M)]
 [Times: user=0,01 sys=0,00, real=0,05 secs] 
2016-12-22T23:35:55.033+0100: 65261,322: [GC pause (G1 Evacuation Pause) (young), 0,0267933 secs]
   [Parallel Time: 26,3 ms, GC Workers: 1]
      [GC Worker Start (ms):  65261321,9]
      [Ext Root Scanning (ms):  2,5]
      [Update RS (ms):  5,2]
         [Processed Buffers:  33]
      [Scan RS (ms):  5,8]
      [Code Root Scanning (ms):  0,0]
      [Object Copy (ms):  12,8]
      [Termination (ms):  0,0]
         [Termination Attempts:  1]
      [GC Worker Other (ms):  0,0]
      [GC Worker Total (ms):  26,3]
      [GC Worker End (ms):  65261348,1]
   [Code Root Fixup: 0,1 ms]
   [Code Root Purge: 0,0 ms]
   [Clear CT: 0,0 ms]
   [Other: 0,4 ms]
      [Choose CSet: 0,0 ms]
      [Ref Proc: 0,0 ms]
      [Ref Enq: 0,0 ms]
      [Redirty Cards: 0,0 ms]
      [Humongous Register: 0,0 ms]
      [Humongous Reclaim: 0,0 ms]
      [Free CSet: 0,1 ms]
   [Eden: 47,0M(47,0M)->0,0B(46,0M) Survivors: 4096,0K->5120,0K Heap: 261,0M(1024,0M)->214,5M(1024,0M)]
 [Times: user=0,03 sys=0,00, real=0,03 secs] 
2016-12-22T23:39:23.113+0100: 65469,401: [GC pause (G1 Evacuation Pause) (young), 0,0313329 secs]
   [Parallel Time: 30,7 ms, GC Workers: 1]
      [GC Worker Start (ms):  65469401,6]
      [Ext Root Scanning (ms):  2,2]
      [Update RS (ms):  2,9]
         [Processed Buffers:  25]
      [Scan RS (ms):  1,2]
      [Code Root Scanning (ms):  0,0]
      [Object Copy (ms):  24,3]
      [Termination (ms):  0,0]
         [Termination Attempts:  1]
      [GC Worker Other (ms):  0,0]
      [GC Worker Total (ms):  30,7]
      [GC Worker End (ms):  65469432,3]
   [Code Root Fixup: 0,0 ms]
   [Code Root Purge: 0,0 ms]
   [Clear CT: 0,0 ms]
   [Other: 0,6 ms]
      [Choose CSet: 0,0 ms]
      [Ref Proc: 0,0 ms]
      [Ref Enq: 0,0 ms]
      [Redirty Cards: 0,0 ms]
      [Humongous Register: 0,0 ms]
      [Humongous Reclaim: 0,0 ms]
      [Free CSet: 0,0 ms]
   [Eden: 46,0M(46,0M)->0,0B(48,0M) Survivors: 5120,0K->3072,0K Heap: 260,5M(1024,0M)->215,0M(1024,0M)]
 [Times: user=0,01 sys=0,00, real=0,03 secs] 
2016-12-22T23:43:00.198+0100: 65686,486: [GC pause (G1 Evacuation Pause) (young), 0,0095486 secs]
   [Parallel Time: 3,5 ms, GC Workers: 1]
      [GC Worker Start (ms):  65686486,2]
      [Ext Root Scanning (ms):  0,7]
      [Update RS (ms):  0,9]
         [Processed Buffers:  25]
      [Scan RS (ms):  0,0]
      [Code Root Scanning (ms):  0,0]
      [Object Copy (ms):  1,8]
      [Termination (ms):  0,0]
         [Termination Attempts:  1]
      [GC Worker Other (ms):  0,0]
      [GC Worker Total (ms):  3,4]
      [GC Worker End (ms):  65686489,7]
   [Code Root Fixup: 0,0 ms]
   [Code Root Purge: 0,0 ms]
   [Clear CT: 5,8 ms]
   [Other: 0,2 ms]
      [Choose CSet: 0,0 ms]
      [Ref Proc: 0,0 ms]
      [Ref Enq: 0,0 ms]
      [Redirty Cards: 0,0 ms]
      [Humongous Register: 0,0 ms]
      [Humongous Reclaim: 0,0 ms]
      [Free CSet: 0,0 ms]
   [Eden: 48,0M(48,0M)->0,0B(49,0M) Survivors: 3072,0K->2048,0K Heap: 263,0M(1024,0M)->214,5M(1024,0M)]
 [Times: user=0,00 sys=0,00, real=0,01 secs] 
2016-12-22T23:46:40.885+0100: 65907,174: [GC pause (G1 Evacuation Pause) (young), 0,0043608 secs]
   [Parallel Time: 4,1 ms, GC Workers: 1]
      [GC Worker Start (ms):  65907173,6]
      [Ext Root Scanning (ms):  0,7]
      [Update RS (ms):  0,3]
         [Processed Buffers:  27]
      [Scan RS (ms):  0,0]
      [Code Root Scanning (ms):  0,0]
      [Object Copy (ms):  3,0]
      [Termination (ms):  0,0]
         [Termination Attempts:  1]
      [GC Worker Other (ms):  0,0]
      [GC Worker Total (ms):  4,0]
      [GC Worker End (ms):  65907177,6]
   [Code Root Fixup: 0,0 ms]
   [Code Root Purge: 0,0 ms]
   [Clear CT: 0,0 ms]
   [Other: 0,2 ms]
      [Choose CSet: 0,0 ms]
      [Ref Proc: 0,0 ms]
      [Ref Enq: 0,0 ms]
      [Redirty Cards: 0,0 ms]
      [Humongous Register: 0,0 ms]
      [Humongous Reclaim: 0,0 ms]
      [Free CSet: 0,0 ms]
   [Eden: 49,0M(49,0M)->0,0B(49,0M) Survivors: 2048,0K->2048,0K Heap: 263,5M(1024,0M)->214,5M(1024,0M)]
 [Times: user=0,00 sys=0,00, real=0,01 secs] 
2016-12-22T23:50:23.241+0100: 66129,529: [GC pause (G1 Evacuation Pause) (young), 0,0039356 secs]
   [Parallel Time: 3,7 ms, GC Workers: 1]
      [GC Worker Start (ms):  66129529,5]
      [Ext Root Scanning (ms):  0,6]
      [Update RS (ms):  0,4]
         [Processed Buffers:  25]
      [Scan RS (ms):  0,0]
      [Code Root Scanning (ms):  0,0]
      [Object Copy (ms):  2,6]
      [Termination (ms):  0,0]
         [Termination Attempts:  1]
      [GC Worker Other (ms):  0,0]
      [GC Worker Total (ms):  3,6]
      [GC Worker End (ms):  66129533,2]
   [Code Root Fixup: 0,0 ms]
   [Code Root Purge: 0,0 ms]
   [Clear CT: 0,1 ms]
   [Other: 0,2 ms]
      [Choose CSet: 0,0 ms]
      [Ref Proc: 0,0 ms]
      [Ref Enq: 0,0 ms]
      [Redirty Cards: 0,0 ms]
      [Humongous Register: 0,0 ms]
      [Humongous Reclaim: 0,0 ms]
      [Free CSet: 0,0 ms]
   [Eden: 49,0M(49,0M)->0,0B(77,0M) Survivors: 2048,0K->3072,0K Heap: 263,5M(1024,0M)->215,0M(1024,0M)]
 [Times: user=0,01 sys=0,00, real=0,00 secs] 
2016-12-23T16:37:10.952+0100: 66302,775: [GC pause (G1 Evacuation Pause) (young), 0,0039604 secs]
   [Parallel Time: 3,7 ms, GC Workers: 1]
      [GC Worker Start (ms):  66302774,7]
      [Ext Root Scanning (ms):  0,7]
      [Update RS (ms):  0,4]
         [Processed Buffers:  31]
      [Scan RS (ms):  0,0]
      [Code Root Scanning (ms):  0,0]
      [Object Copy (ms):  2,5]
      [Termination (ms):  0,0]
         [Termination Attempts:  1]
      [GC Worker Other (ms):  0,0]
      [GC Worker Total (ms):  3,6]
      [GC Worker End (ms):  66302778,3]
   [Code Root Fixup: 0,0 ms]
   [Code Root Purge: 0,0 ms]
   [Clear CT: 0,0 ms]
   [Other: 0,3 ms]
      [Choose CSet: 0,0 ms]
      [Ref Proc: 0,0 ms]
      [Ref Enq: 0,0 ms]
      [Redirty Cards: 0,0 ms]
      [Humongous Register: 0,0 ms]
      [Humongous Reclaim: 0,0 ms]
      [Free CSet: 0,0 ms]
   [Eden: 77,0M(77,0M)->0,0B(157,0M) Survivors: 3072,0K->3072,0K Heap: 292,0M(1024,0M)->215,0M(1024,0M)]
 [Times: user=0,00 sys=0,00, real=0,01 secs] 
2016-12-23T16:37:11.186+0100: 66303,009: [GC pause (G1 Evacuation Pause) (young), 0,0036199 secs]
   [Parallel Time: 3,4 ms, GC Workers: 1]
      [GC Worker Start (ms):  66303009,2]
      [Ext Root Scanning (ms):  0,7]
      [Update RS (ms):  0,3]
         [Processed Buffers:  16]
      [Scan RS (ms):  0,0]
      [Code Root Scanning (ms):  0,0]
      [Object Copy (ms):  2,3]
      [Termination (ms):  0,0]
         [Termination Attempts:  1]
      [GC Worker Other (ms):  0,0]
      [GC Worker Total (ms):  3,4]
      [GC Worker End (ms):  66303012,6]
   [Code Root Fixup: 0,0 ms]
   [Code Root Purge: 0,0 ms]
   [Clear CT: 0,0 ms]
   [Other: 0,2 ms]
      [Choose CSet: 0,0 ms]
      [Ref Proc: 0,0 ms]
      [Ref Enq: 0,0 ms]
      [Redirty Cards: 0,0 ms]
      [Humongous Register: 0,0 ms]
      [Humongous Reclaim: 0,0 ms]
      [Free CSet: 0,0 ms]
   [Eden: 157,0M(157,0M)->0,0B(346,0M) Survivors: 3072,0K->2048,0K Heap: 372,0M(1024,0M)->214,5M(1024,0M)]
 [Times: user=0,01 sys=0,00, real=0,00 secs] 
2016-12-23T17:02:40.014+0100: 67831,837: [GC pause (G1 Evacuation Pause) (young), 0,0929727 secs]
   [Parallel Time: 86,2 ms, GC Workers: 1]
      [GC Worker Start (ms):  67831842,5]
      [Ext Root Scanning (ms):  68,2]
      [Update RS (ms):  4,4]
         [Processed Buffers:  28]
      [Scan RS (ms):  0,3]
      [Code Root Scanning (ms):  0,0]
      [Object Copy (ms):  6,4]
      [Termination (ms):  0,0]
         [Termination Attempts:  1]
      [GC Worker Other (ms):  6,9]
      [GC Worker Total (ms):  86,1]
      [GC Worker End (ms):  67831928,6]
   [Code Root Fixup: 0,0 ms]
   [Code Root Purge: 0,0 ms]
   [Clear CT: 0,1 ms]
   [Other: 6,6 ms]
      [Choose CSet: 0,0 ms]
      [Ref Proc: 0,4 ms]
      [Ref Enq: 0,0 ms]
      [Redirty Cards: 0,0 ms]
      [Humongous Register: 1,4 ms]
      [Humongous Reclaim: 0,0 ms]
      [Free CSet: 0,1 ms]
   [Eden: 346,0M(346,0M)->0,0B(48,0M) Survivors: 2048,0K->3072,0K Heap: 560,5M(1024,0M)->215,0M(1024,0M)]
 [Times: user=0,02 sys=0,00, real=0,09 secs] 
2016-12-23T17:06:26.032+0100: 68057,855: [GC pause (G1 Evacuation Pause) (young), 0,0251279 secs]
   [Parallel Time: 24,5 ms, GC Workers: 1]
      [GC Worker Start (ms):  68057855,6]
      [Ext Root Scanning (ms):  2,2]
      [Update RS (ms):  2,0]
         [Processed Buffers:  25]
      [Scan RS (ms):  0,0]
      [Code Root Scanning (ms):  0,0]
      [Object Copy (ms):  20,2]
      [Termination (ms):  0,0]
         [Termination Attempts:  1]
      [GC Worker Other (ms):  0,0]
      [GC Worker Total (ms):  24,5]
      [GC Worker End (ms):  68057880,0]
   [Code Root Fixup: 0,0 ms]
   [Code Root Purge: 0,0 ms]
   [Clear CT: 0,0 ms]
   [Other: 0,6 ms]
      [Choose CSet: 0,0 ms]
      [Ref Proc: 0,3 ms]
      [Ref Enq: 0,0 ms]
      [Redirty Cards: 0,0 ms]
      [Humongous Register: 0,0 ms]
      [Humongous Reclaim: 0,0 ms]
      [Free CSet: 0,0 ms]
   [Eden: 48,0M(48,0M)->0,0B(48,0M) Survivors: 3072,0K->3072,0K Heap: 263,0M(1024,0M)->215,0M(1024,0M)]
 [Times: user=0,01 sys=0,00, real=0,03 secs] 
2016-12-23T17:10:10.352+0100: 68282,175: [GC pause (G1 Evacuation Pause) (young), 0,0511121 secs]
   [Parallel Time: 50,4 ms, GC Workers: 1]
      [GC Worker Start (ms):  68282175,3]
      [Ext Root Scanning (ms):  3,9]
      [Update RS (ms):  1,7]
         [Processed Buffers:  25]
      [Scan RS (ms):  0,0]
      [Code Root Scanning (ms):  0,0]
      [Object Copy (ms):  44,7]
      [Termination (ms):  0,0]
         [Termination Attempts:  1]
      [GC Worker Other (ms):  0,0]
      [GC Worker Total (ms):  50,4]
      [GC Worker End (ms):  68282225,7]
   [Code Root Fixup: 0,0 ms]
   [Code Root Purge: 0,0 ms]
   [Clear CT: 0,0 ms]
   [Other: 0,6 ms]
      [Choose CSet: 0,0 ms]
      [Ref Proc: 0,4 ms]
      [Ref Enq: 0,0 ms]
      [Redirty Cards: 0,0 ms]
      [Humongous Register: 0,0 ms]
      [Humongous Reclaim: 0,0 ms]
      [Free CSet: 0,0 ms]
   [Eden: 48,0M(48,0M)->0,0B(48,0M) Survivors: 3072,0K->3072,0K Heap: 263,0M(1024,0M)->215,5M(1024,0M)]
 [Times: user=0,01 sys=0,00, real=0,06 secs] 
2016-12-23T17:13:47.860+0100: 68499,683: [GC pause (G1 Evacuation Pause) (young), 0,0123245 secs]
   [Parallel Time: 11,1 ms, GC Workers: 1]
      [GC Worker Start (ms):  68499683,0]
      [Ext Root Scanning (ms):  0,8]
      [Update RS (ms):  0,6]
         [Processed Buffers:  25]
      [Scan RS (ms):  0,0]
      [Code Root Scanning (ms):  0,0]
      [Object Copy (ms):  9,7]
      [Termination (ms):  0,0]
         [Termination Attempts:  1]
      [GC Worker Other (ms):  0,0]
      [GC Worker Total (ms):  11,1]
      [GC Worker End (ms):  68499694,1]
   [Code Root Fixup: 0,0 ms]
   [Code Root Purge: 0,0 ms]
   [Clear CT: 0,0 ms]
   [Other: 1,1 ms]
      [Choose CSet: 0,0 ms]
      [Ref Proc: 0,9 ms]
      [Ref Enq: 0,0 ms]
      [Redirty Cards: 0,0 ms]
      [Humongous Register: 0,0 ms]
      [Humongous Reclaim: 0,0 ms]
      [Free CSet: 0,0 ms]
   [Eden: 48,0M(48,0M)->0,0B(48,0M) Survivors: 3072,0K->3072,0K Heap: 263,5M(1024,0M)->215,5M(1024,0M)]
 [Times: user=0,01 sys=0,00, real=0,01 secs] 
2016-12-23T17:17:25.352+0100: 68717,175: [GC pause (G1 Evacuation Pause) (young), 0,0101410 secs]
   [Parallel Time: 9,8 ms, GC Workers: 1]
      [GC Worker Start (ms):  68717175,4]
      [Ext Root Scanning (ms):  3,7]
      [Update RS (ms):  1,9]
         [Processed Buffers:  25]
      [Scan RS (ms):  0,0]
      [Code Root Scanning (ms):  0,0]
      [Object Copy (ms):  4,1]
      [Termination (ms):  0,0]
         [Termination Attempts:  1]
      [GC Worker Other (ms):  0,0]
      [GC Worker Total (ms):  9,8]
      [GC Worker End (ms):  68717185,1]
   [Code Root Fixup: 0,0 ms]
   [Code Root Purge: 0,0 ms]
   [Clear CT: 0,0 ms]
   [Other: 0,3 ms]
      [Choose CSet: 0,0 ms]
      [Ref Proc: 0,0 ms]
      [Ref Enq: 0,0 ms]
      [Redirty Cards: 0,0 ms]
      [Humongous Register: 0,0 ms]
      [Humongous Reclaim: 0,0 ms]
      [Free CSet: 0,0 ms]
   [Eden: 48,0M(48,0M)->0,0B(48,0M) Survivors: 3072,0K->3072,0K Heap: 263,5M(1024,0M)->215,0M(1024,0M)]
 [Times: user=0,01 sys=0,00, real=0,02 secs] 
2016-12-23T17:21:02.742+0100: 68934,565: [GC pause (G1 Evacuation Pause) (young), 0,0079731 secs]
   [Parallel Time: 7,7 ms, GC Workers: 1]
      [GC Worker Start (ms):  68934564,8]
      [Ext Root Scanning (ms):  2,1]
      [Update RS (ms):  2,0]
         [Processed Buffers:  23]
      [Scan RS (ms):  0,0]
      [Code Root Scanning (ms):  0,0]
      [Object Copy (ms):  3,5]
      [Termination (ms):  0,0]
         [Termination Attempts:  1]
      [GC Worker Other (ms):  0,0]
      [GC Worker Total (ms):  7,6]
      [GC Worker End (ms):  68934572,4]
   [Code Root Fixup: 0,0 ms]
   [Code Root Purge: 0,0 ms]
   [Clear CT: 0,0 ms]
   [Other: 0,3 ms]
      [Choose CSet: 0,0 ms]
      [Ref Proc: 0,0 ms]
      [Ref Enq: 0,0 ms]
      [Redirty Cards: 0,0 ms]
      [Humongous Register: 0,0 ms]
      [Humongous Reclaim: 0,0 ms]
      [Free CSet: 0,0 ms]
   [Eden: 48,0M(48,0M)->0,0B(48,0M) Survivors: 3072,0K->3072,0K Heap: 263,0M(1024,0M)->215,0M(1024,0M)]
 [Times: user=0,00 sys=0,00, real=0,00 secs] 
2016-12-23T17:24:40.013+0100: 69151,836: [GC pause (G1 Evacuation Pause) (young), 0,0045788 secs]
   [Parallel Time: 4,3 ms, GC Workers: 1]
      [GC Worker Start (ms):  69151835,6]
      [Ext Root Scanning (ms):  0,7]
      [Update RS (ms):  0,5]
         [Processed Buffers:  26]
      [Scan RS (ms):  0,0]
      [Code Root Scanning (ms):  0,0]
      [Object Copy (ms):  3,1]
      [Termination (ms):  0,0]
         [Termination Attempts:  1]
      [GC Worker Other (ms):  0,0]
      [GC Worker Total (ms):  4,3]
      [GC Worker End (ms):  69151839,9]
   [Code Root Fixup: 0,0 ms]
   [Code Root Purge: 0,0 ms]
   [Clear CT: 0,0 ms]
   [Other: 0,2 ms]
      [Choose CSet: 0,0 ms]
      [Ref Proc: 0,0 ms]
      [Ref Enq: 0,0 ms]
      [Redirty Cards: 0,0 ms]
      [Humongous Register: 0,0 ms]
      [Humongous Reclaim: 0,0 ms]
      [Free CSet: 0,0 ms]
   [Eden: 48,0M(48,0M)->0,0B(48,0M) Survivors: 3072,0K->3072,0K Heap: 263,0M(1024,0M)->215,0M(1024,0M)]
 [Times: user=0,01 sys=0,00, real=0,01 secs] 
2016-12-23T17:28:15.754+0100: 69367,577: [GC pause (G1 Evacuation Pause) (young), 0,0046900 secs]
   [Parallel Time: 4,5 ms, GC Workers: 1]
      [GC Worker Start (ms):  69367577,2]
      [Ext Root Scanning (ms):  0,8]
      [Update RS (ms):  0,4]
         [Processed Buffers:  25]
      [Scan RS (ms):  0,0]
      [Code Root Scanning (ms):  0,0]
      [Object Copy (ms):  3,2]
      [Termination (ms):  0,0]
         [Termination Attempts:  1]
      [GC Worker Other (ms):  0,0]
      [GC Worker Total (ms):  4,4]
      [GC Worker End (ms):  69367581,7]
   [Code Root Fixup: 0,0 ms]
   [Code Root Purge: 0,0 ms]
   [Clear CT: 0,0 ms]
   [Other: 0,2 ms]
      [Choose CSet: 0,0 ms]
      [Ref Proc: 0,0 ms]
      [Ref Enq: 0,0 ms]
      [Redirty Cards: 0,0 ms]
      [Humongous Register: 0,0 ms]
      [Humongous Reclaim: 0,0 ms]
      [Free CSet: 0,0 ms]
   [Eden: 48,0M(48,0M)->0,0B(48,0M) Survivors: 3072,0K->3072,0K Heap: 263,0M(1024,0M)->215,0M(1024,0M)]
 [Times: user=0,01 sys=0,00, real=0,00 secs] 
2016-12-23T17:31:53.414+0100: 69585,237: [GC pause (G1 Evacuation Pause) (young), 0,0168128 secs]
   [Parallel Time: 14,6 ms, GC Workers: 1]
      [GC Worker Start (ms):  69585237,5]
      [Ext Root Scanning (ms):  6,4]
      [Update RS (ms):  0,5]
         [Processed Buffers:  24]
      [Scan RS (ms):  0,0]
      [Code Root Scanning (ms):  0,0]
      [Object Copy (ms):  7,7]
      [Termination (ms):  0,0]
         [Termination Attempts:  1]
      [GC Worker Other (ms):  0,0]
      [GC Worker Total (ms):  14,6]
      [GC Worker End (ms):  69585252,1]
   [Code Root Fixup: 0,0 ms]
   [Code Root Purge: 0,0 ms]
   [Clear CT: 0,0 ms]
   [Other: 2,2 ms]
      [Choose CSet: 0,0 ms]
      [Ref Proc: 0,0 ms]
      [Ref Enq: 0,0 ms]
      [Redirty Cards: 0,0 ms]
      [Humongous Register: 0,0 ms]
      [Humongous Reclaim: 0,0 ms]
      [Free CSet: 0,0 ms]
   [Eden: 48,0M(48,0M)->0,0B(48,0M) Survivors: 3072,0K->3072,0K Heap: 263,0M(1024,0M)->215,5M(1024,0M)]
 [Times: user=0,01 sys=0,00, real=0,01 secs] 
2016-12-23T17:35:30.025+0100: 69801,848: [GC pause (G1 Evacuation Pause) (young), 0,0174799 secs]
   [Parallel Time: 17,1 ms, GC Workers: 1]
      [GC Worker Start (ms):  69801848,0]
      [Ext Root Scanning (ms):  1,5]
      [Update RS (ms):  1,1]
         [Processed Buffers:  26]
      [Scan RS (ms):  0,0]
      [Code Root Scanning (ms):  0,0]
      [Object Copy (ms):  14,4]
      [Termination (ms):  0,0]
         [Termination Attempts:  1]
      [GC Worker Other (ms):  0,0]
      [GC Worker Total (ms):  17,1]
      [GC Worker End (ms):  69801865,1]
   [Code Root Fixup: 0,0 ms]
   [Code Root Purge: 0,0 ms]
   [Clear CT: 0,0 ms]
   [Other: 0,3 ms]
      [Choose CSet: 0,0 ms]
      [Ref Proc: 0,0 ms]
      [Ref Enq: 0,0 ms]
      [Redirty Cards: 0,0 ms]
      [Humongous Register: 0,0 ms]
      [Humongous Reclaim: 0,0 ms]
      [Free CSet: 0,0 ms]
   [Eden: 48,0M(48,0M)->0,0B(49,0M) Survivors: 3072,0K->3072,0K Heap: 263,5M(1024,0M)->215,5M(1024,0M)]
 [Times: user=0,01 sys=0,00, real=0,02 secs] 
2016-12-23T17:39:10.945+0100: 70022,768: [GC pause (G1 Evacuation Pause) (young), 0,0370582 secs]
   [Parallel Time: 36,1 ms, GC Workers: 1]
      [GC Worker Start (ms):  70022768,1]
      [Ext Root Scanning (ms):  5,6]
      [Update RS (ms):  1,9]
         [Processed Buffers:  25]
      [Scan RS (ms):  0,0]
      [Code Root Scanning (ms):  0,0]
      [Object Copy (ms):  28,5]
      [Termination (ms):  0,0]
         [Termination Attempts:  1]
      [GC Worker Other (ms):  0,0]
      [GC Worker Total (ms):  36,1]
      [GC Worker End (ms):  70022804,1]
   [Code Root Fixup: 0,1 ms]
   [Code Root Purge: 0,0 ms]
   [Clear CT: 0,1 ms]
   [Other: 0,7 ms]
      [Choose CSet: 0,0 ms]
      [Ref Proc: 0,1 ms]
      [Ref Enq: 0,0 ms]
      [Redirty Cards: 0,0 ms]
      [Humongous Register: 0,1 ms]
      [Humongous Reclaim: 0,0 ms]
      [Free CSet: 0,2 ms]
   [Eden: 49,0M(49,0M)->0,0B(49,0M) Survivors: 3072,0K->2048,0K Heap: 264,5M(1024,0M)->214,6M(1024,0M)]
 [Times: user=0,02 sys=0,01, real=0,04 secs] 
2016-12-23T17:42:52.544+0100: 70244,367: [GC pause (G1 Evacuation Pause) (young), 0,0104235 secs]
   [Parallel Time: 9,9 ms, GC Workers: 1]
      [GC Worker Start (ms):  70244367,5]
      [Ext Root Scanning (ms):  0,7]
      [Update RS (ms):  1,2]
         [Processed Buffers:  25]
      [Scan RS (ms):  0,0]
      [Code Root Scanning (ms):  0,0]
      [Object Copy (ms):  8,0]
      [Termination (ms):  0,0]
         [Termination Attempts:  1]
      [GC Worker Other (ms):  0,0]
      [GC Worker Total (ms):  9,9]
      [GC Worker End (ms):  70244377,3]
   [Code Root Fixup: 0,0 ms]
   [Code Root Purge: 0,0 ms]
   [Clear CT: 0,0 ms]
   [Other: 0,5 ms]
      [Choose CSet: 0,0 ms]
      [Ref Proc: 0,0 ms]
      [Ref Enq: 0,0 ms]
      [Redirty Cards: 0,0 ms]
      [Humongous Register: 0,0 ms]
      [Humongous Reclaim: 0,0 ms]
      [Free CSet: 0,1 ms]
   [Eden: 49,0M(49,0M)->0,0B(49,0M) Survivors: 2048,0K->2048,0K Heap: 263,6M(1024,0M)->214,8M(1024,0M)]
 [Times: user=0,00 sys=0,00, real=0,01 secs] 
2016-12-23T17:46:34.896+0100: 70466,718: [GC pause (G1 Evacuation Pause) (young), 0,0261836 secs]
   [Parallel Time: 24,6 ms, GC Workers: 1]
      [GC Worker Start (ms):  70466718,6]
      [Ext Root Scanning (ms):  2,5]
      [Update RS (ms):  2,2]
         [Processed Buffers:  24]
      [Scan RS (ms):  0,0]
      [Code Root Scanning (ms):  0,0]
      [Object Copy (ms):  19,8]
      [Termination (ms):  0,0]
         [Termination Attempts:  1]
      [GC Worker Other (ms):  0,0]
      [GC Worker Total (ms):  24,5]
      [GC Worker End (ms):  70466743,2]
   [Code Root Fixup: 0,1 ms]
   [Code Root Purge: 0,0 ms]
   [Clear CT: 0,1 ms]
   [Other: 1,4 ms]
      [Choose CSet: 0,0 ms]
      [Ref Proc: 0,1 ms]
      [Ref Enq: 0,0 ms]
      [Redirty Cards: 0,0 ms]
      [Humongous Register: 0,0 ms]
      [Humongous Reclaim: 0,0 ms]
      [Free CSet: 0,2 ms]
   [Eden: 49,0M(49,0M)->0,0B(49,0M) Survivors: 2048,0K->2048,0K Heap: 263,8M(1024,0M)->215,1M(1024,0M)]
 [Times: user=0,01 sys=0,01, real=0,03 secs] 
2016-12-23T17:50:15.351+0100: 70687,174: [GC pause (G1 Evacuation Pause) (young), 0,0121124 secs]
   [Parallel Time: 11,2 ms, GC Workers: 1]
      [GC Worker Start (ms):  70687174,3]
      [Ext Root Scanning (ms):  2,3]
      [Update RS (ms):  1,8]
         [Processed Buffers:  26]
      [Scan RS (ms):  0,0]
      [Code Root Scanning (ms):  0,0]
      [Object Copy (ms):  7,0]
      [Termination (ms):  0,0]
         [Termination Attempts:  1]
      [GC Worker Other (ms):  0,0]
      [GC Worker Total (ms):  11,2]
      [GC Worker End (ms):  70687185,5]
   [Code Root Fixup: 0,0 ms]
   [Code Root Purge: 0,0 ms]
   [Clear CT: 0,0 ms]
   [Other: 0,9 ms]
      [Choose CSet: 0,0 ms]
      [Ref Proc: 0,0 ms]
      [Ref Enq: 0,0 ms]
      [Redirty Cards: 0,0 ms]
      [Humongous Register: 0,0 ms]
      [Humongous Reclaim: 0,0 ms]
      [Free CSet: 0,0 ms]
   [Eden: 49,0M(49,0M)->0,0B(49,0M) Survivors: 2048,0K->2048,0K Heap: 264,1M(1024,0M)->215,3M(1024,0M)]
 [Times: user=0,01 sys=0,00, real=0,02 secs] 
2016-12-23T17:53:56.338+0100: 70908,160: [GC pause (G1 Evacuation Pause) (young), 0,0111086 secs]
   [Parallel Time: 10,2 ms, GC Workers: 1]
      [GC Worker Start (ms):  70908160,6]
      [Ext Root Scanning (ms):  2,2]
      [Update RS (ms):  1,4]
         [Processed Buffers:  27]
      [Scan RS (ms):  0,0]
      [Code Root Scanning (ms):  0,0]
      [Object Copy (ms):  6,5]
      [Termination (ms):  0,0]
         [Termination Attempts:  1]
      [GC Worker Other (ms):  0,0]
      [GC Worker Total (ms):  10,2]
      [GC Worker End (ms):  70908170,8]
   [Code Root Fixup: 0,0 ms]
   [Code Root Purge: 0,0 ms]
   [Clear CT: 0,0 ms]
   [Other: 0,8 ms]
      [Choose CSet: 0,0 ms]
      [Ref Proc: 0,0 ms]
      [Ref Enq: 0,0 ms]
      [Redirty Cards: 0,0 ms]
      [Humongous Register: 0,0 ms]
      [Humongous Reclaim: 0,0 ms]
      [Free CSet: 0,0 ms]
   [Eden: 49,0M(49,0M)->0,0B(86,0M) Survivors: 2048,0K->3072,0K Heap: 264,3M(1024,0M)->215,9M(1024,0M)]
 [Times: user=0,01 sys=0,00, real=0,01 secs] 
2016-12-23T17:56:17.364+0100: 71049,187: [GC pause (G1 Evacuation Pause) (young), 0,0120323 secs]
   [Parallel Time: 11,3 ms, GC Workers: 1]
      [GC Worker Start (ms):  71049187,1]
      [Ext Root Scanning (ms):  0,8]
      [Update RS (ms):  2,7]
         [Processed Buffers:  36]
      [Scan RS (ms):  0,0]
      [Code Root Scanning (ms):  0,0]
      [Object Copy (ms):  7,8]
      [Termination (ms):  0,0]
         [Termination Attempts:  1]
      [GC Worker Other (ms):  0,0]
      [GC Worker Total (ms):  11,3]
      [GC Worker End (ms):  71049198,5]
   [Code Root Fixup: 0,0 ms]
   [Code Root Purge: 0,0 ms]
   [Clear CT: 0,0 ms]
   [Other: 0,6 ms]
      [Choose CSet: 0,0 ms]
      [Ref Proc: 0,0 ms]
      [Ref Enq: 0,0 ms]
      [Redirty Cards: 0,0 ms]
      [Humongous Register: 0,0 ms]
      [Humongous Reclaim: 0,0 ms]
      [Free CSet: 0,0 ms]
   [Eden: 86,0M(86,0M)->0,0B(75,0M) Survivors: 3072,0K->3072,0K Heap: 301,9M(1024,0M)->216,0M(1024,0M)]
 [Times: user=0,01 sys=0,00, real=0,01 secs] 
2016-12-23T17:56:18.085+0100: 71049,908: [GC pause (G1 Evacuation Pause) (young), 0,0070314 secs]
   [Parallel Time: 6,8 ms, GC Workers: 1]
      [GC Worker Start (ms):  71049908,0]
      [Ext Root Scanning (ms):  0,7]
      [Update RS (ms):  1,4]
         [Processed Buffers:  25]
      [Scan RS (ms):  0,0]
      [Code Root Scanning (ms):  0,0]
      [Object Copy (ms):  4,7]
      [Termination (ms):  0,0]
         [Termination Attempts:  1]
      [GC Worker Other (ms):  0,0]
      [GC Worker Total (ms):  6,8]
      [GC Worker End (ms):  71049914,8]
   [Code Root Fixup: 0,0 ms]
   [Code Root Purge: 0,0 ms]
   [Clear CT: 0,0 ms]
   [Other: 0,2 ms]
      [Choose CSet: 0,0 ms]
      [Ref Proc: 0,0 ms]
      [Ref Enq: 0,0 ms]
      [Redirty Cards: 0,0 ms]
      [Humongous Register: 0,0 ms]
      [Humongous Reclaim: 0,0 ms]
      [Free CSet: 0,0 ms]
   [Eden: 75,0M(75,0M)->0,0B(119,0M) Survivors: 3072,0K->2048,0K Heap: 291,0M(1024,0M)->215,5M(1024,0M)]
 [Times: user=0,01 sys=0,00, real=0,00 secs] 
2016-12-23T17:56:19.740+0100: 71051,563: [GC pause (G1 Evacuation Pause) (young), 0,0093482 secs]
   [Parallel Time: 9,0 ms, GC Workers: 1]
      [GC Worker Start (ms):  71051563,5]
      [Ext Root Scanning (ms):  0,7]
      [Update RS (ms):  1,3]
         [Processed Buffers:  21]
      [Scan RS (ms):  0,0]
      [Code Root Scanning (ms):  0,0]
      [Object Copy (ms):  7,0]
      [Termination (ms):  0,0]
         [Termination Attempts:  1]
      [GC Worker Other (ms):  0,0]
      [GC Worker Total (ms):  9,0]
      [GC Worker End (ms):  71051572,5]
   [Code Root Fixup: 0,0 ms]
   [Code Root Purge: 0,0 ms]
   [Clear CT: 0,0 ms]
   [Other: 0,2 ms]
      [Choose CSet: 0,0 ms]
      [Ref Proc: 0,0 ms]
      [Ref Enq: 0,0 ms]
      [Redirty Cards: 0,0 ms]
      [Humongous Register: 0,0 ms]
      [Humongous Reclaim: 0,0 ms]
      [Free CSet: 0,0 ms]
   [Eden: 119,0M(119,0M)->0,0B(167,0M) Survivors: 2048,0K->2048,0K Heap: 334,5M(1024,0M)->215,5M(1024,0M)]
 [Times: user=0,01 sys=0,00, real=0,01 secs] 
2016-12-23T17:56:21.913+0100: 71053,736: [GC pause (G1 Evacuation Pause) (young), 0,0099070 secs]
   [Parallel Time: 9,6 ms, GC Workers: 1]
      [GC Worker Start (ms):  71053735,6]
      [Ext Root Scanning (ms):  0,7]
      [Update RS (ms):  1,3]
         [Processed Buffers:  28]
      [Scan RS (ms):  0,0]
      [Code Root Scanning (ms):  0,0]
      [Object Copy (ms):  7,5]
      [Termination (ms):  0,0]
         [Termination Attempts:  1]
      [GC Worker Other (ms):  0,0]
      [GC Worker Total (ms):  9,6]
      [GC Worker End (ms):  71053745,2]
   [Code Root Fixup: 0,1 ms]
   [Code Root Purge: 0,0 ms]
   [Clear CT: 0,0 ms]
   [Other: 0,2 ms]
      [Choose CSet: 0,0 ms]
      [Ref Proc: 0,0 ms]
      [Ref Enq: 0,0 ms]
      [Redirty Cards: 0,0 ms]
      [Humongous Register: 0,0 ms]
      [Humongous Reclaim: 0,0 ms]
      [Free CSet: 0,1 ms]
   [Eden: 167,0M(167,0M)->0,0B(225,0M) Survivors: 2048,0K->3072,0K Heap: 382,5M(1024,0M)->216,1M(1024,0M)]
 [Times: user=0,01 sys=0,00, real=0,02 secs] 
2016-12-23T17:56:24.820+0100: 71056,643: [GC pause (G1 Evacuation Pause) (young), 0,0084719 secs]
   [Parallel Time: 7,7 ms, GC Workers: 1]
      [GC Worker Start (ms):  71056642,8]
      [Ext Root Scanning (ms):  0,8]
      [Update RS (ms):  1,2]
         [Processed Buffers:  26]
      [Scan RS (ms):  0,1]
      [Code Root Scanning (ms):  0,0]
      [Object Copy (ms):  5,6]
      [Termination (ms):  0,0]
         [Termination Attempts:  1]
      [GC Worker Other (ms):  0,0]
      [GC Worker Total (ms):  7,7]
      [GC Worker End (ms):  71056650,5]
   [Code Root Fixup: 0,0 ms]
   [Code Root Purge: 0,0 ms]
   [Clear CT: 0,1 ms]
   [Other: 0,7 ms]
      [Choose CSet: 0,0 ms]
      [Ref Proc: 0,0 ms]
      [Ref Enq: 0,0 ms]
      [Redirty Cards: 0,0 ms]
      [Humongous Register: 0,0 ms]
      [Humongous Reclaim: 0,0 ms]
      [Free CSet: 0,1 ms]
   [Eden: 225,0M(225,0M)->0,0B(384,0M) Survivors: 3072,0K->2048,0K Heap: 441,1M(1024,0M)->215,6M(1024,0M)]
 [Times: user=0,01 sys=0,00, real=0,01 secs] 
2016-12-23T17:56:29.339+0100: 71061,162: [GC pause (G1 Evacuation Pause) (young), 0,0161560 secs]
   [Parallel Time: 15,0 ms, GC Workers: 1]
      [GC Worker Start (ms):  71061162,1]
      [Ext Root Scanning (ms):  0,7]
      [Update RS (ms):  1,2]
         [Processed Buffers:  27]
      [Scan RS (ms):  0,1]
      [Code Root Scanning (ms):  0,0]
      [Object Copy (ms):  2,9]
      [Termination (ms):  0,0]
         [Termination Attempts:  1]
      [GC Worker Other (ms):  0,0]
      [GC Worker Total (ms):  4,9]
      [GC Worker End (ms):  71061167,0]
   [Code Root Fixup: 0,0 ms]
   [Code Root Purge: 0,0 ms]
   [Clear CT: 0,1 ms]
   [Other: 1,0 ms]
      [Choose CSet: 0,0 ms]
      [Ref Proc: 0,8 ms]
      [Ref Enq: 0,0 ms]
      [Redirty Cards: 0,0 ms]
      [Humongous Register: 0,0 ms]
      [Humongous Reclaim: 0,0 ms]
      [Free CSet: 0,1 ms]
   [Eden: 384,0M(384,0M)->0,0B(314,0M) Survivors: 2048,0K->3072,0K Heap: 599,6M(1024,0M)->216,1M(1024,0M)]
 [Times: user=0,01 sys=0,00, real=0,02 secs] 
2016-12-23T17:56:33.133+0100: 71064,956: [GC pause (G1 Evacuation Pause) (young), 0,0095699 secs]
   [Parallel Time: 9,2 ms, GC Workers: 1]
      [GC Worker Start (ms):  71064956,5]
      [Ext Root Scanning (ms):  0,6]
      [Update RS (ms):  1,9]
         [Processed Buffers:  28]
      [Scan RS (ms):  0,1]
      [Code Root Scanning (ms):  0,0]
      [Object Copy (ms):  2,9]
      [Termination (ms):  0,0]
         [Termination Attempts:  1]
      [GC Worker Other (ms):  0,0]
      [GC Worker Total (ms):  5,5]
      [GC Worker End (ms):  71064962,0]
   [Code Root Fixup: 0,0 ms]
   [Code Root Purge: 0,0 ms]
   [Clear CT: 0,1 ms]
   [Other: 0,3 ms]
      [Choose CSet: 0,0 ms]
      [Ref Proc: 0,0 ms]
      [Ref Enq: 0,0 ms]
      [Redirty Cards: 0,0 ms]
      [Humongous Register: 0,0 ms]
      [Humongous Reclaim: 0,0 ms]
      [Free CSet: 0,1 ms]
   [Eden: 314,0M(314,0M)->0,0B(579,0M) Survivors: 3072,0K->3072,0K Heap: 530,1M(1024,0M)->216,1M(1024,0M)]
 [Times: user=0,00 sys=0,00, real=0,01 secs] 
2016-12-23T17:56:40.888+0100: 71072,711: [GC pause (G1 Evacuation Pause) (young), 0,0086763 secs]
   [Parallel Time: 8,2 ms, GC Workers: 1]
      [GC Worker Start (ms):  71072710,6]
      [Ext Root Scanning (ms):  0,9]
      [Update RS (ms):  1,2]
         [Processed Buffers:  32]
      [Scan RS (ms):  0,2]
      [Code Root Scanning (ms):  0,0]
      [Object Copy (ms):  5,8]
      [Termination (ms):  0,0]
         [Termination Attempts:  1]
      [GC Worker Other (ms):  0,0]
      [GC Worker Total (ms):  8,2]
      [GC Worker End (ms):  71072718,7]
   [Code Root Fixup: 0,0 ms]
   [Code Root Purge: 0,0 ms]
   [Clear CT: 0,2 ms]
   [Other: 0,3 ms]
      [Choose CSet: 0,0 ms]
      [Ref Proc: 0,0 ms]
      [Ref Enq: 0,0 ms]
      [Redirty Cards: 0,0 ms]
      [Humongous Register: 0,0 ms]
      [Humongous Reclaim: 0,0 ms]
      [Free CSet: 0,2 ms]
   [Eden: 579,0M(579,0M)->0,0B(611,0M) Survivors: 3072,0K->3072,0K Heap: 795,1M(1024,0M)->216,1M(1024,0M)]
 [Times: user=0,00 sys=0,00, real=0,01 secs] 
2016-12-23T17:56:48.800+0100: 71080,623: [GC pause (G1 Evacuation Pause) (young), 0,0094245 secs]
   [Parallel Time: 7,8 ms, GC Workers: 1]
      [GC Worker Start (ms):  71080622,9]
      [Ext Root Scanning (ms):  0,8]
      [Update RS (ms):  1,3]
         [Processed Buffers:  30]
      [Scan RS (ms):  0,2]
      [Code Root Scanning (ms):  0,0]
      [Object Copy (ms):  5,4]
      [Termination (ms):  0,0]
         [Termination Attempts:  1]
      [GC Worker Other (ms):  0,0]
      [GC Worker Total (ms):  7,8]
      [GC Worker End (ms):  71080630,7]
   [Code Root Fixup: 0,0 ms]
   [Code Root Purge: 0,0 ms]
   [Clear CT: 0,1 ms]
   [Other: 1,5 ms]
      [Choose CSet: 0,0 ms]
      [Ref Proc: 1,2 ms]
      [Ref Enq: 0,0 ms]
      [Redirty Cards: 0,0 ms]
      [Humongous Register: 0,0 ms]
      [Humongous Reclaim: 0,0 ms]
      [Free CSet: 0,2 ms]
   [Eden: 611,0M(611,0M)->0,0B(611,0M) Survivors: 3072,0K->3072,0K Heap: 827,1M(1024,0M)->216,1M(1024,0M)]
 [Times: user=0,01 sys=0,00, real=0,01 secs] 
2016-12-23T18:02:26.680+0100: 71418,503: [GC pause (G1 Evacuation Pause) (young), 0,0641836 secs]
   [Parallel Time: 19,3 ms, GC Workers: 1]
      [GC Worker Start (ms):  71418536,7]
      [Ext Root Scanning (ms):  0,7]
      [Update RS (ms):  2,5]
         [Processed Buffers:  38]
      [Scan RS (ms):  0,4]
      [Code Root Scanning (ms):  0,0]
      [Object Copy (ms):  8,6]
      [Termination (ms):  0,0]
         [Termination Attempts:  1]
      [GC Worker Other (ms):  0,0]
      [GC Worker Total (ms):  12,2]
      [GC Worker End (ms):  71418549,0]
   [Code Root Fixup: 0,0 ms]
   [Code Root Purge: 0,0 ms]
   [Clear CT: 0,1 ms]
   [Other: 44,7 ms]
      [Choose CSet: 0,0 ms]
      [Ref Proc: 0,0 ms]
      [Ref Enq: 0,0 ms]
      [Redirty Cards: 0,0 ms]
      [Humongous Register: 7,6 ms]
      [Humongous Reclaim: 0,0 ms]
      [Free CSet: 7,1 ms]
   [Eden: 611,0M(611,0M)->0,0B(48,0M) Survivors: 3072,0K->3072,0K Heap: 827,1M(1024,0M)->216,6M(1024,0M)]
 [Times: user=0,01 sys=0,00, real=0,07 secs] 
2016-12-23T18:02:27.284+0100: 71419,107: [GC pause (G1 Evacuation Pause) (young), 0,0090872 secs]
   [Parallel Time: 8,5 ms, GC Workers: 1]
      [GC Worker Start (ms):  71419106,7]
      [Ext Root Scanning (ms):  0,7]
      [Update RS (ms):  1,2]
         [Processed Buffers:  22]
      [Scan RS (ms):  0,0]
      [Code Root Scanning (ms):  0,0]
      [Object Copy (ms):  2,9]
      [Termination (ms):  0,0]
         [Termination Attempts:  1]
      [GC Worker Other (ms):  0,0]
      [GC Worker Total (ms):  4,8]
      [GC Worker End (ms):  71419111,5]
   [Code Root Fixup: 0,0 ms]
   [Code Root Purge: 0,0 ms]
   [Clear CT: 0,0 ms]
   [Other: 0,6 ms]
      [Choose CSet: 0,0 ms]
      [Ref Proc: 0,0 ms]
      [Ref Enq: 0,0 ms]
      [Redirty Cards: 0,0 ms]
      [Humongous Register: 0,0 ms]
      [Humongous Reclaim: 0,0 ms]
      [Free CSet: 0,0 ms]
   [Eden: 48,0M(48,0M)->0,0B(48,0M) Survivors: 3072,0K->3072,0K Heap: 264,6M(1024,0M)->216,1M(1024,0M)]
 [Times: user=0,01 sys=0,00, real=0,01 secs] 
2016-12-23T18:02:27.977+0100: 71419,800: [GC pause (G1 Evacuation Pause) (young), 0,0097166 secs]
   [Parallel Time: 7,6 ms, GC Workers: 1]
      [GC Worker Start (ms):  71419799,8]
      [Ext Root Scanning (ms):  0,7]
      [Update RS (ms):  1,2]
         [Processed Buffers:  23]
      [Scan RS (ms):  0,0]
      [Code Root Scanning (ms):  0,0]
      [Object Copy (ms):  5,7]
      [Termination (ms):  0,0]
         [Termination Attempts:  1]
      [GC Worker Other (ms):  0,0]
      [GC Worker Total (ms):  7,6]
      [GC Worker End (ms):  71419807,4]
   [Code Root Fixup: 0,0 ms]
   [Code Root Purge: 0,0 ms]
   [Clear CT: 0,0 ms]
   [Other: 2,1 ms]
      [Choose CSet: 0,0 ms]
      [Ref Proc: 0,0 ms]
      [Ref Enq: 0,0 ms]
      [Redirty Cards: 0,0 ms]
      [Humongous Register: 0,0 ms]
      [Humongous Reclaim: 0,0 ms]
      [Free CSet: 1,9 ms]
   [Eden: 48,0M(48,0M)->0,0B(48,0M) Survivors: 3072,0K->3072,0K Heap: 264,1M(1024,0M)->216,6M(1024,0M)]
 [Times: user=0,00 sys=0,00, real=0,01 secs] 
2016-12-23T18:02:28.454+0100: 71420,277: [GC pause (G1 Evacuation Pause) (young), 0,0132335 secs]
   [Parallel Time: 13,0 ms, GC Workers: 1]
      [GC Worker Start (ms):  71420277,4]
      [Ext Root Scanning (ms):  1,0]
      [Update RS (ms):  1,3]
         [Processed Buffers:  23]
      [Scan RS (ms):  0,0]
      [Code Root Scanning (ms):  0,0]
      [Object Copy (ms):  3,5]
      [Termination (ms):  0,0]
         [Termination Attempts:  1]
      [GC Worker Other (ms):  0,0]
      [GC Worker Total (ms):  5,9]
      [GC Worker End (ms):  71420283,3]
   [Code Root Fixup: 0,0 ms]
   [Code Root Purge: 0,0 ms]
   [Clear CT: 0,0 ms]
   [Other: 0,2 ms]
      [Choose CSet: 0,0 ms]
      [Ref Proc: 0,0 ms]
      [Ref Enq: 0,0 ms]
      [Redirty Cards: 0,0 ms]
      [Humongous Register: 0,0 ms]
      [Humongous Reclaim: 0,0 ms]
      [Free CSet: 0,0 ms]
   [Eden: 48,0M(48,0M)->0,0B(48,0M) Survivors: 3072,0K->3072,0K Heap: 264,6M(1024,0M)->216,1M(1024,0M)]
 [Times: user=0,01 sys=0,00, real=0,01 secs] 
2016-12-23T18:02:29.099+0100: 71420,922: [GC pause (G1 Evacuation Pause) (young), 0,0086157 secs]
   [Parallel Time: 7,9 ms, GC Workers: 1]
      [GC Worker Start (ms):  71420921,9]
      [Ext Root Scanning (ms):  0,6]
      [Update RS (ms):  1,4]
         [Processed Buffers:  21]
      [Scan RS (ms):  0,0]
      [Code Root Scanning (ms):  0,0]
      [Object Copy (ms):  2,9]
      [Termination (ms):  0,0]
         [Termination Attempts:  1]
      [GC Worker Other (ms):  0,0]
      [GC Worker Total (ms):  4,9]
      [GC Worker End (ms):  71420926,8]
   [Code Root Fixup: 0,0 ms]
   [Code Root Purge: 0,0 ms]
   [Clear CT: 0,0 ms]
   [Other: 0,7 ms]
      [Choose CSet: 0,0 ms]
      [Ref Proc: 0,0 ms]
      [Ref Enq: 0,0 ms]
      [Redirty Cards: 0,0 ms]
      [Humongous Register: 0,0 ms]
      [Humongous Reclaim: 0,0 ms]
      [Free CSet: 0,0 ms]
   [Eden: 48,0M(48,0M)->0,0B(151,0M) Survivors: 3072,0K->3072,0K Heap: 264,1M(1024,0M)->216,1M(1024,0M)]
 [Times: user=0,01 sys=0,00, real=0,01 secs] 
2016-12-23T18:02:31.110+0100: 71422,933: [GC pause (G1 Evacuation Pause) (young), 0,0084795 secs]
   [Parallel Time: 8,2 ms, GC Workers: 1]
      [GC Worker Start (ms):  71422932,6]
      [Ext Root Scanning (ms):  0,7]
      [Update RS (ms):  1,4]
         [Processed Buffers:  25]
      [Scan RS (ms):  0,0]
      [Code Root Scanning (ms):  0,0]
      [Object Copy (ms):  6,1]
      [Termination (ms):  0,0]
         [Termination Attempts:  1]
      [GC Worker Other (ms):  0,0]
      [GC Worker Total (ms):  8,2]
      [GC Worker End (ms):  71422940,8]
   [Code Root Fixup: 0,0 ms]
   [Code Root Purge: 0,0 ms]
   [Clear CT: 0,0 ms]
   [Other: 0,2 ms]
      [Choose CSet: 0,0 ms]
      [Ref Proc: 0,0 ms]
      [Ref Enq: 0,0 ms]
      [Redirty Cards: 0,0 ms]
      [Humongous Register: 0,0 ms]
      [Humongous Reclaim: 0,0 ms]
      [Free CSet: 0,1 ms]
   [Eden: 151,0M(151,0M)->0,0B(358,0M) Survivors: 3072,0K->3072,0K Heap: 367,1M(1024,0M)->216,6M(1024,0M)]
 [Times: user=0,01 sys=0,00, real=0,01 secs] 
2016-12-23T18:02:35.593+0100: 71427,416: [GC pause (G1 Evacuation Pause) (young), 0,0197950 secs]
   [Parallel Time: 19,5 ms, GC Workers: 1]
      [GC Worker Start (ms):  71427416,3]
      [Ext Root Scanning (ms):  0,7]
      [Update RS (ms):  1,2]
         [Processed Buffers:  27]
      [Scan RS (ms):  0,1]
      [Code Root Scanning (ms):  0,0]
      [Object Copy (ms):  17,5]
      [Termination (ms):  0,0]
         [Termination Attempts:  1]
      [GC Worker Other (ms):  0,0]
      [GC Worker Total (ms):  19,4]
      [GC Worker End (ms):  71427435,8]
   [Code Root Fixup: 0,0 ms]
   [Code Root Purge: 0,0 ms]
   [Clear CT: 0,1 ms]
   [Other: 0,2 ms]
      [Choose CSet: 0,0 ms]
      [Ref Proc: 0,0 ms]
      [Ref Enq: 0,0 ms]
      [Redirty Cards: 0,0 ms]
      [Humongous Register: 0,0 ms]
      [Humongous Reclaim: 0,0 ms]
      [Free CSet: 0,1 ms]
   [Eden: 358,0M(358,0M)->0,0B(188,0M) Survivors: 3072,0K->3072,0K Heap: 574,6M(1024,0M)->216,3M(1024,0M)]
 [Times: user=0,01 sys=0,00, real=0,02 secs] 
2016-12-23T18:02:38.282+0100: 71430,105: [GC pause (G1 Evacuation Pause) (young), 0,0162052 secs]
   [Parallel Time: 15,4 ms, GC Workers: 1]
      [GC Worker Start (ms):  71430105,4]
      [Ext Root Scanning (ms):  0,6]
      [Update RS (ms):  1,8]
         [Processed Buffers:  26]
      [Scan RS (ms):  0,0]
      [Code Root Scanning (ms):  0,0]
      [Object Copy (ms):  4,8]
      [Termination (ms):  0,0]
         [Termination Attempts:  1]
      [GC Worker Other (ms):  0,0]
      [GC Worker Total (ms):  7,3]
      [GC Worker End (ms):  71430112,7]
   [Code Root Fixup: 0,0 ms]
   [Code Root Purge: 0,0 ms]
   [Clear CT: 0,1 ms]
   [Other: 0,7 ms]
      [Choose CSet: 0,0 ms]
      [Ref Proc: 0,0 ms]
      [Ref Enq: 0,0 ms]
      [Redirty Cards: 0,0 ms]
      [Humongous Register: 0,0 ms]
      [Humongous Reclaim: 0,0 ms]
      [Free CSet: 0,1 ms]
   [Eden: 188,0M(188,0M)->0,0B(213,0M) Survivors: 3072,0K->3072,0K Heap: 404,3M(1024,0M)->216,5M(1024,0M)]
 [Times: user=0,00 sys=0,01, real=0,01 secs] 
2016-12-23T18:02:40.569+0100: 71432,392: [GC pause (G1 Evacuation Pause) (young), 0,0045072 secs]
   [Parallel Time: 3,3 ms, GC Workers: 1]
      [GC Worker Start (ms):  71432392,5]
      [Ext Root Scanning (ms):  0,7]
      [Update RS (ms):  0,3]
         [Processed Buffers:  22]
      [Scan RS (ms):  0,1]
      [Code Root Scanning (ms):  0,0]
      [Object Copy (ms):  2,3]
      [Termination (ms):  0,0]
         [Termination Attempts:  1]
      [GC Worker Other (ms):  0,0]
      [GC Worker Total (ms):  3,3]
      [GC Worker End (ms):  71432395,8]
   [Code Root Fixup: 0,0 ms]
   [Code Root Purge: 0,0 ms]
   [Clear CT: 0,1 ms]
   [Other: 1,1 ms]
      [Choose CSet: 0,0 ms]
      [Ref Proc: 0,0 ms]
      [Ref Enq: 0,0 ms]
      [Redirty Cards: 0,0 ms]
      [Humongous Register: 0,0 ms]
      [Humongous Reclaim: 0,0 ms]
      [Free CSet: 0,1 ms]
   [Eden: 213,0M(213,0M)->0,0B(612,0M) Survivors: 3072,0K->2048,0K Heap: 429,5M(1024,0M)->216,0M(1024,0M)]
 [Times: user=0,00 sys=0,00, real=0,01 secs] 
2016-12-23T18:03:01.214+0100: 71453,037: [GC pause (G1 Evacuation Pause) (young), 0,0074167 secs]
   [Parallel Time: 6,6 ms, GC Workers: 1]
      [GC Worker Start (ms):  71453036,8]
      [Ext Root Scanning (ms):  0,6]
      [Update RS (ms):  0,3]
         [Processed Buffers:  28]
      [Scan RS (ms):  0,2]
      [Code Root Scanning (ms):  0,0]
      [Object Copy (ms):  5,4]
      [Termination (ms):  0,0]
         [Termination Attempts:  1]
      [GC Worker Other (ms):  0,0]
      [GC Worker Total (ms):  6,6]
      [GC Worker End (ms):  71453043,4]
   [Code Root Fixup: 0,0 ms]
   [Code Root Purge: 0,0 ms]
   [Clear CT: 0,1 ms]
   [Other: 0,7 ms]
      [Choose CSet: 0,0 ms]
      [Ref Proc: 0,0 ms]
      [Ref Enq: 0,0 ms]
      [Redirty Cards: 0,0 ms]
      [Humongous Register: 0,0 ms]
      [Humongous Reclaim: 0,0 ms]
      [Free CSet: 0,1 ms]
   [Eden: 612,0M(612,0M)->0,0B(611,0M) Survivors: 2048,0K->3072,0K Heap: 828,0M(1024,0M)->216,6M(1024,0M)]
 [Times: user=0,01 sys=0,00, real=0,01 secs] 
2016-12-23T18:03:08.943+0100: 71460,766: [GC pause (G1 Evacuation Pause) (young), 0,0105949 secs]
   [Parallel Time: 10,1 ms, GC Workers: 1]
      [GC Worker Start (ms):  71460766,2]
      [Ext Root Scanning (ms):  0,7]
      [Update RS (ms):  3,3]
         [Processed Buffers:  32]
      [Scan RS (ms):  0,2]
      [Code Root Scanning (ms):  0,0]
      [Object Copy (ms):  5,9]
      [Termination (ms):  0,0]
         [Termination Attempts:  1]
      [GC Worker Other (ms):  0,0]
      [GC Worker Total (ms):  10,1]
      [GC Worker End (ms):  71460776,3]
   [Code Root Fixup: 0,0 ms]
   [Code Root Purge: 0,0 ms]
   [Clear CT: 0,1 ms]
   [Other: 0,3 ms]
      [Choose CSet: 0,0 ms]
      [Ref Proc: 0,0 ms]
      [Ref Enq: 0,0 ms]
      [Redirty Cards: 0,0 ms]
      [Humongous Register: 0,0 ms]
      [Humongous Reclaim: 0,0 ms]
      [Free CSet: 0,2 ms]
   [Eden: 611,0M(611,0M)->0,0B(611,0M) Survivors: 3072,0K->3072,0K Heap: 827,6M(1024,0M)->217,1M(1024,0M)]
 [Times: user=0,01 sys=0,00, real=0,01 secs] 
2016-12-23T18:03:16.695+0100: 71468,518: [GC pause (G1 Evacuation Pause) (young), 0,0151937 secs]
   [Parallel Time: 14,0 ms, GC Workers: 1]
      [GC Worker Start (ms):  71468517,8]
      [Ext Root Scanning (ms):  0,7]
      [Update RS (ms):  1,3]
         [Processed Buffers:  33]
      [Scan RS (ms):  0,2]
      [Code Root Scanning (ms):  0,0]
      [Object Copy (ms):  11,7]
      [Termination (ms):  0,0]
         [Termination Attempts:  1]
      [GC Worker Other (ms):  0,0]
      [GC Worker Total (ms):  14,0]
      [GC Worker End (ms):  71468531,8]
   [Code Root Fixup: 0,0 ms]
   [Code Root Purge: 0,0 ms]
   [Clear CT: 0,2 ms]
   [Other: 1,0 ms]
      [Choose CSet: 0,0 ms]
      [Ref Proc: 0,8 ms]
      [Ref Enq: 0,0 ms]
      [Redirty Cards: 0,0 ms]
      [Humongous Register: 0,0 ms]
      [Humongous Reclaim: 0,0 ms]
      [Free CSet: 0,1 ms]
   [Eden: 611,0M(611,0M)->0,0B(611,0M) Survivors: 3072,0K->3072,0K Heap: 828,1M(1024,0M)->217,1M(1024,0M)]
 [Times: user=0,01 sys=0,00, real=0,01 secs] 
2016-12-23T18:03:24.331+0100: 71476,154: [GC pause (G1 Evacuation Pause) (young), 0,0116185 secs]
   [Parallel Time: 10,4 ms, GC Workers: 1]
      [GC Worker Start (ms):  71476154,0]
      [Ext Root Scanning (ms):  0,7]
      [Update RS (ms):  1,5]
         [Processed Buffers:  29]
      [Scan RS (ms):  0,2]
      [Code Root Scanning (ms):  0,0]
      [Object Copy (ms):  8,0]
      [Termination (ms):  0,0]
         [Termination Attempts:  1]
      [GC Worker Other (ms):  0,0]
      [GC Worker Total (ms):  10,4]
      [GC Worker End (ms):  71476164,3]
   [Code Root Fixup: 0,0 ms]
   [Code Root Purge: 0,0 ms]
   [Clear CT: 0,1 ms]
   [Other: 1,1 ms]
      [Choose CSet: 0,0 ms]
      [Ref Proc: 0,8 ms]
      [Ref Enq: 0,0 ms]
      [Redirty Cards: 0,0 ms]
      [Humongous Register: 0,0 ms]
      [Humongous Reclaim: 0,0 ms]
      [Free CSet: 0,1 ms]
   [Eden: 611,0M(611,0M)->0,0B(610,0M) Survivors: 3072,0K->4096,0K Heap: 828,1M(1024,0M)->217,6M(1024,0M)]
 [Times: user=0,01 sys=0,00, real=0,02 secs] 
2016-12-23T18:03:32.839+0100: 71484,662: [GC pause (G1 Evacuation Pause) (young), 0,0107833 secs]
   [Parallel Time: 10,3 ms, GC Workers: 1]
      [GC Worker Start (ms):  71484662,4]
      [Ext Root Scanning (ms):  0,7]
      [Update RS (ms):  1,3]
         [Processed Buffers:  33]
      [Scan RS (ms):  0,2]
      [Code Root Scanning (ms):  0,0]
      [Object Copy (ms):  8,1]
      [Termination (ms):  0,0]
         [Termination Attempts:  1]
      [GC Worker Other (ms):  0,0]
      [GC Worker Total (ms):  10,3]
      [GC Worker End (ms):  71484672,8]
   [Code Root Fixup: 0,0 ms]
   [Code Root Purge: 0,0 ms]
   [Clear CT: 0,1 ms]
   [Other: 0,3 ms]
      [Choose CSet: 0,0 ms]
      [Ref Proc: 0,0 ms]
      [Ref Enq: 0,0 ms]
      [Redirty Cards: 0,0 ms]
      [Humongous Register: 0,0 ms]
      [Humongous Reclaim: 0,0 ms]
      [Free CSet: 0,1 ms]
   [Eden: 610,0M(610,0M)->0,0B(610,0M) Survivors: 4096,0K->4096,0K Heap: 827,6M(1024,0M)->217,6M(1024,0M)]
 [Times: user=0,01 sys=0,00, real=0,01 secs] 
2016-12-23T18:15:59.958+0100: 72231,780: [GC pause (G1 Evacuation Pause) (young), 0,0604571 secs]
   [Parallel Time: 59,9 ms, GC Workers: 1]
      [GC Worker Start (ms):  72231780,5]
      [Ext Root Scanning (ms):  0,6]
      [Update RS (ms):  1,4]
         [Processed Buffers:  39]
      [Scan RS (ms):  0,2]
      [Code Root Scanning (ms):  0,0]
      [Object Copy (ms):  57,7]
      [Termination (ms):  0,0]
         [Termination Attempts:  1]
      [GC Worker Other (ms):  0,0]
      [GC Worker Total (ms):  59,9]
      [GC Worker End (ms):  72231840,4]
   [Code Root Fixup: 0,1 ms]
   [Code Root Purge: 0,0 ms]
   [Clear CT: 0,1 ms]
   [Other: 0,4 ms]
      [Choose CSet: 0,0 ms]
      [Ref Proc: 0,1 ms]
      [Ref Enq: 0,0 ms]
      [Redirty Cards: 0,0 ms]
      [Humongous Register: 0,0 ms]
      [Humongous Reclaim: 0,0 ms]
      [Free CSet: 0,1 ms]
   [Eden: 610,0M(610,0M)->0,0B(253,0M) Survivors: 4096,0K->14,0M Heap: 827,6M(1024,0M)->227,6M(1024,0M)]
 [Times: user=0,03 sys=0,00, real=0,06 secs] 
2016-12-23T18:16:03.314+0100: 72235,137: [GC pause (G1 Evacuation Pause) (young), 0,0424491 secs]
   [Parallel Time: 40,0 ms, GC Workers: 1]
      [GC Worker Start (ms):  72235137,5]
      [Ext Root Scanning (ms):  0,6]
      [Update RS (ms):  1,4]
         [Processed Buffers:  31]
      [Scan RS (ms):  0,1]
      [Code Root Scanning (ms):  0,0]
      [Object Copy (ms):  37,8]
      [Termination (ms):  0,0]
         [Termination Attempts:  1]
      [GC Worker Other (ms):  0,0]
      [GC Worker Total (ms):  40,0]
      [GC Worker End (ms):  72235177,4]
   [Code Root Fixup: 0,0 ms]
   [Code Root Purge: 0,0 ms]
   [Clear CT: 0,1 ms]
   [Other: 2,4 ms]
      [Choose CSet: 0,0 ms]
      [Ref Proc: 0,0 ms]
      [Ref Enq: 0,0 ms]
      [Redirty Cards: 0,0 ms]
      [Humongous Register: 0,1 ms]
      [Humongous Reclaim: 0,0 ms]
      [Free CSet: 2,2 ms]
   [Eden: 253,0M(253,0M)->0,0B(37,0M) Survivors: 14,0M->14,0M Heap: 480,6M(1024,0M)->228,1M(1024,0M)]
 [Times: user=0,03 sys=0,00, real=0,04 secs] 
2016-12-23T18:16:03.797+0100: 72235,620: [GC pause (G1 Evacuation Pause) (young), 0,1147812 secs]
   [Parallel Time: 114,5 ms, GC Workers: 1]
      [GC Worker Start (ms):  72235620,1]
      [Ext Root Scanning (ms):  0,9]
      [Update RS (ms):  4,6]
         [Processed Buffers:  28]
      [Scan RS (ms):  0,0]
      [Code Root Scanning (ms):  0,0]
      [Object Copy (ms):  109,0]
      [Termination (ms):  0,0]
         [Termination Attempts:  1]
      [GC Worker Other (ms):  0,0]
      [GC Worker Total (ms):  114,5]
      [GC Worker End (ms):  72235734,5]
   [Code Root Fixup: 0,0 ms]
   [Code Root Purge: 0,0 ms]
   [Clear CT: 0,0 ms]
   [Other: 0,2 ms]
      [Choose CSet: 0,0 ms]
      [Ref Proc: 0,0 ms]
      [Ref Enq: 0,0 ms]
      [Redirty Cards: 0,0 ms]
      [Humongous Register: 0,0 ms]
      [Humongous Reclaim: 0,0 ms]
      [Free CSet: 0,0 ms]
   [Eden: 37,0M(37,0M)->0,0B(294,0M) Survivors: 14,0M->1024,0K Heap: 265,1M(1024,0M)->230,3M(1024,0M)]
 [Times: user=0,02 sys=0,02, real=0,11 secs] 
2016-12-23T18:16:07.333+0100: 72239,156: [GC pause (G1 Evacuation Pause) (young), 0,0180363 secs]
   [Parallel Time: 17,7 ms, GC Workers: 1]
      [GC Worker Start (ms):  72239155,8]
      [Ext Root Scanning (ms):  0,7]
      [Update RS (ms):  12,7]
         [Processed Buffers:  52]
      [Scan RS (ms):  0,4]
      [Code Root Scanning (ms):  0,0]
      [Object Copy (ms):  3,9]
      [Termination (ms):  0,0]
         [Termination Attempts:  1]
      [GC Worker Other (ms):  0,0]
      [GC Worker Total (ms):  17,7]
      [GC Worker End (ms):  72239173,5]
   [Code Root Fixup: 0,0 ms]
   [Code Root Purge: 0,0 ms]
   [Clear CT: 0,1 ms]
   [Other: 0,3 ms]
      [Choose CSet: 0,0 ms]
      [Ref Proc: 0,0 ms]
      [Ref Enq: 0,0 ms]
      [Redirty Cards: 0,0 ms]
      [Humongous Register: 0,0 ms]
      [Humongous Reclaim: 0,0 ms]
      [Free CSet: 0,1 ms]
   [Eden: 278,0M(278,0M)->0,0B(248,0M) Survivors: 1024,0K->2048,0K Heap: 508,3M(1024,0M)->231,3M(1024,0M)]
 [Times: user=0,01 sys=0,00, real=0,02 secs] 
2016-12-23T18:16:10.473+0100: 72242,296: [GC pause (G1 Evacuation Pause) (young), 0,0064331 secs]
   [Parallel Time: 6,1 ms, GC Workers: 1]
      [GC Worker Start (ms):  72242296,4]
      [Ext Root Scanning (ms):  0,7]
      [Update RS (ms):  1,5]
         [Processed Buffers:  31]
      [Scan RS (ms):  0,1]
      [Code Root Scanning (ms):  0,0]
      [Object Copy (ms):  3,9]
      [Termination (ms):  0,0]
         [Termination Attempts:  1]
      [GC Worker Other (ms):  0,0]
      [GC Worker Total (ms):  6,1]
      [GC Worker End (ms):  72242302,6]
   [Code Root Fixup: 0,0 ms]
   [Code Root Purge: 0,0 ms]
   [Clear CT: 0,1 ms]
   [Other: 0,2 ms]
      [Choose CSet: 0,0 ms]
      [Ref Proc: 0,0 ms]
      [Ref Enq: 0,0 ms]
      [Redirty Cards: 0,0 ms]
      [Humongous Register: 0,0 ms]
      [Humongous Reclaim: 0,0 ms]
      [Free CSet: 0,1 ms]
   [Eden: 248,0M(248,0M)->0,0B(269,0M) Survivors: 2048,0K->2048,0K Heap: 479,3M(1024,0M)->231,8M(1024,0M)]
 [Times: user=0,00 sys=0,00, real=0,00 secs] 
2016-12-23T18:16:13.796+0100: 72245,619: [GC pause (G1 Evacuation Pause) (young), 0,0089196 secs]
   [Parallel Time: 8,6 ms, GC Workers: 1]
      [GC Worker Start (ms):  72245619,3]
      [Ext Root Scanning (ms):  0,8]
      [Update RS (ms):  1,5]
         [Processed Buffers:  30]
      [Scan RS (ms):  0,1]
      [Code Root Scanning (ms):  0,0]
      [Object Copy (ms):  6,2]
      [Termination (ms):  0,0]
         [Termination Attempts:  1]
      [GC Worker Other (ms):  0,0]
      [GC Worker Total (ms):  8,6]
      [GC Worker End (ms):  72245627,9]
   [Code Root Fixup: 0,0 ms]
   [Code Root Purge: 0,0 ms]
   [Clear CT: 0,1 ms]
   [Other: 0,2 ms]
      [Choose CSet: 0,0 ms]
      [Ref Proc: 0,0 ms]
      [Ref Enq: 0,0 ms]
      [Redirty Cards: 0,0 ms]
      [Humongous Register: 0,0 ms]
      [Humongous Reclaim: 0,0 ms]
      [Free CSet: 0,1 ms]
   [Eden: 269,0M(269,0M)->0,0B(287,0M) Survivors: 2048,0K->2048,0K Heap: 500,8M(1024,0M)->231,8M(1024,0M)]
 [Times: user=0,01 sys=0,00, real=0,01 secs] 
2016-12-23T18:16:17.849+0100: 72249,672: [GC pause (G1 Evacuation Pause) (young), 0,0078650 secs]
   [Parallel Time: 7,3 ms, GC Workers: 1]
      [GC Worker Start (ms):  72249672,3]
      [Ext Root Scanning (ms):  0,9]
      [Update RS (ms):  1,6]
         [Processed Buffers:  30]
      [Scan RS (ms):  0,1]
      [Code Root Scanning (ms):  0,0]
      [Object Copy (ms):  3,8]
      [Termination (ms):  0,0]
         [Termination Attempts:  1]
      [GC Worker Other (ms):  0,0]
      [GC Worker Total (ms):  6,4]
      [GC Worker End (ms):  72249678,7]
   [Code Root Fixup: 0,0 ms]
   [Code Root Purge: 0,0 ms]
   [Clear CT: 0,3 ms]
   [Other: 0,3 ms]
      [Choose CSet: 0,0 ms]
      [Ref Proc: 0,1 ms]
      [Ref Enq: 0,0 ms]
      [Redirty Cards: 0,0 ms]
      [Humongous Register: 0,0 ms]
      [Humongous Reclaim: 0,0 ms]
      [Free CSet: 0,1 ms]
   [Eden: 287,0M(287,0M)->0,0B(314,0M) Survivors: 2048,0K->2048,0K Heap: 518,8M(1024,0M)->231,8M(1024,0M)]
 [Times: user=0,00 sys=0,00, real=0,01 secs] 
2016-12-23T18:16:41.205+0100: 72273,028: [GC pause (G1 Evacuation Pause) (young), 0,0115547 secs]
   [Parallel Time: 11,2 ms, GC Workers: 1]
      [GC Worker Start (ms):  72273028,4]
      [Ext Root Scanning (ms):  0,7]
      [Update RS (ms):  2,0]
         [Processed Buffers:  38]
      [Scan RS (ms):  0,1]
      [Code Root Scanning (ms):  0,0]
      [Object Copy (ms):  5,2]
      [Termination (ms):  0,0]
         [Termination Attempts:  1]
      [GC Worker Other (ms):  0,0]
      [GC Worker Total (ms):  7,9]
      [GC Worker End (ms):  72273036,3]
   [Code Root Fixup: 0,0 ms]
   [Code Root Purge: 0,0 ms]
   [Clear CT: 0,1 ms]
   [Other: 0,3 ms]
      [Choose CSet: 0,0 ms]
      [Ref Proc: 0,0 ms]
      [Ref Enq: 0,0 ms]
      [Redirty Cards: 0,0 ms]
      [Humongous Register: 0,0 ms]
      [Humongous Reclaim: 0,0 ms]
      [Free CSet: 0,1 ms]
   [Eden: 314,0M(314,0M)->0,0B(320,0M) Survivors: 2048,0K->3072,0K Heap: 545,8M(1024,0M)->232,8M(1024,0M)]
 [Times: user=0,01 sys=0,00, real=0,01 secs] 
2016-12-23T18:16:45.179+0100: 72277,002: [GC pause (G1 Evacuation Pause) (young), 0,0122836 secs]
   [Parallel Time: 11,9 ms, GC Workers: 1]
      [GC Worker Start (ms):  72277002,4]
      [Ext Root Scanning (ms):  0,7]
      [Update RS (ms):  2,0]
         [Processed Buffers:  31]
      [Scan RS (ms):  0,1]
      [Code Root Scanning (ms):  0,0]
      [Object Copy (ms):  9,1]
      [Termination (ms):  0,0]
         [Termination Attempts:  1]
      [GC Worker Other (ms):  0,0]
      [GC Worker Total (ms):  11,9]
      [GC Worker End (ms):  72277014,3]
   [Code Root Fixup: 0,0 ms]
   [Code Root Purge: 0,0 ms]
   [Clear CT: 0,1 ms]
   [Other: 0,3 ms]
      [Choose CSet: 0,0 ms]
      [Ref Proc: 0,0 ms]
      [Ref Enq: 0,0 ms]
      [Redirty Cards: 0,0 ms]
      [Humongous Register: 0,0 ms]
      [Humongous Reclaim: 0,0 ms]
      [Free CSet: 0,1 ms]
   [Eden: 320,0M(320,0M)->0,0B(338,0M) Survivors: 3072,0K->3072,0K Heap: 552,8M(1024,0M)->232,8M(1024,0M)]
 [Times: user=0,01 sys=0,00, real=0,01 secs] 
2016-12-23T18:16:49.816+0100: 72281,639: [GC pause (G1 Evacuation Pause) (young), 0,0117798 secs]
   [Parallel Time: 11,4 ms, GC Workers: 1]
      [GC Worker Start (ms):  72281638,9]
      [Ext Root Scanning (ms):  1,2]
      [Update RS (ms):  1,7]
         [Processed Buffers:  31]
      [Scan RS (ms):  0,1]
      [Code Root Scanning (ms):  0,0]
      [Object Copy (ms):  8,4]
      [Termination (ms):  0,0]
         [Termination Attempts:  1]
      [GC Worker Other (ms):  0,0]
      [GC Worker Total (ms):  11,4]
      [GC Worker End (ms):  72281650,3]
   [Code Root Fixup: 0,0 ms]
   [Code Root Purge: 0,0 ms]
   [Clear CT: 0,1 ms]
   [Other: 0,2 ms]
      [Choose CSet: 0,0 ms]
      [Ref Proc: 0,0 ms]
      [Ref Enq: 0,0 ms]
      [Redirty Cards: 0,0 ms]
      [Humongous Register: 0,0 ms]
      [Humongous Reclaim: 0,0 ms]
      [Free CSet: 0,1 ms]
   [Eden: 338,0M(338,0M)->0,0B(369,0M) Survivors: 3072,0K->4096,0K Heap: 570,8M(1024,0M)->233,3M(1024,0M)]
 [Times: user=0,01 sys=0,00, real=0,01 secs] 
2016-12-23T18:16:54.496+0100: 72286,319: [GC pause (G1 Evacuation Pause) (young), 0,0141927 secs]
   [Parallel Time: 13,8 ms, GC Workers: 1]
      [GC Worker Start (ms):  72286318,6]
      [Ext Root Scanning (ms):  0,7]
      [Update RS (ms):  1,8]
         [Processed Buffers:  32]
      [Scan RS (ms):  0,1]
      [Code Root Scanning (ms):  0,0]
      [Object Copy (ms):  11,2]
      [Termination (ms):  0,0]
         [Termination Attempts:  1]
      [GC Worker Other (ms):  0,0]
      [GC Worker Total (ms):  13,8]
      [GC Worker End (ms):  72286332,5]
   [Code Root Fixup: 0,0 ms]
   [Code Root Purge: 0,0 ms]
   [Clear CT: 0,1 ms]
   [Other: 0,2 ms]
      [Choose CSet: 0,0 ms]
      [Ref Proc: 0,0 ms]
      [Ref Enq: 0,0 ms]
      [Redirty Cards: 0,0 ms]
      [Humongous Register: 0,0 ms]
      [Humongous Reclaim: 0,0 ms]
      [Free CSet: 0,1 ms]
   [Eden: 369,0M(369,0M)->0,0B(389,0M) Survivors: 4096,0K->4096,0K Heap: 602,3M(1024,0M)->233,3M(1024,0M)]
 [Times: user=0,01 sys=0,00, real=0,01 secs] 
2016-12-23T18:16:59.606+0100: 72291,429: [GC pause (G1 Evacuation Pause) (young), 0,0162252 secs]
   [Parallel Time: 15,8 ms, GC Workers: 1]
      [GC Worker Start (ms):  72291429,5]
      [Ext Root Scanning (ms):  0,7]
      [Update RS (ms):  4,9]
         [Processed Buffers:  31]
      [Scan RS (ms):  0,1]
      [Code Root Scanning (ms):  0,0]
      [Object Copy (ms):  10,0]
      [Termination (ms):  0,0]
         [Termination Attempts:  1]
      [GC Worker Other (ms):  0,0]
      [GC Worker Total (ms):  15,8]
      [GC Worker End (ms):  72291445,3]
   [Code Root Fixup: 0,0 ms]
   [Code Root Purge: 0,0 ms]
   [Clear CT: 0,1 ms]
   [Other: 0,3 ms]
      [Choose CSet: 0,0 ms]
      [Ref Proc: 0,0 ms]
      [Ref Enq: 0,0 ms]
      [Redirty Cards: 0,0 ms]
      [Humongous Register: 0,0 ms]
      [Humongous Reclaim: 0,0 ms]
      [Free CSet: 0,1 ms]
   [Eden: 389,0M(389,0M)->0,0B(388,0M) Survivors: 4096,0K->4096,0K Heap: 622,3M(1024,0M)->233,8M(1024,0M)]
 [Times: user=0,00 sys=0,00, real=0,02 secs] 
2016-12-23T18:17:04.377+0100: 72296,200: [GC pause (G1 Evacuation Pause) (young), 0,0183786 secs]
   [Parallel Time: 18,0 ms, GC Workers: 1]
      [GC Worker Start (ms):  72296200,3]
      [Ext Root Scanning (ms):  1,2]
      [Update RS (ms):  4,7]
         [Processed Buffers:  29]
      [Scan RS (ms):  0,1]
      [Code Root Scanning (ms):  0,0]
      [Object Copy (ms):  9,4]
      [Termination (ms):  0,0]
         [Termination Attempts:  1]
      [GC Worker Other (ms):  0,0]
      [GC Worker Total (ms):  15,4]
      [GC Worker End (ms):  72296215,7]
   [Code Root Fixup: 0,0 ms]
   [Code Root Purge: 0,0 ms]
   [Clear CT: 0,1 ms]
   [Other: 0,2 ms]
      [Choose CSet: 0,0 ms]
      [Ref Proc: 0,0 ms]
      [Ref Enq: 0,0 ms]
      [Redirty Cards: 0,0 ms]
      [Humongous Register: 0,0 ms]
      [Humongous Reclaim: 0,0 ms]
      [Free CSet: 0,1 ms]
   [Eden: 388,0M(388,0M)->0,0B(374,0M) Survivors: 4096,0K->4096,0K Heap: 621,8M(1024,0M)->233,8M(1024,0M)]
 [Times: user=0,01 sys=0,00, real=0,02 secs] 
2016-12-23T18:17:09.179+0100: 72301,002: [GC pause (G1 Evacuation Pause) (young), 0,0177052 secs]
   [Parallel Time: 17,3 ms, GC Workers: 1]
      [GC Worker Start (ms):  72301002,2]
      [Ext Root Scanning (ms):  0,7]
      [Update RS (ms):  2,0]
         [Processed Buffers:  30]
      [Scan RS (ms):  0,1]
      [Code Root Scanning (ms):  0,0]
      [Object Copy (ms):  10,4]
      [Termination (ms):  0,0]
         [Termination Attempts:  1]
      [GC Worker Other (ms):  0,0]
      [GC Worker Total (ms):  13,2]
      [GC Worker End (ms):  72301015,4]
   [Code Root Fixup: 0,0 ms]
   [Code Root Purge: 0,0 ms]
   [Clear CT: 0,1 ms]
   [Other: 0,3 ms]
      [Choose CSet: 0,0 ms]
      [Ref Proc: 0,0 ms]
      [Ref Enq: 0,0 ms]
      [Redirty Cards: 0,0 ms]
      [Humongous Register: 0,0 ms]
      [Humongous Reclaim: 0,0 ms]
      [Free CSet: 0,2 ms]
   [Eden: 374,0M(374,0M)->0,0B(369,0M) Survivors: 4096,0K->5120,0K Heap: 607,8M(1024,0M)->234,3M(1024,0M)]
 [Times: user=0,02 sys=0,00, real=0,02 secs] 
2016-12-23T18:17:13.997+0100: 72305,820: [GC pause (G1 Evacuation Pause) (young), 0,0165214 secs]
   [Parallel Time: 16,1 ms, GC Workers: 1]
      [GC Worker Start (ms):  72305820,2]
      [Ext Root Scanning (ms):  0,9]
      [Update RS (ms):  1,9]
         [Processed Buffers:  32]
      [Scan RS (ms):  0,1]
      [Code Root Scanning (ms):  0,0]
      [Object Copy (ms):  13,2]
      [Termination (ms):  0,0]
         [Termination Attempts:  1]
      [GC Worker Other (ms):  0,1]
      [GC Worker Total (ms):  16,1]
      [GC Worker End (ms):  72305836,3]
   [Code Root Fixup: 0,0 ms]
   [Code Root Purge: 0,0 ms]
   [Clear CT: 0,1 ms]
   [Other: 0,3 ms]
      [Choose CSet: 0,0 ms]
      [Ref Proc: 0,0 ms]
      [Ref Enq: 0,0 ms]
      [Redirty Cards: 0,0 ms]
      [Humongous Register: 0,0 ms]
      [Humongous Reclaim: 0,0 ms]
      [Free CSet: 0,1 ms]
   [Eden: 369,0M(369,0M)->0,0B(394,0M) Survivors: 5120,0K->5120,0K Heap: 603,3M(1024,0M)->234,3M(1024,0M)]
 [Times: user=0,01 sys=0,00, real=0,02 secs] 
2016-12-23T18:17:19.051+0100: 72310,874: [GC pause (G1 Evacuation Pause) (young), 0,0179443 secs]
   [Parallel Time: 17,6 ms, GC Workers: 1]
      [GC Worker Start (ms):  72310874,4]
      [Ext Root Scanning (ms):  0,6]
      [Update RS (ms):  1,9]
         [Processed Buffers:  32]
      [Scan RS (ms):  0,1]
      [Code Root Scanning (ms):  0,0]
      [Object Copy (ms):  12,8]
      [Termination (ms):  0,0]
         [Termination Attempts:  1]
      [GC Worker Other (ms):  0,0]
      [GC Worker Total (ms):  15,4]
      [GC Worker End (ms):  72310889,8]
   [Code Root Fixup: 0,0 ms]
   [Code Root Purge: 0,0 ms]
   [Clear CT: 0,1 ms]
   [Other: 0,3 ms]
      [Choose CSet: 0,0 ms]
      [Ref Proc: 0,0 ms]
      [Ref Enq: 0,0 ms]
      [Redirty Cards: 0,0 ms]
      [Humongous Register: 0,0 ms]
      [Humongous Reclaim: 0,0 ms]
      [Free CSet: 0,1 ms]
   [Eden: 394,0M(394,0M)->0,0B(406,0M) Survivors: 5120,0K->5120,0K Heap: 628,3M(1024,0M)->234,8M(1024,0M)]
 [Times: user=0,01 sys=0,00, real=0,02 secs] 
2016-12-23T18:17:24.470+0100: 72316,293: [GC pause (G1 Evacuation Pause) (young), 0,0310853 secs]
   [Parallel Time: 30,7 ms, GC Workers: 1]
      [GC Worker Start (ms):  72316293,5]
      [Ext Root Scanning (ms):  0,7]
      [Update RS (ms):  1,9]
         [Processed Buffers:  33]
      [Scan RS (ms):  0,1]
      [Code Root Scanning (ms):  0,0]
      [Object Copy (ms):  28,0]
      [Termination (ms):  0,0]
         [Termination Attempts:  1]
      [GC Worker Other (ms):  0,0]
      [GC Worker Total (ms):  30,7]
      [GC Worker End (ms):  72316324,2]
   [Code Root Fixup: 0,0 ms]
   [Code Root Purge: 0,0 ms]
   [Clear CT: 0,1 ms]
   [Other: 0,2 ms]
      [Choose CSet: 0,0 ms]
      [Ref Proc: 0,0 ms]
      [Ref Enq: 0,0 ms]
      [Redirty Cards: 0,0 ms]
      [Humongous Register: 0,0 ms]
      [Humongous Reclaim: 0,0 ms]
      [Free CSet: 0,1 ms]
   [Eden: 406,0M(406,0M)->0,0B(46,0M) Survivors: 5120,0K->5120,0K Heap: 640,8M(1024,0M)->234,7M(1024,0M)]
 [Times: user=0,01 sys=0,01, real=0,04 secs] 
2016-12-23T18:17:25.154+0100: 72316,977: [GC pause (G1 Evacuation Pause) (young), 0,0270832 secs]
   [Parallel Time: 26,6 ms, GC Workers: 1]
      [GC Worker Start (ms):  72316976,6]
      [Ext Root Scanning (ms):  0,7]
      [Update RS (ms):  4,3]
         [Processed Buffers:  30]
      [Scan RS (ms):  0,0]
      [Code Root Scanning (ms):  0,0]
      [Object Copy (ms):  21,6]
      [Termination (ms):  0,0]
         [Termination Attempts:  1]
      [GC Worker Other (ms):  0,0]
      [GC Worker Total (ms):  26,6]
      [GC Worker End (ms):  72317003,2]
   [Code Root Fixup: 0,0 ms]
   [Code Root Purge: 0,0 ms]
   [Clear CT: 0,0 ms]
   [Other: 0,4 ms]
      [Choose CSet: 0,0 ms]
      [Ref Proc: 0,0 ms]
      [Ref Enq: 0,0 ms]
      [Redirty Cards: 0,0 ms]
      [Humongous Register: 0,0 ms]
      [Humongous Reclaim: 0,0 ms]
      [Free CSet: 0,1 ms]
   [Eden: 46,0M(46,0M)->0,0B(47,0M) Survivors: 5120,0K->4096,0K Heap: 280,7M(1024,0M)->234,8M(1024,0M)]
 [Times: user=0,01 sys=0,00, real=0,03 secs] 
2016-12-23T18:17:25.662+0100: 72317,485: [GC pause (G1 Evacuation Pause) (young), 0,0274746 secs]
   [Parallel Time: 27,2 ms, GC Workers: 1]
      [GC Worker Start (ms):  72317484,9]
      [Ext Root Scanning (ms):  0,7]
      [Update RS (ms):  5,1]
         [Processed Buffers:  31]
      [Scan RS (ms):  0,0]
      [Code Root Scanning (ms):  0,0]
      [Object Copy (ms):  8,3]
      [Termination (ms):  0,0]
         [Termination Attempts:  1]
      [GC Worker Other (ms):  0,0]
      [GC Worker Total (ms):  14,2]
      [GC Worker End (ms):  72317499,1]
   [Code Root Fixup: 0,0 ms]
   [Code Root Purge: 0,0 ms]
   [Clear CT: 0,0 ms]
   [Other: 0,2 ms]
      [Choose CSet: 0,0 ms]
      [Ref Proc: 0,0 ms]
      [Ref Enq: 0,0 ms]
      [Redirty Cards: 0,0 ms]
      [Humongous Register: 0,0 ms]
      [Humongous Reclaim: 0,0 ms]
      [Free CSet: 0,0 ms]
   [Eden: 47,0M(47,0M)->0,0B(47,0M) Survivors: 4096,0K->4096,0K Heap: 281,8M(1024,0M)->235,3M(1024,0M)]
 [Times: user=0,02 sys=0,00, real=0,02 secs] 
2016-12-23T18:17:26.659+0100: 72318,482: [GC pause (G1 Evacuation Pause) (young), 0,0153953 secs]
   [Parallel Time: 15,1 ms, GC Workers: 1]
      [GC Worker Start (ms):  72318481,9]
      [Ext Root Scanning (ms):  0,7]
      [Update RS (ms):  2,3]
         [Processed Buffers:  26]
      [Scan RS (ms):  0,0]
      [Code Root Scanning (ms):  0,0]
      [Object Copy (ms):  12,1]
      [Termination (ms):  0,0]
         [Termination Attempts:  1]
      [GC Worker Other (ms):  0,0]
      [GC Worker Total (ms):  15,1]
      [GC Worker End (ms):  72318497,0]
   [Code Root Fixup: 0,0 ms]
   [Code Root Purge: 0,0 ms]
   [Clear CT: 0,0 ms]
   [Other: 0,2 ms]
      [Choose CSet: 0,0 ms]
      [Ref Proc: 0,0 ms]
      [Ref Enq: 0,0 ms]
      [Redirty Cards: 0,0 ms]
      [Humongous Register: 0,0 ms]
      [Humongous Reclaim: 0,0 ms]
      [Free CSet: 0,1 ms]
   [Eden: 47,0M(47,0M)->0,0B(47,0M) Survivors: 4096,0K->4096,0K Heap: 282,3M(1024,0M)->234,8M(1024,0M)]
 [Times: user=0,01 sys=0,00, real=0,02 secs] 
2016-12-23T18:17:27.121+0100: 72318,944: [GC pause (G1 Evacuation Pause) (young), 0,0313449 secs]
   [Parallel Time: 29,4 ms, GC Workers: 1]
      [GC Worker Start (ms):  72318943,7]
      [Ext Root Scanning (ms):  0,7]
      [Update RS (ms):  2,3]
         [Processed Buffers:  27]
      [Scan RS (ms):  0,0]
      [Code Root Scanning (ms):  0,0]
      [Object Copy (ms):  26,4]
      [Termination (ms):  0,0]
         [Termination Attempts:  1]
      [GC Worker Other (ms):  0,0]
      [GC Worker Total (ms):  29,4]
      [GC Worker End (ms):  72318973,1]
   [Code Root Fixup: 0,0 ms]
   [Code Root Purge: 0,0 ms]
   [Clear CT: 0,0 ms]
   [Other: 1,9 ms]
      [Choose CSet: 0,0 ms]
      [Ref Proc: 0,0 ms]
      [Ref Enq: 0,0 ms]
      [Redirty Cards: 0,0 ms]
      [Humongous Register: 0,0 ms]
      [Humongous Reclaim: 0,0 ms]
      [Free CSet: 0,0 ms]
   [Eden: 47,0M(47,0M)->0,0B(47,0M) Survivors: 4096,0K->4096,0K Heap: 281,8M(1024,0M)->235,1M(1024,0M)]
 [Times: user=0,01 sys=0,00, real=0,02 secs] 
2016-12-23T18:17:27.727+0100: 72319,549: [GC pause (G1 Evacuation Pause) (young), 0,0182433 secs]
   [Parallel Time: 17,8 ms, GC Workers: 1]
      [GC Worker Start (ms):  72319549,5]
      [Ext Root Scanning (ms):  0,7]
      [Update RS (ms):  2,6]
         [Processed Buffers:  30]
      [Scan RS (ms):  0,0]
      [Code Root Scanning (ms):  0,0]
      [Object Copy (ms):  14,4]
      [Termination (ms):  0,0]
         [Termination Attempts:  1]
      [GC Worker Other (ms):  0,0]
      [GC Worker Total (ms):  17,8]
      [GC Worker End (ms):  72319567,3]
   [Code Root Fixup: 0,0 ms]
   [Code Root Purge: 0,0 ms]
   [Clear CT: 0,0 ms]
   [Other: 0,4 ms]
      [Choose CSet: 0,0 ms]
      [Ref Proc: 0,0 ms]
      [Ref Enq: 0,0 ms]
      [Redirty Cards: 0,0 ms]
      [Humongous Register: 0,0 ms]
      [Humongous Reclaim: 0,0 ms]
      [Free CSet: 0,0 ms]
   [Eden: 47,0M(47,0M)->0,0B(47,0M) Survivors: 4096,0K->4096,0K Heap: 282,1M(1024,0M)->235,4M(1024,0M)]
 [Times: user=0,01 sys=0,01, real=0,02 secs] 
2016-12-23T18:17:28.298+0100: 72320,121: [GC pause (G1 Evacuation Pause) (young), 0,0178974 secs]
   [Parallel Time: 17,4 ms, GC Workers: 1]
      [GC Worker Start (ms):  72320121,0]
      [Ext Root Scanning (ms):  0,7]
      [Update RS (ms):  4,1]
         [Processed Buffers:  31]
      [Scan RS (ms):  0,0]
      [Code Root Scanning (ms):  0,0]
      [Object Copy (ms):  12,5]
      [Termination (ms):  0,0]
         [Termination Attempts:  1]
      [GC Worker Other (ms):  0,0]
      [GC Worker Total (ms):  17,4]
      [GC Worker End (ms):  72320138,4]
   [Code Root Fixup: 0,0 ms]
   [Code Root Purge: 0,0 ms]
   [Clear CT: 0,0 ms]
   [Other: 0,5 ms]
      [Choose CSet: 0,0 ms]
      [Ref Proc: 0,0 ms]
      [Ref Enq: 0,0 ms]
      [Redirty Cards: 0,0 ms]
      [Humongous Register: 0,0 ms]
      [Humongous Reclaim: 0,0 ms]
      [Free CSet: 0,0 ms]
   [Eden: 47,0M(47,0M)->0,0B(127,0M) Survivors: 4096,0K->3072,0K Heap: 282,4M(1024,0M)->235,2M(1024,0M)]
 [Times: user=0,01 sys=0,01, real=0,02 secs] 
2016-12-23T18:17:28.735+0100: 72320,558: [GC pause (G1 Evacuation Pause) (young), 0,0269845 secs]
   [Parallel Time: 26,3 ms, GC Workers: 1]
      [GC Worker Start (ms):  72320557,9]
      [Ext Root Scanning (ms):  0,7]
      [Update RS (ms):  3,0]
         [Processed Buffers:  28]
      [Scan RS (ms):  0,6]
      [Code Root Scanning (ms):  0,0]
      [Object Copy (ms):  22,0]
      [Termination (ms):  0,0]
         [Termination Attempts:  1]
      [GC Worker Other (ms):  0,0]
      [GC Worker Total (ms):  26,3]
      [GC Worker End (ms):  72320584,1]
   [Code Root Fixup: 0,0 ms]
   [Code Root Purge: 0,0 ms]
   [Clear CT: 0,0 ms]
   [Other: 0,6 ms]
      [Choose CSet: 0,0 ms]
      [Ref Proc: 0,0 ms]
      [Ref Enq: 0,0 ms]
      [Redirty Cards: 0,0 ms]
      [Humongous Register: 0,0 ms]
      [Humongous Reclaim: 0,0 ms]
      [Free CSet: 0,0 ms]
   [Eden: 48,0M(48,0M)->0,0B(48,0M) Survivors: 3072,0K->3072,0K Heap: 283,2M(1024,0M)->236,0M(1024,0M)]
 [Times: user=0,01 sys=0,00, real=0,03 secs] 
2016-12-23T18:17:29.427+0100: 72321,249: [GC pause (G1 Evacuation Pause) (young), 0,0235973 secs]
   [Parallel Time: 22,9 ms, GC Workers: 1]
      [GC Worker Start (ms):  72321249,5]
      [Ext Root Scanning (ms):  0,7]
      [Update RS (ms):  2,7]
         [Processed Buffers:  25]
      [Scan RS (ms):  0,5]
      [Code Root Scanning (ms):  0,0]
      [Object Copy (ms):  19,0]
      [Termination (ms):  0,0]
         [Termination Attempts:  1]
      [GC Worker Other (ms):  0,0]
      [GC Worker Total (ms):  22,9]
      [GC Worker End (ms):  72321272,4]
   [Code Root Fixup: 0,0 ms]
   [Code Root Purge: 0,0 ms]
   [Clear CT: 0,0 ms]
   [Other: 0,6 ms]
      [Choose CSet: 0,0 ms]
      [Ref Proc: 0,0 ms]
      [Ref Enq: 0,0 ms]
      [Redirty Cards: 0,0 ms]
      [Humongous Register: 0,0 ms]
      [Humongous Reclaim: 0,0 ms]
      [Free CSet: 0,0 ms]
   [Eden: 48,0M(48,0M)->0,0B(49,0M) Survivors: 3072,0K->2048,0K Heap: 284,0M(1024,0M)->235,9M(1024,0M)]
 [Times: user=0,00 sys=0,00, real=0,02 secs] 
2016-12-23T18:17:29.904+0100: 72321,726: [GC pause (G1 Evacuation Pause) (young), 0,0200491 secs]
   [Parallel Time: 19,5 ms, GC Workers: 1]
      [GC Worker Start (ms):  72321726,5]
      [Ext Root Scanning (ms):  0,8]
      [Update RS (ms):  5,9]
         [Processed Buffers:  24]
      [Scan RS (ms):  0,8]
      [Code Root Scanning (ms):  0,0]
      [Object Copy (ms):  12,0]
      [Termination (ms):  0,0]
         [Termination Attempts:  1]
      [GC Worker Other (ms):  0,0]
      [GC Worker Total (ms):  19,5]
      [GC Worker End (ms):  72321746,0]
   [Code Root Fixup: 0,0 ms]
   [Code Root Purge: 0,0 ms]
   [Clear CT: 0,0 ms]
   [Other: 0,5 ms]
      [Choose CSet: 0,0 ms]
      [Ref Proc: 0,0 ms]
      [Ref Enq: 0,0 ms]
      [Redirty Cards: 0,0 ms]
      [Humongous Register: 0,0 ms]
      [Humongous Reclaim: 0,0 ms]
      [Free CSet: 0,0 ms]
   [Eden: 49,0M(49,0M)->0,0B(49,0M) Survivors: 2048,0K->2048,0K Heap: 284,9M(1024,0M)->236,3M(1024,0M)]
 [Times: user=0,01 sys=0,00, real=0,02 secs] 
2016-12-23T18:17:30.660+0100: 72322,482: [GC pause (G1 Evacuation Pause) (young), 0,0177838 secs]
   [Parallel Time: 17,2 ms, GC Workers: 1]
      [GC Worker Start (ms):  72322482,5]
      [Ext Root Scanning (ms):  0,7]
      [Update RS (ms):  2,6]
         [Processed Buffers:  27]
      [Scan RS (ms):  1,1]
      [Code Root Scanning (ms):  0,0]
      [Object Copy (ms):  12,8]
      [Termination (ms):  0,0]
         [Termination Attempts:  1]
      [GC Worker Other (ms):  0,0]
      [GC Worker Total (ms):  17,2]
      [GC Worker End (ms):  72322499,7]
   [Code Root Fixup: 0,0 ms]
   [Code Root Purge: 0,0 ms]
   [Clear CT: 0,0 ms]
   [Other: 0,5 ms]
      [Choose CSet: 0,0 ms]
      [Ref Proc: 0,0 ms]
      [Ref Enq: 0,0 ms]
      [Redirty Cards: 0,0 ms]
      [Humongous Register: 0,0 ms]
      [Humongous Reclaim: 0,0 ms]
      [Free CSet: 0,0 ms]
   [Eden: 49,0M(49,0M)->0,0B(48,0M) Survivors: 2048,0K->3072,0K Heap: 285,3M(1024,0M)->237,2M(1024,0M)]
 [Times: user=0,01 sys=0,00, real=0,02 secs] 
2016-12-23T18:17:31.430+0100: 72323,253: [GC pause (G1 Evacuation Pause) (young), 0,0277252 secs]
   [Parallel Time: 26,8 ms, GC Workers: 1]
      [GC Worker Start (ms):  72323253,2]
      [Ext Root Scanning (ms):  0,7]
      [Update RS (ms):  2,4]
         [Processed Buffers:  24]
      [Scan RS (ms):  0,8]
      [Code Root Scanning (ms):  0,0]
      [Object Copy (ms):  22,8]
      [Termination (ms):  0,0]
         [Termination Attempts:  1]
      [GC Worker Other (ms):  0,0]
      [GC Worker Total (ms):  26,8]
      [GC Worker End (ms):  72323279,9]
   [Code Root Fixup: 0,0 ms]
   [Code Root Purge: 0,0 ms]
   [Clear CT: 0,0 ms]
   [Other: 0,9 ms]
      [Choose CSet: 0,0 ms]
      [Ref Proc: 0,0 ms]
      [Ref Enq: 0,0 ms]
      [Redirty Cards: 0,0 ms]
      [Humongous Register: 0,0 ms]
      [Humongous Reclaim: 0,0 ms]
      [Free CSet: 0,0 ms]
   [Eden: 48,0M(48,0M)->0,0B(49,0M) Survivors: 3072,0K->2048,0K Heap: 285,2M(1024,0M)->236,7M(1024,0M)]
 [Times: user=0,01 sys=0,00, real=0,03 secs] 
2016-12-23T18:17:31.928+0100: 72323,751: [GC pause (G1 Evacuation Pause) (young), 0,0156440 secs]
   [Parallel Time: 14,4 ms, GC Workers: 1]
      [GC Worker Start (ms):  72323751,4]
      [Ext Root Scanning (ms):  0,8]
      [Update RS (ms):  4,2]
         [Processed Buffers:  20]
      [Scan RS (ms):  1,3]
      [Code Root Scanning (ms):  0,0]
      [Object Copy (ms):  8,1]
      [Termination (ms):  0,0]
         [Termination Attempts:  1]
      [GC Worker Other (ms):  0,0]
      [GC Worker Total (ms):  14,4]
      [GC Worker End (ms):  72323765,8]
   [Code Root Fixup: 0,0 ms]
   [Code Root Purge: 0,0 ms]
   [Clear CT: 0,0 ms]
   [Other: 1,2 ms]
      [Choose CSet: 0,0 ms]
      [Ref Proc: 0,0 ms]
      [Ref Enq: 0,0 ms]
      [Redirty Cards: 0,0 ms]
      [Humongous Register: 0,0 ms]
      [Humongous Reclaim: 0,0 ms]
      [Free CSet: 0,1 ms]
   [Eden: 49,0M(49,0M)->0,0B(116,0M) Survivors: 2048,0K->2048,0K Heap: 285,7M(1024,0M)->237,1M(1024,0M)]
 [Times: user=0,01 sys=0,00, real=0,02 secs] 
2016-12-23T18:17:32.557+0100: 72324,380: [GC pause (G1 Evacuation Pause) (young), 0,0133712 secs]
   [Parallel Time: 12,7 ms, GC Workers: 1]
      [GC Worker Start (ms):  72324379,9]
      [Ext Root Scanning (ms):  0,7]
      [Update RS (ms):  2,3]
         [Processed Buffers:  21]
      [Scan RS (ms):  1,3]
      [Code Root Scanning (ms):  0,0]
      [Object Copy (ms):  8,5]
      [Termination (ms):  0,0]
         [Termination Attempts:  1]
      [GC Worker Other (ms):  0,0]
      [GC Worker Total (ms):  12,7]
      [GC Worker End (ms):  72324392,6]
   [Code Root Fixup: 0,0 ms]
   [Code Root Purge: 0,0 ms]
   [Clear CT: 0,0 ms]
   [Other: 0,6 ms]
      [Choose CSet: 0,0 ms]
      [Ref Proc: 0,0 ms]
      [Ref Enq: 0,0 ms]
      [Redirty Cards: 0,0 ms]
      [Humongous Register: 0,0 ms]
      [Humongous Reclaim: 0,0 ms]
      [Free CSet: 0,0 ms]
   [Eden: 49,0M(49,0M)->0,0B(563,0M) Survivors: 2048,0K->1024,0K Heap: 286,1M(1024,0M)->236,9M(1024,0M)]
 [Times: user=0,00 sys=0,01, real=0,01 secs] 
2016-12-23T18:17:36.883+0100: 72328,705: [GC pause (G1 Evacuation Pause) (young), 0,0221407 secs]
   [Parallel Time: 21,4 ms, GC Workers: 1]
      [GC Worker Start (ms):  72328705,5]
      [Ext Root Scanning (ms):  0,7]
      [Update RS (ms):  2,2]
         [Processed Buffers:  23]
      [Scan RS (ms):  2,1]
      [Code Root Scanning (ms):  0,0]
      [Object Copy (ms):  16,3]
      [Termination (ms):  0,0]
         [Termination Attempts:  1]
      [GC Worker Other (ms):  0,0]
      [GC Worker Total (ms):  21,4]
      [GC Worker End (ms):  72328726,9]
   [Code Root Fixup: 0,0 ms]
   [Code Root Purge: 0,0 ms]
   [Clear CT: 0,1 ms]
   [Other: 0,6 ms]
      [Choose CSet: 0,0 ms]
      [Ref Proc: 0,0 ms]
      [Ref Enq: 0,0 ms]
      [Redirty Cards: 0,0 ms]
      [Humongous Register: 0,0 ms]
      [Humongous Reclaim: 0,0 ms]
      [Free CSet: 0,1 ms]
   [Eden: 289,0M(150,0M)->0,0B(231,0M) Survivors: 1024,0K->2048,0K Heap: 525,9M(1024,0M)->238,0M(1024,0M)]
 [Times: user=0,01 sys=0,00, real=0,02 secs] 
2016-12-23T18:17:40.218+0100: 72332,041: [GC pause (G1 Evacuation Pause) (young), 0,0255716 secs]
   [Parallel Time: 23,0 ms, GC Workers: 1]
      [GC Worker Start (ms):  72332041,2]
      [Ext Root Scanning (ms):  0,7]
      [Update RS (ms):  2,4]
         [Processed Buffers:  25]
      [Scan RS (ms):  2,0]
      [Code Root Scanning (ms):  0,0]
      [Object Copy (ms):  17,9]
      [Termination (ms):  0,0]
         [Termination Attempts:  1]
      [GC Worker Other (ms):  0,0]
      [GC Worker Total (ms):  23,0]
      [GC Worker End (ms):  72332064,2]
   [Code Root Fixup: 0,0 ms]
   [Code Root Purge: 0,0 ms]
   [Clear CT: 0,0 ms]
   [Other: 2,5 ms]
      [Choose CSet: 0,0 ms]
      [Ref Proc: 0,0 ms]
      [Ref Enq: 0,0 ms]
      [Redirty Cards: 0,0 ms]
      [Humongous Register: 0,0 ms]
      [Humongous Reclaim: 0,0 ms]
      [Free CSet: 0,1 ms]
   [Eden: 158,0M(49,0M)->0,0B(121,0M) Survivors: 2048,0K->2048,0K Heap: 396,0M(1024,0M)->238,3M(1024,0M)]
 [Times: user=0,01 sys=0,00, real=0,03 secs] 
2016-12-23T18:18:43.643+0100: 72395,466: [GC pause (G1 Evacuation Pause) (young), 0,0205828 secs]
   [Parallel Time: 19,8 ms, GC Workers: 1]
      [GC Worker Start (ms):  72395465,9]
      [Ext Root Scanning (ms):  0,7]
      [Update RS (ms):  2,3]
         [Processed Buffers:  38]
      [Scan RS (ms):  5,6]
      [Code Root Scanning (ms):  0,0]
      [Object Copy (ms):  8,8]
      [Termination (ms):  0,0]
         [Termination Attempts:  1]
      [GC Worker Other (ms):  0,0]
      [GC Worker Total (ms):  17,4]
      [GC Worker End (ms):  72395483,3]
   [Code Root Fixup: 0,1 ms]
   [Code Root Purge: 0,0 ms]
   [Clear CT: 0,0 ms]
   [Other: 0,7 ms]
      [Choose CSet: 0,0 ms]
      [Ref Proc: 0,0 ms]
      [Ref Enq: 0,0 ms]
      [Redirty Cards: 0,0 ms]
      [Humongous Register: 0,0 ms]
      [Humongous Reclaim: 0,0 ms]
      [Free CSet: 0,0 ms]
   [Eden: 49,0M(49,0M)->0,0B(48,0M) Survivors: 2048,0K->3072,0K Heap: 287,3M(1024,0M)->239,7M(1024,0M)]
 [Times: user=0,01 sys=0,00, real=0,02 secs] 
2016-12-23T18:18:44.313+0100: 72396,136: [GC pause (G1 Evacuation Pause) (young), 0,0166953 secs]
   [Parallel Time: 14,1 ms, GC Workers: 1]
      [GC Worker Start (ms):  72396135,6]
      [Ext Root Scanning (ms):  0,7]
      [Update RS (ms):  1,6]
         [Processed Buffers:  19]
      [Scan RS (ms):  2,2]
      [Code Root Scanning (ms):  0,0]
      [Object Copy (ms):  9,5]
      [Termination (ms):  0,0]
         [Termination Attempts:  1]
      [GC Worker Other (ms):  0,0]
      [GC Worker Total (ms):  14,1]
      [GC Worker End (ms):  72396149,6]
   [Code Root Fixup: 0,0 ms]
   [Code Root Purge: 0,0 ms]
   [Clear CT: 0,0 ms]
   [Other: 2,6 ms]
      [Choose CSet: 0,0 ms]
      [Ref Proc: 0,0 ms]
      [Ref Enq: 0,0 ms]
      [Redirty Cards: 0,0 ms]
      [Humongous Register: 0,0 ms]
      [Humongous Reclaim: 0,0 ms]
      [Free CSet: 0,0 ms]
   [Eden: 48,0M(48,0M)->0,0B(49,0M) Survivors: 3072,0K->2048,0K Heap: 287,7M(1024,0M)->239,1M(1024,0M)]
 [Times: user=0,01 sys=0,00, real=0,02 secs] 
2016-12-23T18:18:44.891+0100: 72396,714: [GC pause (G1 Evacuation Pause) (young), 0,0140674 secs]
   [Parallel Time: 13,8 ms, GC Workers: 1]
      [GC Worker Start (ms):  72396714,1]
      [Ext Root Scanning (ms):  0,7]
      [Update RS (ms):  1,8]
         [Processed Buffers:  21]
      [Scan RS (ms):  2,1]
      [Code Root Scanning (ms):  0,0]
      [Object Copy (ms):  9,3]
      [Termination (ms):  0,0]
         [Termination Attempts:  1]
      [GC Worker Other (ms):  0,0]
      [GC Worker Total (ms):  13,8]
      [GC Worker End (ms):  72396727,9]
   [Code Root Fixup: 0,0 ms]
   [Code Root Purge: 0,0 ms]
   [Clear CT: 0,0 ms]
   [Other: 0,2 ms]
      [Choose CSet: 0,0 ms]
      [Ref Proc: 0,0 ms]
      [Ref Enq: 0,0 ms]
      [Redirty Cards: 0,0 ms]
      [Humongous Register: 0,0 ms]
      [Humongous Reclaim: 0,0 ms]
      [Free CSet: 0,0 ms]
   [Eden: 49,0M(49,0M)->0,0B(49,0M) Survivors: 2048,0K->2048,0K Heap: 288,1M(1024,0M)->239,1M(1024,0M)]
 [Times: user=0,01 sys=0,00, real=0,02 secs] 
2016-12-23T18:18:45.781+0100: 72397,604: [GC pause (G1 Evacuation Pause) (young), 0,0167979 secs]
   [Parallel Time: 16,5 ms, GC Workers: 1]
      [GC Worker Start (ms):  72397603,7]
      [Ext Root Scanning (ms):  0,9]
      [Update RS (ms):  2,5]
         [Processed Buffers:  24]
      [Scan RS (ms):  4,8]
      [Code Root Scanning (ms):  0,0]
      [Object Copy (ms):  8,3]
      [Termination (ms):  0,0]
         [Termination Attempts:  1]
      [GC Worker Other (ms):  0,0]
      [GC Worker Total (ms):  16,5]
      [GC Worker End (ms):  72397620,2]
   [Code Root Fixup: 0,0 ms]
   [Code Root Purge: 0,0 ms]
   [Clear CT: 0,0 ms]
   [Other: 0,2 ms]
      [Choose CSet: 0,0 ms]
      [Ref Proc: 0,0 ms]
      [Ref Enq: 0,0 ms]
      [Redirty Cards: 0,0 ms]
      [Humongous Register: 0,0 ms]
      [Humongous Reclaim: 0,0 ms]
      [Free CSet: 0,0 ms]
   [Eden: 49,0M(49,0M)->0,0B(48,0M) Survivors: 2048,0K->3072,0K Heap: 288,1M(1024,0M)->239,6M(1024,0M)]
 [Times: user=0,01 sys=0,00, real=0,02 secs] 
2016-12-23T18:18:46.584+0100: 72398,407: [GC pause (G1 Evacuation Pause) (young), 0,0237714 secs]
   [Parallel Time: 23,5 ms, GC Workers: 1]
      [GC Worker Start (ms):  72398407,0]
      [Ext Root Scanning (ms):  0,8]
      [Update RS (ms):  1,7]
         [Processed Buffers:  21]
      [Scan RS (ms):  9,9]
      [Code Root Scanning (ms):  0,0]
      [Object Copy (ms):  7,7]
      [Termination (ms):  0,0]
         [Termination Attempts:  1]
      [GC Worker Other (ms):  0,0]
      [GC Worker Total (ms):  20,1]
      [GC Worker End (ms):  72398427,1]
   [Code Root Fixup: 0,0 ms]
   [Code Root Purge: 0,0 ms]
   [Clear CT: 0,0 ms]
   [Other: 0,3 ms]
      [Choose CSet: 0,0 ms]
      [Ref Proc: 0,0 ms]
      [Ref Enq: 0,0 ms]
      [Redirty Cards: 0,0 ms]
      [Humongous Register: 0,0 ms]
      [Humongous Reclaim: 0,0 ms]
      [Free CSet: 0,1 ms]
   [Eden: 48,0M(48,0M)->0,0B(49,0M) Survivors: 3072,0K->2048,0K Heap: 287,6M(1024,0M)->239,1M(1024,0M)]
 [Times: user=0,01 sys=0,00, real=0,02 secs] 
2016-12-23T18:18:47.068+0100: 72398,891: [GC pause (G1 Evacuation Pause) (young), 0,0176952 secs]
   [Parallel Time: 17,5 ms, GC Workers: 1]
      [GC Worker Start (ms):  72398890,8]
      [Ext Root Scanning (ms):  0,7]
      [Update RS (ms):  1,8]
         [Processed Buffers:  18]
      [Scan RS (ms):  4,2]
      [Code Root Scanning (ms):  0,0]
      [Object Copy (ms):  10,8]
      [Termination (ms):  0,0]
         [Termination Attempts:  1]
      [GC Worker Other (ms):  0,0]
      [GC Worker Total (ms):  17,5]
      [GC Worker End (ms):  72398908,3]
   [Code Root Fixup: 0,0 ms]
   [Code Root Purge: 0,0 ms]
   [Clear CT: 0,0 ms]
   [Other: 0,2 ms]
      [Choose CSet: 0,0 ms]
      [Ref Proc: 0,0 ms]
      [Ref Enq: 0,0 ms]
      [Redirty Cards: 0,0 ms]
      [Humongous Register: 0,0 ms]
      [Humongous Reclaim: 0,0 ms]
      [Free CSet: 0,0 ms]
   [Eden: 49,0M(49,0M)->0,0B(49,0M) Survivors: 2048,0K->2048,0K Heap: 288,1M(1024,0M)->239,2M(1024,0M)]
 [Times: user=0,01 sys=0,01, real=0,02 secs] 
2016-12-23T18:18:47.738+0100: 72399,561: [GC pause (G1 Evacuation Pause) (young), 0,0159568 secs]
   [Parallel Time: 15,2 ms, GC Workers: 1]
      [GC Worker Start (ms):  72399560,7]
      [Ext Root Scanning (ms):  0,7]
      [Update RS (ms):  2,1]
         [Processed Buffers:  19]
      [Scan RS (ms):  5,1]
      [Code Root Scanning (ms):  0,0]
      [Object Copy (ms):  3,4]
      [Termination (ms):  0,0]
         [Termination Attempts:  1]
      [GC Worker Other (ms):  0,0]
      [GC Worker Total (ms):  11,3]
      [GC Worker End (ms):  72399571,9]
   [Code Root Fixup: 0,0 ms]
   [Code Root Purge: 0,0 ms]
   [Clear CT: 0,0 ms]
   [Other: 0,7 ms]
      [Choose CSet: 0,0 ms]
      [Ref Proc: 0,0 ms]
      [Ref Enq: 0,0 ms]
      [Redirty Cards: 0,0 ms]
      [Humongous Register: 0,0 ms]
      [Humongous Reclaim: 0,0 ms]
      [Free CSet: 0,0 ms]
   [Eden: 49,0M(49,0M)->0,0B(49,0M) Survivors: 2048,0K->2048,0K Heap: 288,2M(1024,0M)->239,2M(1024,0M)]
 [Times: user=0,01 sys=0,00, real=0,02 secs] 
2016-12-23T18:18:48.293+0100: 72400,116: [GC pause (G1 Evacuation Pause) (young), 0,0157398 secs]
   [Parallel Time: 15,5 ms, GC Workers: 1]
      [GC Worker Start (ms):  72400115,8]
      [Ext Root Scanning (ms):  0,7]
      [Update RS (ms):  1,9]
         [Processed Buffers:  19]
      [Scan RS (ms):  6,3]
      [Code Root Scanning (ms):  0,0]
      [Object Copy (ms):  6,6]
      [Termination (ms):  0,0]
         [Termination Attempts:  1]
      [GC Worker Other (ms):  0,0]
      [GC Worker Total (ms):  15,5]
      [GC Worker End (ms):  72400131,3]
   [Code Root Fixup: 0,0 ms]
   [Code Root Purge: 0,0 ms]
   [Clear CT: 0,0 ms]
   [Other: 0,2 ms]
      [Choose CSet: 0,0 ms]
      [Ref Proc: 0,0 ms]
      [Ref Enq: 0,0 ms]
      [Redirty Cards: 0,0 ms]
      [Humongous Register: 0,0 ms]
      [Humongous Reclaim: 0,0 ms]
      [Free CSet: 0,0 ms]
   [Eden: 49,0M(49,0M)->0,0B(49,0M) Survivors: 2048,0K->2048,0K Heap: 288,2M(1024,0M)->239,2M(1024,0M)]
 [Times: user=0,01 sys=0,00, real=0,01 secs] 
2016-12-23T18:18:48.885+0100: 72400,708: [GC pause (G1 Evacuation Pause) (young), 0,0149176 secs]
   [Parallel Time: 14,7 ms, GC Workers: 1]
      [GC Worker Start (ms):  72400708,1]
      [Ext Root Scanning (ms):  0,7]
      [Update RS (ms):  2,1]
         [Processed Buffers:  18]
      [Scan RS (ms):  3,6]
      [Code Root Scanning (ms):  0,0]
      [Object Copy (ms):  8,3]
      [Termination (ms):  0,0]
         [Termination Attempts:  1]
      [GC Worker Other (ms):  0,0]
      [GC Worker Total (ms):  14,7]
      [GC Worker End (ms):  72400722,8]
   [Code Root Fixup: 0,0 ms]
   [Code Root Purge: 0,0 ms]
   [Clear CT: 0,0 ms]
   [Other: 0,2 ms]
      [Choose CSet: 0,0 ms]
      [Ref Proc: 0,0 ms]
      [Ref Enq: 0,0 ms]
      [Redirty Cards: 0,0 ms]
      [Humongous Register: 0,0 ms]
      [Humongous Reclaim: 0,0 ms]
      [Free CSet: 0,0 ms]
   [Eden: 49,0M(49,0M)->0,0B(49,0M) Survivors: 2048,0K->2048,0K Heap: 288,2M(1024,0M)->239,3M(1024,0M)]
 [Times: user=0,01 sys=0,00, real=0,01 secs] 
2016-12-23T18:18:49.426+0100: 72401,249: [GC pause (G1 Evacuation Pause) (young), 0,0313632 secs]
   [Parallel Time: 31,0 ms, GC Workers: 1]
      [GC Worker Start (ms):  72401248,9]
      [Ext Root Scanning (ms):  0,8]
      [Update RS (ms):  2,3]
         [Processed Buffers:  20]
      [Scan RS (ms):  4,3]
      [Code Root Scanning (ms):  0,0]
      [Object Copy (ms):  23,7]
      [Termination (ms):  0,0]
         [Termination Attempts:  1]
      [GC Worker Other (ms):  0,0]
      [GC Worker Total (ms):  31,0]
      [GC Worker End (ms):  72401280,0]
   [Code Root Fixup: 0,0 ms]
   [Code Root Purge: 0,0 ms]
   [Clear CT: 0,0 ms]
   [Other: 0,3 ms]
      [Choose CSet: 0,0 ms]
      [Ref Proc: 0,0 ms]
      [Ref Enq: 0,0 ms]
      [Redirty Cards: 0,0 ms]
      [Humongous Register: 0,0 ms]
      [Humongous Reclaim: 0,0 ms]
      [Free CSet: 0,0 ms]
   [Eden: 49,0M(49,0M)->0,0B(49,0M) Survivors: 2048,0K->2048,0K Heap: 288,3M(1024,0M)->239,3M(1024,0M)]
 [Times: user=0,01 sys=0,00, real=0,03 secs] 
2016-12-23T18:18:50.108+0100: 72401,931: [GC pause (G1 Evacuation Pause) (young), 0,0144320 secs]
   [Parallel Time: 14,1 ms, GC Workers: 1]
      [GC Worker Start (ms):  72401931,2]
      [Ext Root Scanning (ms):  0,7]
      [Update RS (ms):  1,9]
         [Processed Buffers:  19]
      [Scan RS (ms):  1,9]
      [Code Root Scanning (ms):  0,0]
      [Object Copy (ms):  9,6]
      [Termination (ms):  0,0]
         [Termination Attempts:  1]
      [GC Worker Other (ms):  0,0]
      [GC Worker Total (ms):  14,1]
      [GC Worker End (ms):  72401945,3]
   [Code Root Fixup: 0,0 ms]
   [Code Root Purge: 0,0 ms]
   [Clear CT: 0,0 ms]
   [Other: 0,2 ms]
      [Choose CSet: 0,0 ms]
      [Ref Proc: 0,0 ms]
      [Ref Enq: 0,0 ms]
      [Redirty Cards: 0,0 ms]
      [Humongous Register: 0,0 ms]
      [Humongous Reclaim: 0,0 ms]
      [Free CSet: 0,0 ms]
   [Eden: 49,0M(49,0M)->0,0B(49,0M) Survivors: 2048,0K->2048,0K Heap: 288,3M(1024,0M)->239,3M(1024,0M)]
 [Times: user=0,01 sys=0,00, real=0,02 secs] 
2016-12-23T18:18:50.794+0100: 72402,617: [GC pause (G1 Evacuation Pause) (young), 0,0176151 secs]
   [Parallel Time: 16,8 ms, GC Workers: 1]
      [GC Worker Start (ms):  72402617,3]
      [Ext Root Scanning (ms):  1,0]
      [Update RS (ms):  2,5]
         [Processed Buffers:  25]
      [Scan RS (ms):  5,2]
      [Code Root Scanning (ms):  0,0]
      [Object Copy (ms):  8,1]
      [Termination (ms):  0,0]
         [Termination Attempts:  1]
      [GC Worker Other (ms):  0,0]
      [GC Worker Total (ms):  16,8]
      [GC Worker End (ms):  72402634,1]
   [Code Root Fixup: 0,0 ms]
   [Code Root Purge: 0,0 ms]
   [Clear CT: 0,0 ms]
   [Other: 0,7 ms]
      [Choose CSet: 0,0 ms]
      [Ref Proc: 0,0 ms]
      [Ref Enq: 0,0 ms]
      [Redirty Cards: 0,0 ms]
      [Humongous Register: 0,0 ms]
      [Humongous Reclaim: 0,0 ms]
      [Free CSet: 0,0 ms]
   [Eden: 49,0M(49,0M)->0,0B(48,0M) Survivors: 2048,0K->3072,0K Heap: 288,3M(1024,0M)->239,9M(1024,0M)]
 [Times: user=0,01 sys=0,00, real=0,01 secs] 
2016-12-23T18:18:51.334+0100: 72403,157: [GC pause (G1 Evacuation Pause) (young), 0,0150658 secs]
   [Parallel Time: 14,8 ms, GC Workers: 1]
      [GC Worker Start (ms):  72403157,2]
      [Ext Root Scanning (ms):  0,8]
      [Update RS (ms):  1,9]
         [Processed Buffers:  21]
      [Scan RS (ms):  3,3]
      [Code Root Scanning (ms):  0,0]
      [Object Copy (ms):  8,8]
      [Termination (ms):  0,0]
         [Termination Attempts:  1]
      [GC Worker Other (ms):  0,0]
      [GC Worker Total (ms):  14,8]
      [GC Worker End (ms):  72403172,0]
   [Code Root Fixup: 0,0 ms]
   [Code Root Purge: 0,0 ms]
   [Clear CT: 0,0 ms]
   [Other: 0,2 ms]
      [Choose CSet: 0,0 ms]
      [Ref Proc: 0,0 ms]
      [Ref Enq: 0,0 ms]
      [Redirty Cards: 0,0 ms]
      [Humongous Register: 0,0 ms]
      [Humongous Reclaim: 0,0 ms]
      [Free CSet: 0,0 ms]
   [Eden: 48,0M(48,0M)->0,0B(49,0M) Survivors: 3072,0K->2048,0K Heap: 287,9M(1024,0M)->239,4M(1024,0M)]
 [Times: user=0,01 sys=0,00, real=0,01 secs] 
2016-12-23T18:18:51.979+0100: 72403,802: [GC pause (G1 Evacuation Pause) (young), 0,0164349 secs]
   [Parallel Time: 16,0 ms, GC Workers: 1]
      [GC Worker Start (ms):  72403801,9]
      [Ext Root Scanning (ms):  0,7]
      [Update RS (ms):  2,0]
         [Processed Buffers:  19]
      [Scan RS (ms):  1,9]
      [Code Root Scanning (ms):  0,0]
      [Object Copy (ms):  11,4]
      [Termination (ms):  0,0]
         [Termination Attempts:  1]
      [GC Worker Other (ms):  0,0]
      [GC Worker Total (ms):  16,0]
      [GC Worker End (ms):  72403818,0]
   [Code Root Fixup: 0,0 ms]
   [Code Root Purge: 0,0 ms]
   [Clear CT: 0,1 ms]
   [Other: 0,3 ms]
      [Choose CSet: 0,0 ms]
      [Ref Proc: 0,0 ms]
      [Ref Enq: 0,0 ms]
      [Redirty Cards: 0,0 ms]
      [Humongous Register: 0,0 ms]
      [Humongous Reclaim: 0,0 ms]
      [Free CSet: 0,1 ms]
   [Eden: 49,0M(49,0M)->0,0B(111,0M) Survivors: 2048,0K->2048,0K Heap: 288,4M(1024,0M)->239,5M(1024,0M)]
 [Times: user=0,02 sys=0,00, real=0,02 secs] 
2016-12-23T18:18:53.353+0100: 72405,176: [GC pause (G1 Evacuation Pause) (young), 0,0183276 secs]
   [Parallel Time: 14,4 ms, GC Workers: 1]
      [GC Worker Start (ms):  72405176,2]
      [Ext Root Scanning (ms):  0,7]
      [Update RS (ms):  2,4]
         [Processed Buffers:  26]
      [Scan RS (ms):  3,6]
      [Code Root Scanning (ms):  0,0]
      [Object Copy (ms):  7,7]
      [Termination (ms):  0,0]
         [Termination Attempts:  1]
      [GC Worker Other (ms):  0,0]
      [GC Worker Total (ms):  14,4]
      [GC Worker End (ms):  72405190,6]
   [Code Root Fixup: 0,0 ms]
   [Code Root Purge: 0,0 ms]
   [Clear CT: 0,0 ms]
   [Other: 3,8 ms]
      [Choose CSet: 0,0 ms]
      [Ref Proc: 0,0 ms]
      [Ref Enq: 0,0 ms]
      [Redirty Cards: 0,0 ms]
      [Humongous Register: 0,0 ms]
      [Humongous Reclaim: 0,0 ms]
      [Free CSet: 0,0 ms]
   [Eden: 111,0M(111,0M)->0,0B(70,0M) Survivors: 2048,0K->2048,0K Heap: 350,5M(1024,0M)->239,7M(1024,0M)]
 [Times: user=0,01 sys=0,00, real=0,01 secs] 
2016-12-23T18:18:54.137+0100: 72405,959: [GC pause (G1 Evacuation Pause) (young), 0,0253292 secs]
   [Parallel Time: 24,8 ms, GC Workers: 1]
      [GC Worker Start (ms):  72405959,5]
      [Ext Root Scanning (ms):  0,7]
      [Update RS (ms):  1,9]
         [Processed Buffers:  18]
      [Scan RS (ms):  5,5]
      [Code Root Scanning (ms):  0,0]
      [Object Copy (ms):  16,6]
      [Termination (ms):  0,0]
         [Termination Attempts:  1]
      [GC Worker Other (ms):  0,0]
      [GC Worker Total (ms):  24,8]
      [GC Worker End (ms):  72405984,3]
   [Code Root Fixup: 0,0 ms]
   [Code Root Purge: 0,0 ms]
   [Clear CT: 0,0 ms]
   [Other: 0,5 ms]
      [Choose CSet: 0,0 ms]
      [Ref Proc: 0,0 ms]
      [Ref Enq: 0,0 ms]
      [Redirty Cards: 0,0 ms]
      [Humongous Register: 0,0 ms]
      [Humongous Reclaim: 0,0 ms]
      [Free CSet: 0,0 ms]
   [Eden: 49,0M(49,0M)->0,0B(372,0M) Survivors: 2048,0K->1024,0K Heap: 288,7M(1024,0M)->239,9M(1024,0M)]
 [Times: user=0,02 sys=0,00, real=0,03 secs] 
2016-12-23T18:18:55.271+0100: 72407,094: [GC pause (G1 Evacuation Pause) (young), 0,1290261 secs]
   [Parallel Time: 103,6 ms, GC Workers: 1]
      [GC Worker Start (ms):  72407094,1]
      [Ext Root Scanning (ms):  0,8]
      [Update RS (ms):  3,6]
         [Processed Buffers:  21]
      [Scan RS (ms):  3,4]
      [Code Root Scanning (ms):  0,0]
      [Object Copy (ms):  95,7]
      [Termination (ms):  0,0]
         [Termination Attempts:  1]
      [GC Worker Other (ms):  0,0]
      [GC Worker Total (ms):  103,5]
      [GC Worker End (ms):  72407197,6]
   [Code Root Fixup: 0,0 ms]
   [Code Root Purge: 0,0 ms]
   [Clear CT: 0,1 ms]
   [Other: 25,3 ms]
      [Choose CSet: 0,0 ms]
      [Ref Proc: 0,0 ms]
      [Ref Enq: 0,0 ms]
      [Redirty Cards: 0,0 ms]
      [Humongous Register: 0,0 ms]
      [Humongous Reclaim: 0,0 ms]
      [Free CSet: 0,1 ms]
   [Eden: 112,0M(50,0M)->0,0B(50,0M) Survivors: 1024,0K->1024,0K Heap: 351,9M(1024,0M)->240,5M(1024,0M)]
 [Times: user=0,01 sys=0,00, real=0,13 secs] 
2016-12-23T18:18:55.970+0100: 72407,793: [GC pause (G1 Evacuation Pause) (young), 0,0111247 secs]
   [Parallel Time: 9,4 ms, GC Workers: 1]
      [GC Worker Start (ms):  72407793,5]
      [Ext Root Scanning (ms):  0,7]
      [Update RS (ms):  2,2]
         [Processed Buffers:  20]
      [Scan RS (ms):  1,7]
      [Code Root Scanning (ms):  0,0]
      [Object Copy (ms):  4,8]
      [Termination (ms):  0,0]
         [Termination Attempts:  1]
      [GC Worker Other (ms):  0,0]
      [GC Worker Total (ms):  9,4]
      [GC Worker End (ms):  72407802,8]
   [Code Root Fixup: 0,0 ms]
   [Code Root Purge: 0,0 ms]
   [Clear CT: 0,0 ms]
   [Other: 1,7 ms]
      [Choose CSet: 0,0 ms]
      [Ref Proc: 0,0 ms]
      [Ref Enq: 0,0 ms]
      [Redirty Cards: 0,0 ms]
      [Humongous Register: 0,0 ms]
      [Humongous Reclaim: 0,0 ms]
      [Free CSet: 0,0 ms]
   [Eden: 50,0M(50,0M)->0,0B(49,0M) Survivors: 1024,0K->2048,0K Heap: 290,5M(1024,0M)->241,2M(1024,0M)]
 [Times: user=0,00 sys=0,00, real=0,02 secs] 
2016-12-23T18:18:56.695+0100: 72408,518: [GC pause (G1 Evacuation Pause) (young), 0,0121046 secs]
   [Parallel Time: 11,4 ms, GC Workers: 1]
      [GC Worker Start (ms):  72408518,0]
      [Ext Root Scanning (ms):  0,7]
      [Update RS (ms):  2,9]
         [Processed Buffers:  20]
      [Scan RS (ms):  5,5]
      [Code Root Scanning (ms):  0,0]
      [Object Copy (ms):  2,3]
      [Termination (ms):  0,0]
         [Termination Attempts:  1]
      [GC Worker Other (ms):  0,0]
      [GC Worker Total (ms):  11,4]
      [GC Worker End (ms):  72408529,4]
   [Code Root Fixup: 0,0 ms]
   [Code Root Purge: 0,0 ms]
   [Clear CT: 0,0 ms]
   [Other: 0,6 ms]
      [Choose CSet: 0,0 ms]
      [Ref Proc: 0,0 ms]
      [Ref Enq: 0,0 ms]
      [Redirty Cards: 0,0 ms]
      [Humongous Register: 0,0 ms]
      [Humongous Reclaim: 0,0 ms]
      [Free CSet: 0,0 ms]
   [Eden: 49,0M(49,0M)->0,0B(50,0M) Survivors: 2048,0K->1024,0K Heap: 290,2M(1024,0M)->240,6M(1024,0M)]
 [Times: user=0,01 sys=0,00, real=0,01 secs] 
2016-12-23T18:18:57.176+0100: 72408,999: [GC pause (G1 Evacuation Pause) (young), 0,0121209 secs]
   [Parallel Time: 11,8 ms, GC Workers: 1]
      [GC Worker Start (ms):  72408999,0]
      [Ext Root Scanning (ms):  0,8]
      [Update RS (ms):  1,8]
         [Processed Buffers:  17]
      [Scan RS (ms):  2,1]
      [Code Root Scanning (ms):  0,0]
      [Object Copy (ms):  7,1]
      [Termination (ms):  0,0]
         [Termination Attempts:  1]
      [GC Worker Other (ms):  0,0]
      [GC Worker Total (ms):  11,8]
      [GC Worker End (ms):  72409010,8]
   [Code Root Fixup: 0,0 ms]
   [Code Root Purge: 0,0 ms]
   [Clear CT: 0,0 ms]
   [Other: 0,2 ms]
      [Choose CSet: 0,0 ms]
      [Ref Proc: 0,0 ms]
      [Ref Enq: 0,0 ms]
      [Redirty Cards: 0,0 ms]
      [Humongous Register: 0,0 ms]
      [Humongous Reclaim: 0,0 ms]
      [Free CSet: 0,0 ms]
   [Eden: 50,0M(50,0M)->0,0B(50,0M) Survivors: 1024,0K->1024,0K Heap: 290,6M(1024,0M)->240,8M(1024,0M)]
 [Times: user=0,00 sys=0,00, real=0,01 secs] 
2016-12-23T18:18:57.875+0100: 72409,698: [GC pause (G1 Evacuation Pause) (young), 0,0133527 secs]
   [Parallel Time: 10,0 ms, GC Workers: 1]
      [GC Worker Start (ms):  72409698,4]
      [Ext Root Scanning (ms):  0,8]
      [Update RS (ms):  1,9]
         [Processed Buffers:  18]
      [Scan RS (ms):  2,0]
      [Code Root Scanning (ms):  0,0]
      [Object Copy (ms):  5,4]
      [Termination (ms):  0,0]
         [Termination Attempts:  1]
      [GC Worker Other (ms):  0,0]
      [GC Worker Total (ms):  10,0]
      [GC Worker End (ms):  72409708,4]
   [Code Root Fixup: 0,0 ms]
   [Code Root Purge: 0,0 ms]
   [Clear CT: 0,0 ms]
   [Other: 3,3 ms]
      [Choose CSet: 0,0 ms]
      [Ref Proc: 0,0 ms]
      [Ref Enq: 0,0 ms]
      [Redirty Cards: 0,0 ms]
      [Humongous Register: 0,0 ms]
      [Humongous Reclaim: 0,0 ms]
      [Free CSet: 0,0 ms]
   [Eden: 50,0M(50,0M)->0,0B(49,0M) Survivors: 1024,0K->2048,0K Heap: 290,8M(1024,0M)->241,4M(1024,0M)]
 [Times: user=0,01 sys=0,00, real=0,01 secs] 
2016-12-23T18:18:58.355+0100: 72410,178: [GC pause (G1 Evacuation Pause) (young), 0,0106823 secs]
   [Parallel Time: 10,1 ms, GC Workers: 1]
      [GC Worker Start (ms):  72410178,3]
      [Ext Root Scanning (ms):  0,7]
      [Update RS (ms):  1,9]
         [Processed Buffers:  20]
      [Scan RS (ms):  1,8]
      [Code Root Scanning (ms):  0,0]
      [Object Copy (ms):  5,6]
      [Termination (ms):  0,0]
         [Termination Attempts:  1]
      [GC Worker Other (ms):  0,0]
      [GC Worker Total (ms):  10,1]
      [GC Worker End (ms):  72410188,4]
   [Code Root Fixup: 0,0 ms]
   [Code Root Purge: 0,0 ms]
   [Clear CT: 0,0 ms]
   [Other: 0,6 ms]
      [Choose CSet: 0,0 ms]
      [Ref Proc: 0,0 ms]
      [Ref Enq: 0,0 ms]
      [Redirty Cards: 0,0 ms]
      [Humongous Register: 0,0 ms]
      [Humongous Reclaim: 0,0 ms]
      [Free CSet: 0,0 ms]
   [Eden: 49,0M(49,0M)->0,0B(74,0M) Survivors: 2048,0K->1024,0K Heap: 290,4M(1024,0M)->240,7M(1024,0M)]
 [Times: user=0,00 sys=0,00, real=0,01 secs] 
2016-12-23T18:18:59.378+0100: 72411,201: [GC pause (G1 Evacuation Pause) (young), 0,0113574 secs]
   [Parallel Time: 11,1 ms, GC Workers: 1]
      [GC Worker Start (ms):  72411200,6]
      [Ext Root Scanning (ms):  0,7]
      [Update RS (ms):  2,5]
         [Processed Buffers:  21]
      [Scan RS (ms):  3,7]
      [Code Root Scanning (ms):  0,0]
      [Object Copy (ms):  4,1]
      [Termination (ms):  0,0]
         [Termination Attempts:  1]
      [GC Worker Other (ms):  0,0]
      [GC Worker Total (ms):  11,1]
      [GC Worker End (ms):  72411211,7]
   [Code Root Fixup: 0,1 ms]
   [Code Root Purge: 0,0 ms]
   [Clear CT: 0,0 ms]
   [Other: 0,2 ms]
      [Choose CSet: 0,0 ms]
      [Ref Proc: 0,0 ms]
      [Ref Enq: 0,0 ms]
      [Redirty Cards: 0,0 ms]
      [Humongous Register: 0,0 ms]
      [Humongous Reclaim: 0,0 ms]
      [Free CSet: 0,0 ms]
   [Eden: 74,0M(74,0M)->0,0B(85,0M) Survivors: 1024,0K->1024,0K Heap: 314,7M(1024,0M)->241,0M(1024,0M)]
 [Times: user=0,01 sys=0,00, real=0,01 secs] 
2016-12-23T18:19:00.453+0100: 72412,276: [GC pause (G1 Evacuation Pause) (young), 0,0212740 secs]
   [Parallel Time: 18,1 ms, GC Workers: 1]
      [GC Worker Start (ms):  72412275,6]
      [Ext Root Scanning (ms):  0,7]
      [Update RS (ms):  2,3]
         [Processed Buffers:  23]
      [Scan RS (ms):  4,5]
      [Code Root Scanning (ms):  0,0]
      [Object Copy (ms):  10,6]
      [Termination (ms):  0,0]
         [Termination Attempts:  1]
      [GC Worker Other (ms):  0,0]
      [GC Worker Total (ms):  18,1]
      [GC Worker End (ms):  72412293,7]
   [Code Root Fixup: 0,0 ms]
   [Code Root Purge: 0,0 ms]
   [Clear CT: 0,0 ms]
   [Other: 3,1 ms]
      [Choose CSet: 0,0 ms]
      [Ref Proc: 0,0 ms]
      [Ref Enq: 0,0 ms]
      [Redirty Cards: 0,0 ms]
      [Humongous Register: 0,0 ms]
      [Humongous Reclaim: 0,0 ms]
      [Free CSet: 0,0 ms]
   [Eden: 85,0M(85,0M)->0,0B(49,0M) Survivors: 1024,0K->2048,0K Heap: 326,0M(1024,0M)->241,6M(1024,0M)]
 [Times: user=0,01 sys=0,00, real=0,02 secs] 
2016-12-23T18:19:01.147+0100: 72412,970: [GC pause (G1 Evacuation Pause) (young), 0,0112577 secs]
   [Parallel Time: 11,0 ms, GC Workers: 1]
      [GC Worker Start (ms):  72412970,3]
      [Ext Root Scanning (ms):  0,7]
      [Update RS (ms):  2,0]
         [Processed Buffers:  22]
      [Scan RS (ms):  2,0]
      [Code Root Scanning (ms):  0,0]
      [Object Copy (ms):  6,3]
      [Termination (ms):  0,0]
         [Termination Attempts:  1]
      [GC Worker Other (ms):  0,0]
      [GC Worker Total (ms):  10,9]
      [GC Worker End (ms):  72412981,3]
   [Code Root Fixup: 0,0 ms]
   [Code Root Purge: 0,0 ms]
   [Clear CT: 0,0 ms]
   [Other: 0,2 ms]
      [Choose CSet: 0,0 ms]
      [Ref Proc: 0,0 ms]
      [Ref Enq: 0,0 ms]
      [Redirty Cards: 0,0 ms]
      [Humongous Register: 0,0 ms]
      [Humongous Reclaim: 0,0 ms]
      [Free CSet: 0,0 ms]
   [Eden: 49,0M(49,0M)->0,0B(296,0M) Survivors: 2048,0K->1024,0K Heap: 290,6M(1024,0M)->240,9M(1024,0M)]
 [Times: user=0,01 sys=0,00, real=0,01 secs] 
2016-12-23T18:19:02.182+0100: 72414,005: [GC pause (G1 Evacuation Pause) (young), 0,0121626 secs]
   [Parallel Time: 11,9 ms, GC Workers: 1]
      [GC Worker Start (ms):  72414005,4]
      [Ext Root Scanning (ms):  0,7]
      [Update RS (ms):  2,0]
         [Processed Buffers:  18]
      [Scan RS (ms):  2,3]
      [Code Root Scanning (ms):  0,0]
      [Object Copy (ms):  6,8]
      [Termination (ms):  0,0]
         [Termination Attempts:  1]
      [GC Worker Other (ms):  0,0]
      [GC Worker Total (ms):  11,9]
      [GC Worker End (ms):  72414017,3]
   [Code Root Fixup: 0,0 ms]
   [Code Root Purge: 0,0 ms]
   [Clear CT: 0,0 ms]
   [Other: 0,2 ms]
      [Choose CSet: 0,0 ms]
      [Ref Proc: 0,0 ms]
      [Ref Enq: 0,0 ms]
      [Redirty Cards: 0,0 ms]
      [Humongous Register: 0,0 ms]
      [Humongous Reclaim: 0,0 ms]
      [Free CSet: 0,0 ms]
   [Eden: 90,0M(50,0M)->0,0B(366,0M) Survivors: 1024,0K->1024,0K Heap: 330,9M(1024,0M)->241,2M(1024,0M)]
 [Times: user=0,01 sys=0,00, real=0,01 secs] 
2016-12-23T18:19:02.888+0100: 72414,711: [GC pause (G1 Evacuation Pause) (young), 0,0118484 secs]
   [Parallel Time: 11,2 ms, GC Workers: 1]
      [GC Worker Start (ms):  72414711,4]
      [Ext Root Scanning (ms):  0,7]
      [Update RS (ms):  1,8]
         [Processed Buffers:  19]
      [Scan RS (ms):  2,1]
      [Code Root Scanning (ms):  0,0]
      [Object Copy (ms):  6,5]
      [Termination (ms):  0,0]
         [Termination Attempts:  1]
      [GC Worker Other (ms):  0,0]
      [GC Worker Total (ms):  11,2]
      [GC Worker End (ms):  72414722,6]
   [Code Root Fixup: 0,0 ms]
   [Code Root Purge: 0,0 ms]
   [Clear CT: 0,0 ms]
   [Other: 0,6 ms]
      [Choose CSet: 0,0 ms]
      [Ref Proc: 0,0 ms]
      [Ref Enq: 0,0 ms]
      [Redirty Cards: 0,0 ms]
      [Humongous Register: 0,0 ms]
      [Humongous Reclaim: 0,0 ms]
      [Free CSet: 0,0 ms]
   [Eden: 50,0M(50,0M)->0,0B(555,0M) Survivors: 1024,0K->1024,0K Heap: 291,2M(1024,0M)->241,2M(1024,0M)]
 [Times: user=0,00 sys=0,00, real=0,01 secs] 
2016-12-23T18:19:04.731+0100: 72416,554: [GC pause (G1 Evacuation Pause) (young), 0,0139211 secs]
   [Parallel Time: 13,6 ms, GC Workers: 1]
      [GC Worker Start (ms):  72416553,7]
      [Ext Root Scanning (ms):  0,7]
      [Update RS (ms):  2,5]
         [Processed Buffers:  21]
      [Scan RS (ms):  4,4]
      [Code Root Scanning (ms):  0,0]
      [Object Copy (ms):  6,0]
      [Termination (ms):  0,0]
         [Termination Attempts:  1]
      [GC Worker Other (ms):  0,0]
      [GC Worker Total (ms):  13,6]
      [GC Worker End (ms):  72416567,2]
   [Code Root Fixup: 0,1 ms]
   [Code Root Purge: 0,0 ms]
   [Clear CT: 0,0 ms]
   [Other: 0,2 ms]
      [Choose CSet: 0,0 ms]
      [Ref Proc: 0,0 ms]
      [Ref Enq: 0,0 ms]
      [Redirty Cards: 0,0 ms]
      [Humongous Register: 0,0 ms]
      [Humongous Reclaim: 0,0 ms]
      [Free CSet: 0,1 ms]
   [Eden: 150,0M(150,0M)->0,0B(613,0M) Survivors: 1024,0K->1024,0K Heap: 391,2M(1024,0M)->241,3M(1024,0M)]
 [Times: user=0,01 sys=0,00, real=0,02 secs] 
2016-12-23T18:19:06.081+0100: 72417,904: [GC pause (G1 Evacuation Pause) (young), 0,0200872 secs]
   [Parallel Time: 19,3 ms, GC Workers: 1]
      [GC Worker Start (ms):  72417904,3]
      [Ext Root Scanning (ms):  0,7]
      [Update RS (ms):  1,9]
         [Processed Buffers:  21]
      [Scan RS (ms):  6,5]
      [Code Root Scanning (ms):  0,0]
      [Object Copy (ms):  7,6]
      [Termination (ms):  0,0]
         [Termination Attempts:  1]
      [GC Worker Other (ms):  0,0]
      [GC Worker Total (ms):  16,8]
      [GC Worker End (ms):  72417921,1]
   [Code Root Fixup: 0,0 ms]
   [Code Root Purge: 0,0 ms]
   [Clear CT: 0,0 ms]
   [Other: 0,8 ms]
      [Choose CSet: 0,0 ms]
      [Ref Proc: 0,0 ms]
      [Ref Enq: 0,0 ms]
      [Redirty Cards: 0,0 ms]
      [Humongous Register: 0,0 ms]
      [Humongous Reclaim: 0,0 ms]
      [Free CSet: 0,0 ms]
   [Eden: 103,0M(59,0M)->0,0B(231,0M) Survivors: 1024,0K->2048,0K Heap: 344,3M(1024,0M)->241,8M(1024,0M)]
 [Times: user=0,00 sys=0,00, real=0,02 secs] 
2016-12-23T18:19:08.705+0100: 72420,528: [GC pause (G1 Evacuation Pause) (young), 0,0161187 secs]
   [Parallel Time: 15,8 ms, GC Workers: 1]
      [GC Worker Start (ms):  72420528,1]
      [Ext Root Scanning (ms):  0,6]
      [Update RS (ms):  2,3]
         [Processed Buffers:  22]
      [Scan RS (ms):  6,3]
      [Code Root Scanning (ms):  0,0]
      [Object Copy (ms):  6,5]
      [Termination (ms):  0,0]
         [Termination Attempts:  1]
      [GC Worker Other (ms):  0,0]
      [GC Worker Total (ms):  15,8]
      [GC Worker End (ms):  72420543,9]
   [Code Root Fixup: 0,0 ms]
   [Code Root Purge: 0,0 ms]
   [Clear CT: 0,1 ms]
   [Other: 0,2 ms]
      [Choose CSet: 0,0 ms]
      [Ref Proc: 0,0 ms]
      [Ref Enq: 0,0 ms]
      [Redirty Cards: 0,0 ms]
      [Humongous Register: 0,0 ms]
      [Humongous Reclaim: 0,0 ms]
      [Free CSet: 0,1 ms]
   [Eden: 212,0M(49,0M)->0,0B(503,0M) Survivors: 2048,0K->1024,0K Heap: 453,8M(1024,0M)->241,3M(1024,0M)]
 [Times: user=0,01 sys=0,00, real=0,02 secs] 
2016-12-23T18:19:09.994+0100: 72421,817: [GC pause (G1 Evacuation Pause) (young), 0,0135458 secs]
   [Parallel Time: 11,7 ms, GC Workers: 1]
      [GC Worker Start (ms):  72421816,9]
      [Ext Root Scanning (ms):  0,7]
      [Update RS (ms):  1,9]
         [Processed Buffers:  20]
      [Scan RS (ms):  4,4]
      [Code Root Scanning (ms):  0,0]
      [Object Copy (ms):  4,7]
      [Termination (ms):  0,0]
         [Termination Attempts:  1]
      [GC Worker Other (ms):  0,0]
      [GC Worker Total (ms):  11,6]
      [GC Worker End (ms):  72421828,5]
   [Code Root Fixup: 0,0 ms]
   [Code Root Purge: 0,0 ms]
   [Clear CT: 0,0 ms]
   [Other: 1,8 ms]
      [Choose CSet: 0,0 ms]
      [Ref Proc: 0,0 ms]
      [Ref Enq: 0,0 ms]
      [Redirty Cards: 0,0 ms]
      [Humongous Register: 0,0 ms]
      [Humongous Reclaim: 0,0 ms]
      [Free CSet: 0,0 ms]
   [Eden: 111,0M(50,0M)->0,0B(309,0M) Survivors: 1024,0K->1024,0K Heap: 352,3M(1024,0M)->241,5M(1024,0M)]
 [Times: user=0,01 sys=0,00, real=0,01 secs] 
2016-12-23T18:19:12.401+0100: 72424,223: [GC pause (G1 Evacuation Pause) (young), 0,0158451 secs]
   [Parallel Time: 15,2 ms, GC Workers: 1]
      [GC Worker Start (ms):  72424223,5]
      [Ext Root Scanning (ms):  0,7]
      [Update RS (ms):  2,3]
         [Processed Buffers:  25]
      [Scan RS (ms):  5,7]
      [Code Root Scanning (ms):  0,0]
      [Object Copy (ms):  6,5]
      [Termination (ms):  0,0]
         [Termination Attempts:  1]
      [GC Worker Other (ms):  0,0]
      [GC Worker Total (ms):  15,2]
      [GC Worker End (ms):  72424238,7]
   [Code Root Fixup: 0,0 ms]
   [Code Root Purge: 0,0 ms]
   [Clear CT: 0,1 ms]
   [Other: 0,6 ms]
      [Choose CSet: 0,0 ms]
      [Ref Proc: 0,0 ms]
      [Ref Enq: 0,0 ms]
      [Redirty Cards: 0,0 ms]
      [Humongous Register: 0,0 ms]
      [Humongous Reclaim: 0,0 ms]
      [Free CSet: 0,1 ms]
   [Eden: 206,0M(50,0M)->0,0B(228,0M) Survivors: 1024,0K->2048,0K Heap: 447,5M(1024,0M)->242,1M(1024,0M)]
 [Times: user=0,01 sys=0,00, real=0,02 secs] 
2016-12-23T18:19:13.888+0100: 72425,711: [GC pause (G1 Evacuation Pause) (young), 0,0291960 secs]
   [Parallel Time: 28,9 ms, GC Workers: 1]
      [GC Worker Start (ms):  72425711,1]
      [Ext Root Scanning (ms):  0,7]
      [Update RS (ms):  2,0]
         [Processed Buffers:  21]
      [Scan RS (ms):  11,7]
      [Code Root Scanning (ms):  0,0]
      [Object Copy (ms):  14,4]
      [Termination (ms):  0,0]
         [Termination Attempts:  1]
      [GC Worker Other (ms):  0,0]
      [GC Worker Total (ms):  28,9]
      [GC Worker End (ms):  72425740,0]
   [Code Root Fixup: 0,0 ms]
   [Code Root Purge: 0,0 ms]
   [Clear CT: 0,0 ms]
   [Other: 0,2 ms]
      [Choose CSet: 0,0 ms]
      [Ref Proc: 0,0 ms]
      [Ref Enq: 0,0 ms]
      [Redirty Cards: 0,0 ms]
      [Humongous Register: 0,0 ms]
      [Humongous Reclaim: 0,0 ms]
      [Free CSet: 0,0 ms]
   [Eden: 97,0M(49,0M)->0,0B(49,0M) Survivors: 2048,0K->2048,0K Heap: 339,1M(1024,0M)->242,1M(1024,0M)]
 [Times: user=0,01 sys=0,00, real=0,03 secs] 
2016-12-23T18:19:14.377+0100: 72426,200: [GC pause (G1 Evacuation Pause) (young), 0,0128088 secs]
   [Parallel Time: 12,6 ms, GC Workers: 1]
      [GC Worker Start (ms):  72426199,6]
      [Ext Root Scanning (ms):  0,7]
      [Update RS (ms):  1,9]
         [Processed Buffers:  20]
      [Scan RS (ms):  5,3]
      [Code Root Scanning (ms):  0,0]
      [Object Copy (ms):  4,6]
      [Termination (ms):  0,0]
         [Termination Attempts:  1]
      [GC Worker Other (ms):  0,0]
      [GC Worker Total (ms):  12,5]
      [GC Worker End (ms):  72426212,1]
   [Code Root Fixup: 0,0 ms]
   [Code Root Purge: 0,0 ms]
   [Clear CT: 0,0 ms]
   [Other: 0,2 ms]
      [Choose CSet: 0,0 ms]
      [Ref Proc: 0,0 ms]
      [Ref Enq: 0,0 ms]
      [Redirty Cards: 0,0 ms]
      [Humongous Register: 0,0 ms]
      [Humongous Reclaim: 0,0 ms]
      [Free CSet: 0,0 ms]
   [Eden: 49,0M(49,0M)->0,0B(179,0M) Survivors: 2048,0K->1024,0K Heap: 291,1M(1024,0M)->241,7M(1024,0M)]
 [Times: user=0,01 sys=0,00, real=0,01 secs] 
2016-12-23T18:19:16.747+0100: 72428,570: [GC pause (G1 Evacuation Pause) (young), 0,0221385 secs]
   [Parallel Time: 21,8 ms, GC Workers: 1]
      [GC Worker Start (ms):  72428570,2]
      [Ext Root Scanning (ms):  0,7]
      [Update RS (ms):  2,4]
         [Processed Buffers:  25]
      [Scan RS (ms):  4,8]
      [Code Root Scanning (ms):  0,0]
      [Object Copy (ms):  13,9]
      [Termination (ms):  0,0]
         [Termination Attempts:  1]
      [GC Worker Other (ms):  0,0]
      [GC Worker Total (ms):  21,8]
      [GC Worker End (ms):  72428591,9]
   [Code Root Fixup: 0,0 ms]
   [Code Root Purge: 0,0 ms]
   [Clear CT: 0,1 ms]
   [Other: 0,2 ms]
      [Choose CSet: 0,0 ms]
      [Ref Proc: 0,0 ms]
      [Ref Enq: 0,0 ms]
      [Redirty Cards: 0,0 ms]
      [Humongous Register: 0,0 ms]
      [Humongous Reclaim: 0,0 ms]
      [Free CSet: 0,1 ms]
   [Eden: 173,0M(50,0M)->0,0B(49,0M) Survivors: 1024,0K->2048,0K Heap: 414,7M(1024,0M)->242,2M(1024,0M)]
 [Times: user=0,01 sys=0,00, real=0,02 secs] 
2016-12-23T18:19:17.297+0100: 72429,120: [GC pause (G1 Evacuation Pause) (young), 0,0141946 secs]
   [Parallel Time: 13,9 ms, GC Workers: 1]
      [GC Worker Start (ms):  72429119,9]
      [Ext Root Scanning (ms):  0,8]
      [Update RS (ms):  2,0]
         [Processed Buffers:  20]
      [Scan RS (ms):  3,5]
      [Code Root Scanning (ms):  0,0]
      [Object Copy (ms):  4,5]
      [Termination (ms):  0,0]
         [Termination Attempts:  1]
      [GC Worker Other (ms):  0,0]
      [GC Worker Total (ms):  10,8]
      [GC Worker End (ms):  72429130,7]
   [Code Root Fixup: 0,0 ms]
   [Code Root Purge: 0,0 ms]
   [Clear CT: 0,0 ms]
   [Other: 0,2 ms]
      [Choose CSet: 0,0 ms]
      [Ref Proc: 0,0 ms]
      [Ref Enq: 0,0 ms]
      [Redirty Cards: 0,0 ms]
      [Humongous Register: 0,0 ms]
      [Humongous Reclaim: 0,0 ms]
      [Free CSet: 0,0 ms]
   [Eden: 49,0M(49,0M)->0,0B(55,0M) Survivors: 2048,0K->2048,0K Heap: 291,2M(1024,0M)->242,3M(1024,0M)]
 [Times: user=0,01 sys=0,00, real=0,01 secs] 
2016-12-23T18:19:17.919+0100: 72429,742: [GC pause (G1 Evacuation Pause) (young), 0,0124427 secs]
   [Parallel Time: 12,2 ms, GC Workers: 1]
      [GC Worker Start (ms):  72429742,5]
      [Ext Root Scanning (ms):  0,7]
      [Update RS (ms):  1,8]
         [Processed Buffers:  21]
      [Scan RS (ms):  6,1]
      [Code Root Scanning (ms):  0,0]
      [Object Copy (ms):  3,6]
      [Termination (ms):  0,0]
         [Termination Attempts:  1]
      [GC Worker Other (ms):  0,0]
      [GC Worker Total (ms):  12,2]
      [GC Worker End (ms):  72429754,6]
   [Code Root Fixup: 0,0 ms]
   [Code Root Purge: 0,0 ms]
   [Clear CT: 0,0 ms]
   [Other: 0,2 ms]
      [Choose CSet: 0,0 ms]
      [Ref Proc: 0,0 ms]
      [Ref Enq: 0,0 ms]
      [Redirty Cards: 0,0 ms]
      [Humongous Register: 0,0 ms]
      [Humongous Reclaim: 0,0 ms]
      [Free CSet: 0,0 ms]
   [Eden: 55,0M(55,0M)->0,0B(223,0M) Survivors: 2048,0K->2048,0K Heap: 297,3M(1024,0M)->242,3M(1024,0M)]
 [Times: user=0,01 sys=0,00, real=0,01 secs] 
2016-12-23T18:19:19.303+0100: 72431,126: [GC pause (G1 Evacuation Pause) (young), 0,0148593 secs]
   [Parallel Time: 14,6 ms, GC Workers: 1]
      [GC Worker Start (ms):  72431125,6]
      [Ext Root Scanning (ms):  0,7]
      [Update RS (ms):  3,2]
         [Processed Buffers:  20]
      [Scan RS (ms):  6,5]
      [Code Root Scanning (ms):  0,0]
      [Object Copy (ms):  4,2]
      [Termination (ms):  0,0]
         [Termination Attempts:  1]
      [GC Worker Other (ms):  0,0]
      [GC Worker Total (ms):  14,6]
      [GC Worker End (ms):  72431140,2]
   [Code Root Fixup: 0,0 ms]
   [Code Root Purge: 0,0 ms]
   [Clear CT: 0,0 ms]
   [Other: 0,2 ms]
      [Choose CSet: 0,0 ms]
      [Ref Proc: 0,0 ms]
      [Ref Enq: 0,0 ms]
      [Redirty Cards: 0,0 ms]
      [Humongous Register: 0,0 ms]
      [Humongous Reclaim: 0,0 ms]
      [Free CSet: 0,1 ms]
   [Eden: 116,0M(49,0M)->0,0B(290,0M) Survivors: 2048,0K->2048,0K Heap: 358,3M(1024,0M)->242,4M(1024,0M)]
 [Times: user=0,01 sys=0,00, real=0,01 secs] 
2016-12-23T18:19:20.198+0100: 72432,021: [GC pause (G1 Evacuation Pause) (young), 0,0162059 secs]
   [Parallel Time: 15,5 ms, GC Workers: 1]
      [GC Worker Start (ms):  72432020,6]
      [Ext Root Scanning (ms):  0,8]
      [Update RS (ms):  1,8]
         [Processed Buffers:  23]
      [Scan RS (ms):  7,3]
      [Code Root Scanning (ms):  0,0]
      [Object Copy (ms):  5,7]
      [Termination (ms):  0,0]
         [Termination Attempts:  1]
      [GC Worker Other (ms):  0,0]
      [GC Worker Total (ms):  15,5]
      [GC Worker End (ms):  72432036,1]
   [Code Root Fixup: 0,0 ms]
   [Code Root Purge: 0,0 ms]
   [Clear CT: 0,1 ms]
   [Other: 0,6 ms]
      [Choose CSet: 0,0 ms]
      [Ref Proc: 0,0 ms]
      [Ref Enq: 0,0 ms]
      [Redirty Cards: 0,0 ms]
      [Humongous Register: 0,0 ms]
      [Humongous Reclaim: 0,0 ms]
      [Free CSet: 0,0 ms]
   [Eden: 57,0M(49,0M)->0,0B(402,0M) Survivors: 2048,0K->2048,0K Heap: 299,4M(1024,0M)->242,5M(1024,0M)]
 [Times: user=0,01 sys=0,00, real=0,02 secs] 
2016-12-23T18:19:21.398+0100: 72433,221: [GC pause (G1 Evacuation Pause) (young), 0,0159638 secs]
   [Parallel Time: 14,5 ms, GC Workers: 1]
      [GC Worker Start (ms):  72433220,9]
      [Ext Root Scanning (ms):  0,7]
      [Update RS (ms):  2,1]
         [Processed Buffers:  21]
      [Scan RS (ms):  2,8]
      [Code Root Scanning (ms):  0,0]
      [Object Copy (ms):  8,9]
      [Termination (ms):  0,0]
         [Termination Attempts:  1]
      [GC Worker Other (ms):  0,0]
      [GC Worker Total (ms):  14,4]
      [GC Worker End (ms):  72433235,4]
   [Code Root Fixup: 0,0 ms]
   [Code Root Purge: 0,0 ms]
   [Clear CT: 0,0 ms]
   [Other: 1,4 ms]
      [Choose CSet: 0,0 ms]
      [Ref Proc: 0,0 ms]
      [Ref Enq: 0,0 ms]
      [Redirty Cards: 0,0 ms]
      [Humongous Register: 0,0 ms]
      [Humongous Reclaim: 0,0 ms]
      [Free CSet: 0,1 ms]
   [Eden: 120,0M(49,0M)->0,0B(536,0M) Survivors: 2048,0K->2048,0K Heap: 362,5M(1024,0M)->243,0M(1024,0M)]
 [Times: user=0,00 sys=0,01, real=0,02 secs] 
2016-12-23T18:19:22.298+0100: 72434,121: [GC pause (G1 Evacuation Pause) (young), 0,0384212 secs]
   [Parallel Time: 34,9 ms, GC Workers: 1]
      [GC Worker Start (ms):  72434121,3]
      [Ext Root Scanning (ms):  17,4]
      [Update RS (ms):  1,9]
         [Processed Buffers:  21]
      [Scan RS (ms):  7,5]
      [Code Root Scanning (ms):  0,0]
      [Object Copy (ms):  8,1]
      [Termination (ms):  0,0]
         [Termination Attempts:  1]
      [GC Worker Other (ms):  0,0]
      [GC Worker Total (ms):  34,9]
      [GC Worker End (ms):  72434156,2]
   [Code Root Fixup: 0,0 ms]
   [Code Root Purge: 0,0 ms]
   [Clear CT: 0,0 ms]
   [Other: 3,5 ms]
      [Choose CSet: 0,0 ms]
      [Ref Proc: 0,0 ms]
      [Ref Enq: 0,0 ms]
      [Redirty Cards: 0,0 ms]
      [Humongous Register: 0,0 ms]
      [Humongous Reclaim: 0,0 ms]
      [Free CSet: 0,0 ms]
   [Eden: 52,0M(49,0M)->0,0B(49,0M) Survivors: 2048,0K->2048,0K Heap: 295,0M(1024,0M)->242,6M(1024,0M)]
 [Times: user=0,01 sys=0,00, real=0,04 secs] 
2016-12-23T18:19:22.918+0100: 72434,741: [GC pause (G1 Evacuation Pause) (young), 0,0146088 secs]
   [Parallel Time: 13,2 ms, GC Workers: 1]
      [GC Worker Start (ms):  72434740,8]
      [Ext Root Scanning (ms):  0,7]
      [Update RS (ms):  3,2]
         [Processed Buffers:  22]
      [Scan RS (ms):  2,4]
      [Code Root Scanning (ms):  0,0]
      [Object Copy (ms):  6,8]
      [Termination (ms):  0,0]
         [Termination Attempts:  1]
      [GC Worker Other (ms):  0,0]
      [GC Worker Total (ms):  13,2]
      [GC Worker End (ms):  72434754,0]
   [Code Root Fixup: 0,0 ms]
   [Code Root Purge: 0,0 ms]
   [Clear CT: 0,0 ms]
   [Other: 1,3 ms]
      [Choose CSet: 0,0 ms]
      [Ref Proc: 0,0 ms]
      [Ref Enq: 0,0 ms]
      [Redirty Cards: 0,0 ms]
      [Humongous Register: 0,0 ms]
      [Humongous Reclaim: 0,0 ms]
      [Free CSet: 0,0 ms]
   [Eden: 49,0M(49,0M)->0,0B(49,0M) Survivors: 2048,0K->2048,0K Heap: 291,6M(1024,0M)->242,7M(1024,0M)]
 [Times: user=0,01 sys=0,00, real=0,01 secs] 
2016-12-23T18:19:23.474+0100: 72435,297: [GC pause (G1 Evacuation Pause) (young), 0,0229262 secs]
   [Parallel Time: 22,7 ms, GC Workers: 1]
      [GC Worker Start (ms):  72435297,2]
      [Ext Root Scanning (ms):  0,8]
      [Update RS (ms):  2,0]
         [Processed Buffers:  20]
      [Scan RS (ms):  8,5]
      [Code Root Scanning (ms):  0,0]
      [Object Copy (ms):  11,4]
      [Termination (ms):  0,0]
         [Termination Attempts:  1]
      [GC Worker Other (ms):  0,0]
      [GC Worker Total (ms):  22,7]
      [GC Worker End (ms):  72435319,9]
   [Code Root Fixup: 0,0 ms]
   [Code Root Purge: 0,0 ms]
   [Clear CT: 0,0 ms]
   [Other: 0,2 ms]
      [Choose CSet: 0,0 ms]
      [Ref Proc: 0,0 ms]
      [Ref Enq: 0,0 ms]
      [Redirty Cards: 0,0 ms]
      [Humongous Register: 0,0 ms]
      [Humongous Reclaim: 0,0 ms]
      [Free CSet: 0,0 ms]
   [Eden: 49,0M(49,0M)->0,0B(50,0M) Survivors: 2048,0K->1024,0K Heap: 291,7M(1024,0M)->242,3M(1024,0M)]
 [Times: user=0,01 sys=0,00, real=0,02 secs] 
2016-12-23T18:19:24.106+0100: 72435,929: [GC pause (G1 Evacuation Pause) (young), 0,0144975 secs]
   [Parallel Time: 14,3 ms, GC Workers: 1]
      [GC Worker Start (ms):  72435928,8]
      [Ext Root Scanning (ms):  0,7]
      [Update RS (ms):  3,5]
         [Processed Buffers:  16]
      [Scan RS (ms):  2,5]
      [Code Root Scanning (ms):  0,0]
      [Object Copy (ms):  7,6]
      [Termination (ms):  0,0]
         [Termination Attempts:  1]
      [GC Worker Other (ms):  0,0]
      [GC Worker Total (ms):  14,2]
      [GC Worker End (ms):  72435943,0]
   [Code Root Fixup: 0,0 ms]
   [Code Root Purge: 0,0 ms]
   [Clear CT: 0,0 ms]
   [Other: 0,2 ms]
      [Choose CSet: 0,0 ms]
      [Ref Proc: 0,0 ms]
      [Ref Enq: 0,0 ms]
      [Redirty Cards: 0,0 ms]
      [Humongous Register: 0,0 ms]
      [Humongous Reclaim: 0,0 ms]
      [Free CSet: 0,0 ms]
   [Eden: 50,0M(50,0M)->0,0B(50,0M) Survivors: 1024,0K->1024,0K Heap: 292,3M(1024,0M)->242,4M(1024,0M)]
 [Times: user=0,01 sys=0,00, real=0,01 secs] 
2016-12-23T18:19:24.930+0100: 72436,753: [GC pause (G1 Evacuation Pause) (young), 0,0143555 secs]
   [Parallel Time: 14,1 ms, GC Workers: 1]
      [GC Worker Start (ms):  72436752,9]
      [Ext Root Scanning (ms):  0,7]
      [Update RS (ms):  1,8]
         [Processed Buffers:  17]
      [Scan RS (ms):  4,3]
      [Code Root Scanning (ms):  0,0]
      [Object Copy (ms):  7,4]
      [Termination (ms):  0,0]
         [Termination Attempts:  1]
      [GC Worker Other (ms):  0,0]
      [GC Worker Total (ms):  14,1]
      [GC Worker End (ms):  72436767,0]
   [Code Root Fixup: 0,0 ms]
   [Code Root Purge: 0,0 ms]
   [Clear CT: 0,0 ms]
   [Other: 0,2 ms]
      [Choose CSet: 0,0 ms]
      [Ref Proc: 0,0 ms]
      [Ref Enq: 0,0 ms]
      [Redirty Cards: 0,0 ms]
      [Humongous Register: 0,0 ms]
      [Humongous Reclaim: 0,0 ms]
      [Free CSet: 0,0 ms]
   [Eden: 50,0M(50,0M)->0,0B(50,0M) Survivors: 1024,0K->1024,0K Heap: 292,4M(1024,0M)->242,5M(1024,0M)]
 [Times: user=0,01 sys=0,00, real=0,02 secs] 
2016-12-23T18:19:25.485+0100: 72437,308: [GC pause (G1 Evacuation Pause) (young), 0,0155606 secs]
   [Parallel Time: 14,9 ms, GC Workers: 1]
      [GC Worker Start (ms):  72437308,0]
      [Ext Root Scanning (ms):  0,7]
      [Update RS (ms):  2,1]
         [Processed Buffers:  21]
      [Scan RS (ms):  6,5]
      [Code Root Scanning (ms):  0,0]
      [Object Copy (ms):  5,6]
      [Termination (ms):  0,0]
         [Termination Attempts:  1]
      [GC Worker Other (ms):  0,0]
      [GC Worker Total (ms):  14,9]
      [GC Worker End (ms):  72437322,9]
   [Code Root Fixup: 0,0 ms]
   [Code Root Purge: 0,0 ms]
   [Clear CT: 0,0 ms]
   [Other: 0,6 ms]
      [Choose CSet: 0,0 ms]
      [Ref Proc: 0,0 ms]
      [Ref Enq: 0,0 ms]
      [Redirty Cards: 0,0 ms]
      [Humongous Register: 0,0 ms]
      [Humongous Reclaim: 0,0 ms]
      [Free CSet: 0,0 ms]
   [Eden: 50,0M(50,0M)->0,0B(49,0M) Survivors: 1024,0K->2048,0K Heap: 292,5M(1024,0M)->243,1M(1024,0M)]
 [Times: user=0,01 sys=0,00, real=0,01 secs] 
2016-12-23T18:19:26.088+0100: 72437,911: [GC pause (G1 Evacuation Pause) (young), 0,0151876 secs]
   [Parallel Time: 14,5 ms, GC Workers: 1]
      [GC Worker Start (ms):  72437911,4]
      [Ext Root Scanning (ms):  0,8]
      [Update RS (ms):  2,0]
         [Processed Buffers:  19]
      [Scan RS (ms):  5,0]
      [Code Root Scanning (ms):  0,0]
      [Object Copy (ms):  6,7]
      [Termination (ms):  0,0]
         [Termination Attempts:  1]
      [GC Worker Other (ms):  0,0]
      [GC Worker Total (ms):  14,5]
      [GC Worker End (ms):  72437925,8]
   [Code Root Fixup: 0,0 ms]
   [Code Root Purge: 0,0 ms]
   [Clear CT: 0,0 ms]
   [Other: 0,6 ms]
      [Choose CSet: 0,0 ms]
      [Ref Proc: 0,0 ms]
      [Ref Enq: 0,0 ms]
      [Redirty Cards: 0,0 ms]
      [Humongous Register: 0,0 ms]
      [Humongous Reclaim: 0,0 ms]
      [Free CSet: 0,0 ms]
   [Eden: 49,0M(49,0M)->0,0B(299,0M) Survivors: 2048,0K->1024,0K Heap: 292,1M(1024,0M)->242,8M(1024,0M)]
 [Times: user=0,01 sys=0,00, real=0,02 secs] 
2016-12-23T18:19:27.107+0100: 72438,930: [GC pause (G1 Evacuation Pause) (young), 0,0146642 secs]
   [Parallel Time: 14,0 ms, GC Workers: 1]
      [GC Worker Start (ms):  72438929,9]
      [Ext Root Scanning (ms):  0,7]
      [Update RS (ms):  2,1]
         [Processed Buffers:  21]
      [Scan RS (ms):  6,1]
      [Code Root Scanning (ms):  0,0]
      [Object Copy (ms):  5,0]
      [Termination (ms):  0,0]
         [Termination Attempts:  1]
      [GC Worker Other (ms):  0,0]
      [GC Worker Total (ms):  14,0]
      [GC Worker End (ms):  72438943,8]
   [Code Root Fixup: 0,0 ms]
   [Code Root Purge: 0,0 ms]
   [Clear CT: 0,0 ms]
   [Other: 0,6 ms]
      [Choose CSet: 0,0 ms]
      [Ref Proc: 0,0 ms]
      [Ref Enq: 0,0 ms]
      [Redirty Cards: 0,0 ms]
      [Humongous Register: 0,0 ms]
      [Humongous Reclaim: 0,0 ms]
      [Free CSet: 0,1 ms]
   [Eden: 79,0M(50,0M)->0,0B(285,0M) Survivors: 1024,0K->1024,0K Heap: 321,8M(1024,0M)->242,9M(1024,0M)]
 [Times: user=0,01 sys=0,00, real=0,02 secs] 
2016-12-23T18:19:28.331+0100: 72440,154: [GC pause (G1 Evacuation Pause) (young), 0,0284051 secs]
   [Parallel Time: 25,5 ms, GC Workers: 1]
      [GC Worker Start (ms):  72440154,3]
      [Ext Root Scanning (ms):  0,7]
      [Update RS (ms):  2,1]
         [Processed Buffers:  20]
      [Scan RS (ms):  6,6]
      [Code Root Scanning (ms):  0,0]
      [Object Copy (ms):  16,0]
      [Termination (ms):  0,0]
         [Termination Attempts:  1]
      [GC Worker Other (ms):  0,0]
      [GC Worker Total (ms):  25,5]
      [GC Worker End (ms):  72440179,8]
   [Code Root Fixup: 0,0 ms]
   [Code Root Purge: 0,0 ms]
   [Clear CT: 0,0 ms]
   [Other: 2,8 ms]
      [Choose CSet: 0,0 ms]
      [Ref Proc: 0,0 ms]
      [Ref Enq: 0,0 ms]
      [Redirty Cards: 0,0 ms]
      [Humongous Register: 0,0 ms]
      [Humongous Reclaim: 0,0 ms]
      [Free CSet: 0,1 ms]
   [Eden: 97,0M(50,0M)->0,0B(49,0M) Survivors: 1024,0K->2048,0K Heap: 339,9M(1024,0M)->243,5M(1024,0M)]
 [Times: user=0,01 sys=0,00, real=0,03 secs] 
2016-12-23T18:19:28.952+0100: 72440,775: [GC pause (G1 Evacuation Pause) (young), 0,0132016 secs]
   [Parallel Time: 13,0 ms, GC Workers: 1]
      [GC Worker Start (ms):  72440774,7]
      [Ext Root Scanning (ms):  0,7]
      [Update RS (ms):  1,7]
         [Processed Buffers:  19]
      [Scan RS (ms):  2,8]
      [Code Root Scanning (ms):  0,0]
      [Object Copy (ms):  7,8]
      [Termination (ms):  0,0]
         [Termination Attempts:  1]
      [GC Worker Other (ms):  0,0]
      [GC Worker Total (ms):  12,9]
      [GC Worker End (ms):  72440787,7]
   [Code Root Fixup: 0,0 ms]
   [Code Root Purge: 0,0 ms]
   [Clear CT: 0,0 ms]
   [Other: 0,2 ms]
      [Choose CSet: 0,0 ms]
      [Ref Proc: 0,0 ms]
      [Ref Enq: 0,0 ms]
      [Redirty Cards: 0,0 ms]
      [Humongous Register: 0,0 ms]
      [Humongous Reclaim: 0,0 ms]
      [Free CSet: 0,0 ms]
   [Eden: 49,0M(49,0M)->0,0B(434,0M) Survivors: 2048,0K->1024,0K Heap: 292,5M(1024,0M)->242,8M(1024,0M)]
 [Times: user=0,00 sys=0,00, real=0,02 secs] 
2016-12-23T18:19:30.423+0100: 72442,246: [GC pause (G1 Evacuation Pause) (young), 0,0144394 secs]
   [Parallel Time: 13,4 ms, GC Workers: 1]
      [GC Worker Start (ms):  72442245,9]
      [Ext Root Scanning (ms):  0,7]
      [Update RS (ms):  2,0]
         [Processed Buffers:  23]
      [Scan RS (ms):  6,7]
      [Code Root Scanning (ms):  0,0]
      [Object Copy (ms):  3,9]
      [Termination (ms):  0,0]
         [Termination Attempts:  1]
      [GC Worker Other (ms):  0,0]
      [GC Worker Total (ms):  13,4]
      [GC Worker End (ms):  72442259,3]
   [Code Root Fixup: 0,0 ms]
   [Code Root Purge: 0,0 ms]
   [Clear CT: 0,0 ms]
   [Other: 1,0 ms]
      [Choose CSet: 0,0 ms]
      [Ref Proc: 0,0 ms]
      [Ref Enq: 0,0 ms]
      [Redirty Cards: 0,0 ms]
      [Humongous Register: 0,0 ms]
      [Humongous Reclaim: 0,0 ms]
      [Free CSet: 0,1 ms]
   [Eden: 134,0M(50,0M)->0,0B(182,0M) Survivors: 1024,0K->2048,0K Heap: 376,8M(1024,0M)->243,7M(1024,0M)]
 [Times: user=0,01 sys=0,00, real=0,01 secs] 
2016-12-23T18:19:32.511+0100: 72444,334: [GC pause (G1 Evacuation Pause) (young), 0,0156993 secs]
   [Parallel Time: 15,0 ms, GC Workers: 1]
      [GC Worker Start (ms):  72444334,2]
      [Ext Root Scanning (ms):  0,7]
      [Update RS (ms):  2,2]
         [Processed Buffers:  21]
      [Scan RS (ms):  6,8]
      [Code Root Scanning (ms):  0,0]
      [Object Copy (ms):  5,2]
      [Termination (ms):  0,0]
         [Termination Attempts:  1]
      [GC Worker Other (ms):  0,0]
      [GC Worker Total (ms):  15,0]
      [GC Worker End (ms):  72444349,2]
   [Code Root Fixup: 0,0 ms]
   [Code Root Purge: 0,0 ms]
   [Clear CT: 0,1 ms]
   [Other: 0,6 ms]
      [Choose CSet: 0,0 ms]
      [Ref Proc: 0,0 ms]
      [Ref Enq: 0,0 ms]
      [Redirty Cards: 0,0 ms]
      [Humongous Register: 0,0 ms]
      [Humongous Reclaim: 0,0 ms]
      [Free CSet: 0,1 ms]
   [Eden: 155,0M(49,0M)->0,0B(613,0M) Survivors: 2048,0K->1024,0K Heap: 398,7M(1024,0M)->243,1M(1024,0M)]
 [Times: user=0,00 sys=0,00, real=0,02 secs] 
2016-12-23T18:19:33.878+0100: 72445,701: [GC pause (G1 Evacuation Pause) (young), 0,0199780 secs]
   [Parallel Time: 19,7 ms, GC Workers: 1]
      [GC Worker Start (ms):  72445700,9]
      [Ext Root Scanning (ms):  0,6]
      [Update RS (ms):  2,0]
         [Processed Buffers:  22]
      [Scan RS (ms):  2,7]
      [Code Root Scanning (ms):  0,0]
      [Object Copy (ms):  14,3]
      [Termination (ms):  0,0]
         [Termination Attempts:  1]
      [GC Worker Other (ms):  0,0]
      [GC Worker Total (ms):  19,7]
      [GC Worker End (ms):  72445720,6]
   [Code Root Fixup: 0,0 ms]
   [Code Root Purge: 0,0 ms]
   [Clear CT: 0,0 ms]
   [Other: 0,2 ms]
      [Choose CSet: 0,0 ms]
      [Ref Proc: 0,0 ms]
      [Ref Enq: 0,0 ms]
      [Redirty Cards: 0,0 ms]
      [Humongous Register: 0,0 ms]
      [Humongous Reclaim: 0,0 ms]
      [Free CSet: 0,0 ms]
   [Eden: 98,0M(50,0M)->0,0B(174,0M) Survivors: 1024,0K->1024,0K Heap: 341,1M(1024,0M)->243,3M(1024,0M)]
 [Times: user=0,01 sys=0,00, real=0,02 secs] 
2016-12-23T18:19:35.220+0100: 72447,043: [GC pause (G1 Evacuation Pause) (young), 0,0153467 secs]
   [Parallel Time: 15,1 ms, GC Workers: 1]
      [GC Worker Start (ms):  72447043,4]
      [Ext Root Scanning (ms):  0,7]
      [Update RS (ms):  1,9]
         [Processed Buffers:  17]
      [Scan RS (ms):  6,7]
      [Code Root Scanning (ms):  0,0]
      [Object Copy (ms):  5,7]
      [Termination (ms):  0,0]
         [Termination Attempts:  1]
      [GC Worker Other (ms):  0,0]
      [GC Worker Total (ms):  15,1]
      [GC Worker End (ms):  72447058,5]
   [Code Root Fixup: 0,0 ms]
   [Code Root Purge: 0,0 ms]
   [Clear CT: 0,0 ms]
   [Other: 0,2 ms]
      [Choose CSet: 0,0 ms]
      [Ref Proc: 0,0 ms]
      [Ref Enq: 0,0 ms]
      [Redirty Cards: 0,0 ms]
      [Humongous Register: 0,0 ms]
      [Humongous Reclaim: 0,0 ms]
      [Free CSet: 0,0 ms]
   [Eden: 119,0M(50,0M)->0,0B(230,0M) Survivors: 1024,0K->1024,0K Heap: 362,3M(1024,0M)->243,4M(1024,0M)]
 [Times: user=0,01 sys=0,00, real=0,02 secs] 
2016-12-23T18:19:36.717+0100: 72448,540: [GC pause (G1 Evacuation Pause) (young), 0,0290501 secs]
   [Parallel Time: 28,4 ms, GC Workers: 1]
      [GC Worker Start (ms):  72448540,5]
      [Ext Root Scanning (ms):  0,7]
      [Update RS (ms):  2,2]
         [Processed Buffers:  20]
      [Scan RS (ms):  16,9]
      [Code Root Scanning (ms):  0,0]
      [Object Copy (ms):  8,5]
      [Termination (ms):  0,0]
         [Termination Attempts:  1]
      [GC Worker Other (ms):  0,0]
      [GC Worker Total (ms):  28,4]
      [GC Worker End (ms):  72448568,8]
   [Code Root Fixup: 0,0 ms]
   [Code Root Purge: 0,0 ms]
   [Clear CT: 0,0 ms]
   [Other: 0,6 ms]
      [Choose CSet: 0,0 ms]
      [Ref Proc: 0,0 ms]
      [Ref Enq: 0,0 ms]
      [Redirty Cards: 0,0 ms]
      [Humongous Register: 0,0 ms]
      [Humongous Reclaim: 0,0 ms]
      [Free CSet: 0,1 ms]
   [Eden: 106,0M(50,0M)->0,0B(49,0M) Survivors: 1024,0K->2048,0K Heap: 349,4M(1024,0M)->244,0M(1024,0M)]
 [Times: user=0,01 sys=0,00, real=0,03 secs] 
2016-12-23T18:19:37.231+0100: 72449,054: [GC pause (G1 Evacuation Pause) (young), 0,0143512 secs]
   [Parallel Time: 13,9 ms, GC Workers: 1]
      [GC Worker Start (ms):  72449054,4]
      [Ext Root Scanning (ms):  0,7]
      [Update RS (ms):  1,8]
         [Processed Buffers:  18]
      [Scan RS (ms):  3,8]
      [Code Root Scanning (ms):  0,0]
      [Object Copy (ms):  7,5]
      [Termination (ms):  0,0]
         [Termination Attempts:  1]
      [GC Worker Other (ms):  0,0]
      [GC Worker Total (ms):  13,9]
      [GC Worker End (ms):  72449068,2]
   [Code Root Fixup: 0,1 ms]
   [Code Root Purge: 0,0 ms]
   [Clear CT: 0,1 ms]
   [Other: 0,3 ms]
      [Choose CSet: 0,0 ms]
      [Ref Proc: 0,0 ms]
      [Ref Enq: 0,0 ms]
      [Redirty Cards: 0,0 ms]
      [Humongous Register: 0,0 ms]
      [Humongous Reclaim: 0,0 ms]
      [Free CSet: 0,1 ms]
   [Eden: 49,0M(49,0M)->0,0B(141,0M) Survivors: 2048,0K->1024,0K Heap: 293,0M(1024,0M)->243,3M(1024,0M)]
 [Times: user=0,01 sys=0,00, real=0,02 secs] 
2016-12-23T18:19:38.218+0100: 72450,041: [GC pause (G1 Evacuation Pause) (young), 0,0137501 secs]
   [Parallel Time: 13,5 ms, GC Workers: 1]
      [GC Worker Start (ms):  72450041,4]
      [Ext Root Scanning (ms):  0,8]
      [Update RS (ms):  2,1]
         [Processed Buffers:  19]
      [Scan RS (ms):  6,2]
      [Code Root Scanning (ms):  0,0]
      [Object Copy (ms):  4,3]
      [Termination (ms):  0,0]
         [Termination Attempts:  1]
      [GC Worker Other (ms):  0,0]
      [GC Worker Total (ms):  13,5]
      [GC Worker End (ms):  72450054,8]
   [Code Root Fixup: 0,0 ms]
   [Code Root Purge: 0,0 ms]
   [Clear CT: 0,0 ms]
   [Other: 0,2 ms]
      [Choose CSet: 0,0 ms]
      [Ref Proc: 0,0 ms]
      [Ref Enq: 0,0 ms]
      [Redirty Cards: 0,0 ms]
      [Humongous Register: 0,0 ms]
      [Humongous Reclaim: 0,0 ms]
      [Free CSet: 0,0 ms]
   [Eden: 81,0M(50,0M)->0,0B(186,0M) Survivors: 1024,0K->1024,0K Heap: 324,3M(1024,0M)->243,6M(1024,0M)]
 [Times: user=0,01 sys=0,00, real=0,01 secs] 
2016-12-23T18:19:39.931+0100: 72451,754: [GC pause (G1 Evacuation Pause) (young), 0,0148414 secs]
   [Parallel Time: 14,6 ms, GC Workers: 1]
      [GC Worker Start (ms):  72451754,0]
      [Ext Root Scanning (ms):  0,7]
      [Update RS (ms):  1,8]
         [Processed Buffers:  21]
      [Scan RS (ms):  6,7]
      [Code Root Scanning (ms):  0,0]
      [Object Copy (ms):  5,3]
      [Termination (ms):  0,0]
         [Termination Attempts:  1]
      [GC Worker Other (ms):  0,0]
      [GC Worker Total (ms):  14,6]
      [GC Worker End (ms):  72451768,5]
   [Code Root Fixup: 0,0 ms]
   [Code Root Purge: 0,0 ms]
   [Clear CT: 0,0 ms]
   [Other: 0,2 ms]
      [Choose CSet: 0,0 ms]
      [Ref Proc: 0,0 ms]
      [Ref Enq: 0,0 ms]
      [Redirty Cards: 0,0 ms]
      [Humongous Register: 0,0 ms]
      [Humongous Reclaim: 0,0 ms]
      [Free CSet: 0,0 ms]
   [Eden: 122,0M(50,0M)->0,0B(284,0M) Survivors: 1024,0K->1024,0K Heap: 365,6M(1024,0M)->243,6M(1024,0M)]
 [Times: user=0,00 sys=0,00, real=0,02 secs] 
2016-12-23T18:19:41.547+0100: 72453,370: [GC pause (G1 Evacuation Pause) (young), 0,0152891 secs]
   [Parallel Time: 13,9 ms, GC Workers: 1]
      [GC Worker Start (ms):  72453369,8]
      [Ext Root Scanning (ms):  0,7]
      [Update RS (ms):  2,1]
         [Processed Buffers:  23]
      [Scan RS (ms):  5,4]
      [Code Root Scanning (ms):  0,0]
      [Object Copy (ms):  5,7]
      [Termination (ms):  0,0]
         [Termination Attempts:  1]
      [GC Worker Other (ms):  0,0]
      [GC Worker Total (ms):  13,9]
      [GC Worker End (ms):  72453383,7]
   [Code Root Fixup: 0,0 ms]
   [Code Root Purge: 0,0 ms]
   [Clear CT: 0,0 ms]
   [Other: 1,3 ms]
      [Choose CSet: 0,0 ms]
      [Ref Proc: 0,0 ms]
      [Ref Enq: 0,0 ms]
      [Redirty Cards: 0,0 ms]
      [Humongous Register: 0,0 ms]
      [Humongous Reclaim: 0,0 ms]
      [Free CSet: 0,1 ms]
   [Eden: 154,0M(50,0M)->0,0B(214,0M) Survivors: 1024,0K->2048,0K Heap: 397,6M(1024,0M)->244,1M(1024,0M)]
 [Times: user=0,01 sys=0,00, real=0,02 secs] 
2016-12-23T18:19:43.001+0100: 72454,824: [GC pause (G1 Evacuation Pause) (young), 0,0140386 secs]
   [Parallel Time: 13,4 ms, GC Workers: 1]
      [GC Worker Start (ms):  72454823,9]
      [Ext Root Scanning (ms):  0,7]
      [Update RS (ms):  1,6]
         [Processed Buffers:  25]
      [Scan RS (ms):  6,0]
      [Code Root Scanning (ms):  0,0]
      [Object Copy (ms):  5,1]
      [Termination (ms):  0,0]
         [Termination Attempts:  1]
      [GC Worker Other (ms):  0,0]
      [GC Worker Total (ms):  13,4]
      [GC Worker End (ms):  72454837,3]
   [Code Root Fixup: 0,0 ms]
   [Code Root Purge: 0,0 ms]
   [Clear CT: 0,0 ms]
   [Other: 0,6 ms]
      [Choose CSet: 0,0 ms]
      [Ref Proc: 0,0 ms]
      [Ref Enq: 0,0 ms]
      [Redirty Cards: 0,0 ms]
      [Humongous Register: 0,0 ms]
      [Humongous Reclaim: 0,0 ms]
      [Free CSet: 0,0 ms]
   [Eden: 49,0M(49,0M)->0,0B(486,0M) Survivors: 2048,0K->2048,0K Heap: 293,1M(1024,0M)->244,2M(1024,0M)]
 [Times: user=0,01 sys=0,00, real=0,02 secs] 
2016-12-23T18:19:44.830+0100: 72456,653: [GC pause (G1 Evacuation Pause) (young), 0,0229250 secs]
   [Parallel Time: 22,6 ms, GC Workers: 1]
      [GC Worker Start (ms):  72456653,3]
      [Ext Root Scanning (ms):  0,8]
      [Update RS (ms):  1,6]
         [Processed Buffers:  20]
      [Scan RS (ms):  6,3]
      [Code Root Scanning (ms):  0,0]
      [Object Copy (ms):  13,8]
      [Termination (ms):  0,0]
         [Termination Attempts:  1]
      [GC Worker Other (ms):  0,0]
      [GC Worker Total (ms):  22,6]
      [GC Worker End (ms):  72456675,9]
   [Code Root Fixup: 0,1 ms]
   [Code Root Purge: 0,0 ms]
   [Clear CT: 0,0 ms]
   [Other: 0,2 ms]
      [Choose CSet: 0,0 ms]
      [Ref Proc: 0,0 ms]
      [Ref Enq: 0,0 ms]
      [Redirty Cards: 0,0 ms]
      [Humongous Register: 0,0 ms]
      [Humongous Reclaim: 0,0 ms]
      [Free CSet: 0,0 ms]
   [Eden: 64,0M(49,0M)->0,0B(281,0M) Survivors: 2048,0K->2048,0K Heap: 308,2M(1024,0M)->244,1M(1024,0M)]
 [Times: user=0,01 sys=0,00, real=0,03 secs] 
2016-12-23T18:19:48.432+0100: 72460,255: [GC pause (G1 Evacuation Pause) (young), 0,0255695 secs]
   [Parallel Time: 25,2 ms, GC Workers: 1]
      [GC Worker Start (ms):  72460255,1]
      [Ext Root Scanning (ms):  0,9]
      [Update RS (ms):  2,4]
         [Processed Buffers:  25]
      [Scan RS (ms):  6,3]
      [Code Root Scanning (ms):  0,0]
      [Object Copy (ms):  15,7]
      [Termination (ms):  0,0]
         [Termination Attempts:  1]
      [GC Worker Other (ms):  0,0]
      [GC Worker Total (ms):  25,2]
      [GC Worker End (ms):  72460280,3]
   [Code Root Fixup: 0,0 ms]
   [Code Root Purge: 0,0 ms]
   [Clear CT: 0,1 ms]
   [Other: 0,2 ms]
      [Choose CSet: 0,0 ms]
      [Ref Proc: 0,0 ms]
      [Ref Enq: 0,0 ms]
      [Redirty Cards: 0,0 ms]
      [Humongous Register: 0,0 ms]
      [Humongous Reclaim: 0,0 ms]
      [Free CSet: 0,1 ms]
   [Eden: 239,0M(49,0M)->0,0B(104,0M) Survivors: 2048,0K->2048,0K Heap: 483,1M(1024,0M)->244,3M(1024,0M)]
 [Times: user=0,01 sys=0,00, real=0,03 secs] 
2016-12-23T18:19:49.624+0100: 72461,447: [GC pause (G1 Evacuation Pause) (young), 0,0139111 secs]
   [Parallel Time: 13,6 ms, GC Workers: 1]
      [GC Worker Start (ms):  72461446,6]
      [Ext Root Scanning (ms):  0,7]
      [Update RS (ms):  2,0]
         [Processed Buffers:  19]
      [Scan RS (ms):  6,9]
      [Code Root Scanning (ms):  0,0]
      [Object Copy (ms):  4,0]
      [Termination (ms):  0,0]
         [Termination Attempts:  1]
      [GC Worker Other (ms):  0,0]
      [GC Worker Total (ms):  13,5]
      [GC Worker End (ms):  72461460,1]
   [Code Root Fixup: 0,1 ms]
   [Code Root Purge: 0,0 ms]
   [Clear CT: 0,0 ms]
   [Other: 0,2 ms]
      [Choose CSet: 0,0 ms]
      [Ref Proc: 0,0 ms]
      [Ref Enq: 0,0 ms]
      [Redirty Cards: 0,0 ms]
      [Humongous Register: 0,0 ms]
      [Humongous Reclaim: 0,0 ms]
      [Free CSet: 0,0 ms]
   [Eden: 104,0M(104,0M)->0,0B(369,0M) Survivors: 2048,0K->1024,0K Heap: 348,3M(1024,0M)->243,8M(1024,0M)]
 [Times: user=0,01 sys=0,00, real=0,01 secs] 
2016-12-23T18:19:50.458+0100: 72462,281: [GC pause (G1 Evacuation Pause) (young), 0,0243620 secs]
   [Parallel Time: 23,6 ms, GC Workers: 1]
      [GC Worker Start (ms):  72462281,3]
      [Ext Root Scanning (ms):  0,8]
      [Update RS (ms):  5,6]
         [Processed Buffers:  21]
      [Scan RS (ms):  3,1]
      [Code Root Scanning (ms):  0,0]
      [Object Copy (ms):  14,1]
      [Termination (ms):  0,0]
         [Termination Attempts:  1]
      [GC Worker Other (ms):  0,0]
      [GC Worker Total (ms):  23,6]
      [GC Worker End (ms):  72462305,0]
   [Code Root Fixup: 0,0 ms]
   [Code Root Purge: 0,0 ms]
   [Clear CT: 0,0 ms]
   [Other: 0,7 ms]
      [Choose CSet: 0,0 ms]
      [Ref Proc: 0,0 ms]
      [Ref Enq: 0,0 ms]
      [Redirty Cards: 0,0 ms]
      [Humongous Register: 0,0 ms]
      [Humongous Reclaim: 0,0 ms]
      [Free CSet: 0,0 ms]
   [Eden: 50,0M(50,0M)->0,0B(49,0M) Survivors: 1024,0K->2048,0K Heap: 293,8M(1024,0M)->244,4M(1024,0M)]
 [Times: user=0,01 sys=0,00, real=0,03 secs] 
2016-12-23T18:19:51.032+0100: 72462,855: [GC pause (G1 Evacuation Pause) (young), 0,0185120 secs]
   [Parallel Time: 16,3 ms, GC Workers: 1]
      [GC Worker Start (ms):  72462855,4]
      [Ext Root Scanning (ms):  0,7]
      [Update RS (ms):  1,7]
         [Processed Buffers:  20]
      [Scan RS (ms):  5,8]
      [Code Root Scanning (ms):  0,0]
      [Object Copy (ms):  8,0]
      [Termination (ms):  0,0]
         [Termination Attempts:  1]
      [GC Worker Other (ms):  0,0]
      [GC Worker Total (ms):  16,3]
      [GC Worker End (ms):  72462871,7]
   [Code Root Fixup: 0,1 ms]
   [Code Root Purge: 0,0 ms]
   [Clear CT: 0,0 ms]
   [Other: 2,1 ms]
      [Choose CSet: 0,0 ms]
      [Ref Proc: 0,0 ms]
      [Ref Enq: 0,0 ms]
      [Redirty Cards: 0,0 ms]
      [Humongous Register: 0,0 ms]
      [Humongous Reclaim: 0,0 ms]
      [Free CSet: 0,0 ms]
   [Eden: 49,0M(49,0M)->0,0B(50,0M) Survivors: 2048,0K->1024,0K Heap: 293,4M(1024,0M)->243,9M(1024,0M)]
 [Times: user=0,01 sys=0,00, real=0,02 secs] 
2016-12-23T18:19:51.579+0100: 72463,402: [GC pause (G1 Evacuation Pause) (young), 0,0156068 secs]
   [Parallel Time: 15,0 ms, GC Workers: 1]
      [GC Worker Start (ms):  72463401,8]
      [Ext Root Scanning (ms):  0,8]
      [Update RS (ms):  2,8]
         [Processed Buffers:  18]
      [Scan RS (ms):  4,2]
      [Code Root Scanning (ms):  0,0]
      [Object Copy (ms):  7,2]
      [Termination (ms):  0,0]
         [Termination Attempts:  1]
      [GC Worker Other (ms):  0,0]
      [GC Worker Total (ms):  15,0]
      [GC Worker End (ms):  72463416,8]
   [Code Root Fixup: 0,0 ms]
   [Code Root Purge: 0,0 ms]
   [Clear CT: 0,0 ms]
   [Other: 0,5 ms]
      [Choose CSet: 0,0 ms]
      [Ref Proc: 0,0 ms]
      [Ref Enq: 0,0 ms]
      [Redirty Cards: 0,0 ms]
      [Humongous Register: 0,0 ms]
      [Humongous Reclaim: 0,0 ms]
      [Free CSet: 0,0 ms]
   [Eden: 50,0M(50,0M)->0,0B(235,0M) Survivors: 1024,0K->1024,0K Heap: 293,9M(1024,0M)->244,0M(1024,0M)]
 [Times: user=0,01 sys=0,00, real=0,02 secs] 
2016-12-23T18:19:52.360+0100: 72464,183: [GC pause (G1 Evacuation Pause) (young), 0,0232952 secs]
   [Parallel Time: 21,3 ms, GC Workers: 1]
      [GC Worker Start (ms):  72464183,1]
      [Ext Root Scanning (ms):  0,7]
      [Update RS (ms):  1,6]
         [Processed Buffers:  15]
      [Scan RS (ms):  8,4]
      [Code Root Scanning (ms):  0,0]
      [Object Copy (ms):  10,6]
      [Termination (ms):  0,0]
         [Termination Attempts:  1]
      [GC Worker Other (ms):  0,0]
      [GC Worker Total (ms):  21,2]
      [GC Worker End (ms):  72464204,4]
   [Code Root Fixup: 0,0 ms]
   [Code Root Purge: 0,0 ms]
   [Clear CT: 0,0 ms]
   [Other: 2,0 ms]
      [Choose CSet: 0,0 ms]
      [Ref Proc: 0,0 ms]
      [Ref Enq: 0,0 ms]
      [Redirty Cards: 0,0 ms]
      [Humongous Register: 0,0 ms]
      [Humongous Reclaim: 0,0 ms]
      [Free CSet: 0,0 ms]
   [Eden: 50,0M(50,0M)->0,0B(50,0M) Survivors: 1024,0K->1024,0K Heap: 294,0M(1024,0M)->244,1M(1024,0M)]
 [Times: user=0,01 sys=0,00, real=0,03 secs] 
2016-12-23T18:19:52.767+0100: 72464,590: [GC pause (G1 Evacuation Pause) (young), 0,0182486 secs]
   [Parallel Time: 17,6 ms, GC Workers: 1]
      [GC Worker Start (ms):  72464590,0]
      [Ext Root Scanning (ms):  4,2]
      [Update RS (ms):  1,7]
         [Processed Buffers:  18]
      [Scan RS (ms):  6,1]
      [Code Root Scanning (ms):  0,0]
      [Object Copy (ms):  5,6]
      [Termination (ms):  0,0]
         [Termination Attempts:  1]
      [GC Worker Other (ms):  0,0]
      [GC Worker Total (ms):  17,6]
      [GC Worker End (ms):  72464607,6]
   [Code Root Fixup: 0,0 ms]
   [Code Root Purge: 0,0 ms]
   [Clear CT: 0,0 ms]
   [Other: 0,6 ms]
      [Choose CSet: 0,0 ms]
      [Ref Proc: 0,0 ms]
      [Ref Enq: 0,0 ms]
      [Redirty Cards: 0,0 ms]
      [Humongous Register: 0,0 ms]
      [Humongous Reclaim: 0,0 ms]
      [Free CSet: 0,0 ms]
   [Eden: 50,0M(50,0M)->0,0B(50,0M) Survivors: 1024,0K->1024,0K Heap: 294,1M(1024,0M)->244,2M(1024,0M)]
 [Times: user=0,01 sys=0,00, real=0,02 secs] 
2016-12-23T18:19:53.564+0100: 72465,387: [GC pause (G1 Evacuation Pause) (young), 0,0140112 secs]
   [Parallel Time: 13,8 ms, GC Workers: 1]
      [GC Worker Start (ms):  72465387,4]
      [Ext Root Scanning (ms):  0,7]
      [Update RS (ms):  2,0]
         [Processed Buffers:  21]
      [Scan RS (ms):  5,7]
      [Code Root Scanning (ms):  0,0]
      [Object Copy (ms):  5,3]
      [Termination (ms):  0,0]
         [Termination Attempts:  1]
      [GC Worker Other (ms):  0,0]
      [GC Worker Total (ms):  13,7]
      [GC Worker End (ms):  72465401,2]
   [Code Root Fixup: 0,0 ms]
   [Code Root Purge: 0,0 ms]
   [Clear CT: 0,0 ms]
   [Other: 0,2 ms]
      [Choose CSet: 0,0 ms]
      [Ref Proc: 0,0 ms]
      [Ref Enq: 0,0 ms]
      [Redirty Cards: 0,0 ms]
      [Humongous Register: 0,0 ms]
      [Humongous Reclaim: 0,0 ms]
      [Free CSet: 0,0 ms]
   [Eden: 50,0M(50,0M)->0,0B(393,0M) Survivors: 1024,0K->1024,0K Heap: 294,2M(1024,0M)->244,3M(1024,0M)]
 [Times: user=0,00 sys=0,00, real=0,01 secs] 
2016-12-23T18:19:55.952+0100: 72467,775: [GC pause (G1 Evacuation Pause) (young), 0,0173394 secs]
   [Parallel Time: 13,8 ms, GC Workers: 1]
      [GC Worker Start (ms):  72467774,7]
      [Ext Root Scanning (ms):  0,7]
      [Update RS (ms):  2,4]
         [Processed Buffers:  25]
      [Scan RS (ms):  5,0]
      [Code Root Scanning (ms):  0,0]
      [Object Copy (ms):  5,8]
      [Termination (ms):  0,0]
         [Termination Attempts:  1]
      [GC Worker Other (ms):  0,0]
      [GC Worker Total (ms):  13,8]
      [GC Worker End (ms):  72467788,5]
   [Code Root Fixup: 0,0 ms]
   [Code Root Purge: 0,0 ms]
   [Clear CT: 0,1 ms]
   [Other: 3,4 ms]
      [Choose CSet: 0,0 ms]
      [Ref Proc: 0,0 ms]
      [Ref Enq: 0,0 ms]
      [Redirty Cards: 0,0 ms]
      [Humongous Register: 0,0 ms]
      [Humongous Reclaim: 0,0 ms]
      [Free CSet: 0,1 ms]
   [Eden: 204,0M(50,0M)->0,0B(49,0M) Survivors: 1024,0K->2048,0K Heap: 448,3M(1024,0M)->244,9M(1024,0M)]
 [Times: user=0,01 sys=0,00, real=0,02 secs] 
2016-12-23T18:19:56.681+0100: 72468,504: [GC pause (G1 Evacuation Pause) (young), 0,0708389 secs]
   [Parallel Time: 25,6 ms, GC Workers: 1]
      [GC Worker Start (ms):  72468503,7]
      [Ext Root Scanning (ms):  0,7]
      [Update RS (ms):  2,4]
         [Processed Buffers:  20]
      [Scan RS (ms):  8,7]
      [Code Root Scanning (ms):  0,0]
      [Object Copy (ms):  13,7]
      [Termination (ms):  0,0]
         [Termination Attempts:  1]
      [GC Worker Other (ms):  0,0]
      [GC Worker Total (ms):  25,6]
      [GC Worker End (ms):  72468529,4]
   [Code Root Fixup: 0,0 ms]
   [Code Root Purge: 0,0 ms]
   [Clear CT: 0,0 ms]
   [Other: 45,1 ms]
      [Choose CSet: 0,0 ms]
      [Ref Proc: 0,0 ms]
      [Ref Enq: 0,0 ms]
      [Redirty Cards: 0,0 ms]
      [Humongous Register: 0,0 ms]
      [Humongous Reclaim: 0,0 ms]
      [Free CSet: 0,0 ms]
   [Eden: 49,0M(49,0M)->0,0B(50,0M) Survivors: 2048,0K->1024,0K Heap: 293,9M(1024,0M)->244,4M(1024,0M)]
 [Times: user=0,02 sys=0,00, real=0,07 secs] 
2016-12-23T18:19:57.457+0100: 72469,280: [GC pause (G1 Evacuation Pause) (young), 0,0151369 secs]
   [Parallel Time: 14,8 ms, GC Workers: 1]
      [GC Worker Start (ms):  72469280,4]
      [Ext Root Scanning (ms):  0,7]
      [Update RS (ms):  1,6]
         [Processed Buffers:  17]
      [Scan RS (ms):  5,1]
      [Code Root Scanning (ms):  0,0]
      [Object Copy (ms):  7,4]
      [Termination (ms):  0,0]
         [Termination Attempts:  1]
      [GC Worker Other (ms):  0,0]
      [GC Worker Total (ms):  14,8]
      [GC Worker End (ms):  72469295,2]
   [Code Root Fixup: 0,0 ms]
   [Code Root Purge: 0,0 ms]
   [Clear CT: 0,0 ms]
   [Other: 0,2 ms]
      [Choose CSet: 0,0 ms]
      [Ref Proc: 0,0 ms]
      [Ref Enq: 0,0 ms]
      [Redirty Cards: 0,0 ms]
      [Humongous Register: 0,0 ms]
      [Humongous Reclaim: 0,0 ms]
      [Free CSet: 0,0 ms]
   [Eden: 50,0M(50,0M)->0,0B(50,0M) Survivors: 1024,0K->1024,0K Heap: 294,4M(1024,0M)->244,5M(1024,0M)]
 [Times: user=0,00 sys=0,00, real=0,01 secs] 
2016-12-23T18:19:57.913+0100: 72469,736: [GC pause (G1 Evacuation Pause) (young), 0,0123369 secs]
   [Parallel Time: 12,0 ms, GC Workers: 1]
      [GC Worker Start (ms):  72469736,1]
      [Ext Root Scanning (ms):  0,7]
      [Update RS (ms):  1,9]
         [Processed Buffers:  20]
      [Scan RS (ms):  2,6]
      [Code Root Scanning (ms):  0,0]
      [Object Copy (ms):  6,8]
      [Termination (ms):  0,0]
         [Termination Attempts:  1]
      [GC Worker Other (ms):  0,0]
      [GC Worker Total (ms):  12,0]
      [GC Worker End (ms):  72469748,1]
   [Code Root Fixup: 0,0 ms]
   [Code Root Purge: 0,0 ms]
   [Clear CT: 0,0 ms]
   [Other: 0,2 ms]
      [Choose CSet: 0,0 ms]
      [Ref Proc: 0,0 ms]
      [Ref Enq: 0,0 ms]
      [Redirty Cards: 0,0 ms]
      [Humongous Register: 0,0 ms]
      [Humongous Reclaim: 0,0 ms]
      [Free CSet: 0,0 ms]
   [Eden: 50,0M(50,0M)->0,0B(49,0M) Survivors: 1024,0K->2048,0K Heap: 294,5M(1024,0M)->245,1M(1024,0M)]
 [Times: user=0,01 sys=0,00, real=0,01 secs] 
2016-12-23T18:19:58.656+0100: 72470,479: [GC pause (G1 Evacuation Pause) (young), 0,0147701 secs]
   [Parallel Time: 14,1 ms, GC Workers: 1]
      [GC Worker Start (ms):  72470479,1]
      [Ext Root Scanning (ms):  0,8]
      [Update RS (ms):  2,4]
         [Processed Buffers:  21]
      [Scan RS (ms):  5,2]
      [Code Root Scanning (ms):  0,0]
      [Object Copy (ms):  5,8]
      [Termination (ms):  0,0]
         [Termination Attempts:  1]
      [GC Worker Other (ms):  0,0]
      [GC Worker Total (ms):  14,1]
      [GC Worker End (ms):  72470493,3]
   [Code Root Fixup: 0,0 ms]
   [Code Root Purge: 0,0 ms]
   [Clear CT: 0,0 ms]
   [Other: 0,6 ms]
      [Choose CSet: 0,0 ms]
      [Ref Proc: 0,0 ms]
      [Ref Enq: 0,0 ms]
      [Redirty Cards: 0,0 ms]
      [Humongous Register: 0,0 ms]
      [Humongous Reclaim: 0,0 ms]
      [Free CSet: 0,0 ms]
   [Eden: 49,0M(49,0M)->0,0B(50,0M) Survivors: 2048,0K->1024,0K Heap: 294,1M(1024,0M)->244,6M(1024,0M)]
 [Times: user=0,01 sys=0,00, real=0,01 secs] 
2016-12-23T18:19:59.287+0100: 72471,110: [GC pause (G1 Evacuation Pause) (young), 0,0137182 secs]
   [Parallel Time: 13,5 ms, GC Workers: 1]
      [GC Worker Start (ms):  72471109,6]
      [Ext Root Scanning (ms):  0,7]
      [Update RS (ms):  3,7]
         [Processed Buffers:  19]
      [Scan RS (ms):  4,8]
      [Code Root Scanning (ms):  0,0]
      [Object Copy (ms):  4,2]
      [Termination (ms):  0,0]
         [Termination Attempts:  1]
      [GC Worker Other (ms):  0,0]
      [GC Worker Total (ms):  13,5]
      [GC Worker End (ms):  72471123,1]
   [Code Root Fixup: 0,0 ms]
   [Code Root Purge: 0,0 ms]
   [Clear CT: 0,0 ms]
   [Other: 0,2 ms]
      [Choose CSet: 0,0 ms]
      [Ref Proc: 0,0 ms]
      [Ref Enq: 0,0 ms]
      [Redirty Cards: 0,0 ms]
      [Humongous Register: 0,0 ms]
      [Humongous Reclaim: 0,0 ms]
      [Free CSet: 0,0 ms]
   [Eden: 50,0M(50,0M)->0,0B(50,0M) Survivors: 1024,0K->1024,0K Heap: 294,6M(1024,0M)->244,8M(1024,0M)]
 [Times: user=0,01 sys=0,00, real=0,01 secs] 
2016-12-23T18:19:59.910+0100: 72471,733: [GC pause (G1 Evacuation Pause) (young), 0,0143150 secs]
   [Parallel Time: 13,7 ms, GC Workers: 1]
      [GC Worker Start (ms):  72471732,6]
      [Ext Root Scanning (ms):  0,7]
      [Update RS (ms):  1,9]
         [Processed Buffers:  16]
      [Scan RS (ms):  6,3]
      [Code Root Scanning (ms):  0,0]
      [Object Copy (ms):  4,7]
      [Termination (ms):  0,0]
         [Termination Attempts:  1]
      [GC Worker Other (ms):  0,0]
      [GC Worker Total (ms):  13,7]
      [GC Worker End (ms):  72471746,3]
   [Code Root Fixup: 0,0 ms]
   [Code Root Purge: 0,0 ms]
   [Clear CT: 0,0 ms]
   [Other: 0,6 ms]
      [Choose CSet: 0,0 ms]
      [Ref Proc: 0,0 ms]
      [Ref Enq: 0,0 ms]
      [Redirty Cards: 0,0 ms]
      [Humongous Register: 0,0 ms]
      [Humongous Reclaim: 0,0 ms]
      [Free CSet: 0,0 ms]
   [Eden: 50,0M(50,0M)->0,0B(50,0M) Survivors: 1024,0K->1024,0K Heap: 294,8M(1024,0M)->244,9M(1024,0M)]
 [Times: user=0,01 sys=0,00, real=0,02 secs] 
2016-12-23T18:20:00.479+0100: 72472,302: [GC pause (G1 Evacuation Pause) (young), 0,0140822 secs]
   [Parallel Time: 13,3 ms, GC Workers: 1]
      [GC Worker Start (ms):  72472302,4]
      [Ext Root Scanning (ms):  0,7]
      [Update RS (ms):  2,0]
         [Processed Buffers:  20]
      [Scan RS (ms):  2,4]
      [Code Root Scanning (ms):  0,0]
      [Object Copy (ms):  8,2]
      [Termination (ms):  0,0]
         [Termination Attempts:  1]
      [GC Worker Other (ms):  0,0]
      [GC Worker Total (ms):  13,3]
      [GC Worker End (ms):  72472315,6]
   [Code Root Fixup: 0,0 ms]
   [Code Root Purge: 0,0 ms]
   [Clear CT: 0,0 ms]
   [Other: 0,7 ms]
      [Choose CSet: 0,0 ms]
      [Ref Proc: 0,0 ms]
      [Ref Enq: 0,0 ms]
      [Redirty Cards: 0,0 ms]
      [Humongous Register: 0,0 ms]
      [Humongous Reclaim: 0,0 ms]
      [Free CSet: 0,0 ms]
   [Eden: 50,0M(50,0M)->0,0B(49,0M) Survivors: 1024,0K->2048,0K Heap: 294,9M(1024,0M)->245,5M(1024,0M)]
 [Times: user=0,01 sys=0,00, real=0,02 secs] 
2016-12-23T18:20:00.981+0100: 72472,803: [GC pause (G1 Evacuation Pause) (young), 0,0173124 secs]
   [Parallel Time: 16,6 ms, GC Workers: 1]
      [GC Worker Start (ms):  72472803,6]
      [Ext Root Scanning (ms):  0,7]
      [Update RS (ms):  2,4]
         [Processed Buffers:  20]
      [Scan RS (ms):  5,3]
      [Code Root Scanning (ms):  0,0]
      [Object Copy (ms):  8,2]
      [Termination (ms):  0,0]
         [Termination Attempts:  1]
      [GC Worker Other (ms):  0,0]
      [GC Worker Total (ms):  16,6]
      [GC Worker End (ms):  72472820,2]
   [Code Root Fixup: 0,1 ms]
   [Code Root Purge: 0,0 ms]
   [Clear CT: 0,0 ms]
   [Other: 0,6 ms]
      [Choose CSet: 0,0 ms]
      [Ref Proc: 0,0 ms]
      [Ref Enq: 0,0 ms]
      [Redirty Cards: 0,0 ms]
      [Humongous Register: 0,0 ms]
      [Humongous Reclaim: 0,0 ms]
      [Free CSet: 0,0 ms]
   [Eden: 49,0M(49,0M)->0,0B(215,0M) Survivors: 2048,0K->1024,0K Heap: 294,5M(1024,0M)->244,7M(1024,0M)]
 [Times: user=0,01 sys=0,00, real=0,02 secs] 
2016-12-23T18:20:02.270+0100: 72474,093: [GC pause (G1 Evacuation Pause) (young), 0,0148555 secs]
   [Parallel Time: 12,4 ms, GC Workers: 1]
      [GC Worker Start (ms):  72474093,2]
      [Ext Root Scanning (ms):  0,7]
      [Update RS (ms):  4,6]
         [Processed Buffers:  24]
      [Scan RS (ms):  2,7]
      [Code Root Scanning (ms):  0,0]
      [Object Copy (ms):  4,4]
      [Termination (ms):  0,0]
         [Termination Attempts:  1]
      [GC Worker Other (ms):  0,0]
      [GC Worker Total (ms):  12,4]
      [GC Worker End (ms):  72474105,6]
   [Code Root Fixup: 0,0 ms]
   [Code Root Purge: 0,0 ms]
   [Clear CT: 0,0 ms]
   [Other: 2,3 ms]
      [Choose CSet: 0,0 ms]
      [Ref Proc: 0,0 ms]
      [Ref Enq: 0,0 ms]
      [Redirty Cards: 0,0 ms]
      [Humongous Register: 0,0 ms]
      [Humongous Reclaim: 0,0 ms]
      [Free CSet: 0,0 ms]
   [Eden: 84,0M(50,0M)->0,0B(126,0M) Survivors: 1024,0K->1024,0K Heap: 328,7M(1024,0M)->245,1M(1024,0M)]
 [Times: user=0,01 sys=0,00, real=0,02 secs] 
2016-12-23T18:20:03.516+0100: 72475,339: [GC pause (G1 Evacuation Pause) (young), 0,0151976 secs]
   [Parallel Time: 12,4 ms, GC Workers: 1]
      [GC Worker Start (ms):  72475339,2]
      [Ext Root Scanning (ms):  0,8]
      [Update RS (ms):  2,5]
         [Processed Buffers:  26]
      [Scan RS (ms):  7,5]
      [Code Root Scanning (ms):  0,0]
      [Object Copy (ms):  1,5]
      [Termination (ms):  0,0]
         [Termination Attempts:  1]
      [GC Worker Other (ms):  0,0]
      [GC Worker Total (ms):  12,3]
      [GC Worker End (ms):  72475351,5]
   [Code Root Fixup: 0,0 ms]
   [Code Root Purge: 0,0 ms]
   [Clear CT: 0,0 ms]
   [Other: 2,8 ms]
      [Choose CSet: 0,0 ms]
      [Ref Proc: 2,1 ms]
      [Ref Enq: 0,0 ms]
      [Redirty Cards: 0,0 ms]
      [Humongous Register: 0,0 ms]
      [Humongous Reclaim: 0,0 ms]
      [Free CSet: 0,0 ms]
   [Eden: 96,0M(50,0M)->0,0B(288,0M) Survivors: 1024,0K->1024,0K Heap: 341,1M(1024,0M)->244,8M(1024,0M)]
 [Times: user=0,01 sys=0,00, real=0,01 secs] 
2016-12-23T18:20:04.361+0100: 72476,184: [GC pause (G1 Evacuation Pause) (young), 0,0202323 secs]
   [Parallel Time: 17,1 ms, GC Workers: 1]
      [GC Worker Start (ms):  72476183,9]
      [Ext Root Scanning (ms):  0,8]
      [Update RS (ms):  1,7]
         [Processed Buffers:  17]
      [Scan RS (ms):  5,6]
      [Code Root Scanning (ms):  0,0]
      [Object Copy (ms):  8,6]
      [Termination (ms):  0,0]
         [Termination Attempts:  1]
      [GC Worker Other (ms):  0,0]
      [GC Worker Total (ms):  16,7]
      [GC Worker End (ms):  72476200,6]
   [Code Root Fixup: 0,0 ms]
   [Code Root Purge: 0,0 ms]
   [Clear CT: 0,0 ms]
   [Other: 3,0 ms]
      [Choose CSet: 0,0 ms]
      [Ref Proc: 2,8 ms]
      [Ref Enq: 0,0 ms]
      [Redirty Cards: 0,0 ms]
      [Humongous Register: 0,0 ms]
      [Humongous Reclaim: 0,0 ms]
      [Free CSet: 0,0 ms]
   [Eden: 74,0M(50,0M)->0,0B(111,0M) Survivors: 1024,0K->1024,0K Heap: 318,8M(1024,0M)->245,2M(1024,0M)]
 [Times: user=0,01 sys=0,00, real=0,03 secs] 
2016-12-23T18:20:05.562+0100: 72477,385: [GC pause (G1 Evacuation Pause) (young), 0,0135326 secs]
   [Parallel Time: 12,8 ms, GC Workers: 1]
      [GC Worker Start (ms):  72477384,8]
      [Ext Root Scanning (ms):  0,7]
      [Update RS (ms):  1,7]
         [Processed Buffers:  26]
      [Scan RS (ms):  4,6]
      [Code Root Scanning (ms):  0,0]
      [Object Copy (ms):  5,7]
      [Termination (ms):  0,0]
         [Termination Attempts:  1]
      [GC Worker Other (ms):  0,0]
      [GC Worker Total (ms):  12,7]
      [GC Worker End (ms):  72477397,6]
   [Code Root Fixup: 0,0 ms]
   [Code Root Purge: 0,0 ms]
   [Clear CT: 0,0 ms]
   [Other: 0,7 ms]
      [Choose CSet: 0,0 ms]
      [Ref Proc: 0,0 ms]
      [Ref Enq: 0,0 ms]
      [Redirty Cards: 0,0 ms]
      [Humongous Register: 0,0 ms]
      [Humongous Reclaim: 0,0 ms]
      [Free CSet: 0,0 ms]
   [Eden: 98,0M(50,0M)->0,0B(231,0M) Survivors: 1024,0K->1024,0K Heap: 343,2M(1024,0M)->245,3M(1024,0M)]
 [Times: user=0,00 sys=0,00, real=0,01 secs] 
2016-12-23T18:20:07.099+0100: 72478,922: [GC pause (G1 Evacuation Pause) (young), 0,0158685 secs]
   [Parallel Time: 12,0 ms, GC Workers: 1]
      [GC Worker Start (ms):  72478922,1]
      [Ext Root Scanning (ms):  0,7]
      [Update RS (ms):  2,1]
         [Processed Buffers:  26]
      [Scan RS (ms):  7,4]
      [Code Root Scanning (ms):  0,0]
      [Object Copy (ms):  1,8]
      [Termination (ms):  0,0]
         [Termination Attempts:  1]
      [GC Worker Other (ms):  0,0]
      [GC Worker Total (ms):  12,0]
      [GC Worker End (ms):  72478934,1]
   [Code Root Fixup: 0,0 ms]
   [Code Root Purge: 0,0 ms]
   [Clear CT: 0,0 ms]
   [Other: 3,8 ms]
      [Choose CSet: 0,0 ms]
      [Ref Proc: 3,0 ms]
      [Ref Enq: 0,0 ms]
      [Redirty Cards: 0,0 ms]
      [Humongous Register: 0,0 ms]
      [Humongous Reclaim: 0,0 ms]
      [Free CSet: 0,0 ms]
   [Eden: 125,0M(50,0M)->0,0B(266,0M) Survivors: 1024,0K->1024,0K Heap: 370,3M(1024,0M)->245,2M(1024,0M)]
 [Times: user=0,01 sys=0,00, real=0,02 secs] 
2016-12-23T18:20:07.778+0100: 72479,601: [GC pause (G1 Evacuation Pause) (young), 0,0120283 secs]
   [Parallel Time: 11,8 ms, GC Workers: 1]
      [GC Worker Start (ms):  72479600,9]
      [Ext Root Scanning (ms):  0,7]
      [Update RS (ms):  1,7]
         [Processed Buffers:  17]
      [Scan RS (ms):  2,9]
      [Code Root Scanning (ms):  0,0]
      [Object Copy (ms):  6,6]
      [Termination (ms):  0,0]
         [Termination Attempts:  1]
      [GC Worker Other (ms):  0,0]
      [GC Worker Total (ms):  11,8]
      [GC Worker End (ms):  72479612,7]
   [Code Root Fixup: 0,0 ms]
   [Code Root Purge: 0,0 ms]
   [Clear CT: 0,0 ms]
   [Other: 0,2 ms]
      [Choose CSet: 0,0 ms]
      [Ref Proc: 0,0 ms]
      [Ref Enq: 0,0 ms]
      [Redirty Cards: 0,0 ms]
      [Humongous Register: 0,0 ms]
      [Humongous Reclaim: 0,0 ms]
      [Free CSet: 0,0 ms]
   [Eden: 50,0M(50,0M)->0,0B(406,0M) Survivors: 1024,0K->1024,0K Heap: 295,2M(1024,0M)->245,4M(1024,0M)]
 [Times: user=0,00 sys=0,00, real=0,01 secs] 
2016-12-23T18:20:09.274+0100: 72481,097: [GC pause (G1 Evacuation Pause) (young), 0,0147398 secs]
   [Parallel Time: 14,0 ms, GC Workers: 1]
      [GC Worker Start (ms):  72481097,0]
      [Ext Root Scanning (ms):  0,7]
      [Update RS (ms):  3,7]
         [Processed Buffers:  25]
      [Scan RS (ms):  5,5]
      [Code Root Scanning (ms):  0,0]
      [Object Copy (ms):  4,2]
      [Termination (ms):  0,0]
         [Termination Attempts:  1]
      [GC Worker Other (ms):  0,0]
      [GC Worker Total (ms):  14,0]
      [GC Worker End (ms):  72481111,0]
   [Code Root Fixup: 0,0 ms]
   [Code Root Purge: 0,0 ms]
   [Clear CT: 0,0 ms]
   [Other: 0,6 ms]
      [Choose CSet: 0,0 ms]
      [Ref Proc: 0,0 ms]
      [Ref Enq: 0,0 ms]
      [Redirty Cards: 0,0 ms]
      [Humongous Register: 0,0 ms]
      [Humongous Reclaim: 0,0 ms]
      [Free CSet: 0,0 ms]
   [Eden: 114,0M(50,0M)->0,0B(435,0M) Survivors: 1024,0K->1024,0K Heap: 359,4M(1024,0M)->245,2M(1024,0M)]
 [Times: user=0,01 sys=0,00, real=0,01 secs] 
2016-12-23T18:20:10.673+0100: 72482,496: [GC pause (G1 Evacuation Pause) (young), 0,0140200 secs]
   [Parallel Time: 12,2 ms, GC Workers: 1]
      [GC Worker Start (ms):  72482496,0]
      [Ext Root Scanning (ms):  0,7]
      [Update RS (ms):  2,0]
         [Processed Buffers:  27]
      [Scan RS (ms):  4,9]
      [Code Root Scanning (ms):  0,0]
      [Object Copy (ms):  4,6]
      [Termination (ms):  0,0]
         [Termination Attempts:  1]
      [GC Worker Other (ms):  0,0]
      [GC Worker Total (ms):  12,2]
      [GC Worker End (ms):  72482508,2]
   [Code Root Fixup: 0,0 ms]
   [Code Root Purge: 0,0 ms]
   [Clear CT: 0,0 ms]
   [Other: 1,7 ms]
      [Choose CSet: 0,0 ms]
      [Ref Proc: 0,0 ms]
      [Ref Enq: 0,0 ms]
      [Redirty Cards: 0,0 ms]
      [Humongous Register: 0,0 ms]
      [Humongous Reclaim: 0,0 ms]
      [Free CSet: 0,1 ms]
   [Eden: 122,0M(50,0M)->0,0B(399,0M) Survivors: 1024,0K->2048,0K Heap: 367,2M(1024,0M)->246,1M(1024,0M)]
 [Times: user=0,00 sys=0,00, real=0,01 secs] 
2016-12-23T18:20:13.071+0100: 72484,894: [GC pause (G1 Evacuation Pause) (young), 0,0144610 secs]
   [Parallel Time: 14,2 ms, GC Workers: 1]
      [GC Worker Start (ms):  72484894,2]
      [Ext Root Scanning (ms):  0,6]
      [Update RS (ms):  2,1]
         [Processed Buffers:  26]
      [Scan RS (ms):  7,2]
      [Code Root Scanning (ms):  0,0]
      [Object Copy (ms):  4,1]
      [Termination (ms):  0,0]
         [Termination Attempts:  1]
      [GC Worker Other (ms):  0,0]
      [GC Worker Total (ms):  14,2]
      [GC Worker End (ms):  72484908,4]
   [Code Root Fixup: 0,0 ms]
   [Code Root Purge: 0,0 ms]
   [Clear CT: 0,1 ms]
   [Other: 0,2 ms]
      [Choose CSet: 0,0 ms]
      [Ref Proc: 0,0 ms]
      [Ref Enq: 0,0 ms]
      [Redirty Cards: 0,0 ms]
      [Humongous Register: 0,0 ms]
      [Humongous Reclaim: 0,0 ms]
      [Free CSet: 0,1 ms]
   [Eden: 188,0M(49,0M)->0,0B(612,0M) Survivors: 2048,0K->2048,0K Heap: 434,1M(1024,0M)->246,0M(1024,0M)]
 [Times: user=0,01 sys=0,00, real=0,02 secs] 
2016-12-23T18:20:14.572+0100: 72486,395: [GC pause (G1 Evacuation Pause) (young), 0,0271643 secs]
   [Parallel Time: 25,8 ms, GC Workers: 1]
      [GC Worker Start (ms):  72486394,6]
      [Ext Root Scanning (ms):  0,7]
      [Update RS (ms):  2,1]
         [Processed Buffers:  18]
      [Scan RS (ms):  12,8]
      [Code Root Scanning (ms):  0,0]
      [Object Copy (ms):  10,3]
      [Termination (ms):  0,0]
         [Termination Attempts:  1]
      [GC Worker Other (ms):  0,0]
      [GC Worker Total (ms):  25,8]
      [GC Worker End (ms):  72486420,4]
   [Code Root Fixup: 0,0 ms]
   [Code Root Purge: 0,0 ms]
   [Clear CT: 0,0 ms]
   [Other: 1,3 ms]
      [Choose CSet: 0,0 ms]
      [Ref Proc: 0,0 ms]
      [Ref Enq: 0,0 ms]
      [Redirty Cards: 0,1 ms]
      [Humongous Register: 0,0 ms]
      [Humongous Reclaim: 0,0 ms]
      [Free CSet: 0,1 ms]
   [Eden: 113,0M(49,0M)->0,0B(127,0M) Survivors: 2048,0K->1024,0K Heap: 359,0M(1024,0M)->245,6M(1024,0M)]
 [Times: user=0,01 sys=0,00, real=0,03 secs] 
2016-12-23T18:20:15.779+0100: 72487,602: [GC pause (G1 Evacuation Pause) (young), 0,0143446 secs]
   [Parallel Time: 14,1 ms, GC Workers: 1]
      [GC Worker Start (ms):  72487601,9]
      [Ext Root Scanning (ms):  0,8]
      [Update RS (ms):  1,7]
         [Processed Buffers:  23]
      [Scan RS (ms):  7,5]
      [Code Root Scanning (ms):  0,0]
      [Object Copy (ms):  4,1]
      [Termination (ms):  0,0]
         [Termination Attempts:  1]
      [GC Worker Other (ms):  0,0]
      [GC Worker Total (ms):  14,1]
      [GC Worker End (ms):  72487615,9]
   [Code Root Fixup: 0,0 ms]
   [Code Root Purge: 0,0 ms]
   [Clear CT: 0,0 ms]
   [Other: 0,2 ms]
      [Choose CSet: 0,0 ms]
      [Ref Proc: 0,0 ms]
      [Ref Enq: 0,0 ms]
      [Redirty Cards: 0,0 ms]
      [Humongous Register: 0,0 ms]
      [Humongous Reclaim: 0,0 ms]
      [Free CSet: 0,0 ms]
   [Eden: 102,0M(50,0M)->0,0B(89,0M) Survivors: 1024,0K->2048,0K Heap: 347,6M(1024,0M)->246,2M(1024,0M)]
 [Times: user=0,01 sys=0,00, real=0,02 secs] 
2016-12-23T18:20:17.085+0100: 72488,908: [GC pause (G1 Evacuation Pause) (young), 0,0177749 secs]
   [Parallel Time: 17,5 ms, GC Workers: 1]
      [GC Worker Start (ms):  72488907,7]
      [Ext Root Scanning (ms):  0,8]
      [Update RS (ms):  2,1]
         [Processed Buffers:  19]
      [Scan RS (ms):  7,0]
      [Code Root Scanning (ms):  0,0]
      [Object Copy (ms):  7,6]
      [Termination (ms):  0,0]
         [Termination Attempts:  1]
      [GC Worker Other (ms):  0,0]
      [GC Worker Total (ms):  17,5]
      [GC Worker End (ms):  72488925,2]
   [Code Root Fixup: 0,0 ms]
   [Code Root Purge: 0,0 ms]
   [Clear CT: 0,0 ms]
   [Other: 0,2 ms]
      [Choose CSet: 0,0 ms]
      [Ref Proc: 0,0 ms]
      [Ref Enq: 0,0 ms]
      [Redirty Cards: 0,0 ms]
      [Humongous Register: 0,0 ms]
      [Humongous Reclaim: 0,0 ms]
      [Free CSet: 0,0 ms]
   [Eden: 89,0M(89,0M)->0,0B(361,0M) Survivors: 2048,0K->1024,0K Heap: 335,2M(1024,0M)->245,6M(1024,0M)]
 [Times: user=0,01 sys=0,00, real=0,02 secs] 
2016-12-23T18:20:18.001+0100: 72489,824: [GC pause (G1 Evacuation Pause) (young), 0,0255932 secs]
   [Parallel Time: 25,3 ms, GC Workers: 1]
      [GC Worker Start (ms):  72489823,9]
      [Ext Root Scanning (ms):  0,6]
      [Update RS (ms):  1,7]
         [Processed Buffers:  18]
      [Scan RS (ms):  7,0]
      [Code Root Scanning (ms):  0,0]
      [Object Copy (ms):  15,9]
      [Termination (ms):  0,0]
         [Termination Attempts:  1]
      [GC Worker Other (ms):  0,0]
      [GC Worker Total (ms):  25,3]
      [GC Worker End (ms):  72489849,2]
   [Code Root Fixup: 0,0 ms]
   [Code Root Purge: 0,0 ms]
   [Clear CT: 0,0 ms]
   [Other: 0,2 ms]
      [Choose CSet: 0,0 ms]
      [Ref Proc: 0,0 ms]
      [Ref Enq: 0,0 ms]
      [Redirty Cards: 0,0 ms]
      [Humongous Register: 0,0 ms]
      [Humongous Reclaim: 0,0 ms]
      [Free CSet: 0,1 ms]
   [Eden: 50,0M(50,0M)->0,0B(50,0M) Survivors: 1024,0K->1024,0K Heap: 295,6M(1024,0M)->245,7M(1024,0M)]
 [Times: user=0,01 sys=0,00, real=0,02 secs] 
2016-12-23T18:20:18.763+0100: 72490,586: [GC pause (G1 Evacuation Pause) (young), 0,0138154 secs]
   [Parallel Time: 13,6 ms, GC Workers: 1]
      [GC Worker Start (ms):  72490585,7]
      [Ext Root Scanning (ms):  0,7]
      [Update RS (ms):  1,6]
         [Processed Buffers:  17]
      [Scan RS (ms):  5,8]
      [Code Root Scanning (ms):  0,0]
      [Object Copy (ms):  5,3]
      [Termination (ms):  0,0]
         [Termination Attempts:  1]
      [GC Worker Other (ms):  0,0]
      [GC Worker Total (ms):  13,6]
      [GC Worker End (ms):  72490599,3]
   [Code Root Fixup: 0,0 ms]
   [Code Root Purge: 0,0 ms]
   [Clear CT: 0,0 ms]
   [Other: 0,2 ms]
      [Choose CSet: 0,0 ms]
      [Ref Proc: 0,0 ms]
      [Ref Enq: 0,0 ms]
      [Redirty Cards: 0,0 ms]
      [Humongous Register: 0,0 ms]
      [Humongous Reclaim: 0,0 ms]
      [Free CSet: 0,0 ms]
   [Eden: 50,0M(50,0M)->0,0B(130,0M) Survivors: 1024,0K->1024,0K Heap: 295,7M(1024,0M)->245,8M(1024,0M)]
 [Times: user=0,01 sys=0,00, real=0,01 secs] 
2016-12-23T18:20:20.303+0100: 72492,126: [GC pause (G1 Evacuation Pause) (young), 0,0223360 secs]
   [Parallel Time: 22,1 ms, GC Workers: 1]
      [GC Worker Start (ms):  72492126,1]
      [Ext Root Scanning (ms):  0,6]
      [Update RS (ms):  1,9]
         [Processed Buffers:  24]
      [Scan RS (ms):  10,5]
      [Code Root Scanning (ms):  0,0]
      [Object Copy (ms):  9,0]
      [Termination (ms):  0,0]
         [Termination Attempts:  1]
      [GC Worker Other (ms):  0,0]
      [GC Worker Total (ms):  22,0]
      [GC Worker End (ms):  72492148,2]
   [Code Root Fixup: 0,0 ms]
   [Code Root Purge: 0,0 ms]
   [Clear CT: 0,0 ms]
   [Other: 0,2 ms]
      [Choose CSet: 0,0 ms]
      [Ref Proc: 0,0 ms]
      [Ref Enq: 0,0 ms]
      [Redirty Cards: 0,0 ms]
      [Humongous Register: 0,0 ms]
      [Humongous Reclaim: 0,0 ms]
      [Free CSet: 0,0 ms]
   [Eden: 108,0M(50,0M)->0,0B(50,0M) Survivors: 1024,0K->1024,0K Heap: 353,8M(1024,0M)->245,8M(1024,0M)]
 [Times: user=0,00 sys=0,00, real=0,02 secs] 
2016-12-23T18:20:20.907+0100: 72492,730: [GC pause (G1 Evacuation Pause) (young), 0,0137752 secs]
   [Parallel Time: 13,5 ms, GC Workers: 1]
      [GC Worker Start (ms):  72492730,0]
      [Ext Root Scanning (ms):  0,7]
      [Update RS (ms):  3,4]
         [Processed Buffers:  20]
      [Scan RS (ms):  5,2]
      [Code Root Scanning (ms):  0,0]
      [Object Copy (ms):  4,2]
      [Termination (ms):  0,0]
         [Termination Attempts:  1]
      [GC Worker Other (ms):  0,0]
      [GC Worker Total (ms):  13,5]
      [GC Worker End (ms):  72492743,5]
   [Code Root Fixup: 0,0 ms]
   [Code Root Purge: 0,0 ms]
   [Clear CT: 0,0 ms]
   [Other: 0,2 ms]
      [Choose CSet: 0,0 ms]
      [Ref Proc: 0,0 ms]
      [Ref Enq: 0,0 ms]
      [Redirty Cards: 0,0 ms]
      [Humongous Register: 0,0 ms]
      [Humongous Reclaim: 0,0 ms]
      [Free CSet: 0,0 ms]
   [Eden: 50,0M(50,0M)->0,0B(49,0M) Survivors: 1024,0K->2048,0K Heap: 295,8M(1024,0M)->246,4M(1024,0M)]
 [Times: user=0,01 sys=0,00, real=0,02 secs] 
2016-12-23T18:20:21.517+0100: 72493,340: [GC pause (G1 Evacuation Pause) (young), 0,0154391 secs]
   [Parallel Time: 14,3 ms, GC Workers: 1]
      [GC Worker Start (ms):  72493340,4]
      [Ext Root Scanning (ms):  0,7]
      [Update RS (ms):  4,0]
         [Processed Buffers:  20]
      [Scan RS (ms):  5,8]
      [Code Root Scanning (ms):  0,0]
      [Object Copy (ms):  3,8]
      [Termination (ms):  0,0]
         [Termination Attempts:  1]
      [GC Worker Other (ms):  0,0]
      [GC Worker Total (ms):  14,3]
      [GC Worker End (ms):  72493354,7]
   [Code Root Fixup: 0,0 ms]
   [Code Root Purge: 0,0 ms]
   [Clear CT: 0,0 ms]
   [Other: 1,1 ms]
      [Choose CSet: 0,0 ms]
      [Ref Proc: 0,0 ms]
      [Ref Enq: 0,0 ms]
      [Redirty Cards: 0,1 ms]
      [Humongous Register: 0,0 ms]
      [Humongous Reclaim: 0,0 ms]
      [Free CSet: 0,0 ms]
   [Eden: 49,0M(49,0M)->0,0B(355,0M) Survivors: 2048,0K->1024,0K Heap: 295,4M(1024,0M)->245,9M(1024,0M)]
 [Times: user=0,01 sys=0,00, real=0,02 secs] 
2016-12-23T18:20:22.395+0100: 72494,218: [GC pause (G1 Evacuation Pause) (young), 0,0159133 secs]
   [Parallel Time: 14,7 ms, GC Workers: 1]
      [GC Worker Start (ms):  72494217,9]
      [Ext Root Scanning (ms):  0,7]
      [Update RS (ms):  1,9]
         [Processed Buffers:  16]
      [Scan RS (ms):  8,1]
      [Code Root Scanning (ms):  0,0]
      [Object Copy (ms):  4,0]
      [Termination (ms):  0,0]
         [Termination Attempts:  1]
      [GC Worker Other (ms):  0,0]
      [GC Worker Total (ms):  14,7]
      [GC Worker End (ms):  72494232,6]
   [Code Root Fixup: 0,0 ms]
   [Code Root Purge: 0,0 ms]
   [Clear CT: 0,0 ms]
   [Other: 1,2 ms]
      [Choose CSet: 0,0 ms]
      [Ref Proc: 0,0 ms]
      [Ref Enq: 0,0 ms]
      [Redirty Cards: 0,0 ms]
      [Humongous Register: 0,0 ms]
      [Humongous Reclaim: 0,0 ms]
      [Free CSet: 0,0 ms]
   [Eden: 73,0M(50,0M)->0,0B(250,0M) Survivors: 1024,0K->1024,0K Heap: 318,9M(1024,0M)->246,1M(1024,0M)]
 [Times: user=0,01 sys=0,00, real=0,01 secs] 
2016-12-23T18:20:37.476+0100: 72509,299: [GC pause (G1 Evacuation Pause) (young), 0,0197544 secs]
   [Parallel Time: 19,5 ms, GC Workers: 1]
      [GC Worker Start (ms):  72509298,9]
      [Ext Root Scanning (ms):  0,7]
      [Update RS (ms):  2,2]
         [Processed Buffers:  33]
      [Scan RS (ms):  4,3]
      [Code Root Scanning (ms):  0,0]
      [Object Copy (ms):  12,3]
      [Termination (ms):  0,0]
         [Termination Attempts:  1]
      [GC Worker Other (ms):  0,0]
      [GC Worker Total (ms):  19,5]
      [GC Worker End (ms):  72509318,4]
   [Code Root Fixup: 0,0 ms]
   [Code Root Purge: 0,0 ms]
   [Clear CT: 0,0 ms]
   [Other: 0,2 ms]
      [Choose CSet: 0,0 ms]
      [Ref Proc: 0,0 ms]
      [Ref Enq: 0,0 ms]
      [Redirty Cards: 0,0 ms]
      [Humongous Register: 0,0 ms]
      [Humongous Reclaim: 0,0 ms]
      [Free CSet: 0,0 ms]
   [Eden: 50,0M(50,0M)->0,0B(49,0M) Survivors: 1024,0K->2048,0K Heap: 296,1M(1024,0M)->246,6M(1024,0M)]
 [Times: user=0,02 sys=0,00, real=0,02 secs] 
2016-12-23T18:22:14.721+0100: 72606,544: [GC pause (G1 Evacuation Pause) (young), 0,0482231 secs]
   [Parallel Time: 44,5 ms, GC Workers: 1]
      [GC Worker Start (ms):  72606543,9]
      [Ext Root Scanning (ms):  0,7]
      [Update RS (ms):  2,5]
         [Processed Buffers:  40]
      [Scan RS (ms):  19,3]
      [Code Root Scanning (ms):  0,0]
      [Object Copy (ms):  20,4]
      [Termination (ms):  0,0]
         [Termination Attempts:  1]
      [GC Worker Other (ms):  0,0]
      [GC Worker Total (ms):  42,9]
      [GC Worker End (ms):  72606586,8]
   [Code Root Fixup: 0,1 ms]
   [Code Root Purge: 0,0 ms]
   [Clear CT: 0,0 ms]
   [Other: 3,6 ms]
      [Choose CSet: 0,0 ms]
      [Ref Proc: 0,0 ms]
      [Ref Enq: 0,0 ms]
      [Redirty Cards: 0,0 ms]
      [Humongous Register: 0,0 ms]
      [Humongous Reclaim: 0,0 ms]
      [Free CSet: 0,1 ms]
   [Eden: 49,0M(49,0M)->0,0B(48,0M) Survivors: 2048,0K->3072,0K Heap: 295,6M(1024,0M)->248,2M(1024,0M)]
 [Times: user=0,02 sys=0,00, real=0,05 secs] 
2016-12-23T18:22:20.699+0100: 72612,522: [GC pause (G1 Evacuation Pause) (young), 0,0400683 secs]
   [Parallel Time: 39,6 ms, GC Workers: 1]
      [GC Worker Start (ms):  72612521,9]
      [Ext Root Scanning (ms):  2,5]
      [Update RS (ms):  11,8]
         [Processed Buffers:  32]
      [Scan RS (ms):  11,7]
      [Code Root Scanning (ms):  0,0]
      [Object Copy (ms):  10,2]
      [Termination (ms):  0,0]
         [Termination Attempts:  1]
      [GC Worker Other (ms):  0,0]
      [GC Worker Total (ms):  36,2]
      [GC Worker End (ms):  72612558,1]
   [Code Root Fixup: 0,0 ms]
   [Code Root Purge: 0,0 ms]
   [Clear CT: 0,0 ms]
   [Other: 0,4 ms]
      [Choose CSet: 0,0 ms]
      [Ref Proc: 0,0 ms]
      [Ref Enq: 0,0 ms]
      [Redirty Cards: 0,0 ms]
      [Humongous Register: 0,0 ms]
      [Humongous Reclaim: 0,0 ms]
      [Free CSet: 0,1 ms]
   [Eden: 48,0M(48,0M)->0,0B(48,0M) Survivors: 3072,0K->3072,0K Heap: 296,2M(1024,0M)->248,2M(1024,0M)]
 [Times: user=0,02 sys=0,00, real=0,04 secs] 
2016-12-23T18:22:25.771+0100: 72617,594: [GC pause (G1 Evacuation Pause) (young), 0,0153791 secs]
   [Parallel Time: 15,1 ms, GC Workers: 1]
      [GC Worker Start (ms):  72617594,5]
      [Ext Root Scanning (ms):  0,7]
      [Update RS (ms):  1,3]
         [Processed Buffers:  27]
      [Scan RS (ms):  6,7]
      [Code Root Scanning (ms):  0,0]
      [Object Copy (ms):  6,4]
      [Termination (ms):  0,0]
         [Termination Attempts:  1]
      [GC Worker Other (ms):  0,0]
      [GC Worker Total (ms):  15,1]
      [GC Worker End (ms):  72617609,6]
   [Code Root Fixup: 0,0 ms]
   [Code Root Purge: 0,0 ms]
   [Clear CT: 0,0 ms]
   [Other: 0,2 ms]
      [Choose CSet: 0,0 ms]
      [Ref Proc: 0,0 ms]
      [Ref Enq: 0,0 ms]
      [Redirty Cards: 0,0 ms]
      [Humongous Register: 0,0 ms]
      [Humongous Reclaim: 0,0 ms]
      [Free CSet: 0,0 ms]
   [Eden: 48,0M(48,0M)->0,0B(47,0M) Survivors: 3072,0K->4096,0K Heap: 296,2M(1024,0M)->248,8M(1024,0M)]
 [Times: user=0,00 sys=0,00, real=0,02 secs] 
2016-12-23T18:22:31.745+0100: 72623,568: [GC pause (G1 Evacuation Pause) (young), 0,0250681 secs]
   [Parallel Time: 23,2 ms, GC Workers: 1]
      [GC Worker Start (ms):  72623568,4]
      [Ext Root Scanning (ms):  0,7]
      [Update RS (ms):  1,8]
         [Processed Buffers:  29]
      [Scan RS (ms):  6,2]
      [Code Root Scanning (ms):  0,0]
      [Object Copy (ms):  14,4]
      [Termination (ms):  0,0]
         [Termination Attempts:  1]
      [GC Worker Other (ms):  0,0]
      [GC Worker Total (ms):  23,2]
      [GC Worker End (ms):  72623591,6]
   [Code Root Fixup: 0,0 ms]
   [Code Root Purge: 0,0 ms]
   [Clear CT: 0,0 ms]
   [Other: 1,8 ms]
      [Choose CSet: 0,0 ms]
      [Ref Proc: 0,0 ms]
      [Ref Enq: 0,0 ms]
      [Redirty Cards: 0,0 ms]
      [Humongous Register: 0,0 ms]
      [Humongous Reclaim: 0,0 ms]
      [Free CSet: 0,0 ms]
   [Eden: 47,0M(47,0M)->0,0B(47,0M) Survivors: 4096,0K->4096,0K Heap: 295,8M(1024,0M)->248,9M(1024,0M)]
 [Times: user=0,01 sys=0,00, real=0,02 secs] 
2016-12-23T18:22:37.726+0100: 72629,549: [GC pause (G1 Evacuation Pause) (young), 0,0237670 secs]
   [Parallel Time: 23,5 ms, GC Workers: 1]
      [GC Worker Start (ms):  72629549,0]
      [Ext Root Scanning (ms):  0,7]
      [Update RS (ms):  2,0]
         [Processed Buffers:  30]
      [Scan RS (ms):  9,0]
      [Code Root Scanning (ms):  0,0]
      [Object Copy (ms):  11,8]
      [Termination (ms):  0,0]
         [Termination Attempts:  1]
      [GC Worker Other (ms):  0,0]
      [GC Worker Total (ms):  23,5]
      [GC Worker End (ms):  72629572,4]
   [Code Root Fixup: 0,0 ms]
   [Code Root Purge: 0,0 ms]
   [Clear CT: 0,0 ms]
   [Other: 0,2 ms]
      [Choose CSet: 0,0 ms]
      [Ref Proc: 0,0 ms]
      [Ref Enq: 0,0 ms]
      [Redirty Cards: 0,0 ms]
      [Humongous Register: 0,0 ms]
      [Humongous Reclaim: 0,0 ms]
      [Free CSet: 0,0 ms]
   [Eden: 47,0M(47,0M)->0,0B(47,0M) Survivors: 4096,0K->4096,0K Heap: 295,9M(1024,0M)->249,0M(1024,0M)]
 [Times: user=0,01 sys=0,00, real=0,02 secs] 
2016-12-23T18:22:43.701+0100: 72635,524: [GC pause (G1 Evacuation Pause) (young), 0,0304713 secs]
   [Parallel Time: 30,2 ms, GC Workers: 1]
      [GC Worker Start (ms):  72635524,0]
      [Ext Root Scanning (ms):  1,1]
      [Update RS (ms):  6,1]
         [Processed Buffers:  35]
      [Scan RS (ms):  9,1]
      [Code Root Scanning (ms):  0,0]
      [Object Copy (ms):  13,8]
      [Termination (ms):  0,0]
         [Termination Attempts:  1]
      [GC Worker Other (ms):  0,0]
      [GC Worker Total (ms):  30,2]
      [GC Worker End (ms):  72635554,2]
   [Code Root Fixup: 0,0 ms]
   [Code Root Purge: 0,0 ms]
   [Clear CT: 0,0 ms]
   [Other: 0,2 ms]
      [Choose CSet: 0,0 ms]
      [Ref Proc: 0,0 ms]
      [Ref Enq: 0,0 ms]
      [Redirty Cards: 0,0 ms]
      [Humongous Register: 0,0 ms]
      [Humongous Reclaim: 0,0 ms]
      [Free CSet: 0,0 ms]
   [Eden: 47,0M(47,0M)->0,0B(47,0M) Survivors: 4096,0K->4096,0K Heap: 296,0M(1024,0M)->249,1M(1024,0M)]
 [Times: user=0,01 sys=0,00, real=0,03 secs] 
2016-12-23T18:22:48.730+0100: 72640,553: [GC pause (G1 Evacuation Pause) (young), 0,0148606 secs]
   [Parallel Time: 14,6 ms, GC Workers: 1]
      [GC Worker Start (ms):  72640552,9]
      [Ext Root Scanning (ms):  0,7]
      [Update RS (ms):  2,0]
         [Processed Buffers:  30]
      [Scan RS (ms):  4,8]
      [Code Root Scanning (ms):  0,0]
      [Object Copy (ms):  7,1]
      [Termination (ms):  0,0]
         [Termination Attempts:  1]
      [GC Worker Other (ms):  0,0]
      [GC Worker Total (ms):  14,6]
      [GC Worker End (ms):  72640567,5]
   [Code Root Fixup: 0,0 ms]
   [Code Root Purge: 0,0 ms]
   [Clear CT: 0,0 ms]
   [Other: 0,2 ms]
      [Choose CSet: 0,0 ms]
      [Ref Proc: 0,0 ms]
      [Ref Enq: 0,0 ms]
      [Redirty Cards: 0,0 ms]
      [Humongous Register: 0,0 ms]
      [Humongous Reclaim: 0,0 ms]
      [Free CSet: 0,0 ms]
   [Eden: 47,0M(47,0M)->0,0B(47,0M) Survivors: 4096,0K->4096,0K Heap: 296,1M(1024,0M)->249,6M(1024,0M)]
 [Times: user=0,01 sys=0,00, real=0,02 secs] 
2016-12-23T18:22:54.712+0100: 72646,535: [GC pause (G1 Evacuation Pause) (young), 0,0246818 secs]
   [Parallel Time: 23,9 ms, GC Workers: 1]
      [GC Worker Start (ms):  72646534,7]
      [Ext Root Scanning (ms):  0,7]
      [Update RS (ms):  2,1]
         [Processed Buffers:  31]
      [Scan RS (ms):  7,7]
      [Code Root Scanning (ms):  0,0]
      [Object Copy (ms):  9,4]
      [Termination (ms):  0,0]
         [Termination Attempts:  1]
      [GC Worker Other (ms):  0,0]
      [GC Worker Total (ms):  20,0]
      [GC Worker End (ms):  72646554,7]
   [Code Root Fixup: 0,0 ms]
   [Code Root Purge: 0,0 ms]
   [Clear CT: 0,0 ms]
   [Other: 0,7 ms]
      [Choose CSet: 0,0 ms]
      [Ref Proc: 0,0 ms]
      [Ref Enq: 0,0 ms]
      [Redirty Cards: 0,0 ms]
      [Humongous Register: 0,0 ms]
      [Humongous Reclaim: 0,0 ms]
      [Free CSet: 0,0 ms]
   [Eden: 47,0M(47,0M)->0,0B(48,0M) Survivors: 4096,0K->3072,0K Heap: 296,6M(1024,0M)->248,7M(1024,0M)]
 [Times: user=0,02 sys=0,00, real=0,03 secs] 
2016-12-23T18:23:00.737+0100: 72652,560: [GC pause (G1 Evacuation Pause) (young), 0,0162461 secs]
   [Parallel Time: 16,0 ms, GC Workers: 1]
      [GC Worker Start (ms):  72652559,9]
      [Ext Root Scanning (ms):  0,7]
      [Update RS (ms):  5,3]
         [Processed Buffers:  32]
      [Scan RS (ms):  4,5]
      [Code Root Scanning (ms):  0,0]
      [Object Copy (ms):  5,5]
      [Termination (ms):  0,0]
         [Termination Attempts:  1]
      [GC Worker Other (ms):  0,0]
      [GC Worker Total (ms):  16,0]
      [GC Worker End (ms):  72652575,8]
   [Code Root Fixup: 0,0 ms]
   [Code Root Purge: 0,0 ms]
   [Clear CT: 0,0 ms]
   [Other: 0,2 ms]
      [Choose CSet: 0,0 ms]
      [Ref Proc: 0,0 ms]
      [Ref Enq: 0,0 ms]
      [Redirty Cards: 0,0 ms]
      [Humongous Register: 0,0 ms]
      [Humongous Reclaim: 0,0 ms]
      [Free CSet: 0,0 ms]
   [Eden: 48,0M(48,0M)->0,0B(47,0M) Survivors: 3072,0K->4096,0K Heap: 296,7M(1024,0M)->249,2M(1024,0M)]
 [Times: user=0,01 sys=0,00, real=0,01 secs] 
2016-12-23T18:23:06.689+0100: 72658,512: [GC pause (G1 Evacuation Pause) (young), 0,0237513 secs]
   [Parallel Time: 23,5 ms, GC Workers: 1]
      [GC Worker Start (ms):  72658511,9]
      [Ext Root Scanning (ms):  0,6]
      [Update RS (ms):  1,8]
         [Processed Buffers:  28]
      [Scan RS (ms):  7,2]
      [Code Root Scanning (ms):  0,0]
      [Object Copy (ms):  9,3]
      [Termination (ms):  0,0]
         [Termination Attempts:  1]
      [GC Worker Other (ms):  0,0]
      [GC Worker Total (ms):  19,0]
      [GC Worker End (ms):  72658530,8]
   [Code Root Fixup: 0,0 ms]
   [Code Root Purge: 0,0 ms]
   [Clear CT: 0,0 ms]
   [Other: 0,2 ms]
      [Choose CSet: 0,0 ms]
      [Ref Proc: 0,0 ms]
      [Ref Enq: 0,0 ms]
      [Redirty Cards: 0,0 ms]
      [Humongous Register: 0,0 ms]
      [Humongous Reclaim: 0,0 ms]
      [Free CSet: 0,0 ms]
   [Eden: 47,0M(47,0M)->0,0B(47,0M) Survivors: 4096,0K->4096,0K Heap: 296,2M(1024,0M)->249,2M(1024,0M)]
 [Times: user=0,02 sys=0,00, real=0,02 secs] 
2016-12-23T18:23:12.664+0100: 72664,487: [GC pause (G1 Evacuation Pause) (young), 0,0336482 secs]
   [Parallel Time: 32,5 ms, GC Workers: 1]
      [GC Worker Start (ms):  72664486,8]
      [Ext Root Scanning (ms):  2,6]
      [Update RS (ms):  6,9]
         [Processed Buffers:  30]
      [Scan RS (ms):  9,0]
      [Code Root Scanning (ms):  0,0]
      [Object Copy (ms):  14,0]
      [Termination (ms):  0,0]
         [Termination Attempts:  1]
      [GC Worker Other (ms):  0,0]
      [GC Worker Total (ms):  32,5]
      [GC Worker End (ms):  72664519,3]
   [Code Root Fixup: 0,0 ms]
   [Code Root Purge: 0,0 ms]
   [Clear CT: 0,0 ms]
   [Other: 1,1 ms]
      [Choose CSet: 0,0 ms]
      [Ref Proc: 0,0 ms]
      [Ref Enq: 0,0 ms]
      [Redirty Cards: 0,0 ms]
      [Humongous Register: 0,0 ms]
      [Humongous Reclaim: 0,0 ms]
      [Free CSet: 0,0 ms]
   [Eden: 47,0M(47,0M)->0,0B(47,0M) Survivors: 4096,0K->4096,0K Heap: 296,2M(1024,0M)->249,3M(1024,0M)]
 [Times: user=0,01 sys=0,00, real=0,03 secs] 
2016-12-23T18:23:17.679+0100: 72669,502: [GC pause (G1 Evacuation Pause) (young), 0,0228133 secs]
   [Parallel Time: 21,9 ms, GC Workers: 1]
      [GC Worker Start (ms):  72669502,1]
      [Ext Root Scanning (ms):  0,7]
      [Update RS (ms):  1,7]
         [Processed Buffers:  26]
      [Scan RS (ms):  8,5]
      [Code Root Scanning (ms):  0,0]
      [Object Copy (ms):  11,0]
      [Termination (ms):  0,0]
         [Termination Attempts:  1]
      [GC Worker Other (ms):  0,0]
      [GC Worker Total (ms):  21,9]
      [GC Worker End (ms):  72669524,0]
   [Code Root Fixup: 0,0 ms]
   [Code Root Purge: 0,0 ms]
   [Clear CT: 0,0 ms]
   [Other: 0,8 ms]
      [Choose CSet: 0,0 ms]
      [Ref Proc: 0,0 ms]
      [Ref Enq: 0,0 ms]
      [Redirty Cards: 0,0 ms]
      [Humongous Register: 0,0 ms]
      [Humongous Reclaim: 0,0 ms]
      [Free CSet: 0,0 ms]
   [Eden: 47,0M(47,0M)->0,0B(47,0M) Survivors: 4096,0K->4096,0K Heap: 296,3M(1024,0M)->249,8M(1024,0M)]
 [Times: user=0,01 sys=0,00, real=0,03 secs] 
2016-12-23T18:23:23.674+0100: 72675,497: [GC pause (G1 Evacuation Pause) (young), 0,0234097 secs]
   [Parallel Time: 23,1 ms, GC Workers: 1]
      [GC Worker Start (ms):  72675497,3]
      [Ext Root Scanning (ms):  0,7]
      [Update RS (ms):  1,9]
         [Processed Buffers:  28]
      [Scan RS (ms):  6,1]
      [Code Root Scanning (ms):  0,0]
      [Object Copy (ms):  14,4]
      [Termination (ms):  0,0]
         [Termination Attempts:  1]
      [GC Worker Other (ms):  0,0]
      [GC Worker Total (ms):  23,1]
      [GC Worker End (ms):  72675520,5]
   [Code Root Fixup: 0,0 ms]
   [Code Root Purge: 0,0 ms]
   [Clear CT: 0,0 ms]
   [Other: 0,2 ms]
      [Choose CSet: 0,0 ms]
      [Ref Proc: 0,0 ms]
      [Ref Enq: 0,0 ms]
      [Redirty Cards: 0,0 ms]
      [Humongous Register: 0,0 ms]
      [Humongous Reclaim: 0,0 ms]
      [Free CSet: 0,0 ms]
   [Eden: 47,0M(47,0M)->0,0B(47,0M) Survivors: 4096,0K->4096,0K Heap: 296,8M(1024,0M)->249,9M(1024,0M)]
 [Times: user=0,01 sys=0,00, real=0,02 secs] 
2016-12-23T18:23:29.674+0100: 72681,497: [GC pause (G1 Evacuation Pause) (young), 0,0299123 secs]
   [Parallel Time: 29,6 ms, GC Workers: 1]
      [GC Worker Start (ms):  72681497,0]
      [Ext Root Scanning (ms):  0,7]
      [Update RS (ms):  3,6]
         [Processed Buffers:  29]
      [Scan RS (ms):  7,1]
      [Code Root Scanning (ms):  0,0]
      [Object Copy (ms):  15,1]
      [Termination (ms):  0,0]
         [Termination Attempts:  1]
      [GC Worker Other (ms):  0,0]
      [GC Worker Total (ms):  26,5]
      [GC Worker End (ms):  72681523,6]
   [Code Root Fixup: 0,0 ms]
   [Code Root Purge: 0,0 ms]
   [Clear CT: 0,0 ms]
   [Other: 0,3 ms]
      [Choose CSet: 0,0 ms]
      [Ref Proc: 0,0 ms]
      [Ref Enq: 0,0 ms]
      [Redirty Cards: 0,0 ms]
      [Humongous Register: 0,0 ms]
      [Humongous Reclaim: 0,0 ms]
      [Free CSet: 0,0 ms]
   [Eden: 47,0M(47,0M)->0,0B(47,0M) Survivors: 4096,0K->4096,0K Heap: 296,9M(1024,0M)->249,9M(1024,0M)]
 [Times: user=0,01 sys=0,00, real=0,03 secs] 
2016-12-23T18:23:35.644+0100: 72687,467: [GC pause (G1 Evacuation Pause) (young), 0,0365739 secs]
   [Parallel Time: 36,3 ms, GC Workers: 1]
      [GC Worker Start (ms):  72687466,9]
      [Ext Root Scanning (ms):  0,8]
      [Update RS (ms):  2,0]
         [Processed Buffers:  32]
      [Scan RS (ms):  5,9]
      [Code Root Scanning (ms):  0,0]
      [Object Copy (ms):  27,6]
      [Termination (ms):  0,0]
         [Termination Attempts:  1]
      [GC Worker Other (ms):  0,0]
      [GC Worker Total (ms):  36,3]
      [GC Worker End (ms):  72687503,2]
   [Code Root Fixup: 0,0 ms]
   [Code Root Purge: 0,0 ms]
   [Clear CT: 0,0 ms]
   [Other: 0,2 ms]
      [Choose CSet: 0,0 ms]
      [Ref Proc: 0,0 ms]
      [Ref Enq: 0,0 ms]
      [Redirty Cards: 0,0 ms]
      [Humongous Register: 0,0 ms]
      [Humongous Reclaim: 0,0 ms]
      [Free CSet: 0,0 ms]
   [Eden: 47,0M(47,0M)->0,0B(47,0M) Survivors: 4096,0K->4096,0K Heap: 296,9M(1024,0M)->250,1M(1024,0M)]
 [Times: user=0,01 sys=0,00, real=0,03 secs] 
2016-12-23T18:23:41.633+0100: 72693,456: [GC pause (G1 Evacuation Pause) (young), 0,0348669 secs]
   [Parallel Time: 34,4 ms, GC Workers: 1]
      [GC Worker Start (ms):  72693456,3]
      [Ext Root Scanning (ms):  0,7]
      [Update RS (ms):  1,8]
         [Processed Buffers:  32]
      [Scan RS (ms):  8,3]
      [Code Root Scanning (ms):  0,0]
      [Object Copy (ms):  23,6]
      [Termination (ms):  0,0]
         [Termination Attempts:  1]
      [GC Worker Other (ms):  0,0]
      [GC Worker Total (ms):  34,4]
      [GC Worker End (ms):  72693490,8]
   [Code Root Fixup: 0,0 ms]
   [Code Root Purge: 0,0 ms]
   [Clear CT: 0,0 ms]
   [Other: 0,4 ms]
      [Choose CSet: 0,0 ms]
      [Ref Proc: 0,0 ms]
      [Ref Enq: 0,0 ms]
      [Redirty Cards: 0,0 ms]
      [Humongous Register: 0,0 ms]
      [Humongous Reclaim: 0,0 ms]
      [Free CSet: 0,0 ms]
   [Eden: 47,0M(47,0M)->0,0B(48,0M) Survivors: 4096,0K->3072,0K Heap: 297,1M(1024,0M)->250,4M(1024,0M)]
 [Times: user=0,02 sys=0,00, real=0,03 secs] 
2016-12-23T18:23:47.626+0100: 72699,449: [GC pause (G1 Evacuation Pause) (young), 0,0299959 secs]
   [Parallel Time: 28,9 ms, GC Workers: 1]
      [GC Worker Start (ms):  72699449,3]
      [Ext Root Scanning (ms):  0,9]
      [Update RS (ms):  4,9]
         [Processed Buffers:  29]
      [Scan RS (ms):  9,3]
      [Code Root Scanning (ms):  0,0]
      [Object Copy (ms):  13,8]
      [Termination (ms):  0,0]
         [Termination Attempts:  1]
      [GC Worker Other (ms):  0,0]
      [GC Worker Total (ms):  28,9]
      [GC Worker End (ms):  72699478,2]
   [Code Root Fixup: 0,0 ms]
   [Code Root Purge: 0,0 ms]
   [Clear CT: 0,0 ms]
   [Other: 1,0 ms]
      [Choose CSet: 0,0 ms]
      [Ref Proc: 0,0 ms]
      [Ref Enq: 0,0 ms]
      [Redirty Cards: 0,0 ms]
      [Humongous Register: 0,0 ms]
      [Humongous Reclaim: 0,0 ms]
      [Free CSet: 0,0 ms]
   [Eden: 48,0M(48,0M)->0,0B(48,0M) Survivors: 3072,0K->3072,0K Heap: 298,4M(1024,0M)->250,9M(1024,0M)]
 [Times: user=0,01 sys=0,00, real=0,03 secs] 
2016-12-23T18:24:28.204+0100: 72740,027: [GC pause (G1 Evacuation Pause) (young), 0,0489803 secs]
   [Parallel Time: 48,0 ms, GC Workers: 1]
      [GC Worker Start (ms):  72740027,1]
      [Ext Root Scanning (ms):  2,4]
      [Update RS (ms):  5,4]
         [Processed Buffers:  37]
      [Scan RS (ms):  23,5]
      [Code Root Scanning (ms):  0,0]
      [Object Copy (ms):  11,6]
      [Termination (ms):  0,0]
         [Termination Attempts:  1]
      [GC Worker Other (ms):  0,0]
      [GC Worker Total (ms):  42,9]
      [GC Worker End (ms):  72740070,0]
   [Code Root Fixup: 0,0 ms]
   [Code Root Purge: 0,0 ms]
   [Clear CT: 0,0 ms]
   [Other: 0,9 ms]
      [Choose CSet: 0,0 ms]
      [Ref Proc: 0,0 ms]
      [Ref Enq: 0,0 ms]
      [Redirty Cards: 0,0 ms]
      [Humongous Register: 0,0 ms]
      [Humongous Reclaim: 0,0 ms]
      [Free CSet: 0,0 ms]
   [Eden: 48,0M(48,0M)->0,0B(47,0M) Survivors: 3072,0K->4096,0K Heap: 298,9M(1024,0M)->252,3M(1024,0M)]
 [Times: user=0,02 sys=0,00, real=0,05 secs] 
2016-12-23T18:27:59.559+0100: 72951,382: [GC pause (G1 Evacuation Pause) (young), 0,0234548 secs]
   [Parallel Time: 22,6 ms, GC Workers: 1]
      [GC Worker Start (ms):  72951382,3]
      [Ext Root Scanning (ms):  0,7]
      [Update RS (ms):  1,5]
         [Processed Buffers:  32]
      [Scan RS (ms):  5,5]
      [Code Root Scanning (ms):  0,0]
      [Object Copy (ms):  14,9]
      [Termination (ms):  0,0]
         [Termination Attempts:  1]
      [GC Worker Other (ms):  0,0]
      [GC Worker Total (ms):  22,6]
      [GC Worker End (ms):  72951404,9]
   [Code Root Fixup: 0,0 ms]
   [Code Root Purge: 0,0 ms]
   [Clear CT: 0,0 ms]
   [Other: 0,8 ms]
      [Choose CSet: 0,0 ms]
      [Ref Proc: 0,0 ms]
      [Ref Enq: 0,0 ms]
      [Redirty Cards: 0,0 ms]
      [Humongous Register: 0,0 ms]
      [Humongous Reclaim: 0,0 ms]
      [Free CSet: 0,0 ms]
   [Eden: 47,0M(47,0M)->0,0B(45,0M) Survivors: 4096,0K->6144,0K Heap: 299,3M(1024,0M)->254,0M(1024,0M)]
 [Times: user=0,02 sys=0,00, real=0,03 secs] 
2016-12-23T18:31:22.049+0100: 73153,872: [GC pause (G1 Evacuation Pause) (young), 0,0617195 secs]
   [Parallel Time: 60,9 ms, GC Workers: 1]
      [GC Worker Start (ms):  73153872,3]
      [Ext Root Scanning (ms):  2,2]
      [Update RS (ms):  6,6]
         [Processed Buffers:  27]
      [Scan RS (ms):  13,9]
      [Code Root Scanning (ms):  0,0]
      [Object Copy (ms):  38,0]
      [Termination (ms):  0,0]
         [Termination Attempts:  1]
      [GC Worker Other (ms):  0,0]
      [GC Worker Total (ms):  60,8]
      [GC Worker End (ms):  73153933,1]
   [Code Root Fixup: 0,0 ms]
   [Code Root Purge: 0,0 ms]
   [Clear CT: 0,0 ms]
   [Other: 0,8 ms]
      [Choose CSet: 0,0 ms]
      [Ref Proc: 0,0 ms]
      [Ref Enq: 0,0 ms]
      [Redirty Cards: 0,0 ms]
      [Humongous Register: 0,0 ms]
      [Humongous Reclaim: 0,0 ms]
      [Free CSet: 0,0 ms]
   [Eden: 45,0M(45,0M)->0,0B(44,0M) Survivors: 6144,0K->7168,0K Heap: 299,0M(1024,0M)->256,3M(1024,0M)]
 [Times: user=0,04 sys=0,00, real=0,06 secs] 
2016-12-23T18:34:39.818+0100: 73351,641: [GC pause (G1 Evacuation Pause) (young), 0,0774123 secs]
   [Parallel Time: 76,9 ms, GC Workers: 1]
      [GC Worker Start (ms):  73351640,8]
      [Ext Root Scanning (ms):  2,1]
      [Update RS (ms):  5,1]
         [Processed Buffers:  27]
      [Scan RS (ms):  14,3]
      [Code Root Scanning (ms):  0,0]
      [Object Copy (ms):  55,2]
      [Termination (ms):  0,0]
         [Termination Attempts:  1]
      [GC Worker Other (ms):  0,0]
      [GC Worker Total (ms):  76,8]
      [GC Worker End (ms):  73351717,6]
   [Code Root Fixup: 0,0 ms]
   [Code Root Purge: 0,0 ms]
   [Clear CT: 0,0 ms]
   [Other: 0,5 ms]
      [Choose CSet: 0,0 ms]
      [Ref Proc: 0,0 ms]
      [Ref Enq: 0,0 ms]
      [Redirty Cards: 0,0 ms]
      [Humongous Register: 0,0 ms]
      [Humongous Reclaim: 0,0 ms]
      [Free CSet: 0,1 ms]
   [Eden: 44,0M(44,0M)->0,0B(46,0M) Survivors: 7168,0K->5120,0K Heap: 300,3M(1024,0M)->258,5M(1024,0M)]
 [Times: user=0,04 sys=0,00, real=0,08 secs] 
2016-12-23T18:38:05.860+0100: 73557,683: [GC pause (G1 Evacuation Pause) (young), 0,0393361 secs]
   [Parallel Time: 38,8 ms, GC Workers: 1]
      [GC Worker Start (ms):  73557683,1]
      [Ext Root Scanning (ms):  0,7]
      [Update RS (ms):  1,2]
         [Processed Buffers:  28]
      [Scan RS (ms):  1,1]
      [Code Root Scanning (ms):  0,0]
      [Object Copy (ms):  35,9]
      [Termination (ms):  0,0]
         [Termination Attempts:  1]
      [GC Worker Other (ms):  0,0]
      [GC Worker Total (ms):  38,8]
      [GC Worker End (ms):  73557721,9]
   [Code Root Fixup: 0,0 ms]
   [Code Root Purge: 0,0 ms]
   [Clear CT: 0,0 ms]
   [Other: 0,5 ms]
      [Choose CSet: 0,0 ms]
      [Ref Proc: 0,0 ms]
      [Ref Enq: 0,0 ms]
      [Redirty Cards: 0,0 ms]
      [Humongous Register: 0,0 ms]
      [Humongous Reclaim: 0,0 ms]
      [Free CSet: 0,0 ms]
   [Eden: 46,0M(46,0M)->0,0B(45,0M) Survivors: 5120,0K->6144,0K Heap: 304,5M(1024,0M)->261,5M(1024,0M)]
 [Times: user=0,02 sys=0,00, real=0,04 secs] 
2016-12-23T18:41:29.244+0100: 73761,067: [GC pause (G1 Evacuation Pause) (young), 0,0406554 secs]
   [Parallel Time: 40,1 ms, GC Workers: 1]
      [GC Worker Start (ms):  73761067,1]
      [Ext Root Scanning (ms):  1,4]
      [Update RS (ms):  1,1]
         [Processed Buffers:  26]
      [Scan RS (ms):  6,1]
      [Code Root Scanning (ms):  0,0]
      [Object Copy (ms):  31,5]
      [Termination (ms):  0,0]
         [Termination Attempts:  1]
      [GC Worker Other (ms):  0,0]
      [GC Worker Total (ms):  40,1]
      [GC Worker End (ms):  73761107,2]
   [Code Root Fixup: 0,0 ms]
   [Code Root Purge: 0,0 ms]
   [Clear CT: 0,0 ms]
   [Other: 0,5 ms]
      [Choose CSet: 0,0 ms]
      [Ref Proc: 0,0 ms]
      [Ref Enq: 0,0 ms]
      [Redirty Cards: 0,0 ms]
      [Humongous Register: 0,0 ms]
      [Humongous Reclaim: 0,0 ms]
      [Free CSet: 0,0 ms]
   [Eden: 45,0M(45,0M)->0,0B(45,0M) Survivors: 6144,0K->6144,0K Heap: 306,5M(1024,0M)->264,0M(1024,0M)]
 [Times: user=0,02 sys=0,00, real=0,04 secs] 
2016-12-23T18:44:51.483+0100: 73963,306: [GC pause (G1 Evacuation Pause) (young), 0,0532391 secs]
   [Parallel Time: 52,7 ms, GC Workers: 1]
      [GC Worker Start (ms):  73963306,1]
      [Ext Root Scanning (ms):  2,2]
      [Update RS (ms):  2,2]
         [Processed Buffers:  28]
      [Scan RS (ms):  4,5]
      [Code Root Scanning (ms):  0,0]
      [Object Copy (ms):  43,8]
      [Termination (ms):  0,0]
         [Termination Attempts:  1]
      [GC Worker Other (ms):  0,1]
      [GC Worker Total (ms):  52,7]
      [GC Worker End (ms):  73963358,8]
   [Code Root Fixup: 0,0 ms]
   [Code Root Purge: 0,0 ms]
   [Clear CT: 0,0 ms]
   [Other: 0,5 ms]
      [Choose CSet: 0,0 ms]
      [Ref Proc: 0,0 ms]
      [Ref Enq: 0,0 ms]
      [Redirty Cards: 0,0 ms]
      [Humongous Register: 0,0 ms]
      [Humongous Reclaim: 0,0 ms]
      [Free CSet: 0,0 ms]
   [Eden: 45,0M(45,0M)->0,0B(45,0M) Survivors: 6144,0K->6144,0K Heap: 309,0M(1024,0M)->266,5M(1024,0M)]
 [Times: user=0,03 sys=0,00, real=0,05 secs] 
2016-12-23T18:48:14.718+0100: 74166,540: [GC pause (G1 Evacuation Pause) (young), 0,0391869 secs]
   [Parallel Time: 38,6 ms, GC Workers: 1]
      [GC Worker Start (ms):  74166540,6]
      [Ext Root Scanning (ms):  0,6]
      [Update RS (ms):  0,4]
         [Processed Buffers:  24]
      [Scan RS (ms):  0,9]
      [Code Root Scanning (ms):  0,0]
      [Object Copy (ms):  36,7]
      [Termination (ms):  0,0]
         [Termination Attempts:  1]
      [GC Worker Other (ms):  0,0]
      [GC Worker Total (ms):  38,6]
      [GC Worker End (ms):  74166579,1]
   [Code Root Fixup: 0,0 ms]
   [Code Root Purge: 0,0 ms]
   [Clear CT: 0,0 ms]
   [Other: 0,6 ms]
      [Choose CSet: 0,0 ms]
      [Ref Proc: 0,0 ms]
      [Ref Enq: 0,0 ms]
      [Redirty Cards: 0,0 ms]
      [Humongous Register: 0,0 ms]
      [Humongous Reclaim: 0,0 ms]
      [Free CSet: 0,0 ms]
   [Eden: 45,0M(45,0M)->0,0B(45,0M) Survivors: 6144,0K->6144,0K Heap: 311,5M(1024,0M)->269,0M(1024,0M)]
 [Times: user=0,01 sys=0,01, real=0,04 secs] 
2016-12-23T18:51:38.596+0100: 74370,419: [GC pause (G1 Evacuation Pause) (young), 0,0400484 secs]
   [Parallel Time: 39,3 ms, GC Workers: 1]
      [GC Worker Start (ms):  74370418,8]
      [Ext Root Scanning (ms):  1,0]
      [Update RS (ms):  0,5]
         [Processed Buffers:  25]
      [Scan RS (ms):  0,9]
      [Code Root Scanning (ms):  0,0]
      [Object Copy (ms):  36,9]
      [Termination (ms):  0,0]
         [Termination Attempts:  1]
      [GC Worker Other (ms):  0,0]
      [GC Worker Total (ms):  39,3]
      [GC Worker End (ms):  74370458,1]
   [Code Root Fixup: 0,0 ms]
   [Code Root Purge: 0,0 ms]
   [Clear CT: 0,0 ms]
   [Other: 0,6 ms]
      [Choose CSet: 0,0 ms]
      [Ref Proc: 0,0 ms]
      [Ref Enq: 0,0 ms]
      [Redirty Cards: 0,0 ms]
      [Humongous Register: 0,0 ms]
      [Humongous Reclaim: 0,0 ms]
      [Free CSet: 0,0 ms]
   [Eden: 45,0M(45,0M)->0,0B(45,0M) Survivors: 6144,0K->6144,0K Heap: 314,0M(1024,0M)->271,5M(1024,0M)]
 [Times: user=0,01 sys=0,00, real=0,04 secs] 
2016-12-23T18:55:00.350+0100: 74572,173: [GC pause (G1 Evacuation Pause) (young), 0,0341001 secs]
   [Parallel Time: 33,0 ms, GC Workers: 1]
      [GC Worker Start (ms):  74572173,5]
      [Ext Root Scanning (ms):  0,7]
      [Update RS (ms):  0,9]
         [Processed Buffers:  28]
      [Scan RS (ms):  1,4]
      [Code Root Scanning (ms):  0,0]
      [Object Copy (ms):  30,0]
      [Termination (ms):  0,0]
         [Termination Attempts:  1]
      [GC Worker Other (ms):  0,0]
      [GC Worker Total (ms):  33,0]
      [GC Worker End (ms):  74572206,4]
   [Code Root Fixup: 0,0 ms]
   [Code Root Purge: 0,0 ms]
   [Clear CT: 0,0 ms]
   [Other: 1,0 ms]
      [Choose CSet: 0,0 ms]
      [Ref Proc: 0,0 ms]
      [Ref Enq: 0,0 ms]
      [Redirty Cards: 0,0 ms]
      [Humongous Register: 0,0 ms]
      [Humongous Reclaim: 0,0 ms]
      [Free CSet: 0,0 ms]
   [Eden: 45,0M(45,0M)->0,0B(45,0M) Survivors: 6144,0K->6144,0K Heap: 316,5M(1024,0M)->274,0M(1024,0M)]
 [Times: user=0,02 sys=0,00, real=0,04 secs] 
2016-12-23T18:58:23.292+0100: 74775,115: [GC pause (G1 Evacuation Pause) (young), 0,0389885 secs]
   [Parallel Time: 38,5 ms, GC Workers: 1]
      [GC Worker Start (ms):  74775114,6]
      [Ext Root Scanning (ms):  0,6]
      [Update RS (ms):  0,9]
         [Processed Buffers:  29]
      [Scan RS (ms):  0,7]
      [Code Root Scanning (ms):  0,0]
      [Object Copy (ms):  36,2]
      [Termination (ms):  0,0]
         [Termination Attempts:  1]
      [GC Worker Other (ms):  0,0]
      [GC Worker Total (ms):  38,4]
      [GC Worker End (ms):  74775153,0]
   [Code Root Fixup: 0,0 ms]
   [Code Root Purge: 0,0 ms]
   [Clear CT: 0,0 ms]
   [Other: 0,5 ms]
      [Choose CSet: 0,0 ms]
      [Ref Proc: 0,0 ms]
      [Ref Enq: 0,0 ms]
      [Redirty Cards: 0,0 ms]
      [Humongous Register: 0,0 ms]
      [Humongous Reclaim: 0,0 ms]
      [Free CSet: 0,0 ms]
   [Eden: 45,0M(45,0M)->0,0B(45,0M) Survivors: 6144,0K->6144,0K Heap: 319,0M(1024,0M)->276,5M(1024,0M)]
 [Times: user=0,01 sys=0,01, real=0,04 secs] 
2016-12-23T19:00:43.747+0100: 74915,570: [GC pause (G1 Evacuation Pause) (young), 0,0414822 secs]
   [Parallel Time: 40,3 ms, GC Workers: 1]
      [GC Worker Start (ms):  74915570,3]
      [Ext Root Scanning (ms):  0,7]
      [Update RS (ms):  2,7]
         [Processed Buffers:  40]
      [Scan RS (ms):  4,8]
      [Code Root Scanning (ms):  0,0]
      [Object Copy (ms):  32,1]
      [Termination (ms):  0,0]
         [Termination Attempts:  1]
      [GC Worker Other (ms):  0,0]
      [GC Worker Total (ms):  40,3]
      [GC Worker End (ms):  74915610,6]
   [Code Root Fixup: 0,0 ms]
   [Code Root Purge: 0,0 ms]
   [Clear CT: 0,0 ms]
   [Other: 1,1 ms]
      [Choose CSet: 0,0 ms]
      [Ref Proc: 0,0 ms]
      [Ref Enq: 0,0 ms]
      [Redirty Cards: 0,0 ms]
      [Humongous Register: 0,0 ms]
      [Humongous Reclaim: 0,0 ms]
      [Free CSet: 0,0 ms]
   [Eden: 45,0M(45,0M)->0,0B(45,0M) Survivors: 6144,0K->6144,0K Heap: 321,5M(1024,0M)->279,0M(1024,0M)]
 [Times: user=0,01 sys=0,01, real=0,04 secs] 
2016-12-23T19:00:49.696+0100: 74921,519: [GC pause (G1 Evacuation Pause) (young), 0,0525984 secs]
   [Parallel Time: 47,9 ms, GC Workers: 1]
      [GC Worker Start (ms):  74921519,2]
      [Ext Root Scanning (ms):  0,6]
      [Update RS (ms):  2,0]
         [Processed Buffers:  33]
      [Scan RS (ms):  7,4]
      [Code Root Scanning (ms):  0,0]
      [Object Copy (ms):  37,8]
      [Termination (ms):  0,0]
         [Termination Attempts:  1]
      [GC Worker Other (ms):  0,0]
      [GC Worker Total (ms):  47,8]
      [GC Worker End (ms):  74921567,1]
   [Code Root Fixup: 0,0 ms]
   [Code Root Purge: 0,0 ms]
   [Clear CT: 0,0 ms]
   [Other: 4,7 ms]
      [Choose CSet: 0,0 ms]
      [Ref Proc: 0,1 ms]
      [Ref Enq: 0,0 ms]
      [Redirty Cards: 0,0 ms]
      [Humongous Register: 0,0 ms]
      [Humongous Reclaim: 0,0 ms]
      [Free CSet: 0,0 ms]
   [Eden: 45,0M(45,0M)->0,0B(47,0M) Survivors: 6144,0K->4096,0K Heap: 324,0M(1024,0M)->279,5M(1024,0M)]
 [Times: user=0,01 sys=0,01, real=0,05 secs] 
2016-12-23T19:00:54.789+0100: 74926,612: [GC pause (G1 Evacuation Pause) (young), 0,0314082 secs]
   [Parallel Time: 31,1 ms, GC Workers: 1]
      [GC Worker Start (ms):  74926612,0]
      [Ext Root Scanning (ms):  0,8]
      [Update RS (ms):  2,0]
         [Processed Buffers:  30]
      [Scan RS (ms):  6,4]
      [Code Root Scanning (ms):  0,0]
      [Object Copy (ms):  22,0]
      [Termination (ms):  0,0]
         [Termination Attempts:  1]
      [GC Worker Other (ms):  0,0]
      [GC Worker Total (ms):  31,1]
      [GC Worker End (ms):  74926643,1]
   [Code Root Fixup: 0,0 ms]
   [Code Root Purge: 0,0 ms]
   [Clear CT: 0,0 ms]
   [Other: 0,2 ms]
      [Choose CSet: 0,0 ms]
      [Ref Proc: 0,0 ms]
      [Ref Enq: 0,0 ms]
      [Redirty Cards: 0,0 ms]
      [Humongous Register: 0,0 ms]
      [Humongous Reclaim: 0,0 ms]
      [Free CSet: 0,0 ms]
   [Eden: 47,0M(47,0M)->0,0B(47,0M) Survivors: 4096,0K->4096,0K Heap: 326,5M(1024,0M)->279,5M(1024,0M)]
 [Times: user=0,02 sys=0,00, real=0,03 secs] 
2016-12-23T19:01:00.732+0100: 74932,555: [GC pause (G1 Evacuation Pause) (young), 0,0266260 secs]
   [Parallel Time: 26,4 ms, GC Workers: 1]
      [GC Worker Start (ms):  74932555,2]
      [Ext Root Scanning (ms):  0,7]
      [Update RS (ms):  2,2]
         [Processed Buffers:  34]
      [Scan RS (ms):  5,2]
      [Code Root Scanning (ms):  0,0]
      [Object Copy (ms):  18,2]
      [Termination (ms):  0,0]
         [Termination Attempts:  1]
      [GC Worker Other (ms):  0,0]
      [GC Worker Total (ms):  26,3]
      [GC Worker End (ms):  74932581,5]
   [Code Root Fixup: 0,0 ms]
   [Code Root Purge: 0,0 ms]
   [Clear CT: 0,0 ms]
   [Other: 0,2 ms]
      [Choose CSet: 0,0 ms]
      [Ref Proc: 0,0 ms]
      [Ref Enq: 0,0 ms]
      [Redirty Cards: 0,0 ms]
      [Humongous Register: 0,0 ms]
      [Humongous Reclaim: 0,0 ms]
      [Free CSet: 0,1 ms]
   [Eden: 47,0M(47,0M)->0,0B(47,0M) Survivors: 4096,0K->4096,0K Heap: 326,5M(1024,0M)->279,5M(1024,0M)]
 [Times: user=0,01 sys=0,00, real=0,03 secs] 
2016-12-23T19:01:06.698+0100: 74938,521: [GC pause (G1 Evacuation Pause) (young), 0,0193155 secs]
   [Parallel Time: 19,1 ms, GC Workers: 1]
      [GC Worker Start (ms):  74938520,9]
      [Ext Root Scanning (ms):  0,7]
      [Update RS (ms):  1,9]
         [Processed Buffers:  28]
      [Scan RS (ms):  4,7]
      [Code Root Scanning (ms):  0,0]
      [Object Copy (ms):  6,7]
      [Termination (ms):  0,0]
         [Termination Attempts:  1]
      [GC Worker Other (ms):  0,0]
      [GC Worker Total (ms):  14,0]
      [GC Worker End (ms):  74938534,9]
   [Code Root Fixup: 0,0 ms]
   [Code Root Purge: 0,0 ms]
   [Clear CT: 0,0 ms]
   [Other: 0,2 ms]
      [Choose CSet: 0,0 ms]
      [Ref Proc: 0,0 ms]
      [Ref Enq: 0,0 ms]
      [Redirty Cards: 0,0 ms]
      [Humongous Register: 0,0 ms]
      [Humongous Reclaim: 0,0 ms]
      [Free CSet: 0,0 ms]
   [Eden: 47,0M(47,0M)->0,0B(47,0M) Survivors: 4096,0K->4096,0K Heap: 326,5M(1024,0M)->280,0M(1024,0M)]
 [Times: user=0,01 sys=0,00, real=0,02 secs] 
2016-12-23T19:01:12.686+0100: 74944,509: [GC pause (G1 Evacuation Pause) (young), 0,0200990 secs]
   [Parallel Time: 19,8 ms, GC Workers: 1]
      [GC Worker Start (ms):  74944508,6]
      [Ext Root Scanning (ms):  0,7]
      [Update RS (ms):  2,2]
         [Processed Buffers:  32]
      [Scan RS (ms):  4,7]
      [Code Root Scanning (ms):  0,0]
      [Object Copy (ms):  12,2]
      [Termination (ms):  0,0]
         [Termination Attempts:  1]
      [GC Worker Other (ms):  0,0]
      [GC Worker Total (ms):  19,8]
      [GC Worker End (ms):  74944528,4]
   [Code Root Fixup: 0,0 ms]
   [Code Root Purge: 0,0 ms]
   [Clear CT: 0,0 ms]
   [Other: 0,2 ms]
      [Choose CSet: 0,0 ms]
      [Ref Proc: 0,0 ms]
      [Ref Enq: 0,0 ms]
      [Redirty Cards: 0,0 ms]
      [Humongous Register: 0,0 ms]
      [Humongous Reclaim: 0,0 ms]
      [Free CSet: 0,0 ms]
   [Eden: 47,0M(47,0M)->0,0B(47,0M) Survivors: 4096,0K->4096,0K Heap: 327,0M(1024,0M)->280,0M(1024,0M)]
 [Times: user=0,01 sys=0,00, real=0,02 secs] 
2016-12-23T19:01:17.726+0100: 74949,549: [GC pause (G1 Evacuation Pause) (young), 0,0113377 secs]
   [Parallel Time: 11,1 ms, GC Workers: 1]
      [GC Worker Start (ms):  74949549,0]
      [Ext Root Scanning (ms):  0,7]
      [Update RS (ms):  2,0]
         [Processed Buffers:  32]
      [Scan RS (ms):  2,5]
      [Code Root Scanning (ms):  0,0]
      [Object Copy (ms):  5,9]
      [Termination (ms):  0,0]
         [Termination Attempts:  1]
      [GC Worker Other (ms):  0,0]
      [GC Worker Total (ms):  11,1]
      [GC Worker End (ms):  74949560,1]
   [Code Root Fixup: 0,0 ms]
   [Code Root Purge: 0,0 ms]
   [Clear CT: 0,0 ms]
   [Other: 0,2 ms]
      [Choose CSet: 0,0 ms]
      [Ref Proc: 0,0 ms]
      [Ref Enq: 0,0 ms]
      [Redirty Cards: 0,0 ms]
      [Humongous Register: 0,0 ms]
      [Humongous Reclaim: 0,0 ms]
      [Free CSet: 0,0 ms]
   [Eden: 47,0M(47,0M)->0,0B(47,0M) Survivors: 4096,0K->4096,0K Heap: 327,0M(1024,0M)->280,0M(1024,0M)]
 [Times: user=0,01 sys=0,00, real=0,01 secs] 
2016-12-23T19:01:23.744+0100: 74955,567: [GC pause (G1 Evacuation Pause) (young), 0,0205587 secs]
   [Parallel Time: 20,3 ms, GC Workers: 1]
      [GC Worker Start (ms):  74955566,8]
      [Ext Root Scanning (ms):  0,7]
      [Update RS (ms):  1,7]
         [Processed Buffers:  30]
      [Scan RS (ms):  5,7]
      [Code Root Scanning (ms):  0,0]
      [Object Copy (ms):  10,0]
      [Termination (ms):  0,0]
         [Termination Attempts:  1]
      [GC Worker Other (ms):  0,0]
      [GC Worker Total (ms):  18,1]
      [GC Worker End (ms):  74955584,9]
   [Code Root Fixup: 0,0 ms]
   [Code Root Purge: 0,0 ms]
   [Clear CT: 0,0 ms]
   [Other: 0,2 ms]
      [Choose CSet: 0,0 ms]
      [Ref Proc: 0,0 ms]
      [Ref Enq: 0,0 ms]
      [Redirty Cards: 0,0 ms]
      [Humongous Register: 0,0 ms]
      [Humongous Reclaim: 0,0 ms]
      [Free CSet: 0,0 ms]
   [Eden: 47,0M(47,0M)->0,0B(46,0M) Survivors: 4096,0K->5120,0K Heap: 327,0M(1024,0M)->280,5M(1024,0M)]
 [Times: user=0,02 sys=0,00, real=0,02 secs] 
2016-12-23T19:01:29.690+0100: 74961,513: [GC pause (G1 Evacuation Pause) (young), 0,0391370 secs]
   [Parallel Time: 38,9 ms, GC Workers: 1]
      [GC Worker Start (ms):  74961512,6]
      [Ext Root Scanning (ms):  0,6]
      [Update RS (ms):  1,9]
         [Processed Buffers:  31]
      [Scan RS (ms):  3,8]
      [Code Root Scanning (ms):  0,0]
      [Object Copy (ms):  32,5]
      [Termination (ms):  0,0]
         [Termination Attempts:  1]
      [GC Worker Other (ms):  0,0]
      [GC Worker Total (ms):  38,9]
      [GC Worker End (ms):  74961551,5]
   [Code Root Fixup: 0,0 ms]
   [Code Root Purge: 0,0 ms]
   [Clear CT: 0,0 ms]
   [Other: 0,2 ms]
      [Choose CSet: 0,0 ms]
      [Ref Proc: 0,0 ms]
      [Ref Enq: 0,0 ms]
      [Redirty Cards: 0,0 ms]
      [Humongous Register: 0,0 ms]
      [Humongous Reclaim: 0,0 ms]
      [Free CSet: 0,0 ms]
   [Eden: 46,0M(46,0M)->0,0B(49,0M) Survivors: 5120,0K->2048,0K Heap: 326,5M(1024,0M)->280,2M(1024,0M)]
 [Times: user=0,01 sys=0,00, real=0,04 secs] 
2016-12-23T19:01:35.707+0100: 74967,530: [GC pause (G1 Evacuation Pause) (young), 0,0179567 secs]
   [Parallel Time: 17,7 ms, GC Workers: 1]
      [GC Worker Start (ms):  74967530,1]
      [Ext Root Scanning (ms):  0,7]
      [Update RS (ms):  2,7]
         [Processed Buffers:  32]
      [Scan RS (ms):  7,2]
      [Code Root Scanning (ms):  0,0]
      [Object Copy (ms):  7,1]
      [Termination (ms):  0,0]
         [Termination Attempts:  1]
      [GC Worker Other (ms):  0,0]
      [GC Worker Total (ms):  17,7]
      [GC Worker End (ms):  74967547,7]
   [Code Root Fixup: 0,0 ms]
   [Code Root Purge: 0,0 ms]
   [Clear CT: 0,0 ms]
   [Other: 0,2 ms]
      [Choose CSet: 0,0 ms]
      [Ref Proc: 0,0 ms]
      [Ref Enq: 0,0 ms]
      [Redirty Cards: 0,0 ms]
      [Humongous Register: 0,0 ms]
      [Humongous Reclaim: 0,0 ms]
      [Free CSet: 0,0 ms]
   [Eden: 49,0M(49,0M)->0,0B(49,0M) Survivors: 2048,0K->2048,0K Heap: 329,2M(1024,0M)->280,2M(1024,0M)]
 [Times: user=0,00 sys=0,00, real=0,02 secs] 
2016-12-23T19:01:41.689+0100: 74973,512: [GC pause (G1 Evacuation Pause) (young), 0,0110185 secs]
   [Parallel Time: 10,8 ms, GC Workers: 1]
      [GC Worker Start (ms):  74973512,0]
      [Ext Root Scanning (ms):  0,8]
      [Update RS (ms):  1,4]
         [Processed Buffers:  26]
      [Scan RS (ms):  1,0]
      [Code Root Scanning (ms):  0,0]
      [Object Copy (ms):  4,9]
      [Termination (ms):  0,0]
         [Termination Attempts:  1]
      [GC Worker Other (ms):  0,0]
      [GC Worker Total (ms):  8,2]
      [GC Worker End (ms):  74973520,2]
   [Code Root Fixup: 0,0 ms]
   [Code Root Purge: 0,0 ms]
   [Clear CT: 0,0 ms]
   [Other: 0,2 ms]
      [Choose CSet: 0,0 ms]
      [Ref Proc: 0,0 ms]
      [Ref Enq: 0,0 ms]
      [Redirty Cards: 0,0 ms]
      [Humongous Register: 0,0 ms]
      [Humongous Reclaim: 0,0 ms]
      [Free CSet: 0,0 ms]
   [Eden: 49,0M(49,0M)->0,0B(48,0M) Survivors: 2048,0K->3072,0K Heap: 329,2M(1024,0M)->280,7M(1024,0M)]
 [Times: user=0,01 sys=0,00, real=0,01 secs] 
2016-12-23T19:01:47.671+0100: 74979,494: [GC pause (G1 Evacuation Pause) (young), 0,0173460 secs]
   [Parallel Time: 17,1 ms, GC Workers: 1]
      [GC Worker Start (ms):  74979494,5]
      [Ext Root Scanning (ms):  1,1]
      [Update RS (ms):  2,0]
         [Processed Buffers:  26]
      [Scan RS (ms):  1,2]
      [Code Root Scanning (ms):  0,0]
      [Object Copy (ms):  8,2]
      [Termination (ms):  0,0]
         [Termination Attempts:  1]
      [GC Worker Other (ms):  0,0]
      [GC Worker Total (ms):  12,5]
      [GC Worker End (ms):  74979507,0]
   [Code Root Fixup: 0,0 ms]
   [Code Root Purge: 0,0 ms]
   [Clear CT: 0,0 ms]
   [Other: 0,2 ms]
      [Choose CSet: 0,0 ms]
      [Ref Proc: 0,0 ms]
      [Ref Enq: 0,0 ms]
      [Redirty Cards: 0,0 ms]
      [Humongous Register: 0,0 ms]
      [Humongous Reclaim: 0,0 ms]
      [Free CSet: 0,0 ms]
   [Eden: 48,0M(48,0M)->0,0B(48,0M) Survivors: 3072,0K->3072,0K Heap: 328,7M(1024,0M)->280,7M(1024,0M)]
 [Times: user=0,01 sys=0,00, real=0,02 secs] 
2016-12-23T19:01:53.655+0100: 74985,478: [GC pause (G1 Evacuation Pause) (young), 0,0140147 secs]
   [Parallel Time: 13,7 ms, GC Workers: 1]
      [GC Worker Start (ms):  74985477,9]
      [Ext Root Scanning (ms):  1,6]
      [Update RS (ms):  1,3]
         [Processed Buffers:  28]
      [Scan RS (ms):  3,4]
      [Code Root Scanning (ms):  0,0]
      [Object Copy (ms):  7,3]
      [Termination (ms):  0,0]
         [Termination Attempts:  1]
      [GC Worker Other (ms):  0,0]
      [GC Worker Total (ms):  13,7]
      [GC Worker End (ms):  74985491,6]
   [Code Root Fixup: 0,0 ms]
   [Code Root Purge: 0,0 ms]
   [Clear CT: 0,0 ms]
   [Other: 0,3 ms]
      [Choose CSet: 0,0 ms]
      [Ref Proc: 0,0 ms]
      [Ref Enq: 0,0 ms]
      [Redirty Cards: 0,0 ms]
      [Humongous Register: 0,0 ms]
      [Humongous Reclaim: 0,0 ms]
      [Free CSet: 0,0 ms]
   [Eden: 48,0M(48,0M)->0,0B(48,0M) Survivors: 3072,0K->3072,0K Heap: 328,7M(1024,0M)->281,2M(1024,0M)]
 [Times: user=0,01 sys=0,00, real=0,01 secs] 
2016-12-23T19:01:58.697+0100: 74990,520: [GC pause (G1 Evacuation Pause) (young), 0,0065393 secs]
   [Parallel Time: 6,3 ms, GC Workers: 1]
      [GC Worker Start (ms):  74990520,5]
      [Ext Root Scanning (ms):  0,7]
      [Update RS (ms):  1,6]
         [Processed Buffers:  24]
      [Scan RS (ms):  0,3]
      [Code Root Scanning (ms):  0,0]
      [Object Copy (ms):  3,8]
      [Termination (ms):  0,0]
         [Termination Attempts:  1]
      [GC Worker Other (ms):  0,0]
      [GC Worker Total (ms):  6,3]
      [GC Worker End (ms):  74990526,8]
   [Code Root Fixup: 0,0 ms]
   [Code Root Purge: 0,0 ms]
   [Clear CT: 0,0 ms]
   [Other: 0,2 ms]
      [Choose CSet: 0,0 ms]
      [Ref Proc: 0,0 ms]
      [Ref Enq: 0,0 ms]
      [Redirty Cards: 0,0 ms]
      [Humongous Register: 0,0 ms]
      [Humongous Reclaim: 0,0 ms]
      [Free CSet: 0,0 ms]
   [Eden: 48,0M(48,0M)->0,0B(154,0M) Survivors: 3072,0K->3072,0K Heap: 329,2M(1024,0M)->281,2M(1024,0M)]
 [Times: user=0,01 sys=0,00, real=0,01 secs] 
2016-12-23T19:02:17.679+0100: 75009,502: [GC pause (G1 Evacuation Pause) (young), 0,0148010 secs]
   [Parallel Time: 14,5 ms, GC Workers: 1]
      [GC Worker Start (ms):  75009501,7]
      [Ext Root Scanning (ms):  0,7]
      [Update RS (ms):  3,1]
         [Processed Buffers:  36]
      [Scan RS (ms):  0,3]
      [Code Root Scanning (ms):  0,0]
      [Object Copy (ms):  7,3]
      [Termination (ms):  0,0]
         [Termination Attempts:  1]
      [GC Worker Other (ms):  0,0]
      [GC Worker Total (ms):  11,5]
      [GC Worker End (ms):  75009513,1]
   [Code Root Fixup: 0,0 ms]
   [Code Root Purge: 0,0 ms]
   [Clear CT: 0,0 ms]
   [Other: 0,2 ms]
      [Choose CSet: 0,0 ms]
      [Ref Proc: 0,0 ms]
      [Ref Enq: 0,0 ms]
      [Redirty Cards: 0,0 ms]
      [Humongous Register: 0,0 ms]
      [Humongous Reclaim: 0,0 ms]
      [Free CSet: 0,1 ms]
   [Eden: 154,0M(154,0M)->0,0B(187,0M) Survivors: 3072,0K->4096,0K Heap: 435,2M(1024,0M)->281,7M(1024,0M)]
 [Times: user=0,00 sys=0,00, real=0,02 secs] 
2016-12-23T19:13:12.778+0100: 75664,601: [GC pause (G1 Evacuation Pause) (young), 0,0274940 secs]
   [Parallel Time: 27,1 ms, GC Workers: 1]
      [GC Worker Start (ms):  75664600,8]
      [Ext Root Scanning (ms):  2,4]
      [Update RS (ms):  3,4]
         [Processed Buffers:  36]
      [Scan RS (ms):  0,5]
      [Code Root Scanning (ms):  0,0]
      [Object Copy (ms):  20,7]
      [Termination (ms):  0,0]
         [Termination Attempts:  1]
      [GC Worker Other (ms):  0,0]
      [GC Worker Total (ms):  27,0]
      [GC Worker End (ms):  75664627,9]
   [Code Root Fixup: 0,0 ms]
   [Code Root Purge: 0,0 ms]
   [Clear CT: 0,1 ms]
   [Other: 0,3 ms]
      [Choose CSet: 0,0 ms]
      [Ref Proc: 0,0 ms]
      [Ref Enq: 0,0 ms]
      [Redirty Cards: 0,0 ms]
      [Humongous Register: 0,0 ms]
      [Humongous Reclaim: 0,0 ms]
      [Free CSet: 0,1 ms]
   [Eden: 187,0M(187,0M)->0,0B(39,0M) Survivors: 4096,0K->12,0M Heap: 468,7M(1024,0M)->290,2M(1024,0M)]
 [Times: user=0,02 sys=0,00, real=0,03 secs] 
2016-12-23T19:16:09.154+0100: 75840,977: [GC pause (G1 Evacuation Pause) (young), 0,0948166 secs]
   [Parallel Time: 94,5 ms, GC Workers: 1]
      [GC Worker Start (ms):  75840977,3]
      [Ext Root Scanning (ms):  1,2]
      [Update RS (ms):  2,6]
         [Processed Buffers:  25]
      [Scan RS (ms):  1,1]
      [Code Root Scanning (ms):  0,0]
      [Object Copy (ms):  89,6]
      [Termination (ms):  0,0]
         [Termination Attempts:  1]
      [GC Worker Other (ms):  0,0]
      [GC Worker Total (ms):  94,5]
      [GC Worker End (ms):  75841071,8]
   [Code Root Fixup: 0,0 ms]
   [Code Root Purge: 0,0 ms]
   [Clear CT: 0,0 ms]
   [Other: 0,2 ms]
      [Choose CSet: 0,0 ms]
      [Ref Proc: 0,0 ms]
      [Ref Enq: 0,0 ms]
      [Redirty Cards: 0,0 ms]
      [Humongous Register: 0,0 ms]
      [Humongous Reclaim: 0,0 ms]
      [Free CSet: 0,0 ms]
   [Eden: 39,0M(39,0M)->0,0B(49,0M) Survivors: 12,0M->2048,0K Heap: 329,2M(1024,0M)->289,9M(1024,0M)]
 [Times: user=0,03 sys=0,02, real=0,09 secs] 
2016-12-23T19:17:43.504+0100: 75935,327: [GC pause (G1 Evacuation Pause) (young), 0,0115042 secs]
   [Parallel Time: 11,3 ms, GC Workers: 1]
      [GC Worker Start (ms):  75935327,2]
      [Ext Root Scanning (ms):  0,6]
      [Update RS (ms):  1,5]
         [Processed Buffers:  32]
      [Scan RS (ms):  0,1]
      [Code Root Scanning (ms):  0,0]
      [Object Copy (ms):  9,0]
      [Termination (ms):  0,0]
         [Termination Attempts:  1]
      [GC Worker Other (ms):  0,0]
      [GC Worker Total (ms):  11,3]
      [GC Worker End (ms):  75935338,5]
   [Code Root Fixup: 0,0 ms]
   [Code Root Purge: 0,0 ms]
   [Clear CT: 0,0 ms]
   [Other: 0,2 ms]
      [Choose CSet: 0,0 ms]
      [Ref Proc: 0,0 ms]
      [Ref Enq: 0,0 ms]
      [Redirty Cards: 0,0 ms]
      [Humongous Register: 0,0 ms]
      [Humongous Reclaim: 0,0 ms]
      [Free CSet: 0,0 ms]
   [Eden: 49,0M(49,0M)->0,0B(47,0M) Survivors: 2048,0K->4096,0K Heap: 338,9M(1024,0M)->291,4M(1024,0M)]
 [Times: user=0,01 sys=0,00, real=0,01 secs] 
2016-12-23T19:17:49.435+0100: 75941,258: [GC pause (G1 Evacuation Pause) (young), 0,0366367 secs]
   [Parallel Time: 36,4 ms, GC Workers: 1]
      [GC Worker Start (ms):  75941257,6]
      [Ext Root Scanning (ms):  0,7]
      [Update RS (ms):  2,1]
         [Processed Buffers:  31]
      [Scan RS (ms):  4,5]
      [Code Root Scanning (ms):  0,0]
      [Object Copy (ms):  29,1]
      [Termination (ms):  0,0]
         [Termination Attempts:  1]
      [GC Worker Other (ms):  0,0]
      [GC Worker Total (ms):  36,3]
      [GC Worker End (ms):  75941294,0]
   [Code Root Fixup: 0,0 ms]
   [Code Root Purge: 0,0 ms]
   [Clear CT: 0,0 ms]
   [Other: 0,2 ms]
      [Choose CSet: 0,0 ms]
      [Ref Proc: 0,0 ms]
      [Ref Enq: 0,0 ms]
      [Redirty Cards: 0,0 ms]
      [Humongous Register: 0,0 ms]
      [Humongous Reclaim: 0,0 ms]
      [Free CSet: 0,0 ms]
   [Eden: 47,0M(47,0M)->0,0B(46,0M) Survivors: 4096,0K->5120,0K Heap: 338,4M(1024,0M)->292,4M(1024,0M)]
 [Times: user=0,01 sys=0,00, real=0,03 secs] 
2016-12-23T19:17:54.512+0100: 75946,335: [GC pause (G1 Evacuation Pause) (young), 0,0208164 secs]
   [Parallel Time: 20,2 ms, GC Workers: 1]
      [GC Worker Start (ms):  75946334,6]
      [Ext Root Scanning (ms):  0,7]
      [Update RS (ms):  2,1]
         [Processed Buffers:  29]
      [Scan RS (ms):  2,8]
      [Code Root Scanning (ms):  0,0]
      [Object Copy (ms):  14,6]
      [Termination (ms):  0,0]
         [Termination Attempts:  1]
      [GC Worker Other (ms):  0,0]
      [GC Worker Total (ms):  20,2]
      [GC Worker End (ms):  75946354,8]
   [Code Root Fixup: 0,0 ms]
   [Code Root Purge: 0,0 ms]
   [Clear CT: 0,0 ms]
   [Other: 0,5 ms]
      [Choose CSet: 0,0 ms]
      [Ref Proc: 0,0 ms]
      [Ref Enq: 0,0 ms]
      [Redirty Cards: 0,0 ms]
      [Humongous Register: 0,0 ms]
      [Humongous Reclaim: 0,0 ms]
      [Free CSet: 0,0 ms]
   [Eden: 46,0M(46,0M)->0,0B(46,0M) Survivors: 5120,0K->5120,0K Heap: 338,4M(1024,0M)->293,4M(1024,0M)]
 [Times: user=0,02 sys=0,00, real=0,02 secs] 
2016-12-23T19:18:00.539+0100: 75952,362: [GC pause (G1 Evacuation Pause) (young), 0,1449374 secs]
   [Parallel Time: 144,4 ms, GC Workers: 1]
      [GC Worker Start (ms):  75952362,1]
      [Ext Root Scanning (ms):  1,1]
      [Update RS (ms):  1,6]
         [Processed Buffers:  30]
      [Scan RS (ms):  9,6]
      [Code Root Scanning (ms):  0,0]
      [Object Copy (ms):  132,1]
      [Termination (ms):  0,0]
         [Termination Attempts:  1]
      [GC Worker Other (ms):  0,0]
      [GC Worker Total (ms):  144,4]
      [GC Worker End (ms):  75952506,5]
   [Code Root Fixup: 0,0 ms]
   [Code Root Purge: 0,0 ms]
   [Clear CT: 0,0 ms]
   [Other: 0,4 ms]
      [Choose CSet: 0,0 ms]
      [Ref Proc: 0,0 ms]
      [Ref Enq: 0,0 ms]
      [Redirty Cards: 0,0 ms]
      [Humongous Register: 0,0 ms]
      [Humongous Reclaim: 0,0 ms]
      [Free CSet: 0,0 ms]
   [Eden: 46,0M(46,0M)->0,0B(48,0M) Survivors: 5120,0K->3072,0K Heap: 339,4M(1024,0M)->294,0M(1024,0M)]
 [Times: user=0,01 sys=0,00, real=0,15 secs] 
2016-12-23T19:18:06.486+0100: 75958,309: [GC pause (G1 Evacuation Pause) (young), 0,0238198 secs]
   [Parallel Time: 23,6 ms, GC Workers: 1]
      [GC Worker Start (ms):  75958309,0]
      [Ext Root Scanning (ms):  0,7]
      [Update RS (ms):  1,6]
         [Processed Buffers:  28]
      [Scan RS (ms):  7,7]
      [Code Root Scanning (ms):  0,0]
      [Object Copy (ms):  4,6]
      [Termination (ms):  0,0]
         [Termination Attempts:  1]
      [GC Worker Other (ms):  0,0]
      [GC Worker Total (ms):  14,6]
      [GC Worker End (ms):  75958323,6]
   [Code Root Fixup: 0,0 ms]
   [Code Root Purge: 0,0 ms]
   [Clear CT: 0,0 ms]
   [Other: 0,2 ms]
      [Choose CSet: 0,0 ms]
      [Ref Proc: 0,0 ms]
      [Ref Enq: 0,0 ms]
      [Redirty Cards: 0,0 ms]
      [Humongous Register: 0,0 ms]
      [Humongous Reclaim: 0,0 ms]
      [Free CSet: 0,0 ms]
   [Eden: 48,0M(48,0M)->0,0B(48,0M) Survivors: 3072,0K->3072,0K Heap: 342,0M(1024,0M)->294,0M(1024,0M)]
 [Times: user=0,01 sys=0,00, real=0,02 secs] 
2016-12-23T19:18:12.459+0100: 75964,282: [GC pause (G1 Evacuation Pause) (young), 0,0404806 secs]
   [Parallel Time: 40,1 ms, GC Workers: 1]
      [GC Worker Start (ms):  75964282,1]
      [Ext Root Scanning (ms):  1,1]
      [Update RS (ms):  2,4]
         [Processed Buffers:  32]
      [Scan RS (ms):  11,5]
      [Code Root Scanning (ms):  0,0]
      [Object Copy (ms):  25,0]
      [Termination (ms):  0,0]
         [Termination Attempts:  1]
      [GC Worker Other (ms):  0,0]
      [GC Worker Total (ms):  40,1]
      [GC Worker End (ms):  75964322,2]
   [Code Root Fixup: 0,0 ms]
   [Code Root Purge: 0,0 ms]
   [Clear CT: 0,0 ms]
   [Other: 0,3 ms]
      [Choose CSet: 0,0 ms]
      [Ref Proc: 0,0 ms]
      [Ref Enq: 0,0 ms]
      [Redirty Cards: 0,0 ms]
      [Humongous Register: 0,0 ms]
      [Humongous Reclaim: 0,0 ms]
      [Free CSet: 0,1 ms]
   [Eden: 48,0M(48,0M)->0,0B(47,0M) Survivors: 3072,0K->4096,0K Heap: 342,0M(1024,0M)->294,5M(1024,0M)]
 [Times: user=0,01 sys=0,00, real=0,04 secs] 
2016-12-23T19:18:18.437+0100: 75970,260: [GC pause (G1 Evacuation Pause) (young), 0,0538502 secs]
   [Parallel Time: 53,5 ms, GC Workers: 1]
      [GC Worker Start (ms):  75970260,1]
      [Ext Root Scanning (ms):  1,4]
      [Update RS (ms):  15,3]
         [Processed Buffers:  32]
      [Scan RS (ms):  12,3]
      [Code Root Scanning (ms):  0,0]
      [Object Copy (ms):  17,8]
      [Termination (ms):  0,0]
         [Termination Attempts:  1]
      [GC Worker Other (ms):  0,0]
      [GC Worker Total (ms):  46,8]
      [GC Worker End (ms):  75970306,9]
   [Code Root Fixup: 0,0 ms]
   [Code Root Purge: 0,0 ms]
   [Clear CT: 0,0 ms]
   [Other: 0,3 ms]
      [Choose CSet: 0,0 ms]
      [Ref Proc: 0,0 ms]
      [Ref Enq: 0,0 ms]
      [Redirty Cards: 0,0 ms]
      [Humongous Register: 0,1 ms]
      [Humongous Reclaim: 0,0 ms]
      [Free CSet: 0,0 ms]
   [Eden: 47,0M(47,0M)->0,0B(47,0M) Survivors: 4096,0K->4096,0K Heap: 341,5M(1024,0M)->294,5M(1024,0M)]
 [Times: user=0,02 sys=0,00, real=0,05 secs] 
2016-12-23T19:18:23.556+0100: 75975,379: [GC pause (G1 Evacuation Pause) (young), 0,0452064 secs]
   [Parallel Time: 40,0 ms, GC Workers: 1]
      [GC Worker Start (ms):  75975379,1]
      [Ext Root Scanning (ms):  0,9]
      [Update RS (ms):  1,9]
         [Processed Buffers:  28]
      [Scan RS (ms):  14,0]
      [Code Root Scanning (ms):  0,0]
      [Object Copy (ms):  23,2]
      [Termination (ms):  0,0]
         [Termination Attempts:  1]
      [GC Worker Other (ms):  0,0]
      [GC Worker Total (ms):  40,0]
      [GC Worker End (ms):  75975419,1]
   [Code Root Fixup: 0,1 ms]
   [Code Root Purge: 0,0 ms]
   [Clear CT: 0,0 ms]
   [Other: 5,1 ms]
      [Choose CSet: 0,0 ms]
      [Ref Proc: 4,8 ms]
      [Ref Enq: 0,0 ms]
      [Redirty Cards: 0,0 ms]
      [Humongous Register: 0,0 ms]
      [Humongous Reclaim: 0,0 ms]
      [Free CSet: 0,1 ms]
   [Eden: 47,0M(47,0M)->0,0B(47,0M) Survivors: 4096,0K->4096,0K Heap: 341,5M(1024,0M)->295,0M(1024,0M)]
 [Times: user=0,02 sys=0,00, real=0,05 secs] 
2016-12-23T19:18:29.576+0100: 75981,399: [GC pause (G1 Evacuation Pause) (young), 0,0329613 secs]
   [Parallel Time: 32,2 ms, GC Workers: 1]
      [GC Worker Start (ms):  75981399,3]
      [Ext Root Scanning (ms):  0,7]
      [Update RS (ms):  3,9]
         [Processed Buffers:  28]
      [Scan RS (ms):  13,1]
      [Code Root Scanning (ms):  0,0]
      [Object Copy (ms):  14,5]
      [Termination (ms):  0,0]
         [Termination Attempts:  1]
      [GC Worker Other (ms):  0,0]
      [GC Worker Total (ms):  32,2]
      [GC Worker End (ms):  75981431,5]
   [Code Root Fixup: 0,0 ms]
   [Code Root Purge: 0,0 ms]
   [Clear CT: 0,0 ms]
   [Other: 0,7 ms]
      [Choose CSet: 0,1 ms]
      [Ref Proc: 0,0 ms]
      [Ref Enq: 0,0 ms]
      [Redirty Cards: 0,1 ms]
      [Humongous Register: 0,1 ms]
      [Humongous Reclaim: 0,0 ms]
      [Free CSet: 0,0 ms]
   [Eden: 47,0M(47,0M)->0,0B(47,0M) Survivors: 4096,0K->4096,0K Heap: 342,0M(1024,0M)->295,0M(1024,0M)]
 [Times: user=0,02 sys=0,00, real=0,03 secs] 
2016-12-23T19:18:35.443+0100: 75987,266: [GC pause (G1 Evacuation Pause) (young), 0,0361005 secs]
   [Parallel Time: 35,8 ms, GC Workers: 1]
      [GC Worker Start (ms):  75987266,1]
      [Ext Root Scanning (ms):  0,8]
      [Update RS (ms):  2,0]
         [Processed Buffers:  30]
      [Scan RS (ms):  15,1]
      [Code Root Scanning (ms):  0,0]
      [Object Copy (ms):  17,9]
      [Termination (ms):  0,0]
         [Termination Attempts:  1]
      [GC Worker Other (ms):  0,0]
      [GC Worker Total (ms):  35,8]
      [GC Worker End (ms):  75987301,9]
   [Code Root Fixup: 0,0 ms]
   [Code Root Purge: 0,0 ms]
   [Clear CT: 0,0 ms]
   [Other: 0,3 ms]
      [Choose CSet: 0,0 ms]
      [Ref Proc: 0,0 ms]
      [Ref Enq: 0,0 ms]
      [Redirty Cards: 0,0 ms]
      [Humongous Register: 0,0 ms]
      [Humongous Reclaim: 0,0 ms]
      [Free CSet: 0,1 ms]
   [Eden: 47,0M(47,0M)->0,0B(47,0M) Survivors: 4096,0K->4096,0K Heap: 342,0M(1024,0M)->295,0M(1024,0M)]
 [Times: user=0,01 sys=0,00, real=0,03 secs] 
2016-12-23T19:18:40.537+0100: 75992,360: [GC pause (G1 Evacuation Pause) (young), 0,0244880 secs]
   [Parallel Time: 24,2 ms, GC Workers: 1]
      [GC Worker Start (ms):  75992360,1]
      [Ext Root Scanning (ms):  0,7]
      [Update RS (ms):  1,7]
         [Processed Buffers:  28]
      [Scan RS (ms):  10,4]
      [Code Root Scanning (ms):  0,0]
      [Object Copy (ms):  11,4]
      [Termination (ms):  0,0]
         [Termination Attempts:  1]
      [GC Worker Other (ms):  0,0]
      [GC Worker Total (ms):  24,2]
      [GC Worker End (ms):  75992384,3]
   [Code Root Fixup: 0,0 ms]
   [Code Root Purge: 0,0 ms]
   [Clear CT: 0,0 ms]
   [Other: 0,2 ms]
      [Choose CSet: 0,0 ms]
      [Ref Proc: 0,0 ms]
      [Ref Enq: 0,0 ms]
      [Redirty Cards: 0,0 ms]
      [Humongous Register: 0,0 ms]
      [Humongous Reclaim: 0,0 ms]
      [Free CSet: 0,0 ms]
   [Eden: 47,0M(47,0M)->0,0B(46,0M) Survivors: 4096,0K->5120,0K Heap: 342,0M(1024,0M)->295,5M(1024,0M)]
 [Times: user=0,01 sys=0,00, real=0,03 secs] 
2016-12-23T19:18:46.461+0100: 75998,284: [GC pause (G1 Evacuation Pause) (young), 0,0481678 secs]
   [Parallel Time: 47,9 ms, GC Workers: 1]
      [GC Worker Start (ms):  75998284,1]
      [Ext Root Scanning (ms):  0,6]
      [Update RS (ms):  1,6]
         [Processed Buffers:  27]
      [Scan RS (ms):  7,6]
      [Code Root Scanning (ms):  0,0]
      [Object Copy (ms):  38,0]
      [Termination (ms):  0,0]
         [Termination Attempts:  1]
      [GC Worker Other (ms):  0,0]
      [GC Worker Total (ms):  47,9]
      [GC Worker End (ms):  75998332,0]
   [Code Root Fixup: 0,0 ms]
   [Code Root Purge: 0,0 ms]
   [Clear CT: 0,0 ms]
   [Other: 0,2 ms]
      [Choose CSet: 0,0 ms]
      [Ref Proc: 0,0 ms]
      [Ref Enq: 0,0 ms]
      [Redirty Cards: 0,0 ms]
      [Humongous Register: 0,0 ms]
      [Humongous Reclaim: 0,0 ms]
      [Free CSet: 0,0 ms]
   [Eden: 46,0M(46,0M)->0,0B(48,0M) Survivors: 5120,0K->3072,0K Heap: 341,5M(1024,0M)->295,3M(1024,0M)]
 [Times: user=0,01 sys=0,00, real=0,05 secs] 
2016-12-23T19:18:52.450+0100: 76004,273: [GC pause (G1 Evacuation Pause) (young), 0,0329815 secs]
   [Parallel Time: 32,7 ms, GC Workers: 1]
      [GC Worker Start (ms):  76004273,0]
      [Ext Root Scanning (ms):  0,7]
      [Update RS (ms):  1,8]
         [Processed Buffers:  30]
      [Scan RS (ms):  12,7]
      [Code Root Scanning (ms):  0,0]
      [Object Copy (ms):  12,4]
      [Termination (ms):  0,0]
         [Termination Attempts:  1]
      [GC Worker Other (ms):  0,0]
      [GC Worker Total (ms):  27,6]
      [GC Worker End (ms):  76004300,6]
   [Code Root Fixup: 0,0 ms]
   [Code Root Purge: 0,0 ms]
   [Clear CT: 0,0 ms]
   [Other: 0,2 ms]
      [Choose CSet: 0,0 ms]
      [Ref Proc: 0,0 ms]
      [Ref Enq: 0,0 ms]
      [Redirty Cards: 0,0 ms]
      [Humongous Register: 0,0 ms]
      [Humongous Reclaim: 0,0 ms]
      [Free CSet: 0,0 ms]
   [Eden: 48,0M(48,0M)->0,0B(47,0M) Survivors: 3072,0K->4096,0K Heap: 343,3M(1024,0M)->295,8M(1024,0M)]
 [Times: user=0,01 sys=0,00, real=0,04 secs] 
2016-12-23T19:18:58.458+0100: 76010,281: [GC pause (G1 Evacuation Pause) (young), 0,0241433 secs]
   [Parallel Time: 23,9 ms, GC Workers: 1]
      [GC Worker Start (ms):  76010280,6]
      [Ext Root Scanning (ms):  0,7]
      [Update RS (ms):  1,3]
         [Processed Buffers:  24]
      [Scan RS (ms):  0,8]
      [Code Root Scanning (ms):  0,0]
      [Object Copy (ms):  21,0]
      [Termination (ms):  0,0]
         [Termination Attempts:  1]
      [GC Worker Other (ms):  0,0]
      [GC Worker Total (ms):  23,9]
      [GC Worker End (ms):  76010304,4]
   [Code Root Fixup: 0,0 ms]
   [Code Root Purge: 0,0 ms]
   [Clear CT: 0,0 ms]
   [Other: 0,2 ms]
      [Choose CSet: 0,0 ms]
      [Ref Proc: 0,0 ms]
      [Ref Enq: 0,0 ms]
      [Redirty Cards: 0,0 ms]
      [Humongous Register: 0,0 ms]
      [Humongous Reclaim: 0,0 ms]
      [Free CSet: 0,0 ms]
   [Eden: 47,0M(47,0M)->0,0B(47,0M) Survivors: 4096,0K->4096,0K Heap: 342,8M(1024,0M)->295,8M(1024,0M)]
 [Times: user=0,01 sys=0,00, real=0,03 secs] 
2016-12-23T19:19:03.514+0100: 76015,337: [GC pause (G1 Evacuation Pause) (young), 0,0135311 secs]
   [Parallel Time: 13,3 ms, GC Workers: 1]
      [GC Worker Start (ms):  76015336,6]
      [Ext Root Scanning (ms):  0,6]
      [Update RS (ms):  1,7]
         [Processed Buffers:  26]
      [Scan RS (ms):  0,6]
      [Code Root Scanning (ms):  0,0]
      [Object Copy (ms):  10,3]
      [Termination (ms):  0,0]
         [Termination Attempts:  1]
      [GC Worker Other (ms):  0,0]
      [GC Worker Total (ms):  13,3]
      [GC Worker End (ms):  76015349,8]
   [Code Root Fixup: 0,0 ms]
   [Code Root Purge: 0,0 ms]
   [Clear CT: 0,0 ms]
   [Other: 0,2 ms]
      [Choose CSet: 0,0 ms]
      [Ref Proc: 0,0 ms]
      [Ref Enq: 0,0 ms]
      [Redirty Cards: 0,0 ms]
      [Humongous Register: 0,0 ms]
      [Humongous Reclaim: 0,0 ms]
      [Free CSet: 0,1 ms]
   [Eden: 47,0M(47,0M)->0,0B(47,0M) Survivors: 4096,0K->4096,0K Heap: 342,8M(1024,0M)->296,3M(1024,0M)]
 [Times: user=0,00 sys=0,00, real=0,01 secs] 
2016-12-23T19:19:09.464+0100: 76021,287: [GC pause (G1 Evacuation Pause) (young), 0,0184499 secs]
   [Parallel Time: 18,1 ms, GC Workers: 1]
      [GC Worker Start (ms):  76021287,2]
      [Ext Root Scanning (ms):  0,9]
      [Update RS (ms):  1,9]
         [Processed Buffers:  24]
      [Scan RS (ms):  0,6]
      [Code Root Scanning (ms):  0,0]
      [Object Copy (ms):  11,6]
      [Termination (ms):  0,0]
         [Termination Attempts:  1]
      [GC Worker Other (ms):  0,0]
      [GC Worker Total (ms):  14,9]
      [GC Worker End (ms):  76021302,1]
   [Code Root Fixup: 0,1 ms]
   [Code Root Purge: 0,0 ms]
   [Clear CT: 0,0 ms]
   [Other: 0,2 ms]
      [Choose CSet: 0,0 ms]
      [Ref Proc: 0,0 ms]
      [Ref Enq: 0,0 ms]
      [Redirty Cards: 0,0 ms]
      [Humongous Register: 0,0 ms]
      [Humongous Reclaim: 0,0 ms]
      [Free CSet: 0,0 ms]
   [Eden: 47,0M(47,0M)->0,0B(47,0M) Survivors: 4096,0K->4096,0K Heap: 343,3M(1024,0M)->296,3M(1024,0M)]
 [Times: user=0,01 sys=0,00, real=0,02 secs] 
2016-12-23T19:19:15.461+0100: 76027,283: [GC pause (G1 Evacuation Pause) (young), 0,0144576 secs]
   [Parallel Time: 14,2 ms, GC Workers: 1]
      [GC Worker Start (ms):  76027283,5]
      [Ext Root Scanning (ms):  0,7]
      [Update RS (ms):  2,0]
         [Processed Buffers:  30]
      [Scan RS (ms):  0,3]
      [Code Root Scanning (ms):  0,0]
      [Object Copy (ms):  11,3]
      [Termination (ms):  0,0]
         [Termination Attempts:  1]
      [GC Worker Other (ms):  0,0]
      [GC Worker Total (ms):  14,2]
      [GC Worker End (ms):  76027297,7]
   [Code Root Fixup: 0,0 ms]
   [Code Root Purge: 0,0 ms]
   [Clear CT: 0,0 ms]
   [Other: 0,2 ms]
      [Choose CSet: 0,0 ms]
      [Ref Proc: 0,0 ms]
      [Ref Enq: 0,0 ms]
      [Redirty Cards: 0,0 ms]
      [Humongous Register: 0,0 ms]
      [Humongous Reclaim: 0,0 ms]
      [Free CSet: 0,0 ms]
   [Eden: 47,0M(47,0M)->0,0B(46,0M) Survivors: 4096,0K->5120,0K Heap: 343,3M(1024,0M)->296,8M(1024,0M)]
 [Times: user=0,01 sys=0,00, real=0,02 secs] 
2016-12-23T19:20:02.735+0100: 76074,558: [GC pause (G1 Evacuation Pause) (young), 0,0199016 secs]
   [Parallel Time: 19,7 ms, GC Workers: 1]
      [GC Worker Start (ms):  76074558,3]
      [Ext Root Scanning (ms):  0,6]
      [Update RS (ms):  2,3]
         [Processed Buffers:  34]
      [Scan RS (ms):  0,1]
      [Code Root Scanning (ms):  0,0]
      [Object Copy (ms):  16,5]
      [Termination (ms):  0,0]
         [Termination Attempts:  1]
      [GC Worker Other (ms):  0,0]
      [GC Worker Total (ms):  19,7]
      [GC Worker End (ms):  76074578,0]
   [Code Root Fixup: 0,0 ms]
   [Code Root Purge: 0,0 ms]
   [Clear CT: 0,0 ms]
   [Other: 0,2 ms]
      [Choose CSet: 0,0 ms]
      [Ref Proc: 0,0 ms]
      [Ref Enq: 0,0 ms]
      [Redirty Cards: 0,0 ms]
      [Humongous Register: 0,0 ms]
      [Humongous Reclaim: 0,0 ms]
      [Free CSet: 0,0 ms]
   [Eden: 46,0M(46,0M)->0,0B(46,0M) Survivors: 5120,0K->5120,0K Heap: 342,8M(1024,0M)->297,7M(1024,0M)]
 [Times: user=0,02 sys=0,00, real=0,02 secs] 
2016-12-23T19:23:29.366+0100: 76281,189: [GC pause (G1 Evacuation Pause) (young), 0,0541802 secs]
   [Parallel Time: 53,4 ms, GC Workers: 1]
      [GC Worker Start (ms):  76281189,2]
      [Ext Root Scanning (ms):  2,2]
      [Update RS (ms):  8,1]
         [Processed Buffers:  31]
      [Scan RS (ms):  3,0]
      [Code Root Scanning (ms):  0,0]
      [Object Copy (ms):  40,0]
      [Termination (ms):  0,0]
         [Termination Attempts:  1]
      [GC Worker Other (ms):  0,0]
      [GC Worker Total (ms):  53,4]
      [GC Worker End (ms):  76281242,5]
   [Code Root Fixup: 0,0 ms]
   [Code Root Purge: 0,0 ms]
   [Clear CT: 0,0 ms]
   [Other: 0,7 ms]
      [Choose CSet: 0,0 ms]
      [Ref Proc: 0,0 ms]
      [Ref Enq: 0,0 ms]
      [Redirty Cards: 0,0 ms]
      [Humongous Register: 0,0 ms]
      [Humongous Reclaim: 0,0 ms]
      [Free CSet: 0,1 ms]
   [Eden: 46,0M(46,0M)->0,0B(45,0M) Survivors: 5120,0K->6144,0K Heap: 343,7M(1024,0M)->299,1M(1024,0M)]
 [Times: user=0,03 sys=0,01, real=0,05 secs] 
2016-12-23T19:26:52.307+0100: 76484,130: [GC pause (G1 Evacuation Pause) (young), 0,0671254 secs]
   [Parallel Time: 66,3 ms, GC Workers: 1]
      [GC Worker Start (ms):  76484130,2]
      [Ext Root Scanning (ms):  2,4]
      [Update RS (ms):  7,8]
         [Processed Buffers:  28]
      [Scan RS (ms):  4,5]
      [Code Root Scanning (ms):  0,0]
      [Object Copy (ms):  51,5]
      [Termination (ms):  0,0]
         [Termination Attempts:  1]
      [GC Worker Other (ms):  0,0]
      [GC Worker Total (ms):  66,3]
      [GC Worker End (ms):  76484196,5]
   [Code Root Fixup: 0,0 ms]
   [Code Root Purge: 0,0 ms]
   [Clear CT: 0,0 ms]
   [Other: 0,8 ms]
      [Choose CSet: 0,0 ms]
      [Ref Proc: 0,0 ms]
      [Ref Enq: 0,0 ms]
      [Redirty Cards: 0,0 ms]
      [Humongous Register: 0,0 ms]
      [Humongous Reclaim: 0,0 ms]
      [Free CSet: 0,0 ms]
   [Eden: 45,0M(45,0M)->0,0B(44,0M) Survivors: 6144,0K->7168,0K Heap: 344,1M(1024,0M)->302,0M(1024,0M)]
 [Times: user=0,05 sys=0,00, real=0,07 secs] 
2016-12-23T19:28:44.218+0100: 76596,041: [GC pause (G1 Evacuation Pause) (young), 0,0543893 secs]
   [Parallel Time: 53,9 ms, GC Workers: 1]
      [GC Worker Start (ms):  76596041,4]
      [Ext Root Scanning (ms):  0,7]
      [Update RS (ms):  2,2]
         [Processed Buffers:  37]
      [Scan RS (ms):  1,7]
      [Code Root Scanning (ms):  0,0]
      [Object Copy (ms):  49,3]
      [Termination (ms):  0,0]
         [Termination Attempts:  1]
      [GC Worker Other (ms):  0,0]
      [GC Worker Total (ms):  53,9]
      [GC Worker End (ms):  76596095,3]
   [Code Root Fixup: 0,0 ms]
   [Code Root Purge: 0,0 ms]
   [Clear CT: 0,0 ms]
   [Other: 0,5 ms]
      [Choose CSet: 0,0 ms]
      [Ref Proc: 0,0 ms]
      [Ref Enq: 0,0 ms]
      [Redirty Cards: 0,0 ms]
      [Humongous Register: 0,0 ms]
      [Humongous Reclaim: 0,0 ms]
      [Free CSet: 0,1 ms]
   [Eden: 44,0M(44,0M)->0,0B(46,0M) Survivors: 7168,0K->5120,0K Heap: 346,0M(1024,0M)->303,5M(1024,0M)]
 [Times: user=0,02 sys=0,01, real=0,06 secs] 
2016-12-23T19:28:49.295+0100: 76601,118: [GC pause (G1 Evacuation Pause) (young), 0,0309683 secs]
   [Parallel Time: 30,4 ms, GC Workers: 1]
      [GC Worker Start (ms):  76601118,0]
      [Ext Root Scanning (ms):  0,7]
      [Update RS (ms):  1,8]
         [Processed Buffers:  24]
      [Scan RS (ms):  2,9]
      [Code Root Scanning (ms):  0,0]
      [Object Copy (ms):  25,1]
      [Termination (ms):  0,0]
         [Termination Attempts:  1]
      [GC Worker Other (ms):  0,0]
      [GC Worker Total (ms):  30,4]
      [GC Worker End (ms):  76601148,5]
   [Code Root Fixup: 0,0 ms]
   [Code Root Purge: 0,0 ms]
   [Clear CT: 0,0 ms]
   [Other: 0,5 ms]
      [Choose CSet: 0,0 ms]
      [Ref Proc: 0,0 ms]
      [Ref Enq: 0,0 ms]
      [Redirty Cards: 0,0 ms]
      [Humongous Register: 0,0 ms]
      [Humongous Reclaim: 0,0 ms]
      [Free CSet: 0,0 ms]
   [Eden: 46,0M(46,0M)->0,0B(48,0M) Survivors: 5120,0K->3072,0K Heap: 349,5M(1024,0M)->304,5M(1024,0M)]
 [Times: user=0,01 sys=0,01, real=0,03 secs] 
2016-12-23T19:28:55.286+0100: 76607,109: [GC pause (G1 Evacuation Pause) (young), 0,0151568 secs]
   [Parallel Time: 14,9 ms, GC Workers: 1]
      [GC Worker Start (ms):  76607108,7]
      [Ext Root Scanning (ms):  0,7]
      [Update RS (ms):  1,2]
         [Processed Buffers:  28]
      [Scan RS (ms):  3,2]
      [Code Root Scanning (ms):  0,0]
      [Object Copy (ms):  6,4]
      [Termination (ms):  0,0]
         [Termination Attempts:  1]
      [GC Worker Other (ms):  0,0]
      [GC Worker Total (ms):  11,5]
      [GC Worker End (ms):  76607120,3]
   [Code Root Fixup: 0,0 ms]
   [Code Root Purge: 0,0 ms]
   [Clear CT: 0,0 ms]
   [Other: 0,2 ms]
      [Choose CSet: 0,0 ms]
      [Ref Proc: 0,0 ms]
      [Ref Enq: 0,0 ms]
      [Redirty Cards: 0,0 ms]
      [Humongous Register: 0,0 ms]
      [Humongous Reclaim: 0,0 ms]
      [Free CSet: 0,0 ms]
   [Eden: 48,0M(48,0M)->0,0B(47,0M) Survivors: 3072,0K->4096,0K Heap: 352,5M(1024,0M)->305,0M(1024,0M)]
 [Times: user=0,01 sys=0,00, real=0,02 secs] 
2016-12-23T19:29:01.251+0100: 76613,074: [GC pause (G1 Evacuation Pause) (young), 0,0138661 secs]
   [Parallel Time: 13,5 ms, GC Workers: 1]
      [GC Worker Start (ms):  76613073,7]
      [Ext Root Scanning (ms):  0,6]
      [Update RS (ms):  1,3]
         [Processed Buffers:  30]
      [Scan RS (ms):  3,4]
      [Code Root Scanning (ms):  0,0]
      [Object Copy (ms):  7,9]
      [Termination (ms):  0,0]
         [Termination Attempts:  1]
      [GC Worker Other (ms):  0,0]
      [GC Worker Total (ms):  13,2]
      [GC Worker End (ms):  76613087,0]
   [Code Root Fixup: 0,0 ms]
   [Code Root Purge: 0,0 ms]
   [Clear CT: 0,0 ms]
   [Other: 0,3 ms]
      [Choose CSet: 0,0 ms]
      [Ref Proc: 0,1 ms]
      [Ref Enq: 0,0 ms]
      [Redirty Cards: 0,0 ms]
      [Humongous Register: 0,0 ms]
      [Humongous Reclaim: 0,0 ms]
      [Free CSet: 0,0 ms]
   [Eden: 47,0M(47,0M)->0,0B(47,0M) Survivors: 4096,0K->4096,0K Heap: 352,0M(1024,0M)->305,5M(1024,0M)]
 [Times: user=0,01 sys=0,00, real=0,02 secs] 
2016-12-23T19:29:06.330+0100: 76618,153: [GC pause (G1 Evacuation Pause) (young), 0,0150430 secs]
   [Parallel Time: 14,8 ms, GC Workers: 1]
      [GC Worker Start (ms):  76618153,1]
      [Ext Root Scanning (ms):  0,8]
      [Update RS (ms):  1,3]
         [Processed Buffers:  27]
      [Scan RS (ms):  0,9]
      [Code Root Scanning (ms):  0,0]
      [Object Copy (ms):  9,5]
      [Termination (ms):  0,0]
         [Termination Attempts:  1]
      [GC Worker Other (ms):  0,0]
      [GC Worker Total (ms):  12,4]
      [GC Worker End (ms):  76618165,6]
   [Code Root Fixup: 0,0 ms]
   [Code Root Purge: 0,0 ms]
   [Clear CT: 0,0 ms]
   [Other: 0,2 ms]
      [Choose CSet: 0,0 ms]
      [Ref Proc: 0,0 ms]
      [Ref Enq: 0,0 ms]
      [Redirty Cards: 0,0 ms]
      [Humongous Register: 0,0 ms]
      [Humongous Reclaim: 0,0 ms]
      [Free CSet: 0,0 ms]
   [Eden: 47,0M(47,0M)->0,0B(47,0M) Survivors: 4096,0K->4096,0K Heap: 352,5M(1024,0M)->305,5M(1024,0M)]
 [Times: user=0,01 sys=0,00, real=0,02 secs] 
2016-12-23T19:29:12.308+0100: 76624,131: [GC pause (G1 Evacuation Pause) (young), 0,0170961 secs]
   [Parallel Time: 14,9 ms, GC Workers: 1]
      [GC Worker Start (ms):  76624131,5]
      [Ext Root Scanning (ms):  0,9]
      [Update RS (ms):  1,7]
         [Processed Buffers:  29]
      [Scan RS (ms):  0,6]
      [Code Root Scanning (ms):  0,0]
      [Object Copy (ms):  11,6]
      [Termination (ms):  0,0]
         [Termination Attempts:  1]
      [GC Worker Other (ms):  0,0]
      [GC Worker Total (ms):  14,8]
      [GC Worker End (ms):  76624146,3]
   [Code Root Fixup: 0,0 ms]
   [Code Root Purge: 0,0 ms]
   [Clear CT: 1,8 ms]
   [Other: 0,4 ms]
      [Choose CSet: 0,0 ms]
      [Ref Proc: 0,2 ms]
      [Ref Enq: 0,0 ms]
      [Redirty Cards: 0,0 ms]
      [Humongous Register: 0,0 ms]
      [Humongous Reclaim: 0,0 ms]
      [Free CSet: 0,1 ms]
   [Eden: 47,0M(47,0M)->0,0B(46,0M) Survivors: 4096,0K->5120,0K Heap: 352,5M(1024,0M)->306,0M(1024,0M)]
 [Times: user=0,01 sys=0,00, real=0,02 secs] 
2016-12-23T19:29:18.314+0100: 76630,136: [GC pause (G1 Evacuation Pause) (young), 0,0310583 secs]
   [Parallel Time: 30,8 ms, GC Workers: 1]
      [GC Worker Start (ms):  76630136,5]
      [Ext Root Scanning (ms):  0,7]
      [Update RS (ms):  2,1]
         [Processed Buffers:  32]
      [Scan RS (ms):  0,1]
      [Code Root Scanning (ms):  0,0]
      [Object Copy (ms):  27,9]
      [Termination (ms):  0,0]
         [Termination Attempts:  1]
      [GC Worker Other (ms):  0,0]
      [GC Worker Total (ms):  30,8]
      [GC Worker End (ms):  76630167,3]
   [Code Root Fixup: 0,0 ms]
   [Code Root Purge: 0,0 ms]
   [Clear CT: 0,0 ms]
   [Other: 0,2 ms]
      [Choose CSet: 0,0 ms]
      [Ref Proc: 0,0 ms]
      [Ref Enq: 0,0 ms]
      [Redirty Cards: 0,0 ms]
      [Humongous Register: 0,0 ms]
      [Humongous Reclaim: 0,0 ms]
      [Free CSet: 0,0 ms]
   [Eden: 46,0M(46,0M)->0,0B(48,0M) Survivors: 5120,0K->3072,0K Heap: 352,0M(1024,0M)->306,1M(1024,0M)]
 [Times: user=0,01 sys=0,01, real=0,03 secs] 
2016-12-23T19:29:24.286+0100: 76636,109: [GC pause (G1 Evacuation Pause) (young), 0,0184474 secs]
   [Parallel Time: 18,2 ms, GC Workers: 1]
      [GC Worker Start (ms):  76636109,5]
      [Ext Root Scanning (ms):  0,7]
      [Update RS (ms):  2,7]
         [Processed Buffers:  32]
      [Scan RS (ms):  1,5]
      [Code Root Scanning (ms):  0,0]
      [Object Copy (ms):  10,0]
      [Termination (ms):  0,0]
         [Termination Attempts:  1]
      [GC Worker Other (ms):  0,0]
      [GC Worker Total (ms):  14,9]
      [GC Worker End (ms):  76636124,4]
   [Code Root Fixup: 0,0 ms]
   [Code Root Purge: 0,0 ms]
   [Clear CT: 0,0 ms]
   [Other: 0,2 ms]
      [Choose CSet: 0,0 ms]
      [Ref Proc: 0,0 ms]
      [Ref Enq: 0,0 ms]
      [Redirty Cards: 0,0 ms]
      [Humongous Register: 0,0 ms]
      [Humongous Reclaim: 0,0 ms]
      [Free CSet: 0,0 ms]
   [Eden: 48,0M(48,0M)->0,0B(47,0M) Survivors: 3072,0K->4096,0K Heap: 354,1M(1024,0M)->306,6M(1024,0M)]
 [Times: user=0,01 sys=0,00, real=0,02 secs] 
2016-12-23T19:29:30.274+0100: 76642,097: [GC pause (G1 Evacuation Pause) (young), 0,0155472 secs]
   [Parallel Time: 15,3 ms, GC Workers: 1]
      [GC Worker Start (ms):  76642096,7]
      [Ext Root Scanning (ms):  0,7]
      [Update RS (ms):  1,8]
         [Processed Buffers:  28]
      [Scan RS (ms):  0,9]
      [Code Root Scanning (ms):  0,0]
      [Object Copy (ms):  11,8]
      [Termination (ms):  0,0]
         [Termination Attempts:  1]
      [GC Worker Other (ms):  0,0]
      [GC Worker Total (ms):  15,2]
      [GC Worker End (ms):  76642111,9]
   [Code Root Fixup: 0,0 ms]
   [Code Root Purge: 0,0 ms]
   [Clear CT: 0,0 ms]
   [Other: 0,2 ms]
      [Choose CSet: 0,0 ms]
      [Ref Proc: 0,0 ms]
      [Ref Enq: 0,0 ms]
      [Redirty Cards: 0,0 ms]
      [Humongous Register: 0,0 ms]
      [Humongous Reclaim: 0,0 ms]
      [Free CSet: 0,0 ms]
   [Eden: 47,0M(47,0M)->0,0B(47,0M) Survivors: 4096,0K->4096,0K Heap: 353,6M(1024,0M)->306,6M(1024,0M)]
 [Times: user=0,00 sys=0,00, real=0,01 secs] 
2016-12-23T19:29:35.332+0100: 76647,155: [GC pause (G1 Evacuation Pause) (young), 0,0119713 secs]
   [Parallel Time: 11,7 ms, GC Workers: 1]
      [GC Worker Start (ms):  76647155,2]
      [Ext Root Scanning (ms):  0,6]
      [Update RS (ms):  2,2]
         [Processed Buffers:  29]
      [Scan RS (ms):  0,7]
      [Code Root Scanning (ms):  0,0]
      [Object Copy (ms):  8,1]
      [Termination (ms):  0,0]
         [Termination Attempts:  1]
      [GC Worker Other (ms):  0,0]
      [GC Worker Total (ms):  11,7]
      [GC Worker End (ms):  76647166,9]
   [Code Root Fixup: 0,0 ms]
   [Code Root Purge: 0,0 ms]
   [Clear CT: 0,0 ms]
   [Other: 0,2 ms]
      [Choose CSet: 0,0 ms]
      [Ref Proc: 0,0 ms]
      [Ref Enq: 0,0 ms]
      [Redirty Cards: 0,0 ms]
      [Humongous Register: 0,0 ms]
      [Humongous Reclaim: 0,0 ms]
      [Free CSet: 0,0 ms]
   [Eden: 47,0M(47,0M)->0,0B(50,0M) Survivors: 4096,0K->4096,0K Heap: 353,6M(1024,0M)->307,1M(1024,0M)]
 [Times: user=0,01 sys=0,00, real=0,02 secs] 
2016-12-23T19:29:42.267+0100: 76654,090: [GC pause (G1 Evacuation Pause) (young), 0,0186616 secs]
   [Parallel Time: 18,4 ms, GC Workers: 1]
      [GC Worker Start (ms):  76654090,0]
      [Ext Root Scanning (ms):  0,8]
      [Update RS (ms):  2,1]
         [Processed Buffers:  29]
      [Scan RS (ms):  1,2]
      [Code Root Scanning (ms):  0,0]
      [Object Copy (ms):  12,0]
      [Termination (ms):  0,0]
         [Termination Attempts:  1]
      [GC Worker Other (ms):  0,0]
      [GC Worker Total (ms):  16,1]
      [GC Worker End (ms):  76654106,1]
   [Code Root Fixup: 0,0 ms]
   [Code Root Purge: 0,0 ms]
   [Clear CT: 0,0 ms]
   [Other: 0,2 ms]
      [Choose CSet: 0,0 ms]
      [Ref Proc: 0,0 ms]
      [Ref Enq: 0,0 ms]
      [Redirty Cards: 0,0 ms]
      [Humongous Register: 0,0 ms]
      [Humongous Reclaim: 0,0 ms]
      [Free CSet: 0,0 ms]
   [Eden: 50,0M(50,0M)->0,0B(55,0M) Survivors: 4096,0K->4096,0K Heap: 357,1M(1024,0M)->307,1M(1024,0M)]
 [Times: user=0,01 sys=0,00, real=0,02 secs] 
2016-12-23T19:29:48.297+0100: 76660,120: [GC pause (G1 Evacuation Pause) (young), 0,0168034 secs]
   [Parallel Time: 16,5 ms, GC Workers: 1]
      [GC Worker Start (ms):  76660120,1]
      [Ext Root Scanning (ms):  0,7]
      [Update RS (ms):  1,9]
         [Processed Buffers:  30]
      [Scan RS (ms):  0,7]
      [Code Root Scanning (ms):  0,0]
      [Object Copy (ms):  10,8]
      [Termination (ms):  0,0]
         [Termination Attempts:  1]
      [GC Worker Other (ms):  0,0]
      [GC Worker Total (ms):  14,0]
      [GC Worker End (ms):  76660134,2]
   [Code Root Fixup: 0,0 ms]
   [Code Root Purge: 0,0 ms]
   [Clear CT: 0,0 ms]
   [Other: 0,2 ms]
      [Choose CSet: 0,0 ms]
      [Ref Proc: 0,0 ms]
      [Ref Enq: 0,0 ms]
      [Redirty Cards: 0,0 ms]
      [Humongous Register: 0,0 ms]
      [Humongous Reclaim: 0,0 ms]
      [Free CSet: 0,0 ms]
   [Eden: 55,0M(55,0M)->0,0B(72,0M) Survivors: 4096,0K->5120,0K Heap: 362,1M(1024,0M)->307,6M(1024,0M)]
 [Times: user=0,02 sys=0,00, real=0,02 secs] 
2016-12-23T19:29:57.312+0100: 76669,135: [GC pause (G1 Evacuation Pause) (young), 0,0183328 secs]
   [Parallel Time: 18,0 ms, GC Workers: 1]
      [GC Worker Start (ms):  76669135,4]
      [Ext Root Scanning (ms):  0,8]
      [Update RS (ms):  2,0]
         [Processed Buffers:  31]
      [Scan RS (ms):  0,5]
      [Code Root Scanning (ms):  0,0]
      [Object Copy (ms):  14,7]
      [Termination (ms):  0,0]
         [Termination Attempts:  1]
      [GC Worker Other (ms):  0,0]
      [GC Worker Total (ms):  18,0]
      [GC Worker End (ms):  76669153,4]
   [Code Root Fixup: 0,1 ms]
   [Code Root Purge: 0,0 ms]
   [Clear CT: 0,0 ms]
   [Other: 0,2 ms]
      [Choose CSet: 0,0 ms]
      [Ref Proc: 0,0 ms]
      [Ref Enq: 0,0 ms]
      [Redirty Cards: 0,0 ms]
      [Humongous Register: 0,0 ms]
      [Humongous Reclaim: 0,0 ms]
      [Free CSet: 0,0 ms]
   [Eden: 72,0M(72,0M)->0,0B(81,0M) Survivors: 5120,0K->5120,0K Heap: 379,6M(1024,0M)->307,6M(1024,0M)]
 [Times: user=0,01 sys=0,00, real=0,02 secs] 
2016-12-23T19:30:07.281+0100: 76679,104: [GC pause (G1 Evacuation Pause) (young), 0,0190996 secs]
   [Parallel Time: 18,8 ms, GC Workers: 1]
      [GC Worker Start (ms):  76679104,1]
      [Ext Root Scanning (ms):  0,7]
      [Update RS (ms):  1,9]
         [Processed Buffers:  31]
      [Scan RS (ms):  0,7]
      [Code Root Scanning (ms):  0,0]
      [Object Copy (ms):  15,4]
      [Termination (ms):  0,0]
         [Termination Attempts:  1]
      [GC Worker Other (ms):  0,0]
      [GC Worker Total (ms):  18,8]
      [GC Worker End (ms):  76679122,9]
   [Code Root Fixup: 0,0 ms]
   [Code Root Purge: 0,0 ms]
   [Clear CT: 0,0 ms]
   [Other: 0,2 ms]
      [Choose CSet: 0,0 ms]
      [Ref Proc: 0,0 ms]
      [Ref Enq: 0,0 ms]
      [Redirty Cards: 0,0 ms]
      [Humongous Register: 0,0 ms]
      [Humongous Reclaim: 0,0 ms]
      [Free CSet: 0,0 ms]
   [Eden: 81,0M(81,0M)->0,0B(80,0M) Survivors: 5120,0K->5120,0K Heap: 388,6M(1024,0M)->308,1M(1024,0M)]
 [Times: user=0,02 sys=0,00, real=0,01 secs] 
2016-12-23T19:30:17.269+0100: 76689,091: [GC pause (G1 Evacuation Pause) (young), 0,0184075 secs]
   [Parallel Time: 18,1 ms, GC Workers: 1]
      [GC Worker Start (ms):  76689091,5]
      [Ext Root Scanning (ms):  0,7]
      [Update RS (ms):  2,0]
         [Processed Buffers:  30]
      [Scan RS (ms):  0,6]
      [Code Root Scanning (ms):  0,0]
      [Object Copy (ms):  14,8]
      [Termination (ms):  0,0]
         [Termination Attempts:  1]
      [GC Worker Other (ms):  0,0]
      [GC Worker Total (ms):  18,1]
      [GC Worker End (ms):  76689109,7]
   [Code Root Fixup: 0,0 ms]
   [Code Root Purge: 0,0 ms]
   [Clear CT: 0,0 ms]
   [Other: 0,2 ms]
      [Choose CSet: 0,0 ms]
      [Ref Proc: 0,0 ms]
      [Ref Enq: 0,0 ms]
      [Redirty Cards: 0,0 ms]
      [Humongous Register: 0,0 ms]
      [Humongous Reclaim: 0,0 ms]
      [Free CSet: 0,0 ms]
   [Eden: 80,0M(80,0M)->0,0B(107,0M) Survivors: 5120,0K->5120,0K Heap: 388,1M(1024,0M)->307,6M(1024,0M)]
 [Times: user=0,01 sys=0,00, real=0,02 secs] 
2016-12-23T19:35:40.351+0100: 77012,174: [GC pause (G1 Evacuation Pause) (young), 0,0297357 secs]
   [Parallel Time: 29,4 ms, GC Workers: 1]
      [GC Worker Start (ms):  77012173,8]
      [Ext Root Scanning (ms):  1,0]
      [Update RS (ms):  3,8]
         [Processed Buffers:  40]
      [Scan RS (ms):  1,5]
      [Code Root Scanning (ms):  0,0]
      [Object Copy (ms):  23,0]
      [Termination (ms):  0,0]
         [Termination Attempts:  1]
      [GC Worker Other (ms):  0,0]
      [GC Worker Total (ms):  29,4]
      [GC Worker End (ms):  77012203,2]
   [Code Root Fixup: 0,0 ms]
   [Code Root Purge: 0,0 ms]
   [Clear CT: 0,0 ms]
   [Other: 0,3 ms]
      [Choose CSet: 0,0 ms]
      [Ref Proc: 0,0 ms]
      [Ref Enq: 0,0 ms]
      [Redirty Cards: 0,0 ms]
      [Humongous Register: 0,0 ms]
      [Humongous Reclaim: 0,0 ms]
      [Free CSet: 0,1 ms]
   [Eden: 107,0M(107,0M)->0,0B(42,0M) Survivors: 5120,0K->9216,0K Heap: 414,6M(1024,0M)->311,6M(1024,0M)]
 [Times: user=0,03 sys=0,00, real=0,03 secs] 
2016-12-23T19:38:50.172+0100: 77201,995: [GC pause (G1 Evacuation Pause) (young), 0,0819089 secs]
   [Parallel Time: 81,4 ms, GC Workers: 1]
      [GC Worker Start (ms):  77201995,5]
      [Ext Root Scanning (ms):  2,2]
      [Update RS (ms):  2,6]
         [Processed Buffers:  33]
      [Scan RS (ms):  0,8]
      [Code Root Scanning (ms):  0,0]
      [Object Copy (ms):  75,7]
      [Termination (ms):  0,0]
         [Termination Attempts:  1]
      [GC Worker Other (ms):  0,0]
      [GC Worker Total (ms):  81,4]
      [GC Worker End (ms):  77202076,9]
   [Code Root Fixup: 0,0 ms]
   [Code Root Purge: 0,0 ms]
   [Clear CT: 0,0 ms]
   [Other: 0,4 ms]
      [Choose CSet: 0,0 ms]
      [Ref Proc: 0,0 ms]
      [Ref Enq: 0,0 ms]
      [Redirty Cards: 0,0 ms]
      [Humongous Register: 0,0 ms]
      [Humongous Reclaim: 0,0 ms]
      [Free CSet: 0,1 ms]
   [Eden: 42,0M(42,0M)->0,0B(48,0M) Survivors: 9216,0K->3072,0K Heap: 353,6M(1024,0M)->313,7M(1024,0M)]
 [Times: user=0,02 sys=0,00, real=0,09 secs] 
2016-12-23T19:42:25.694+0100: 77417,517: [GC pause (G1 Evacuation Pause) (young), 0,0193015 secs]
   [Parallel Time: 19,0 ms, GC Workers: 1]
      [GC Worker Start (ms):  77417517,4]
      [Ext Root Scanning (ms):  0,8]
      [Update RS (ms):  1,7]
         [Processed Buffers:  32]
      [Scan RS (ms):  1,2]
      [Code Root Scanning (ms):  0,0]
      [Object Copy (ms):  15,2]
      [Termination (ms):  0,0]
         [Termination Attempts:  1]
      [GC Worker Other (ms):  0,0]
      [GC Worker Total (ms):  18,9]
      [GC Worker End (ms):  77417536,3]
   [Code Root Fixup: 0,0 ms]
   [Code Root Purge: 0,0 ms]
   [Clear CT: 0,0 ms]
   [Other: 0,3 ms]
      [Choose CSet: 0,0 ms]
      [Ref Proc: 0,0 ms]
      [Ref Enq: 0,0 ms]
      [Redirty Cards: 0,0 ms]
      [Humongous Register: 0,0 ms]
      [Humongous Reclaim: 0,0 ms]
      [Free CSet: 0,1 ms]
   [Eden: 48,0M(48,0M)->0,0B(45,0M) Survivors: 3072,0K->6144,0K Heap: 361,7M(1024,0M)->316,2M(1024,0M)]
 [Times: user=0,02 sys=0,00, real=0,02 secs] 
2016-12-23T19:45:48.922+0100: 77620,745: [GC pause (G1 Evacuation Pause) (young), 0,0633213 secs]
   [Parallel Time: 62,9 ms, GC Workers: 1]
      [GC Worker Start (ms):  77620745,1]
      [Ext Root Scanning (ms):  2,4]
      [Update RS (ms):  3,1]
         [Processed Buffers:  27]
      [Scan RS (ms):  1,7]
      [Code Root Scanning (ms):  0,0]
      [Object Copy (ms):  55,6]
      [Termination (ms):  0,0]
         [Termination Attempts:  1]
      [GC Worker Other (ms):  0,0]
      [GC Worker Total (ms):  62,9]
      [GC Worker End (ms):  77620808,0]
   [Code Root Fixup: 0,0 ms]
   [Code Root Purge: 0,0 ms]
   [Clear CT: 0,0 ms]
   [Other: 0,3 ms]
      [Choose CSet: 0,0 ms]
      [Ref Proc: 0,0 ms]
      [Ref Enq: 0,0 ms]
      [Redirty Cards: 0,0 ms]
      [Humongous Register: 0,0 ms]
      [Humongous Reclaim: 0,0 ms]
      [Free CSet: 0,0 ms]
   [Eden: 45,0M(45,0M)->0,0B(45,0M) Survivors: 6144,0K->6144,0K Heap: 361,2M(1024,0M)->319,0M(1024,0M)]
 [Times: user=0,03 sys=0,00, real=0,06 secs] 
2016-12-23T19:49:12.235+0100: 77824,057: [GC pause (G1 Evacuation Pause) (young), 0,0611358 secs]
   [Parallel Time: 60,7 ms, GC Workers: 1]
      [GC Worker Start (ms):  77824057,6]
      [Ext Root Scanning (ms):  1,0]
      [Update RS (ms):  1,4]
         [Processed Buffers:  28]
      [Scan RS (ms):  1,5]
      [Code Root Scanning (ms):  0,0]
      [Object Copy (ms):  56,8]
      [Termination (ms):  0,0]
         [Termination Attempts:  1]
      [GC Worker Other (ms):  0,0]
      [GC Worker Total (ms):  60,7]
      [GC Worker End (ms):  77824118,3]
   [Code Root Fixup: 0,0 ms]
   [Code Root Purge: 0,0 ms]
   [Clear CT: 0,0 ms]
   [Other: 0,4 ms]
      [Choose CSet: 0,0 ms]
      [Ref Proc: 0,0 ms]
      [Ref Enq: 0,0 ms]
      [Redirty Cards: 0,0 ms]
      [Humongous Register: 0,0 ms]
      [Humongous Reclaim: 0,0 ms]
      [Free CSet: 0,0 ms]
   [Eden: 45,0M(45,0M)->0,0B(45,0M) Survivors: 6144,0K->6144,0K Heap: 364,0M(1024,0M)->321,5M(1024,0M)]
 [Times: user=0,02 sys=0,01, real=0,06 secs] 
2016-12-23T19:52:34.982+0100: 78026,805: [GC pause (G1 Evacuation Pause) (young), 0,0561140 secs]
   [Parallel Time: 55,5 ms, GC Workers: 1]
      [GC Worker Start (ms):  78026804,9]
      [Ext Root Scanning (ms):  6,4]
      [Update RS (ms):  2,6]
         [Processed Buffers:  27]
      [Scan RS (ms):  4,3]
      [Code Root Scanning (ms):  0,0]
      [Object Copy (ms):  42,1]
      [Termination (ms):  0,0]
         [Termination Attempts:  1]
      [GC Worker Other (ms):  0,0]
      [GC Worker Total (ms):  55,4]
      [GC Worker End (ms):  78026860,3]
   [Code Root Fixup: 0,0 ms]
   [Code Root Purge: 0,0 ms]
   [Clear CT: 0,0 ms]
   [Other: 0,6 ms]
      [Choose CSet: 0,0 ms]
      [Ref Proc: 0,0 ms]
      [Ref Enq: 0,0 ms]
      [Redirty Cards: 0,0 ms]
      [Humongous Register: 0,0 ms]
      [Humongous Reclaim: 0,0 ms]
      [Free CSet: 0,0 ms]
   [Eden: 45,0M(45,0M)->0,0B(45,0M) Survivors: 6144,0K->6144,0K Heap: 366,5M(1024,0M)->324,0M(1024,0M)]
 [Times: user=0,02 sys=0,00, real=0,05 secs] 
2016-12-23T19:55:57.861+0100: 78229,684: [GC pause (G1 Evacuation Pause) (young), 0,0611351 secs]
   [Parallel Time: 60,4 ms, GC Workers: 1]
      [GC Worker Start (ms):  78229684,1]
      [Ext Root Scanning (ms):  2,3]
      [Update RS (ms):  10,5]
         [Processed Buffers:  28]
      [Scan RS (ms):  6,7]
      [Code Root Scanning (ms):  0,0]
      [Object Copy (ms):  40,8]
      [Termination (ms):  0,0]
         [Termination Attempts:  1]
      [GC Worker Other (ms):  0,0]
      [GC Worker Total (ms):  60,3]
      [GC Worker End (ms):  78229744,5]
   [Code Root Fixup: 0,0 ms]
   [Code Root Purge: 0,0 ms]
   [Clear CT: 0,0 ms]
   [Other: 0,7 ms]
      [Choose CSet: 0,0 ms]
      [Ref Proc: 0,0 ms]
      [Ref Enq: 0,0 ms]
      [Redirty Cards: 0,0 ms]
      [Humongous Register: 0,0 ms]
      [Humongous Reclaim: 0,0 ms]
      [Free CSet: 0,0 ms]
   [Eden: 45,0M(45,0M)->0,0B(45,0M) Survivors: 6144,0K->6144,0K Heap: 369,0M(1024,0M)->326,5M(1024,0M)]
 [Times: user=0,03 sys=0,00, real=0,06 secs] 
2016-12-23T19:59:20.684+0100: 78432,507: [GC pause (G1 Evacuation Pause) (young), 0,0450747 secs]
   [Parallel Time: 44,5 ms, GC Workers: 1]
      [GC Worker Start (ms):  78432507,6]
      [Ext Root Scanning (ms):  2,4]
      [Update RS (ms):  2,3]
         [Processed Buffers:  26]
      [Scan RS (ms):  2,9]
      [Code Root Scanning (ms):  0,0]
      [Object Copy (ms):  36,8]
      [Termination (ms):  0,0]
         [Termination Attempts:  1]
      [GC Worker Other (ms):  0,0]
      [GC Worker Total (ms):  44,4]
      [GC Worker End (ms):  78432552,0]
   [Code Root Fixup: 0,0 ms]
   [Code Root Purge: 0,0 ms]
   [Clear CT: 0,0 ms]
   [Other: 0,6 ms]
      [Choose CSet: 0,0 ms]
      [Ref Proc: 0,0 ms]
      [Ref Enq: 0,0 ms]
      [Redirty Cards: 0,0 ms]
      [Humongous Register: 0,0 ms]
      [Humongous Reclaim: 0,0 ms]
      [Free CSet: 0,0 ms]
   [Eden: 45,0M(45,0M)->0,0B(45,0M) Survivors: 6144,0K->6144,0K Heap: 371,5M(1024,0M)->329,0M(1024,0M)]
 [Times: user=0,03 sys=0,00, real=0,04 secs] 
2016-12-23T20:02:42.939+0100: 78634,761: [GC pause (G1 Evacuation Pause) (young), 0,0291397 secs]
   [Parallel Time: 28,8 ms, GC Workers: 1]
      [GC Worker Start (ms):  78634761,5]
      [Ext Root Scanning (ms):  0,8]
      [Update RS (ms):  0,8]
         [Processed Buffers:  28]
      [Scan RS (ms):  1,1]
      [Code Root Scanning (ms):  0,0]
      [Object Copy (ms):  26,0]
      [Termination (ms):  0,0]
         [Termination Attempts:  1]
      [GC Worker Other (ms):  0,0]
      [GC Worker Total (ms):  28,8]
      [GC Worker End (ms):  78634790,4]
   [Code Root Fixup: 0,0 ms]
   [Code Root Purge: 0,0 ms]
   [Clear CT: 0,0 ms]
   [Other: 0,2 ms]
      [Choose CSet: 0,0 ms]
      [Ref Proc: 0,0 ms]
      [Ref Enq: 0,0 ms]
      [Redirty Cards: 0,0 ms]
      [Humongous Register: 0,0 ms]
      [Humongous Reclaim: 0,0 ms]
      [Free CSet: 0,0 ms]
   [Eden: 45,0M(45,0M)->0,0B(45,0M) Survivors: 6144,0K->6144,0K Heap: 374,0M(1024,0M)->331,5M(1024,0M)]
 [Times: user=0,01 sys=0,00, real=0,03 secs] 
2016-12-23T20:06:07.643+0100: 78839,465: [GC pause (G1 Evacuation Pause) (young), 0,0503230 secs]
   [Parallel Time: 49,7 ms, GC Workers: 1]
      [GC Worker Start (ms):  78839465,6]
      [Ext Root Scanning (ms):  2,1]
      [Update RS (ms):  0,5]
         [Processed Buffers:  25]
      [Scan RS (ms):  1,0]
      [Code Root Scanning (ms):  0,0]
      [Object Copy (ms):  46,0]
      [Termination (ms):  0,0]
         [Termination Attempts:  1]
      [GC Worker Other (ms):  0,0]
      [GC Worker Total (ms):  49,7]
      [GC Worker End (ms):  78839515,3]
   [Code Root Fixup: 0,0 ms]
   [Code Root Purge: 0,0 ms]
   [Clear CT: 0,0 ms]
   [Other: 0,6 ms]
      [Choose CSet: 0,0 ms]
      [Ref Proc: 0,0 ms]
      [Ref Enq: 0,0 ms]
      [Redirty Cards: 0,0 ms]
      [Humongous Register: 0,0 ms]
      [Humongous Reclaim: 0,0 ms]
      [Free CSet: 0,0 ms]
   [Eden: 45,0M(45,0M)->0,0B(45,0M) Survivors: 6144,0K->6144,0K Heap: 376,5M(1024,0M)->334,0M(1024,0M)]
 [Times: user=0,01 sys=0,01, real=0,05 secs] 
2016-12-23T20:09:30.351+0100: 79042,174: [GC pause (G1 Evacuation Pause) (young), 0,0649416 secs]
   [Parallel Time: 64,3 ms, GC Workers: 1]
      [GC Worker Start (ms):  79042174,2]
      [Ext Root Scanning (ms):  1,3]
      [Update RS (ms):  1,7]
         [Processed Buffers:  28]
      [Scan RS (ms):  2,3]
      [Code Root Scanning (ms):  0,0]
      [Object Copy (ms):  59,0]
      [Termination (ms):  0,0]
         [Termination Attempts:  1]
      [GC Worker Other (ms):  0,0]
      [GC Worker Total (ms):  64,3]
      [GC Worker End (ms):  79042238,5]
   [Code Root Fixup: 0,0 ms]
   [Code Root Purge: 0,0 ms]
   [Clear CT: 0,0 ms]
   [Other: 0,6 ms]
      [Choose CSet: 0,0 ms]
      [Ref Proc: 0,0 ms]
      [Ref Enq: 0,0 ms]
      [Redirty Cards: 0,0 ms]
      [Humongous Register: 0,0 ms]
      [Humongous Reclaim: 0,0 ms]
      [Free CSet: 0,0 ms]
   [Eden: 45,0M(45,0M)->0,0B(45,0M) Survivors: 6144,0K->6144,0K Heap: 379,0M(1024,0M)->336,5M(1024,0M)]
 [Times: user=0,03 sys=0,00, real=0,07 secs] 
2016-12-23T20:12:45.854+0100: 79237,677: [GC pause (G1 Evacuation Pause) (young), 0,0585397 secs]
   [Parallel Time: 58,0 ms, GC Workers: 1]
      [GC Worker Start (ms):  79237677,2]
      [Ext Root Scanning (ms):  1,9]
      [Update RS (ms):  3,9]
         [Processed Buffers:  30]
      [Scan RS (ms):  3,8]
      [Code Root Scanning (ms):  0,0]
      [Object Copy (ms):  48,3]
      [Termination (ms):  0,0]
         [Termination Attempts:  1]
      [GC Worker Other (ms):  0,0]
      [GC Worker Total (ms):  57,9]
      [GC Worker End (ms):  79237735,1]
   [Code Root Fixup: 0,0 ms]
   [Code Root Purge: 0,0 ms]
   [Clear CT: 0,0 ms]
   [Other: 0,5 ms]
      [Choose CSet: 0,0 ms]
      [Ref Proc: 0,0 ms]
      [Ref Enq: 0,0 ms]
      [Redirty Cards: 0,0 ms]
      [Humongous Register: 0,0 ms]
      [Humongous Reclaim: 0,0 ms]
      [Free CSet: 0,0 ms]
   [Eden: 45,0M(45,0M)->0,0B(45,0M) Survivors: 6144,0K->6144,0K Heap: 381,5M(1024,0M)->339,5M(1024,0M)]
 [Times: user=0,03 sys=0,00, real=0,06 secs] 
2016-12-23T20:16:09.747+0100: 79441,570: [GC pause (G1 Evacuation Pause) (young), 0,0352379 secs]
   [Parallel Time: 34,8 ms, GC Workers: 1]
      [GC Worker Start (ms):  79441570,2]
      [Ext Root Scanning (ms):  0,8]
      [Update RS (ms):  0,9]
         [Processed Buffers:  28]
      [Scan RS (ms):  1,0]
      [Code Root Scanning (ms):  0,0]
      [Object Copy (ms):  32,1]
      [Termination (ms):  0,0]
         [Termination Attempts:  1]
      [GC Worker Other (ms):  0,0]
      [GC Worker Total (ms):  34,7]
      [GC Worker End (ms):  79441604,9]
   [Code Root Fixup: 0,0 ms]
   [Code Root Purge: 0,0 ms]
   [Clear CT: 0,0 ms]
   [Other: 0,4 ms]
      [Choose CSet: 0,0 ms]
      [Ref Proc: 0,0 ms]
      [Ref Enq: 0,0 ms]
      [Redirty Cards: 0,0 ms]
      [Humongous Register: 0,0 ms]
      [Humongous Reclaim: 0,0 ms]
      [Free CSet: 0,0 ms]
   [Eden: 45,0M(45,0M)->0,0B(47,0M) Survivors: 6144,0K->4096,0K Heap: 384,5M(1024,0M)->340,0M(1024,0M)]
 [Times: user=0,01 sys=0,00, real=0,04 secs] 
2016-12-23T20:19:41.750+0100: 79653,573: [GC pause (G1 Evacuation Pause) (young), 0,0266667 secs]
   [Parallel Time: 26,2 ms, GC Workers: 1]
      [GC Worker Start (ms):  79653573,2]
      [Ext Root Scanning (ms):  2,4]
      [Update RS (ms):  3,5]
         [Processed Buffers:  29]
      [Scan RS (ms):  4,1]
      [Code Root Scanning (ms):  0,0]
      [Object Copy (ms):  16,1]
      [Termination (ms):  0,0]
         [Termination Attempts:  1]
      [GC Worker Other (ms):  0,0]
      [GC Worker Total (ms):  26,2]
      [GC Worker End (ms):  79653599,3]
   [Code Root Fixup: 0,1 ms]
   [Code Root Purge: 0,0 ms]
   [Clear CT: 0,0 ms]
   [Other: 0,4 ms]
      [Choose CSet: 0,0 ms]
      [Ref Proc: 0,0 ms]
      [Ref Enq: 0,0 ms]
      [Redirty Cards: 0,0 ms]
      [Humongous Register: 0,0 ms]
      [Humongous Reclaim: 0,0 ms]
      [Free CSet: 0,1 ms]
   [Eden: 47,0M(47,0M)->0,0B(47,0M) Survivors: 4096,0K->4096,0K Heap: 387,0M(1024,0M)->340,0M(1024,0M)]
 [Times: user=0,03 sys=0,00, real=0,03 secs] 
2016-12-23T20:20:02.228+0100: 79674,051: [GC pause (G1 Evacuation Pause) (young), 0,0301191 secs]
   [Parallel Time: 29,9 ms, GC Workers: 1]
      [GC Worker Start (ms):  79674050,8]
      [Ext Root Scanning (ms):  0,7]
      [Update RS (ms):  1,2]
         [Processed Buffers:  32]
      [Scan RS (ms):  1,2]
      [Code Root Scanning (ms):  0,0]
      [Object Copy (ms):  26,8]
      [Termination (ms):  0,0]
         [Termination Attempts:  1]
      [GC Worker Other (ms):  0,0]
      [GC Worker Total (ms):  29,9]
      [GC Worker End (ms):  79674080,6]
   [Code Root Fixup: 0,0 ms]
   [Code Root Purge: 0,0 ms]
   [Clear CT: 0,0 ms]
   [Other: 0,2 ms]
      [Choose CSet: 0,0 ms]
      [Ref Proc: 0,0 ms]
      [Ref Enq: 0,0 ms]
      [Redirty Cards: 0,0 ms]
      [Humongous Register: 0,0 ms]
      [Humongous Reclaim: 0,0 ms]
      [Free CSet: 0,0 ms]
   [Eden: 47,0M(47,0M)->0,0B(45,0M) Survivors: 4096,0K->6144,0K Heap: 387,0M(1024,0M)->341,5M(1024,0M)]
 [Times: user=0,01 sys=0,00, real=0,03 secs] 
2016-12-23T20:20:07.255+0100: 79679,078: [GC pause (G1 Evacuation Pause) (young), 0,0287688 secs]
   [Parallel Time: 28,2 ms, GC Workers: 1]
      [GC Worker Start (ms):  79679078,1]
      [Ext Root Scanning (ms):  0,7]
      [Update RS (ms):  1,1]
         [Processed Buffers:  29]
      [Scan RS (ms):  1,2]
      [Code Root Scanning (ms):  0,0]
      [Object Copy (ms):  22,1]
      [Termination (ms):  0,0]
         [Termination Attempts:  1]
      [GC Worker Other (ms):  0,0]
      [GC Worker Total (ms):  25,1]
      [GC Worker End (ms):  79679103,2]
   [Code Root Fixup: 0,0 ms]
   [Code Root Purge: 0,0 ms]
   [Clear CT: 0,0 ms]
   [Other: 0,5 ms]
      [Choose CSet: 0,0 ms]
      [Ref Proc: 0,0 ms]
      [Ref Enq: 0,0 ms]
      [Redirty Cards: 0,0 ms]
      [Humongous Register: 0,0 ms]
      [Humongous Reclaim: 0,0 ms]
      [Free CSet: 0,1 ms]
   [Eden: 45,0M(45,0M)->0,0B(47,0M) Survivors: 6144,0K->4096,0K Heap: 386,5M(1024,0M)->341,8M(1024,0M)]
 [Times: user=0,01 sys=0,00, real=0,03 secs] 
2016-12-23T20:20:13.244+0100: 79685,067: [GC pause (G1 Evacuation Pause) (young), 0,0131292 secs]
   [Parallel Time: 12,9 ms, GC Workers: 1]
      [GC Worker Start (ms):  79685067,5]
      [Ext Root Scanning (ms):  0,8]
      [Update RS (ms):  1,1]
         [Processed Buffers:  27]
      [Scan RS (ms):  0,5]
      [Code Root Scanning (ms):  0,0]
      [Object Copy (ms):  10,6]
      [Termination (ms):  0,0]
         [Termination Attempts:  1]
      [GC Worker Other (ms):  0,0]
      [GC Worker Total (ms):  12,9]
      [GC Worker End (ms):  79685080,4]
   [Code Root Fixup: 0,0 ms]
   [Code Root Purge: 0,0 ms]
   [Clear CT: 0,0 ms]
   [Other: 0,2 ms]
      [Choose CSet: 0,0 ms]
      [Ref Proc: 0,0 ms]
      [Ref Enq: 0,0 ms]
      [Redirty Cards: 0,0 ms]
      [Humongous Register: 0,0 ms]
      [Humongous Reclaim: 0,0 ms]
      [Free CSet: 0,0 ms]
   [Eden: 47,0M(47,0M)->0,0B(47,0M) Survivors: 4096,0K->4096,0K Heap: 388,8M(1024,0M)->341,8M(1024,0M)]
 [Times: user=0,01 sys=0,00, real=0,01 secs] 
2016-12-23T20:20:19.235+0100: 79691,058: [GC pause (G1 Evacuation Pause) (young), 0,0094817 secs]
   [Parallel Time: 9,3 ms, GC Workers: 1]
      [GC Worker Start (ms):  79691058,0]
      [Ext Root Scanning (ms):  0,6]
      [Update RS (ms):  1,3]
         [Processed Buffers:  26]
      [Scan RS (ms):  0,1]
      [Code Root Scanning (ms):  0,0]
      [Object Copy (ms):  7,2]
      [Termination (ms):  0,0]
         [Termination Attempts:  1]
      [GC Worker Other (ms):  0,0]
      [GC Worker Total (ms):  9,3]
      [GC Worker End (ms):  79691067,2]
   [Code Root Fixup: 0,0 ms]
   [Code Root Purge: 0,0 ms]
   [Clear CT: 0,0 ms]
   [Other: 0,2 ms]
      [Choose CSet: 0,0 ms]
      [Ref Proc: 0,0 ms]
      [Ref Enq: 0,0 ms]
      [Redirty Cards: 0,0 ms]
      [Humongous Register: 0,0 ms]
      [Humongous Reclaim: 0,0 ms]
      [Free CSet: 0,0 ms]
   [Eden: 47,0M(47,0M)->0,0B(47,0M) Survivors: 4096,0K->4096,0K Heap: 388,8M(1024,0M)->341,8M(1024,0M)]
 [Times: user=0,00 sys=0,00, real=0,01 secs] 
2016-12-23T20:20:24.304+0100: 79696,127: [GC pause (G1 Evacuation Pause) (young), 0,0141363 secs]
   [Parallel Time: 13,9 ms, GC Workers: 1]
      [GC Worker Start (ms):  79696127,4]
      [Ext Root Scanning (ms):  0,7]
      [Update RS (ms):  1,3]
         [Processed Buffers:  29]
      [Scan RS (ms):  0,1]
      [Code Root Scanning (ms):  0,0]
      [Object Copy (ms):  11,8]
      [Termination (ms):  0,0]
         [Termination Attempts:  1]
      [GC Worker Other (ms):  0,0]
      [GC Worker Total (ms):  13,9]
      [GC Worker End (ms):  79696141,3]
   [Code Root Fixup: 0,0 ms]
   [Code Root Purge: 0,0 ms]
   [Clear CT: 0,0 ms]
   [Other: 0,2 ms]
      [Choose CSet: 0,0 ms]
      [Ref Proc: 0,0 ms]
      [Ref Enq: 0,0 ms]
      [Redirty Cards: 0,0 ms]
      [Humongous Register: 0,0 ms]
      [Humongous Reclaim: 0,0 ms]
      [Free CSet: 0,0 ms]
   [Eden: 47,0M(47,0M)->0,0B(47,0M) Survivors: 4096,0K->4096,0K Heap: 388,8M(1024,0M)->341,8M(1024,0M)]
 [Times: user=0,01 sys=0,00, real=0,01 secs] 
2016-12-23T20:20:30.299+0100: 79702,122: [GC pause (G1 Evacuation Pause) (young), 0,0204767 secs]
   [Parallel Time: 20,2 ms, GC Workers: 1]
      [GC Worker Start (ms):  79702121,7]
      [Ext Root Scanning (ms):  0,8]
      [Update RS (ms):  1,3]
         [Processed Buffers:  32]
      [Scan RS (ms):  0,1]
      [Code Root Scanning (ms):  0,0]
      [Object Copy (ms):  17,9]
      [Termination (ms):  0,0]
         [Termination Attempts:  1]
      [GC Worker Other (ms):  0,0]
      [GC Worker Total (ms):  20,2]
      [GC Worker End (ms):  79702141,8]
   [Code Root Fixup: 0,0 ms]
   [Code Root Purge: 0,0 ms]
   [Clear CT: 0,0 ms]
   [Other: 0,3 ms]
      [Choose CSet: 0,0 ms]
      [Ref Proc: 0,0 ms]
      [Ref Enq: 0,0 ms]
      [Redirty Cards: 0,0 ms]
      [Humongous Register: 0,0 ms]
      [Humongous Reclaim: 0,0 ms]
      [Free CSet: 0,0 ms]
   [Eden: 47,0M(47,0M)->0,0B(47,0M) Survivors: 4096,0K->4096,0K Heap: 388,8M(1024,0M)->341,8M(1024,0M)]
 [Times: user=0,00 sys=0,00, real=0,02 secs] 
2016-12-23T20:20:36.259+0100: 79708,082: [GC pause (G1 Evacuation Pause) (young), 0,0109066 secs]
   [Parallel Time: 10,7 ms, GC Workers: 1]
      [GC Worker Start (ms):  79708081,6]
      [Ext Root Scanning (ms):  0,7]
      [Update RS (ms):  1,4]
         [Processed Buffers:  29]
      [Scan RS (ms):  0,0]
      [Code Root Scanning (ms):  0,0]
      [Object Copy (ms):  8,6]
      [Termination (ms):  0,0]
         [Termination Attempts:  1]
      [GC Worker Other (ms):  0,0]
      [GC Worker Total (ms):  10,7]
      [GC Worker End (ms):  79708092,3]
   [Code Root Fixup: 0,0 ms]
   [Code Root Purge: 0,0 ms]
   [Clear CT: 0,0 ms]
   [Other: 0,2 ms]
      [Choose CSet: 0,0 ms]
      [Ref Proc: 0,0 ms]
      [Ref Enq: 0,0 ms]
      [Redirty Cards: 0,0 ms]
      [Humongous Register: 0,0 ms]
      [Humongous Reclaim: 0,0 ms]
      [Free CSet: 0,0 ms]
   [Eden: 47,0M(47,0M)->0,0B(54,0M) Survivors: 4096,0K->4096,0K Heap: 388,8M(1024,0M)->341,8M(1024,0M)]
 [Times: user=0,01 sys=0,00, real=0,01 secs] 
2016-12-23T20:20:43.236+0100: 79715,059: [GC pause (G1 Evacuation Pause) (young), 0,0109167 secs]
   [Parallel Time: 10,7 ms, GC Workers: 1]
      [GC Worker Start (ms):  79715059,1]
      [Ext Root Scanning (ms):  0,7]
      [Update RS (ms):  1,5]
         [Processed Buffers:  33]
      [Scan RS (ms):  0,0]
      [Code Root Scanning (ms):  0,0]
      [Object Copy (ms):  8,5]
      [Termination (ms):  0,0]
         [Termination Attempts:  1]
      [GC Worker Other (ms):  0,0]
      [GC Worker Total (ms):  10,7]
      [GC Worker End (ms):  79715069,8]
   [Code Root Fixup: 0,0 ms]
   [Code Root Purge: 0,0 ms]
   [Clear CT: 0,0 ms]
   [Other: 0,2 ms]
      [Choose CSet: 0,0 ms]
      [Ref Proc: 0,0 ms]
      [Ref Enq: 0,0 ms]
      [Redirty Cards: 0,0 ms]
      [Humongous Register: 0,0 ms]
      [Humongous Reclaim: 0,0 ms]
      [Free CSet: 0,0 ms]
   [Eden: 54,0M(54,0M)->0,0B(94,0M) Survivors: 4096,0K->4096,0K Heap: 395,8M(1024,0M)->342,3M(1024,0M)]
 [Times: user=0,00 sys=0,00, real=0,01 secs] 
2016-12-23T20:20:54.263+0100: 79726,086: [GC pause (G1 Evacuation Pause) (young), 0,0103452 secs]
   [Parallel Time: 10,1 ms, GC Workers: 1]
      [GC Worker Start (ms):  79726086,3]
      [Ext Root Scanning (ms):  0,7]
      [Update RS (ms):  1,6]
         [Processed Buffers:  33]
      [Scan RS (ms):  0,0]
      [Code Root Scanning (ms):  0,0]
      [Object Copy (ms):  7,8]
      [Termination (ms):  0,0]
         [Termination Attempts:  1]
      [GC Worker Other (ms):  0,0]
      [GC Worker Total (ms):  10,1]
      [GC Worker End (ms):  79726096,4]
   [Code Root Fixup: 0,0 ms]
   [Code Root Purge: 0,0 ms]
   [Clear CT: 0,0 ms]
   [Other: 0,2 ms]
      [Choose CSet: 0,0 ms]
      [Ref Proc: 0,0 ms]
      [Ref Enq: 0,0 ms]
      [Redirty Cards: 0,0 ms]
      [Humongous Register: 0,0 ms]
      [Humongous Reclaim: 0,0 ms]
      [Free CSet: 0,0 ms]
   [Eden: 94,0M(94,0M)->0,0B(165,0M) Survivors: 4096,0K->3072,0K Heap: 436,3M(1024,0M)->341,3M(1024,0M)]
 [Times: user=0,01 sys=0,00, real=0,01 secs] 
2016-12-23T20:21:14.311+0100: 79746,134: [GC pause (G1 Evacuation Pause) (young), 0,0080187 secs]
   [Parallel Time: 7,7 ms, GC Workers: 1]
      [GC Worker Start (ms):  79746134,3]
      [Ext Root Scanning (ms):  0,6]
      [Update RS (ms):  1,4]
         [Processed Buffers:  32]
      [Scan RS (ms):  0,0]
      [Code Root Scanning (ms):  0,0]
      [Object Copy (ms):  5,6]
      [Termination (ms):  0,0]
         [Termination Attempts:  1]
      [GC Worker Other (ms):  0,0]
      [GC Worker Total (ms):  7,7]
      [GC Worker End (ms):  79746142,0]
   [Code Root Fixup: 0,0 ms]
   [Code Root Purge: 0,0 ms]
   [Clear CT: 0,0 ms]
   [Other: 0,2 ms]
      [Choose CSet: 0,0 ms]
      [Ref Proc: 0,0 ms]
      [Ref Enq: 0,0 ms]
      [Redirty Cards: 0,0 ms]
      [Humongous Register: 0,0 ms]
      [Humongous Reclaim: 0,0 ms]
      [Free CSet: 0,1 ms]
   [Eden: 165,0M(165,0M)->0,0B(259,0M) Survivors: 3072,0K->4096,0K Heap: 506,3M(1024,0M)->341,8M(1024,0M)]
 [Times: user=0,01 sys=0,00, real=0,01 secs] 
2016-12-23T20:27:33.057+0100: 80124,880: [GC pause (G1 Evacuation Pause) (young), 0,0142240 secs]
   [Parallel Time: 13,9 ms, GC Workers: 1]
      [GC Worker Start (ms):  80124880,3]
      [Ext Root Scanning (ms):  0,7]
      [Update RS (ms):  1,7]
         [Processed Buffers:  39]
      [Scan RS (ms):  0,1]
      [Code Root Scanning (ms):  0,0]
      [Object Copy (ms):  11,4]
      [Termination (ms):  0,0]
         [Termination Attempts:  1]
      [GC Worker Other (ms):  0,0]
      [GC Worker Total (ms):  13,9]
      [GC Worker End (ms):  80124894,1]
   [Code Root Fixup: 0,0 ms]
   [Code Root Purge: 0,0 ms]
   [Clear CT: 0,1 ms]
   [Other: 0,2 ms]
      [Choose CSet: 0,0 ms]
      [Ref Proc: 0,0 ms]
      [Ref Enq: 0,0 ms]
      [Redirty Cards: 0,0 ms]
      [Humongous Register: 0,0 ms]
      [Humongous Reclaim: 0,0 ms]
      [Free CSet: 0,1 ms]
   [Eden: 259,0M(259,0M)->0,0B(188,0M) Survivors: 4096,0K->7168,0K Heap: 600,8M(1024,0M)->344,8M(1024,0M)]
 [Times: user=0,01 sys=0,00, real=0,01 secs] 
2016-12-23T20:28:03.744+0100: 80155,567: [GC pause (G1 Evacuation Pause) (young), 0,0235081 secs]
   [Parallel Time: 23,2 ms, GC Workers: 1]
      [GC Worker Start (ms):  80155567,4]
      [Ext Root Scanning (ms):  0,8]
      [Update RS (ms):  1,5]
         [Processed Buffers:  40]
      [Scan RS (ms):  0,0]
      [Code Root Scanning (ms):  0,0]
      [Object Copy (ms):  16,7]
      [Termination (ms):  0,0]
         [Termination Attempts:  1]
      [GC Worker Other (ms):  0,0]
      [GC Worker Total (ms):  19,1]
      [GC Worker End (ms):  80155586,5]
   [Code Root Fixup: 0,0 ms]
   [Code Root Purge: 0,0 ms]
   [Clear CT: 0,0 ms]
   [Other: 0,2 ms]
      [Choose CSet: 0,0 ms]
      [Ref Proc: 0,0 ms]
      [Ref Enq: 0,0 ms]
      [Redirty Cards: 0,0 ms]
      [Humongous Register: 0,0 ms]
      [Humongous Reclaim: 0,0 ms]
      [Free CSet: 0,1 ms]
   [Eden: 188,0M(188,0M)->0,0B(62,0M) Survivors: 7168,0K->7168,0K Heap: 532,8M(1024,0M)->345,3M(1024,0M)]
 [Times: user=0,01 sys=0,00, real=0,02 secs] 
2016-12-23T20:28:11.727+0100: 80163,550: [GC pause (G1 Evacuation Pause) (young), 0,0484680 secs]
   [Parallel Time: 48,2 ms, GC Workers: 1]
      [GC Worker Start (ms):  80163550,5]
      [Ext Root Scanning (ms):  0,7]
      [Update RS (ms):  1,4]
         [Processed Buffers:  33]
      [Scan RS (ms):  0,0]
      [Code Root Scanning (ms):  0,0]
      [Object Copy (ms):  46,1]
      [Termination (ms):  0,0]
         [Termination Attempts:  1]
      [GC Worker Other (ms):  0,0]
      [GC Worker Total (ms):  48,2]
      [GC Worker End (ms):  80163598,6]
   [Code Root Fixup: 0,0 ms]
   [Code Root Purge: 0,0 ms]
   [Clear CT: 0,0 ms]
   [Other: 0,2 ms]
      [Choose CSet: 0,0 ms]
      [Ref Proc: 0,0 ms]
      [Ref Enq: 0,0 ms]
      [Redirty Cards: 0,0 ms]
      [Humongous Register: 0,0 ms]
      [Humongous Reclaim: 0,0 ms]
      [Free CSet: 0,0 ms]
   [Eden: 62,0M(62,0M)->0,0B(124,0M) Survivors: 7168,0K->2048,0K Heap: 407,3M(1024,0M)->345,7M(1024,0M)]
 [Times: user=0,02 sys=0,01, real=0,05 secs] 
2016-12-23T20:28:24.734+0100: 80176,557: [GC pause (G1 Evacuation Pause) (young), 0,0236607 secs]
   [Parallel Time: 23,4 ms, GC Workers: 1]
      [GC Worker Start (ms):  80176556,7]
      [Ext Root Scanning (ms):  0,7]
      [Update RS (ms):  4,0]
         [Processed Buffers:  42]
      [Scan RS (ms):  0,2]
      [Code Root Scanning (ms):  0,0]
      [Object Copy (ms):  18,4]
      [Termination (ms):  0,0]
         [Termination Attempts:  1]
      [GC Worker Other (ms):  0,0]
      [GC Worker Total (ms):  23,4]
      [GC Worker End (ms):  80176580,1]
   [Code Root Fixup: 0,0 ms]
   [Code Root Purge: 0,0 ms]
   [Clear CT: 0,0 ms]
   [Other: 0,2 ms]
      [Choose CSet: 0,0 ms]
      [Ref Proc: 0,0 ms]
      [Ref Enq: 0,0 ms]
      [Redirty Cards: 0,0 ms]
      [Humongous Register: 0,0 ms]
      [Humongous Reclaim: 0,0 ms]
      [Free CSet: 0,1 ms]
   [Eden: 110,0M(110,0M)->0,0B(48,0M) Survivors: 2048,0K->3072,0K Heap: 455,7M(1024,0M)->346,2M(1024,0M)]
 [Times: user=0,01 sys=0,00, real=0,02 secs] 
2016-12-23T20:28:30.734+0100: 80182,557: [GC pause (G1 Evacuation Pause) (young), 0,0154480 secs]
   [Parallel Time: 15,2 ms, GC Workers: 1]
      [GC Worker Start (ms):  80182556,6]
      [Ext Root Scanning (ms):  0,8]
      [Update RS (ms):  1,5]
         [Processed Buffers:  30]
      [Scan RS (ms):  0,0]
      [Code Root Scanning (ms):  0,0]
      [Object Copy (ms):  12,9]
      [Termination (ms):  0,0]
         [Termination Attempts:  1]
      [GC Worker Other (ms):  0,0]
      [GC Worker Total (ms):  15,2]
      [GC Worker End (ms):  80182571,8]
   [Code Root Fixup: 0,0 ms]
   [Code Root Purge: 0,0 ms]
   [Clear CT: 0,0 ms]
   [Other: 0,2 ms]
      [Choose CSet: 0,0 ms]
      [Ref Proc: 0,0 ms]
      [Ref Enq: 0,0 ms]
      [Redirty Cards: 0,0 ms]
      [Humongous Register: 0,0 ms]
      [Humongous Reclaim: 0,0 ms]
      [Free CSet: 0,0 ms]
   [Eden: 48,0M(48,0M)->0,0B(48,0M) Survivors: 3072,0K->3072,0K Heap: 394,2M(1024,0M)->346,2M(1024,0M)]
 [Times: user=0,01 sys=0,01, real=0,01 secs] 
2016-12-23T20:28:36.744+0100: 80188,567: [GC pause (G1 Evacuation Pause) (young), 0,0130676 secs]
   [Parallel Time: 12,8 ms, GC Workers: 1]
      [GC Worker Start (ms):  80188567,4]
      [Ext Root Scanning (ms):  0,8]
      [Update RS (ms):  1,5]
         [Processed Buffers:  30]
      [Scan RS (ms):  0,0]
      [Code Root Scanning (ms):  0,0]
      [Object Copy (ms):  10,6]
      [Termination (ms):  0,0]
         [Termination Attempts:  1]
      [GC Worker Other (ms):  0,0]
      [GC Worker Total (ms):  12,8]
      [GC Worker End (ms):  80188580,2]
   [Code Root Fixup: 0,0 ms]
   [Code Root Purge: 0,0 ms]
   [Clear CT: 0,0 ms]
   [Other: 0,2 ms]
      [Choose CSet: 0,0 ms]
      [Ref Proc: 0,0 ms]
      [Ref Enq: 0,0 ms]
      [Redirty Cards: 0,0 ms]
      [Humongous Register: 0,0 ms]
      [Humongous Reclaim: 0,0 ms]
      [Free CSet: 0,0 ms]
   [Eden: 48,0M(48,0M)->0,0B(64,0M) Survivors: 3072,0K->3072,0K Heap: 394,2M(1024,0M)->346,7M(1024,0M)]
 [Times: user=0,00 sys=0,00, real=0,01 secs] 
2016-12-23T20:28:44.713+0100: 80196,536: [GC pause (G1 Evacuation Pause) (young), 0,0174389 secs]
   [Parallel Time: 17,2 ms, GC Workers: 1]
      [GC Worker Start (ms):  80196535,6]
      [Ext Root Scanning (ms):  1,1]
      [Update RS (ms):  4,0]
         [Processed Buffers:  35]
      [Scan RS (ms):  0,0]
      [Code Root Scanning (ms):  0,0]
      [Object Copy (ms):  12,1]
      [Termination (ms):  0,0]
         [Termination Attempts:  1]
      [GC Worker Other (ms):  0,0]
      [GC Worker Total (ms):  17,2]
      [GC Worker End (ms):  80196552,8]
   [Code Root Fixup: 0,0 ms]
   [Code Root Purge: 0,0 ms]
   [Clear CT: 0,0 ms]
   [Other: 0,2 ms]
      [Choose CSet: 0,0 ms]
      [Ref Proc: 0,0 ms]
      [Ref Enq: 0,0 ms]
      [Redirty Cards: 0,0 ms]
      [Humongous Register: 0,0 ms]
      [Humongous Reclaim: 0,0 ms]
      [Free CSet: 0,0 ms]
   [Eden: 64,0M(64,0M)->0,0B(65,0M) Survivors: 3072,0K->3072,0K Heap: 410,7M(1024,0M)->346,7M(1024,0M)]
 [Times: user=0,01 sys=0,00, real=0,02 secs] 
2016-12-23T20:28:52.714+0100: 80204,537: [GC pause (G1 Evacuation Pause) (young), 0,0231326 secs]
   [Parallel Time: 22,8 ms, GC Workers: 1]
      [GC Worker Start (ms):  80204537,2]
      [Ext Root Scanning (ms):  1,6]
      [Update RS (ms):  4,7]
         [Processed Buffers:  32]
      [Scan RS (ms):  0,0]
      [Code Root Scanning (ms):  0,0]
      [Object Copy (ms):  16,3]
      [Termination (ms):  0,0]
         [Termination Attempts:  1]
      [GC Worker Other (ms):  0,0]
      [GC Worker Total (ms):  22,8]
      [GC Worker End (ms):  80204560,0]
   [Code Root Fixup: 0,0 ms]
   [Code Root Purge: 0,0 ms]
   [Clear CT: 0,0 ms]
   [Other: 0,3 ms]
      [Choose CSet: 0,0 ms]
      [Ref Proc: 0,0 ms]
      [Ref Enq: 0,0 ms]
      [Redirty Cards: 0,0 ms]
      [Humongous Register: 0,0 ms]
      [Humongous Reclaim: 0,0 ms]
      [Free CSet: 0,0 ms]
   [Eden: 65,0M(65,0M)->0,0B(47,0M) Survivors: 3072,0K->4096,0K Heap: 411,7M(1024,0M)->347,2M(1024,0M)]
 [Times: user=0,01 sys=0,00, real=0,02 secs] 
2016-12-23T20:28:57.763+0100: 80209,586: [GC pause (G1 Evacuation Pause) (young), 0,0112425 secs]
   [Parallel Time: 11,0 ms, GC Workers: 1]
      [GC Worker Start (ms):  80209586,1]
      [Ext Root Scanning (ms):  0,7]
      [Update RS (ms):  1,4]
         [Processed Buffers:  31]
      [Scan RS (ms):  0,0]
      [Code Root Scanning (ms):  0,0]
      [Object Copy (ms):  8,8]
      [Termination (ms):  0,0]
         [Termination Attempts:  1]
      [GC Worker Other (ms):  0,0]
      [GC Worker Total (ms):  11,0]
      [GC Worker End (ms):  80209597,1]
   [Code Root Fixup: 0,0 ms]
   [Code Root Purge: 0,0 ms]
   [Clear CT: 0,0 ms]
   [Other: 0,2 ms]
      [Choose CSet: 0,0 ms]
      [Ref Proc: 0,0 ms]
      [Ref Enq: 0,0 ms]
      [Redirty Cards: 0,0 ms]
      [Humongous Register: 0,0 ms]
      [Humongous Reclaim: 0,0 ms]
      [Free CSet: 0,0 ms]
   [Eden: 47,0M(47,0M)->0,0B(78,0M) Survivors: 4096,0K->4096,0K Heap: 394,2M(1024,0M)->347,2M(1024,0M)]
 [Times: user=0,00 sys=0,00, real=0,01 secs] 
2016-12-23T20:29:07.729+0100: 80219,552: [GC pause (G1 Evacuation Pause) (young), 0,0136931 secs]
   [Parallel Time: 13,4 ms, GC Workers: 1]
      [GC Worker Start (ms):  80219551,7]
      [Ext Root Scanning (ms):  0,7]
      [Update RS (ms):  1,6]
         [Processed Buffers:  34]
      [Scan RS (ms):  0,0]
      [Code Root Scanning (ms):  0,0]
      [Object Copy (ms):  11,0]
      [Termination (ms):  0,0]
         [Termination Attempts:  1]
      [GC Worker Other (ms):  0,0]
      [GC Worker Total (ms):  13,4]
      [GC Worker End (ms):  80219565,1]
   [Code Root Fixup: 0,0 ms]
   [Code Root Purge: 0,0 ms]
   [Clear CT: 0,0 ms]
   [Other: 0,3 ms]
      [Choose CSet: 0,0 ms]
      [Ref Proc: 0,0 ms]
      [Ref Enq: 0,0 ms]
      [Redirty Cards: 0,0 ms]
      [Humongous Register: 0,0 ms]
      [Humongous Reclaim: 0,0 ms]
      [Free CSet: 0,0 ms]
   [Eden: 78,0M(78,0M)->0,0B(116,0M) Survivors: 4096,0K->4096,0K Heap: 425,2M(1024,0M)->347,7M(1024,0M)]
 [Times: user=0,01 sys=0,00, real=0,02 secs] 
2016-12-23T20:29:21.731+0100: 80233,553: [GC pause (G1 Evacuation Pause) (young), 0,0112373 secs]
   [Parallel Time: 11,0 ms, GC Workers: 1]
      [GC Worker Start (ms):  80233553,5]
      [Ext Root Scanning (ms):  0,7]
      [Update RS (ms):  1,5]
         [Processed Buffers:  34]
      [Scan RS (ms):  0,0]
      [Code Root Scanning (ms):  0,0]
      [Object Copy (ms):  8,7]
      [Termination (ms):  0,0]
         [Termination Attempts:  1]
      [GC Worker Other (ms):  0,0]
      [GC Worker Total (ms):  11,0]
      [GC Worker End (ms):  80233564,5]
   [Code Root Fixup: 0,0 ms]
   [Code Root Purge: 0,0 ms]
   [Clear CT: 0,0 ms]
   [Other: 0,2 ms]
      [Choose CSet: 0,0 ms]
      [Ref Proc: 0,0 ms]
      [Ref Enq: 0,0 ms]
      [Redirty Cards: 0,0 ms]
      [Humongous Register: 0,0 ms]
      [Humongous Reclaim: 0,0 ms]
      [Free CSet: 0,0 ms]
   [Eden: 116,0M(116,0M)->0,0B(219,0M) Survivors: 4096,0K->4096,0K Heap: 463,7M(1024,0M)->347,2M(1024,0M)]
 [Times: user=0,00 sys=0,00, real=0,02 secs] 
2016-12-23T20:32:09.837+0100: 80401,660: [GC pause (G1 Evacuation Pause) (young), 0,0334559 secs]
   [Parallel Time: 33,2 ms, GC Workers: 1]
      [GC Worker Start (ms):  80401660,3]
      [Ext Root Scanning (ms):  0,6]
      [Update RS (ms):  1,7]
         [Processed Buffers:  38]
      [Scan RS (ms):  0,1]
      [Code Root Scanning (ms):  0,0]
      [Object Copy (ms):  27,8]
      [Termination (ms):  0,0]
         [Termination Attempts:  1]
      [GC Worker Other (ms):  0,0]
      [GC Worker Total (ms):  30,1]
      [GC Worker End (ms):  80401690,5]
   [Code Root Fixup: 0,0 ms]
   [Code Root Purge: 0,0 ms]
   [Clear CT: 0,1 ms]
   [Other: 0,2 ms]
      [Choose CSet: 0,0 ms]
      [Ref Proc: 0,0 ms]
      [Ref Enq: 0,0 ms]
      [Redirty Cards: 0,0 ms]
      [Humongous Register: 0,0 ms]
      [Humongous Reclaim: 0,0 ms]
      [Free CSet: 0,1 ms]
   [Eden: 219,0M(219,0M)->0,0B(57,0M) Survivors: 4096,0K->7168,0K Heap: 566,2M(1024,0M)->350,7M(1024,0M)]
 [Times: user=0,02 sys=0,00, real=0,03 secs] 
2016-12-23T20:32:16.854+0100: 80408,677: [GC pause (G1 Evacuation Pause) (young), 0,0496067 secs]
   [Parallel Time: 49,3 ms, GC Workers: 1]
      [GC Worker Start (ms):  80408677,3]
      [Ext Root Scanning (ms):  0,7]
      [Update RS (ms):  1,5]
         [Processed Buffers:  34]
      [Scan RS (ms):  0,0]
      [Code Root Scanning (ms):  0,0]
      [Object Copy (ms):  47,2]
      [Termination (ms):  0,0]
         [Termination Attempts:  1]
      [GC Worker Other (ms):  0,0]
      [GC Worker Total (ms):  49,3]
      [GC Worker End (ms):  80408726,6]
   [Code Root Fixup: 0,0 ms]
   [Code Root Purge: 0,0 ms]
   [Clear CT: 0,0 ms]
   [Other: 0,2 ms]
      [Choose CSet: 0,0 ms]
      [Ref Proc: 0,0 ms]
      [Ref Enq: 0,0 ms]
      [Redirty Cards: 0,0 ms]
      [Humongous Register: 0,0 ms]
      [Humongous Reclaim: 0,0 ms]
      [Free CSet: 0,0 ms]
   [Eden: 57,0M(57,0M)->0,0B(46,0M) Survivors: 7168,0K->5120,0K Heap: 407,7M(1024,0M)->351,1M(1024,0M)]
 [Times: user=0,01 sys=0,00, real=0,05 secs] 
2016-12-23T20:32:21.873+0100: 80413,696: [GC pause (G1 Evacuation Pause) (young), 0,0352528 secs]
   [Parallel Time: 34,6 ms, GC Workers: 1]
      [GC Worker Start (ms):  80413696,1]
      [Ext Root Scanning (ms):  0,8]
      [Update RS (ms):  3,3]
         [Processed Buffers:  39]
      [Scan RS (ms):  0,6]
      [Code Root Scanning (ms):  0,0]
      [Object Copy (ms):  29,8]
      [Termination (ms):  0,0]
         [Termination Attempts:  1]
      [GC Worker Other (ms):  0,0]
      [GC Worker Total (ms):  34,5]
      [GC Worker End (ms):  80413730,6]
   [Code Root Fixup: 0,0 ms]
   [Code Root Purge: 0,0 ms]
   [Clear CT: 0,0 ms]
   [Other: 0,6 ms]
      [Choose CSet: 0,0 ms]
      [Ref Proc: 0,0 ms]
      [Ref Enq: 0,0 ms]
      [Redirty Cards: 0,1 ms]
      [Humongous Register: 0,0 ms]
      [Humongous Reclaim: 0,0 ms]
      [Free CSet: 0,0 ms]
   [Eden: 46,0M(46,0M)->0,0B(188,0M) Survivors: 5120,0K->2048,0K Heap: 397,1M(1024,0M)->352,0M(1024,0M)]
 [Times: user=0,02 sys=0,00, real=0,03 secs] 
2016-12-23T20:32:39.788+0100: 80431,611: [GC pause (G1 Evacuation Pause) (young), 0,0225796 secs]
   [Parallel Time: 22,2 ms, GC Workers: 1]
      [GC Worker Start (ms):  80431611,5]
      [Ext Root Scanning (ms):  1,3]
      [Update RS (ms):  11,6]
         [Processed Buffers:  48]
      [Scan RS (ms):  1,1]
      [Code Root Scanning (ms):  0,0]
      [Object Copy (ms):  8,1]
      [Termination (ms):  0,0]
         [Termination Attempts:  1]
      [GC Worker Other (ms):  0,0]
      [GC Worker Total (ms):  22,2]
      [GC Worker End (ms):  80431633,6]
   [Code Root Fixup: 0,1 ms]
   [Code Root Purge: 0,0 ms]
   [Clear CT: 0,0 ms]
   [Other: 0,3 ms]
      [Choose CSet: 0,0 ms]
      [Ref Proc: 0,0 ms]
      [Ref Enq: 0,0 ms]
      [Redirty Cards: 0,0 ms]
      [Humongous Register: 0,0 ms]
      [Humongous Reclaim: 0,0 ms]
      [Free CSet: 0,1 ms]
   [Eden: 141,0M(141,0M)->0,0B(65,0M) Survivors: 2048,0K->2048,0K Heap: 493,0M(1024,0M)->352,5M(1024,0M)]
 [Times: user=0,01 sys=0,00, real=0,02 secs] 
2016-12-23T20:32:47.777+0100: 80439,600: [GC pause (G1 Evacuation Pause) (young), 0,0208932 secs]
   [Parallel Time: 20,6 ms, GC Workers: 1]
      [GC Worker Start (ms):  80439599,7]
      [Ext Root Scanning (ms):  1,7]
      [Update RS (ms):  8,2]
         [Processed Buffers:  38]
      [Scan RS (ms):  0,0]
      [Code Root Scanning (ms):  0,0]
      [Object Copy (ms):  10,6]
      [Termination (ms):  0,0]
         [Termination Attempts:  1]
      [GC Worker Other (ms):  0,0]
      [GC Worker Total (ms):  20,5]
      [GC Worker End (ms):  80439620,3]
   [Code Root Fixup: 0,0 ms]
   [Code Root Purge: 0,0 ms]
   [Clear CT: 0,0 ms]
   [Other: 0,3 ms]
      [Choose CSet: 0,0 ms]
      [Ref Proc: 0,0 ms]
      [Ref Enq: 0,0 ms]
      [Redirty Cards: 0,0 ms]
      [Humongous Register: 0,0 ms]
      [Humongous Reclaim: 0,0 ms]
      [Free CSet: 0,0 ms]
   [Eden: 65,0M(65,0M)->0,0B(49,0M) Survivors: 2048,0K->2048,0K Heap: 417,5M(1024,0M)->352,5M(1024,0M)]
 [Times: user=0,01 sys=0,00, real=0,02 secs] 
2016-12-23T20:32:53.780+0100: 80445,603: [GC pause (G1 Evacuation Pause) (young), 0,0165054 secs]
   [Parallel Time: 16,2 ms, GC Workers: 1]
      [GC Worker Start (ms):  80445603,4]
      [Ext Root Scanning (ms):  1,1]
      [Update RS (ms):  8,0]
         [Processed Buffers:  34]
      [Scan RS (ms):  0,2]
      [Code Root Scanning (ms):  0,0]
      [Object Copy (ms):  6,9]
      [Termination (ms):  0,0]
         [Termination Attempts:  1]
      [GC Worker Other (ms):  0,0]
      [GC Worker Total (ms):  16,2]
      [GC Worker End (ms):  80445619,6]
   [Code Root Fixup: 0,0 ms]
   [Code Root Purge: 0,0 ms]
   [Clear CT: 0,0 ms]
   [Other: 0,2 ms]
      [Choose CSet: 0,0 ms]
      [Ref Proc: 0,0 ms]
      [Ref Enq: 0,0 ms]
      [Redirty Cards: 0,0 ms]
      [Humongous Register: 0,0 ms]
      [Humongous Reclaim: 0,0 ms]
      [Free CSet: 0,1 ms]
   [Eden: 49,0M(49,0M)->0,0B(48,0M) Survivors: 2048,0K->3072,0K Heap: 401,5M(1024,0M)->353,0M(1024,0M)]
 [Times: user=0,01 sys=0,00, real=0,02 secs] 
2016-12-23T20:32:59.290+0100: 80451,112: [GC pause (G1 Evacuation Pause) (young), 0,0171484 secs]
   [Parallel Time: 16,9 ms, GC Workers: 1]
      [GC Worker Start (ms):  80451112,5]
      [Ext Root Scanning (ms):  0,7]
      [Update RS (ms):  1,8]
         [Processed Buffers:  30]
      [Scan RS (ms):  0,4]
      [Code Root Scanning (ms):  0,0]
      [Object Copy (ms):  14,0]
      [Termination (ms):  0,0]
         [Termination Attempts:  1]
      [GC Worker Other (ms):  0,0]
      [GC Worker Total (ms):  16,9]
      [GC Worker End (ms):  80451129,4]
   [Code Root Fixup: 0,0 ms]
   [Code Root Purge: 0,0 ms]
   [Clear CT: 0,0 ms]
   [Other: 0,2 ms]
      [Choose CSet: 0,0 ms]
      [Ref Proc: 0,0 ms]
      [Ref Enq: 0,0 ms]
      [Redirty Cards: 0,0 ms]
      [Humongous Register: 0,0 ms]
      [Humongous Reclaim: 0,0 ms]
      [Free CSet: 0,0 ms]
   [Eden: 48,0M(48,0M)->0,0B(48,0M) Survivors: 3072,0K->3072,0K Heap: 401,0M(1024,0M)->353,0M(1024,0M)]
 [Times: user=0,01 sys=0,00, real=0,02 secs] 
2016-12-23T20:33:04.801+0100: 80456,624: [GC pause (G1 Evacuation Pause) (young), 0,0099977 secs]
   [Parallel Time: 9,7 ms, GC Workers: 1]
      [GC Worker Start (ms):  80456624,0]
      [Ext Root Scanning (ms):  0,7]
      [Update RS (ms):  4,6]
         [Processed Buffers:  32]
      [Scan RS (ms):  0,3]
      [Code Root Scanning (ms):  0,0]
      [Object Copy (ms):  4,1]
      [Termination (ms):  0,0]
         [Termination Attempts:  1]
      [GC Worker Other (ms):  0,0]
      [GC Worker Total (ms):  9,7]
      [GC Worker End (ms):  80456633,7]
   [Code Root Fixup: 0,0 ms]
   [Code Root Purge: 0,0 ms]
   [Clear CT: 0,0 ms]
   [Other: 0,2 ms]
      [Choose CSet: 0,0 ms]
      [Ref Proc: 0,0 ms]
      [Ref Enq: 0,0 ms]
      [Redirty Cards: 0,0 ms]
      [Humongous Register: 0,0 ms]
      [Humongous Reclaim: 0,0 ms]
      [Free CSet: 0,1 ms]
   [Eden: 48,0M(48,0M)->0,0B(75,0M) Survivors: 3072,0K->3072,0K Heap: 401,0M(1024,0M)->353,5M(1024,0M)]
 [Times: user=0,00 sys=0,00, real=0,00 secs] 
2016-12-23T20:33:10.807+0100: 80462,630: [GC pause (G1 Evacuation Pause) (young), 0,0218504 secs]
   [Parallel Time: 21,6 ms, GC Workers: 1]
      [GC Worker Start (ms):  80462629,8]
      [Ext Root Scanning (ms):  1,0]
      [Update RS (ms):  7,7]
         [Processed Buffers:  32]
      [Scan RS (ms):  3,8]
      [Code Root Scanning (ms):  0,0]
      [Object Copy (ms):  9,0]
      [Termination (ms):  0,0]
         [Termination Attempts:  1]
      [GC Worker Other (ms):  0,0]
      [GC Worker Total (ms):  21,5]
      [GC Worker End (ms):  80462651,3]
   [Code Root Fixup: 0,0 ms]
   [Code Root Purge: 0,0 ms]
   [Clear CT: 0,0 ms]
   [Other: 0,2 ms]
      [Choose CSet: 0,0 ms]
      [Ref Proc: 0,0 ms]
      [Ref Enq: 0,0 ms]
      [Redirty Cards: 0,0 ms]
      [Humongous Register: 0,0 ms]
      [Humongous Reclaim: 0,0 ms]
      [Free CSet: 0,0 ms]
   [Eden: 48,0M(48,0M)->0,0B(48,0M) Survivors: 3072,0K->3072,0K Heap: 401,5M(1024,0M)->353,5M(1024,0M)]
 [Times: user=0,02 sys=0,00, real=0,12 secs] 
2016-12-23T20:33:16.788+0100: 80468,611: [GC pause (G1 Evacuation Pause) (young), 0,0130127 secs]
   [Parallel Time: 12,8 ms, GC Workers: 1]
      [GC Worker Start (ms):  80468610,9]
      [Ext Root Scanning (ms):  0,7]
      [Update RS (ms):  1,9]
         [Processed Buffers:  32]
      [Scan RS (ms):  0,5]
      [Code Root Scanning (ms):  0,0]
      [Object Copy (ms):  9,6]
      [Termination (ms):  0,0]
         [Termination Attempts:  1]
      [GC Worker Other (ms):  0,0]
      [GC Worker Total (ms):  12,7]
      [GC Worker End (ms):  80468623,6]
   [Code Root Fixup: 0,0 ms]
   [Code Root Purge: 0,0 ms]
   [Clear CT: 0,0 ms]
   [Other: 0,2 ms]
      [Choose CSet: 0,0 ms]
      [Ref Proc: 0,0 ms]
      [Ref Enq: 0,0 ms]
      [Redirty Cards: 0,0 ms]
      [Humongous Register: 0,0 ms]
      [Humongous Reclaim: 0,0 ms]
      [Free CSet: 0,0 ms]
   [Eden: 48,0M(48,0M)->0,0B(81,0M) Survivors: 3072,0K->3072,0K Heap: 401,5M(1024,0M)->353,5M(1024,0M)]
 [Times: user=0,01 sys=0,00, real=0,02 secs] 
2016-12-23T20:33:22.781+0100: 80474,604: [GC pause (G1 Evacuation Pause) (young), 0,0155525 secs]
   [Parallel Time: 15,3 ms, GC Workers: 1]
      [GC Worker Start (ms):  80474604,3]
      [Ext Root Scanning (ms):  0,7]
      [Update RS (ms):  1,9]
         [Processed Buffers:  33]
      [Scan RS (ms):  0,5]
      [Code Root Scanning (ms):  0,0]
      [Object Copy (ms):  12,2]
      [Termination (ms):  0,0]
         [Termination Attempts:  1]
      [GC Worker Other (ms):  0,0]
      [GC Worker Total (ms):  15,3]
      [GC Worker End (ms):  80474619,6]
   [Code Root Fixup: 0,0 ms]
   [Code Root Purge: 0,0 ms]
   [Clear CT: 0,0 ms]
   [Other: 0,2 ms]
      [Choose CSet: 0,0 ms]
      [Ref Proc: 0,0 ms]
      [Ref Enq: 0,0 ms]
      [Redirty Cards: 0,0 ms]
      [Humongous Register: 0,0 ms]
      [Humongous Reclaim: 0,0 ms]
      [Free CSet: 0,0 ms]
   [Eden: 48,0M(48,0M)->0,0B(97,0M) Survivors: 3072,0K->4096,0K Heap: 401,5M(1024,0M)->354,0M(1024,0M)]
 [Times: user=0,01 sys=0,00, real=0,01 secs] 
2016-12-23T20:37:22.874+0100: 80714,697: [GC pause (G1 Evacuation Pause) (young), 0,0479976 secs]
   [Parallel Time: 47,6 ms, GC Workers: 1]
      [GC Worker Start (ms):  80714696,9]
      [Ext Root Scanning (ms):  2,2]
      [Update RS (ms):  9,3]
         [Processed Buffers:  38]
      [Scan RS (ms):  0,4]
      [Code Root Scanning (ms):  0,0]
      [Object Copy (ms):  35,7]
      [Termination (ms):  0,0]
         [Termination Attempts:  1]
      [GC Worker Other (ms):  0,0]
      [GC Worker Total (ms):  47,6]
      [GC Worker End (ms):  80714744,5]
   [Code Root Fixup: 0,0 ms]
   [Code Root Purge: 0,0 ms]
   [Clear CT: 0,0 ms]
   [Other: 0,3 ms]
      [Choose CSet: 0,0 ms]
      [Ref Proc: 0,0 ms]
      [Ref Enq: 0,0 ms]
      [Redirty Cards: 0,0 ms]
      [Humongous Register: 0,0 ms]
      [Humongous Reclaim: 0,0 ms]
      [Free CSet: 0,0 ms]
   [Eden: 97,0M(97,0M)->0,0B(44,0M) Survivors: 4096,0K->7168,0K Heap: 451,0M(1024,0M)->357,0M(1024,0M)]
 [Times: user=0,03 sys=0,00, real=0,05 secs] 
2016-12-23T20:39:55.734+0100: 80867,557: [GC pause (G1 Evacuation Pause) (young), 0,0470601 secs]
   [Parallel Time: 46,8 ms, GC Workers: 1]
      [GC Worker Start (ms):  80867557,3]
      [Ext Root Scanning (ms):  0,8]
      [Update RS (ms):  2,0]
         [Processed Buffers:  37]
      [Scan RS (ms):  0,5]
      [Code Root Scanning (ms):  0,0]
      [Object Copy (ms):  43,5]
      [Termination (ms):  0,0]
         [Termination Attempts:  1]
      [GC Worker Other (ms):  0,0]
      [GC Worker Total (ms):  46,8]
      [GC Worker End (ms):  80867604,1]
   [Code Root Fixup: 0,0 ms]
   [Code Root Purge: 0,0 ms]
   [Clear CT: 0,0 ms]
   [Other: 0,2 ms]
      [Choose CSet: 0,0 ms]
      [Ref Proc: 0,0 ms]
      [Ref Enq: 0,0 ms]
      [Redirty Cards: 0,0 ms]
      [Humongous Register: 0,0 ms]
      [Humongous Reclaim: 0,0 ms]
      [Free CSet: 0,0 ms]
   [Eden: 44,0M(44,0M)->0,0B(45,0M) Survivors: 7168,0K->6144,0K Heap: 401,0M(1024,0M)->358,3M(1024,0M)]
 [Times: user=0,02 sys=0,00, real=0,05 secs] 
2016-12-23T20:40:00.708+0100: 80872,531: [GC pause (G1 Evacuation Pause) (young), 0,0546810 secs]
   [Parallel Time: 54,4 ms, GC Workers: 1]
      [GC Worker Start (ms):  80872530,8]
      [Ext Root Scanning (ms):  0,6]
      [Update RS (ms):  2,8]
         [Processed Buffers:  31]
      [Scan RS (ms):  3,9]
      [Code Root Scanning (ms):  0,0]
      [Object Copy (ms):  47,1]
      [Termination (ms):  0,0]
         [Termination Attempts:  1]
      [GC Worker Other (ms):  0,0]
      [GC Worker Total (ms):  54,4]
      [GC Worker End (ms):  80872585,2]
   [Code Root Fixup: 0,0 ms]
   [Code Root Purge: 0,0 ms]
   [Clear CT: 0,0 ms]
   [Other: 0,2 ms]
      [Choose CSet: 0,0 ms]
      [Ref Proc: 0,0 ms]
      [Ref Enq: 0,0 ms]
      [Redirty Cards: 0,0 ms]
      [Humongous Register: 0,0 ms]
      [Humongous Reclaim: 0,0 ms]
      [Free CSet: 0,0 ms]
   [Eden: 45,0M(45,0M)->0,0B(47,0M) Survivors: 6144,0K->4096,0K Heap: 403,3M(1024,0M)->359,5M(1024,0M)]
 [Times: user=0,02 sys=0,00, real=0,06 secs] 
2016-12-23T20:40:47.765+0100: 80919,588: [GC pause (G1 Evacuation Pause) (young), 0,0441164 secs]
   [Parallel Time: 43,9 ms, GC Workers: 1]
      [GC Worker Start (ms):  80919588,4]
      [Ext Root Scanning (ms):  0,7]
      [Update RS (ms):  3,6]
         [Processed Buffers:  36]
      [Scan RS (ms):  1,4]
      [Code Root Scanning (ms):  0,0]
      [Object Copy (ms):  38,2]
      [Termination (ms):  0,0]
         [Termination Attempts:  1]
      [GC Worker Other (ms):  0,0]
      [GC Worker Total (ms):  43,9]
      [GC Worker End (ms):  80919632,2]
   [Code Root Fixup: 0,0 ms]
   [Code Root Purge: 0,0 ms]
   [Clear CT: 0,0 ms]
   [Other: 0,2 ms]
      [Choose CSet: 0,0 ms]
      [Ref Proc: 0,0 ms]
      [Ref Enq: 0,0 ms]
      [Redirty Cards: 0,0 ms]
      [Humongous Register: 0,0 ms]
      [Humongous Reclaim: 0,0 ms]
      [Free CSet: 0,0 ms]
   [Eden: 47,0M(47,0M)->0,0B(45,0M) Survivors: 4096,0K->6144,0K Heap: 406,5M(1024,0M)->361,5M(1024,0M)]
 [Times: user=0,02 sys=0,00, real=0,04 secs] 
2016-12-23T20:42:24.079+0100: 81015,902: [GC pause (G1 Evacuation Pause) (young), 0,0496139 secs]
   [Parallel Time: 49,4 ms, GC Workers: 1]
      [GC Worker Start (ms):  81015902,3]
      [Ext Root Scanning (ms):  0,7]
      [Update RS (ms):  1,3]
         [Processed Buffers:  37]
      [Scan RS (ms):  1,3]
      [Code Root Scanning (ms):  0,0]
      [Object Copy (ms):  46,1]
      [Termination (ms):  0,0]
         [Termination Attempts:  1]
      [GC Worker Other (ms):  0,0]
      [GC Worker Total (ms):  49,3]
      [GC Worker End (ms):  81015951,6]
   [Code Root Fixup: 0,0 ms]
   [Code Root Purge: 0,0 ms]
   [Clear CT: 0,0 ms]
   [Other: 0,2 ms]
      [Choose CSet: 0,0 ms]
      [Ref Proc: 0,0 ms]
      [Ref Enq: 0,0 ms]
      [Redirty Cards: 0,0 ms]
      [Humongous Register: 0,0 ms]
      [Humongous Reclaim: 0,0 ms]
      [Free CSet: 0,0 ms]
   [Eden: 45,0M(45,0M)->0,0B(45,0M) Survivors: 6144,0K->6144,0K Heap: 406,5M(1024,0M)->364,0M(1024,0M)]
 [Times: user=0,02 sys=0,00, real=0,05 secs] 
2016-12-23T20:43:38.658+0100: 81090,481: [GC pause (G1 Evacuation Pause) (young) (initial-mark), 0,0372250 secs]
   [Parallel Time: 36,9 ms, GC Workers: 1]
      [GC Worker Start (ms):  81090481,0]
      [Ext Root Scanning (ms):  7,8]
      [Update RS (ms):  1,9]
         [Processed Buffers:  37]
      [Scan RS (ms):  1,4]
      [Code Root Scanning (ms):  0,0]
      [Object Copy (ms):  25,8]
      [Termination (ms):  0,0]
         [Termination Attempts:  1]
      [GC Worker Other (ms):  0,0]
      [GC Worker Total (ms):  36,9]
      [GC Worker End (ms):  81090517,9]
   [Code Root Fixup: 0,0 ms]
   [Code Root Purge: 0,0 ms]
   [Clear CT: 0,0 ms]
   [Other: 0,3 ms]
      [Choose CSet: 0,0 ms]
      [Ref Proc: 0,0 ms]
      [Ref Enq: 0,0 ms]
      [Redirty Cards: 0,0 ms]
      [Humongous Register: 0,1 ms]
      [Humongous Reclaim: 0,0 ms]
      [Free CSet: 0,0 ms]
   [Eden: 45,0M(45,0M)->0,0B(46,0M) Survivors: 6144,0K->5120,0K Heap: 409,0M(1024,0M)->365,0M(1024,0M)]
 [Times: user=0,01 sys=0,00, real=0,04 secs] 
2016-12-23T20:43:38.702+0100: 81090,525: [GC concurrent-root-region-scan-start]
2016-12-23T20:43:38.738+0100: 81090,561: [GC concurrent-root-region-scan-end, 0,0366176 secs]
2016-12-23T20:43:38.739+0100: 81090,562: [GC concurrent-mark-start]
2016-12-23T20:43:38.821+0100: 81090,644: [GC concurrent-mark-end, 0,0818752 secs]
2016-12-23T20:43:38.824+0100: 81090,647: [GC remark 2016-12-23T20:43:38.824+0100: 81090,647: [Finalize Marking, 0,0001179 secs] 2016-12-23T20:43:38.824+0100: 81090,647: [GC ref-proc, 0,0007426 secs] 2016-12-23T20:43:38.824+0100: 81090,647: [Unloading, 0,1429202 secs], 0,1464736 secs]
 [Times: user=0,02 sys=0,01, real=0,14 secs] 
2016-12-23T20:43:38.971+0100: 81090,793: [GC cleanup 368M->232M(1024M), 0,0036179 secs]
 [Times: user=0,00 sys=0,00, real=0,01 secs] 
2016-12-23T20:43:38.974+0100: 81090,797: [GC concurrent-cleanup-start]
2016-12-23T20:43:38.974+0100: 81090,797: [GC concurrent-cleanup-end, 0,0001214 secs]
2016-12-23T20:43:44.595+0100: 81096,418: [GC pause (G1 Evacuation Pause) (young), 0,0334355 secs]
   [Parallel Time: 33,2 ms, GC Workers: 1]
      [GC Worker Start (ms):  81096417,7]
      [Ext Root Scanning (ms):  0,7]
      [Update RS (ms):  2,0]
         [Processed Buffers:  37]
      [Scan RS (ms):  4,4]
      [Code Root Scanning (ms):  0,0]
      [Object Copy (ms):  26,1]
      [Termination (ms):  0,0]
         [Termination Attempts:  1]
      [GC Worker Other (ms):  0,0]
      [GC Worker Total (ms):  33,1]
      [GC Worker End (ms):  81096450,9]
   [Code Root Fixup: 0,0 ms]
   [Code Root Purge: 0,0 ms]
   [Clear CT: 0,0 ms]
   [Other: 0,2 ms]
      [Choose CSet: 0,0 ms]
      [Ref Proc: 0,0 ms]
      [Ref Enq: 0,0 ms]
      [Redirty Cards: 0,0 ms]
      [Humongous Register: 0,0 ms]
      [Humongous Reclaim: 0,0 ms]
      [Free CSet: 0,0 ms]
   [Eden: 46,0M(46,0M)->0,0B(48,0M) Survivors: 5120,0K->3072,0K Heap: 275,0M(1024,0M)->230,0M(1024,0M)]
 [Times: user=0,01 sys=0,00, real=0,03 secs] 
2016-12-23T20:45:38.700+0100: 81210,523: [GC pause (G1 Evacuation Pause) (mixed), 0,0303408 secs]
   [Parallel Time: 28,9 ms, GC Workers: 1]
      [GC Worker Start (ms):  81210523,5]
      [Ext Root Scanning (ms):  2,4]
      [Update RS (ms):  10,5]
         [Processed Buffers:  40]
      [Scan RS (ms):  8,5]
      [Code Root Scanning (ms):  0,1]
      [Object Copy (ms):  7,4]
      [Termination (ms):  0,0]
         [Termination Attempts:  1]
      [GC Worker Other (ms):  0,0]
      [GC Worker Total (ms):  28,9]
      [GC Worker End (ms):  81210552,4]
   [Code Root Fixup: 0,1 ms]
   [Code Root Purge: 0,0 ms]
   [Clear CT: 0,0 ms]
   [Other: 1,3 ms]
      [Choose CSet: 0,0 ms]
      [Ref Proc: 0,0 ms]
      [Ref Enq: 0,0 ms]
      [Redirty Cards: 0,0 ms]
      [Humongous Register: 0,0 ms]
      [Humongous Reclaim: 0,0 ms]
      [Free CSet: 1,0 ms]
   [Eden: 48,0M(48,0M)->0,0B(46,0M) Survivors: 3072,0K->5120,0K Heap: 278,0M(1024,0M)->220,0M(1024,0M)]
 [Times: user=0,02 sys=0,00, real=0,03 secs] 
2016-12-23T20:49:05.045+0100: 81416,868: [GC pause (G1 Evacuation Pause) (mixed), 0,0435149 secs]
   [Parallel Time: 43,2 ms, GC Workers: 1]
      [GC Worker Start (ms):  81416868,2]
      [Ext Root Scanning (ms):  1,4]
      [Update RS (ms):  3,9]
         [Processed Buffers:  32]
      [Scan RS (ms):  5,0]
      [Code Root Scanning (ms):  0,0]
      [Object Copy (ms):  32,8]
      [Termination (ms):  0,0]
         [Termination Attempts:  1]
      [GC Worker Other (ms):  0,0]
      [GC Worker Total (ms):  43,1]
      [GC Worker End (ms):  81416911,3]
   [Code Root Fixup: 0,0 ms]
   [Code Root Purge: 0,0 ms]
   [Clear CT: 0,0 ms]
   [Other: 0,3 ms]
      [Choose CSet: 0,0 ms]
      [Ref Proc: 0,0 ms]
      [Ref Enq: 0,0 ms]
      [Redirty Cards: 0,0 ms]
      [Humongous Register: 0,0 ms]
      [Humongous Reclaim: 0,0 ms]
      [Free CSet: 0,0 ms]
   [Eden: 46,0M(46,0M)->0,0B(45,0M) Survivors: 5120,0K->6144,0K Heap: 266,0M(1024,0M)->210,5M(1024,0M)]
 [Times: user=0,03 sys=0,00, real=0,04 secs] 
2016-12-23T20:52:28.051+0100: 81619,874: [GC pause (G1 Evacuation Pause) (mixed), 0,0381747 secs]
   [Parallel Time: 37,7 ms, GC Workers: 1]
      [GC Worker Start (ms):  81619874,1]
      [Ext Root Scanning (ms):  2,3]
      [Update RS (ms):  3,3]
         [Processed Buffers:  31]
      [Scan RS (ms):  1,3]
      [Code Root Scanning (ms):  0,0]
      [Object Copy (ms):  30,8]
      [Termination (ms):  0,0]
         [Termination Attempts:  1]
      [GC Worker Other (ms):  0,0]
      [GC Worker Total (ms):  37,7]
      [GC Worker End (ms):  81619911,8]
   [Code Root Fixup: 0,0 ms]
   [Code Root Purge: 0,0 ms]
   [Clear CT: 0,1 ms]
   [Other: 0,4 ms]
      [Choose CSet: 0,0 ms]
      [Ref Proc: 0,0 ms]
      [Ref Enq: 0,0 ms]
      [Redirty Cards: 0,0 ms]
      [Humongous Register: 0,0 ms]
      [Humongous Reclaim: 0,0 ms]
      [Free CSet: 0,1 ms]
   [Eden: 45,0M(45,0M)->0,0B(45,0M) Survivors: 6144,0K->6144,0K Heap: 255,5M(1024,0M)->201,5M(1024,0M)]
 [Times: user=0,03 sys=0,00, real=0,04 secs] 
2016-12-23T20:55:51.259+0100: 81823,082: [GC pause (G1 Evacuation Pause) (mixed), 0,0388990 secs]
   [Parallel Time: 38,2 ms, GC Workers: 1]
      [GC Worker Start (ms):  81823082,3]
      [Ext Root Scanning (ms):  2,5]
      [Update RS (ms):  2,9]
         [Processed Buffers:  29]
      [Scan RS (ms):  1,1]
      [Code Root Scanning (ms):  0,0]
      [Object Copy (ms):  31,7]
      [Termination (ms):  0,0]
         [Termination Attempts:  1]
      [GC Worker Other (ms):  0,0]
      [GC Worker Total (ms):  38,1]
      [GC Worker End (ms):  81823120,4]
   [Code Root Fixup: 0,0 ms]
   [Code Root Purge: 0,0 ms]
   [Clear CT: 0,0 ms]
   [Other: 0,7 ms]
      [Choose CSet: 0,0 ms]
      [Ref Proc: 0,0 ms]
      [Ref Enq: 0,0 ms]
      [Redirty Cards: 0,0 ms]
      [Humongous Register: 0,0 ms]
      [Humongous Reclaim: 0,0 ms]
      [Free CSet: 0,0 ms]
   [Eden: 45,0M(45,0M)->0,0B(45,0M) Survivors: 6144,0K->6144,0K Heap: 246,5M(1024,0M)->202,0M(1024,0M)]
 [Times: user=0,02 sys=0,00, real=0,04 secs] 
2016-12-23T20:57:51.110+0100: 81942,933: [GC pause (G1 Evacuation Pause) (young), 0,0408377 secs]
   [Parallel Time: 40,5 ms, GC Workers: 1]
      [GC Worker Start (ms):  81942933,1]
      [Ext Root Scanning (ms):  0,7]
      [Update RS (ms):  1,9]
         [Processed Buffers:  38]
      [Scan RS (ms):  0,8]
      [Code Root Scanning (ms):  0,0]
      [Object Copy (ms):  37,0]
      [Termination (ms):  0,0]
         [Termination Attempts:  1]
      [GC Worker Other (ms):  0,0]
      [GC Worker Total (ms):  40,5]
      [GC Worker End (ms):  81942973,7]
   [Code Root Fixup: 0,0 ms]
   [Code Root Purge: 0,0 ms]
   [Clear CT: 0,0 ms]
   [Other: 0,3 ms]
      [Choose CSet: 0,0 ms]
      [Ref Proc: 0,0 ms]
      [Ref Enq: 0,0 ms]
      [Redirty Cards: 0,0 ms]
      [Humongous Register: 0,0 ms]
      [Humongous Reclaim: 0,0 ms]
      [Free CSet: 0,0 ms]
   [Eden: 45,0M(45,0M)->0,0B(46,0M) Survivors: 6144,0K->5120,0K Heap: 247,0M(1024,0M)->203,0M(1024,0M)]
 [Times: user=0,01 sys=0,00, real=0,04 secs] 
2016-12-23T20:57:56.111+0100: 81947,934: [GC pause (G1 Evacuation Pause) (young), 0,0338761 secs]
   [Parallel Time: 33,6 ms, GC Workers: 1]
      [GC Worker Start (ms):  81947934,0]
      [Ext Root Scanning (ms):  0,6]
      [Update RS (ms):  2,0]
         [Processed Buffers:  31]
      [Scan RS (ms):  0,7]
      [Code Root Scanning (ms):  0,0]
      [Object Copy (ms):  25,8]
      [Termination (ms):  0,0]
         [Termination Attempts:  1]
      [GC Worker Other (ms):  0,0]
      [GC Worker Total (ms):  29,1]
      [GC Worker End (ms):  81947963,0]
   [Code Root Fixup: 0,0 ms]
   [Code Root Purge: 0,0 ms]
   [Clear CT: 0,0 ms]
   [Other: 0,2 ms]
      [Choose CSet: 0,0 ms]
      [Ref Proc: 0,0 ms]
      [Ref Enq: 0,0 ms]
      [Redirty Cards: 0,0 ms]
      [Humongous Register: 0,0 ms]
      [Humongous Reclaim: 0,0 ms]
      [Free CSet: 0,0 ms]
   [Eden: 46,0M(46,0M)->0,0B(48,0M) Survivors: 5120,0K->3072,0K Heap: 249,0M(1024,0M)->204,0M(1024,0M)]
 [Times: user=0,01 sys=0,00, real=0,04 secs] 
2016-12-23T20:59:37.238+0100: 82049,061: [GC pause (G1 Evacuation Pause) (young), 0,0102540 secs]
   [Parallel Time: 10,0 ms, GC Workers: 1]
      [GC Worker Start (ms):  82049061,1]
      [Ext Root Scanning (ms):  0,6]
      [Update RS (ms):  2,1]
         [Processed Buffers:  37]
      [Scan RS (ms):  1,0]
      [Code Root Scanning (ms):  0,0]
      [Object Copy (ms):  6,3]
      [Termination (ms):  0,0]
         [Termination Attempts:  1]
      [GC Worker Other (ms):  0,0]
      [GC Worker Total (ms):  10,0]
      [GC Worker End (ms):  82049071,1]
   [Code Root Fixup: 0,0 ms]
   [Code Root Purge: 0,0 ms]
   [Clear CT: 0,0 ms]
   [Other: 0,2 ms]
      [Choose CSet: 0,0 ms]
      [Ref Proc: 0,0 ms]
      [Ref Enq: 0,0 ms]
      [Redirty Cards: 0,0 ms]
      [Humongous Register: 0,0 ms]
      [Humongous Reclaim: 0,0 ms]
      [Free CSet: 0,0 ms]
   [Eden: 48,0M(48,0M)->0,0B(46,0M) Survivors: 3072,0K->5120,0K Heap: 252,0M(1024,0M)->205,5M(1024,0M)]
 [Times: user=0,01 sys=0,00, real=0,01 secs] 
2016-12-23T21:03:03.805+0100: 82255,627: [GC pause (G1 Evacuation Pause) (young), 0,0778701 secs]
   [Parallel Time: 33,3 ms, GC Workers: 1]
      [GC Worker Start (ms):  82255628,0]
      [Ext Root Scanning (ms):  2,1]
      [Update RS (ms):  7,7]
         [Processed Buffers:  31]
      [Scan RS (ms):  3,4]
      [Code Root Scanning (ms):  0,0]
      [Object Copy (ms):  20,0]
      [Termination (ms):  0,0]
         [Termination Attempts:  1]
      [GC Worker Other (ms):  0,0]
      [GC Worker Total (ms):  33,3]
      [GC Worker End (ms):  82255661,3]
   [Code Root Fixup: 0,0 ms]
   [Code Root Purge: 0,0 ms]
   [Clear CT: 0,0 ms]
   [Other: 44,5 ms]
      [Choose CSet: 0,0 ms]
      [Ref Proc: 0,0 ms]
      [Ref Enq: 0,0 ms]
      [Redirty Cards: 0,0 ms]
      [Humongous Register: 0,4 ms]
      [Humongous Reclaim: 0,0 ms]
      [Free CSet: 0,0 ms]
   [Eden: 46,0M(46,0M)->0,0B(46,0M) Survivors: 5120,0K->5120,0K Heap: 251,5M(1024,0M)->208,0M(1024,0M)]
 [Times: user=0,03 sys=0,00, real=0,08 secs] 
2016-12-23T21:04:21.542+0100: 82333,365: [GC pause (G1 Evacuation Pause) (young), 0,0310806 secs]
   [Parallel Time: 30,8 ms, GC Workers: 1]
      [GC Worker Start (ms):  82333365,0]
      [Ext Root Scanning (ms):  0,9]
      [Update RS (ms):  1,6]
         [Processed Buffers:  36]
      [Scan RS (ms):  1,4]
      [Code Root Scanning (ms):  0,0]
      [Object Copy (ms):  22,7]
      [Termination (ms):  0,0]
         [Termination Attempts:  1]
      [GC Worker Other (ms):  0,0]
      [GC Worker Total (ms):  26,6]
      [GC Worker End (ms):  82333391,5]
   [Code Root Fixup: 0,0 ms]
   [Code Root Purge: 0,0 ms]
   [Clear CT: 0,0 ms]
   [Other: 0,2 ms]
      [Choose CSet: 0,0 ms]
      [Ref Proc: 0,0 ms]
      [Ref Enq: 0,0 ms]
      [Redirty Cards: 0,0 ms]
      [Humongous Register: 0,0 ms]
      [Humongous Reclaim: 0,0 ms]
      [Free CSet: 0,0 ms]
   [Eden: 46,0M(46,0M)->0,0B(46,0M) Survivors: 5120,0K->5120,0K Heap: 254,0M(1024,0M)->210,0M(1024,0M)]
 [Times: user=0,02 sys=0,00, real=0,03 secs] 
2016-12-23T21:04:27.448+0100: 82339,271: [GC pause (G1 Evacuation Pause) (young), 0,0276225 secs]
   [Parallel Time: 27,3 ms, GC Workers: 1]
      [GC Worker Start (ms):  82339270,7]
      [Ext Root Scanning (ms):  0,8]
      [Update RS (ms):  2,0]
         [Processed Buffers:  30]
      [Scan RS (ms):  1,4]
      [Code Root Scanning (ms):  0,0]
      [Object Copy (ms):  23,0]
      [Termination (ms):  0,0]
         [Termination Attempts:  1]
      [GC Worker Other (ms):  0,0]
      [GC Worker Total (ms):  27,3]
      [GC Worker End (ms):  82339298,0]
   [Code Root Fixup: 0,0 ms]
   [Code Root Purge: 0,0 ms]
   [Clear CT: 0,0 ms]
   [Other: 0,2 ms]
      [Choose CSet: 0,0 ms]
      [Ref Proc: 0,0 ms]
      [Ref Enq: 0,0 ms]
      [Redirty Cards: 0,0 ms]
      [Humongous Register: 0,0 ms]
      [Humongous Reclaim: 0,0 ms]
      [Free CSet: 0,0 ms]
   [Eden: 46,0M(46,0M)->0,0B(48,0M) Survivors: 5120,0K->3072,0K Heap: 256,0M(1024,0M)->210,5M(1024,0M)]
 [Times: user=0,01 sys=0,00, real=0,03 secs] 
2016-12-23T21:06:54.505+0100: 82486,328: [GC pause (G1 Evacuation Pause) (young), 0,0257402 secs]
   [Parallel Time: 25,4 ms, GC Workers: 1]
      [GC Worker Start (ms):  82486328,4]
      [Ext Root Scanning (ms):  2,4]
      [Update RS (ms):  1,6]
         [Processed Buffers:  33]
      [Scan RS (ms):  1,3]
      [Code Root Scanning (ms):  0,0]
      [Object Copy (ms):  20,1]
      [Termination (ms):  0,0]
         [Termination Attempts:  1]
      [GC Worker Other (ms):  0,0]
      [GC Worker Total (ms):  25,4]
      [GC Worker End (ms):  82486353,8]
   [Code Root Fixup: 0,0 ms]
   [Code Root Purge: 0,0 ms]
   [Clear CT: 0,0 ms]
   [Other: 0,3 ms]
      [Choose CSet: 0,0 ms]
      [Ref Proc: 0,0 ms]
      [Ref Enq: 0,0 ms]
      [Redirty Cards: 0,0 ms]
      [Humongous Register: 0,0 ms]
      [Humongous Reclaim: 0,0 ms]
      [Free CSet: 0,0 ms]
   [Eden: 48,0M(48,0M)->0,0B(46,0M) Survivors: 3072,0K->5120,0K Heap: 258,5M(1024,0M)->212,0M(1024,0M)]
 [Times: user=0,03 sys=0,00, real=0,02 secs] 
2016-12-23T21:10:20.351+0100: 82692,174: [GC pause (G1 Evacuation Pause) (young), 0,0465446 secs]
   [Parallel Time: 45,8 ms, GC Workers: 1]
      [GC Worker Start (ms):  82692174,2]
      [Ext Root Scanning (ms):  2,6]
      [Update RS (ms):  9,7]
         [Processed Buffers:  30]
      [Scan RS (ms):  2,8]
      [Code Root Scanning (ms):  0,0]
      [Object Copy (ms):  30,7]
      [Termination (ms):  0,0]
         [Termination Attempts:  1]
      [GC Worker Other (ms):  0,0]
      [GC Worker Total (ms):  45,8]
      [GC Worker End (ms):  82692220,0]
   [Code Root Fixup: 0,0 ms]
   [Code Root Purge: 0,0 ms]
   [Clear CT: 0,0 ms]
   [Other: 0,7 ms]
      [Choose CSet: 0,0 ms]
      [Ref Proc: 0,0 ms]
      [Ref Enq: 0,0 ms]
      [Redirty Cards: 0,0 ms]
      [Humongous Register: 0,0 ms]
      [Humongous Reclaim: 0,0 ms]
      [Free CSet: 0,0 ms]
   [Eden: 46,0M(46,0M)->0,0B(45,0M) Survivors: 5120,0K->6144,0K Heap: 258,0M(1024,0M)->215,5M(1024,0M)]
 [Times: user=0,02 sys=0,00, real=0,05 secs] 
2016-12-23T21:13:35.711+0100: 82887,534: [GC pause (G1 Evacuation Pause) (young), 0,0383026 secs]
   [Parallel Time: 38,0 ms, GC Workers: 1]
      [GC Worker Start (ms):  82887534,1]
      [Ext Root Scanning (ms):  0,6]
      [Update RS (ms):  1,2]
         [Processed Buffers:  29]
      [Scan RS (ms):  1,3]
      [Code Root Scanning (ms):  0,0]
      [Object Copy (ms):  34,9]
      [Termination (ms):  0,0]
         [Termination Attempts:  1]
      [GC Worker Other (ms):  0,0]
      [GC Worker Total (ms):  38,0]
      [GC Worker End (ms):  82887572,1]
   [Code Root Fixup: 0,0 ms]
   [Code Root Purge: 0,0 ms]
   [Clear CT: 0,1 ms]
   [Other: 0,2 ms]
      [Choose CSet: 0,0 ms]
      [Ref Proc: 0,0 ms]
      [Ref Enq: 0,0 ms]
      [Redirty Cards: 0,0 ms]
      [Humongous Register: 0,0 ms]
      [Humongous Reclaim: 0,0 ms]
      [Free CSet: 0,0 ms]
   [Eden: 45,0M(45,0M)->0,0B(45,0M) Survivors: 6144,0K->6144,0K Heap: 260,5M(1024,0M)->217,5M(1024,0M)]
 [Times: user=0,02 sys=0,00, real=0,04 secs] 
2016-12-23T21:16:58.238+0100: 83090,061: [GC pause (G1 Evacuation Pause) (young), 0,0443003 secs]
   [Parallel Time: 43,9 ms, GC Workers: 1]
      [GC Worker Start (ms):  83090061,1]
      [Ext Root Scanning (ms):  2,1]
      [Update RS (ms):  3,1]
         [Processed Buffers:  30]
      [Scan RS (ms):  0,8]
      [Code Root Scanning (ms):  0,0]
      [Object Copy (ms):  37,9]
      [Termination (ms):  0,0]
         [Termination Attempts:  1]
      [GC Worker Other (ms):  0,0]
      [GC Worker Total (ms):  43,9]
      [GC Worker End (ms):  83090105,0]
   [Code Root Fixup: 0,0 ms]
   [Code Root Purge: 0,0 ms]
   [Clear CT: 0,0 ms]
   [Other: 0,3 ms]
      [Choose CSet: 0,0 ms]
      [Ref Proc: 0,0 ms]
      [Ref Enq: 0,0 ms]
      [Redirty Cards: 0,0 ms]
      [Humongous Register: 0,0 ms]
      [Humongous Reclaim: 0,0 ms]
      [Free CSet: 0,0 ms]
   [Eden: 45,0M(45,0M)->0,0B(47,0M) Survivors: 6144,0K->4096,0K Heap: 262,5M(1024,0M)->218,0M(1024,0M)]
 [Times: user=0,01 sys=0,00, real=0,05 secs] 
2016-12-23T21:20:30.351+0100: 83302,174: [GC pause (G1 Evacuation Pause) (young), 0,0109605 secs]
   [Parallel Time: 10,5 ms, GC Workers: 1]
      [GC Worker Start (ms):  83302174,0]
      [Ext Root Scanning (ms):  2,2]
      [Update RS (ms):  2,5]
         [Processed Buffers:  29]
      [Scan RS (ms):  0,9]
      [Code Root Scanning (ms):  0,0]
      [Object Copy (ms):  4,8]
      [Termination (ms):  0,0]
         [Termination Attempts:  1]
      [GC Worker Other (ms):  0,0]
      [GC Worker Total (ms):  10,5]
      [GC Worker End (ms):  83302184,5]
   [Code Root Fixup: 0,0 ms]
   [Code Root Purge: 0,0 ms]
   [Clear CT: 0,1 ms]
   [Other: 0,3 ms]
      [Choose CSet: 0,0 ms]
      [Ref Proc: 0,0 ms]
      [Ref Enq: 0,0 ms]
      [Redirty Cards: 0,0 ms]
      [Humongous Register: 0,0 ms]
      [Humongous Reclaim: 0,0 ms]
      [Free CSet: 0,0 ms]
   [Eden: 47,0M(47,0M)->0,0B(47,0M) Survivors: 4096,0K->4096,0K Heap: 265,0M(1024,0M)->218,0M(1024,0M)]
 [Times: user=0,01 sys=0,00, real=0,02 secs] 
2016-12-23T21:24:02.192+0100: 83514,015: [GC pause (G1 Evacuation Pause) (young), 0,0069287 secs]
   [Parallel Time: 6,6 ms, GC Workers: 1]
      [GC Worker Start (ms):  83514014,7]
      [Ext Root Scanning (ms):  0,6]
      [Update RS (ms):  0,7]
         [Processed Buffers:  27]
      [Scan RS (ms):  0,5]
      [Code Root Scanning (ms):  0,0]
      [Object Copy (ms):  4,8]
      [Termination (ms):  0,0]
         [Termination Attempts:  1]
      [GC Worker Other (ms):  0,0]
      [GC Worker Total (ms):  6,6]
      [GC Worker End (ms):  83514021,3]
   [Code Root Fixup: 0,0 ms]
   [Code Root Purge: 0,0 ms]
   [Clear CT: 0,0 ms]
   [Other: 0,3 ms]
      [Choose CSet: 0,0 ms]
      [Ref Proc: 0,1 ms]
      [Ref Enq: 0,0 ms]
      [Redirty Cards: 0,0 ms]
      [Humongous Register: 0,0 ms]
      [Humongous Reclaim: 0,0 ms]
      [Free CSet: 0,0 ms]
   [Eden: 47,0M(47,0M)->0,0B(47,0M) Survivors: 4096,0K->4096,0K Heap: 265,0M(1024,0M)->218,0M(1024,0M)]
 [Times: user=0,01 sys=0,00, real=0,01 secs] 
2016-12-23T21:27:35.045+0100: 83726,868: [GC pause (G1 Evacuation Pause) (young), 0,0249918 secs]
   [Parallel Time: 24,5 ms, GC Workers: 1]
      [GC Worker Start (ms):  83726868,5]
      [Ext Root Scanning (ms):  2,1]
      [Update RS (ms):  3,4]
         [Processed Buffers:  30]
      [Scan RS (ms):  1,6]
      [Code Root Scanning (ms):  0,0]
      [Object Copy (ms):  17,3]
      [Termination (ms):  0,0]
         [Termination Attempts:  1]
      [GC Worker Other (ms):  0,0]
      [GC Worker Total (ms):  24,5]
      [GC Worker End (ms):  83726893,0]
   [Code Root Fixup: 0,0 ms]
   [Code Root Purge: 0,0 ms]
   [Clear CT: 0,0 ms]
   [Other: 0,4 ms]
      [Choose CSet: 0,0 ms]
      [Ref Proc: 0,0 ms]
      [Ref Enq: 0,0 ms]
      [Redirty Cards: 0,0 ms]
      [Humongous Register: 0,0 ms]
      [Humongous Reclaim: 0,0 ms]
      [Free CSet: 0,1 ms]
   [Eden: 47,0M(47,0M)->0,0B(47,0M) Survivors: 4096,0K->4096,0K Heap: 265,0M(1024,0M)->218,0M(1024,0M)]
 [Times: user=0,03 sys=0,00, real=0,02 secs] 
