OpenJDK 64-Bit Server VM (25.111-b14) for linux-amd64 JRE (1.8.0_111-8u111-b14-2ubuntu0.16.10.2-b14), built on Oct 27 2016 14:16:18 by "buildd" with gcc 6.2.0 20161005
Memory: 4k page, physical 4046308k(2848924k free), swap 4193276k(4193276k free)
CommandLine flags: -XX:+DisableExplicitGC -XX:InitialHeapSize=536870912 -XX:InitiatingHeapOccupancyPercent=35 -XX:+ManagementServer -XX:MaxGCPauseMillis=20 -XX:MaxHeapSize=536870912 -XX:+PrintGC -XX:+PrintGCDateStamps -XX:+PrintGCDetails -XX:+PrintGCTimeStamps -XX:+UseCompressedClassPointers -XX:+UseCompressedOops -XX:+UseG1GC 
2016-12-19T13:48:13.310+0100: 1374,729: [GC pause (G1 Evacuation Pause) (young), 0,0191315 secs]
   [Parallel Time: 17,2 ms, GC Workers: 1]
      [GC Worker Start (ms):  1374729,5]
      [Ext Root Scanning (ms):  5,1]
      [Update RS (ms):  0,0]
         [Processed Buffers:  0]
      [Scan RS (ms):  0,0]
      [Code Root Scanning (ms):  3,2]
      [Object Copy (ms):  8,8]
      [Termination (ms):  0,0]
         [Termination Attempts:  1]
      [GC Worker Other (ms):  0,0]
      [GC Worker Total (ms):  17,1]
      [GC Worker End (ms):  1374746,6]
   [Code Root Fixup: 0,2 ms]
   [Code Root Purge: 0,0 ms]
   [Clear CT: 0,0 ms]
   [Other: 1,7 ms]
      [Choose CSet: 0,0 ms]
      [Ref Proc: 0,9 ms]
      [Ref Enq: 0,0 ms]
      [Redirty Cards: 0,0 ms]
      [Humongous Register: 0,5 ms]
      [Humongous Reclaim: 0,0 ms]
      [Free CSet: 0,1 ms]
   [Eden: 25,0M(25,0M)->0,0B(21,0M) Survivors: 0,0B->4096,0K Heap: 25,0M(512,0M)->3553,8K(512,0M)]
 [Times: user=0,01 sys=0,01, real=0,02 secs] 
2016-12-19T15:40:43.112+0100: 8124,530: [GC pause (G1 Evacuation Pause) (young), 0,0069182 secs]
   [Parallel Time: 5,8 ms, GC Workers: 1]
      [GC Worker Start (ms):  8124530,3]
      [Ext Root Scanning (ms):  1,2]
      [Update RS (ms):  0,0]
         [Processed Buffers:  0]
      [Scan RS (ms):  0,0]
      [Code Root Scanning (ms):  0,5]
      [Object Copy (ms):  4,0]
      [Termination (ms):  0,0]
         [Termination Attempts:  1]
      [GC Worker Other (ms):  0,0]
      [GC Worker Total (ms):  5,8]
      [GC Worker End (ms):  8124536,1]
   [Code Root Fixup: 0,1 ms]
   [Code Root Purge: 0,0 ms]
   [Clear CT: 0,0 ms]
   [Other: 1,0 ms]
      [Choose CSet: 0,0 ms]
      [Ref Proc: 0,1 ms]
      [Ref Enq: 0,0 ms]
      [Redirty Cards: 0,0 ms]
      [Humongous Register: 0,0 ms]
      [Humongous Reclaim: 0,0 ms]
      [Free CSet: 0,9 ms]
   [Eden: 21,0M(21,0M)->0,0B(24,0M) Survivors: 4096,0K->1024,0K Heap: 24,5M(512,0M)->3231,0K(512,0M)]
 [Times: user=0,00 sys=0,00, real=0,00 secs] 
2016-12-19T17:55:32.973+0100: 16214,391: [GC pause (G1 Evacuation Pause) (young), 0,0016958 secs]
   [Parallel Time: 1,5 ms, GC Workers: 1]
      [GC Worker Start (ms):  16214391,4]
      [Ext Root Scanning (ms):  0,8]
      [Update RS (ms):  0,2]
         [Processed Buffers:  7]
      [Scan RS (ms):  0,1]
      [Code Root Scanning (ms):  0,0]
      [Object Copy (ms):  0,3]
      [Termination (ms):  0,0]
         [Termination Attempts:  1]
      [GC Worker Other (ms):  0,0]
      [GC Worker Total (ms):  1,4]
      [GC Worker End (ms):  16214392,9]
   [Code Root Fixup: 0,0 ms]
   [Code Root Purge: 0,0 ms]
   [Clear CT: 0,0 ms]
   [Other: 0,2 ms]
      [Choose CSet: 0,0 ms]
      [Ref Proc: 0,0 ms]
      [Ref Enq: 0,0 ms]
      [Redirty Cards: 0,0 ms]
      [Humongous Register: 0,0 ms]
      [Humongous Reclaim: 0,0 ms]
      [Free CSet: 0,0 ms]
   [Eden: 24,0M(24,0M)->0,0B(24,0M) Survivors: 1024,0K->1024,0K Heap: 27,2M(512,0M)->2719,0K(512,0M)]
 [Times: user=0,00 sys=0,00, real=0,00 secs] 
2016-12-21T14:54:34.971+0100: 23321,014: [GC pause (G1 Evacuation Pause) (young), 0,0008594 secs]
   [Parallel Time: 0,7 ms, GC Workers: 1]
      [GC Worker Start (ms):  23321014,3]
      [Ext Root Scanning (ms):  0,3]
      [Update RS (ms):  0,1]
         [Processed Buffers:  6]
      [Scan RS (ms):  0,0]
      [Code Root Scanning (ms):  0,1]
      [Object Copy (ms):  0,2]
      [Termination (ms):  0,0]
         [Termination Attempts:  1]
      [GC Worker Other (ms):  0,0]
      [GC Worker Total (ms):  0,7]
      [GC Worker End (ms):  23321015,1]
   [Code Root Fixup: 0,0 ms]
   [Code Root Purge: 0,0 ms]
   [Clear CT: 0,0 ms]
   [Other: 0,1 ms]
      [Choose CSet: 0,0 ms]
      [Ref Proc: 0,0 ms]
      [Ref Enq: 0,0 ms]
      [Redirty Cards: 0,0 ms]
      [Humongous Register: 0,0 ms]
      [Humongous Reclaim: 0,0 ms]
      [Free CSet: 0,0 ms]
   [Eden: 24,0M(24,0M)->0,0B(24,0M) Survivors: 1024,0K->1024,0K Heap: 26,7M(512,0M)->2636,4K(512,0M)]
 [Times: user=0,00 sys=0,00, real=0,00 secs] 
2016-12-21T17:09:11.095+0100: 31397,139: [GC pause (G1 Evacuation Pause) (young), 0,0353599 secs]
   [Parallel Time: 32,6 ms, GC Workers: 1]
      [GC Worker Start (ms):  31397141,9]
      [Ext Root Scanning (ms):  29,7]
      [Update RS (ms):  0,1]
         [Processed Buffers:  6]
      [Scan RS (ms):  0,0]
      [Code Root Scanning (ms):  0,3]
      [Object Copy (ms):  0,2]
      [Termination (ms):  0,0]
         [Termination Attempts:  1]
      [GC Worker Other (ms):  0,9]
      [GC Worker Total (ms):  31,2]
      [GC Worker End (ms):  31397173,1]
   [Code Root Fixup: 0,0 ms]
   [Code Root Purge: 0,0 ms]
   [Clear CT: 0,0 ms]
   [Other: 2,7 ms]
      [Choose CSet: 0,0 ms]
      [Ref Proc: 0,2 ms]
      [Ref Enq: 0,0 ms]
      [Redirty Cards: 0,0 ms]
      [Humongous Register: 0,0 ms]
      [Humongous Reclaim: 0,0 ms]
      [Free CSet: 0,5 ms]
   [Eden: 24,0M(24,0M)->0,0B(24,0M) Survivors: 1024,0K->1024,0K Heap: 26,6M(512,0M)->2397,6K(512,0M)]
 [Times: user=0,00 sys=0,00, real=0,03 secs] 
2016-12-22T00:07:29.438+0100: 38830,998: [GC pause (G1 Evacuation Pause) (young), 0,0019478 secs]
   [Parallel Time: 1,7 ms, GC Workers: 1]
      [GC Worker Start (ms):  38830998,2]
      [Ext Root Scanning (ms):  0,7]
      [Update RS (ms):  0,2]
         [Processed Buffers:  6]
      [Scan RS (ms):  0,0]
      [Code Root Scanning (ms):  0,2]
      [Object Copy (ms):  0,6]
      [Termination (ms):  0,0]
         [Termination Attempts:  1]
      [GC Worker Other (ms):  0,0]
      [GC Worker Total (ms):  1,7]
      [GC Worker End (ms):  38830999,9]
   [Code Root Fixup: 0,1 ms]
   [Code Root Purge: 0,0 ms]
   [Clear CT: 0,0 ms]
   [Other: 0,2 ms]
      [Choose CSet: 0,0 ms]
      [Ref Proc: 0,0 ms]
      [Ref Enq: 0,0 ms]
      [Redirty Cards: 0,0 ms]
      [Humongous Register: 0,0 ms]
      [Humongous Reclaim: 0,0 ms]
      [Free CSet: 0,0 ms]
   [Eden: 24,0M(24,0M)->0,0B(24,0M) Survivors: 1024,0K->1024,0K Heap: 26,3M(512,0M)->2510,9K(512,0M)]
 [Times: user=0,00 sys=0,00, real=0,00 secs] 
2016-12-22T15:07:41.678+0100: 46285,430: [GC pause (G1 Evacuation Pause) (young), 0,0089856 secs]
   [Parallel Time: 8,5 ms, GC Workers: 1]
      [GC Worker Start (ms):  46285429,8]
      [Ext Root Scanning (ms):  3,1]
      [Update RS (ms):  0,3]
         [Processed Buffers:  6]
      [Scan RS (ms):  0,0]
      [Code Root Scanning (ms):  3,1]
      [Object Copy (ms):  1,2]
      [Termination (ms):  0,0]
         [Termination Attempts:  1]
      [GC Worker Other (ms):  0,7]
      [GC Worker Total (ms):  8,4]
      [GC Worker End (ms):  46285438,2]
   [Code Root Fixup: 0,1 ms]
   [Code Root Purge: 0,0 ms]
   [Clear CT: 0,0 ms]
   [Other: 0,4 ms]
      [Choose CSet: 0,0 ms]
      [Ref Proc: 0,0 ms]
      [Ref Enq: 0,0 ms]
      [Redirty Cards: 0,0 ms]
      [Humongous Register: 0,0 ms]
      [Humongous Reclaim: 0,0 ms]
      [Free CSet: 0,0 ms]
   [Eden: 24,0M(24,0M)->0,0B(24,0M) Survivors: 1024,0K->1024,0K Heap: 26,5M(512,0M)->2654,1K(512,0M)]
 [Times: user=0,00 sys=0,00, real=0,01 secs] 
2016-12-22T17:23:11.292+0100: 54415,044: [GC pause (G1 Evacuation Pause) (young), 0,0017679 secs]
   [Parallel Time: 1,6 ms, GC Workers: 1]
      [GC Worker Start (ms):  54415043,5]
      [Ext Root Scanning (ms):  0,4]
      [Update RS (ms):  0,1]
         [Processed Buffers:  5]
      [Scan RS (ms):  0,0]
      [Code Root Scanning (ms):  0,8]
      [Object Copy (ms):  0,3]
      [Termination (ms):  0,0]
         [Termination Attempts:  1]
      [GC Worker Other (ms):  0,0]
      [GC Worker Total (ms):  1,6]
      [GC Worker End (ms):  54415045,1]
   [Code Root Fixup: 0,1 ms]
   [Code Root Purge: 0,0 ms]
   [Clear CT: 0,0 ms]
   [Other: 0,1 ms]
      [Choose CSet: 0,0 ms]
      [Ref Proc: 0,0 ms]
      [Ref Enq: 0,0 ms]
      [Redirty Cards: 0,0 ms]
      [Humongous Register: 0,0 ms]
      [Humongous Reclaim: 0,0 ms]
      [Free CSet: 0,0 ms]
   [Eden: 24,0M(24,0M)->0,0B(24,0M) Survivors: 1024,0K->1024,0K Heap: 26,6M(512,0M)->2788,7K(512,0M)]
 [Times: user=0,00 sys=0,00, real=0,01 secs] 
2016-12-22T22:45:32.636+0100: 62247,687: [GC pause (G1 Evacuation Pause) (young), 0,0011049 secs]
   [Parallel Time: 1,0 ms, GC Workers: 1]
      [GC Worker Start (ms):  62247687,0]
      [Ext Root Scanning (ms):  0,4]
      [Update RS (ms):  0,1]
         [Processed Buffers:  5]
      [Scan RS (ms):  0,0]
      [Code Root Scanning (ms):  0,1]
      [Object Copy (ms):  0,3]
      [Termination (ms):  0,0]
         [Termination Attempts:  1]
      [GC Worker Other (ms):  0,0]
      [GC Worker Total (ms):  1,0]
      [GC Worker End (ms):  62247687,9]
   [Code Root Fixup: 0,0 ms]
   [Code Root Purge: 0,0 ms]
   [Clear CT: 0,0 ms]
   [Other: 0,1 ms]
      [Choose CSet: 0,0 ms]
      [Ref Proc: 0,0 ms]
      [Ref Enq: 0,0 ms]
      [Redirty Cards: 0,0 ms]
      [Humongous Register: 0,0 ms]
      [Humongous Reclaim: 0,0 ms]
      [Free CSet: 0,0 ms]
   [Eden: 24,0M(24,0M)->0,0B(32,0M) Survivors: 1024,0K->1024,0K Heap: 26,7M(512,0M)->2596,5K(512,0M)]
 [Times: user=0,00 sys=0,00, real=0,00 secs] 
2016-12-23T18:13:48.656+0100: 72109,241: [GC pause (G1 Evacuation Pause) (young), 0,0692276 secs]
   [Parallel Time: 60,1 ms, GC Workers: 1]
      [GC Worker Start (ms):  72109242,6]
      [Ext Root Scanning (ms):  42,1]
      [Update RS (ms):  2,7]
         [Processed Buffers:  5]
      [Scan RS (ms):  0,0]
      [Code Root Scanning (ms):  13,4]
      [Object Copy (ms):  0,6]
      [Termination (ms):  0,0]
         [Termination Attempts:  1]
      [GC Worker Other (ms):  0,6]
      [GC Worker Total (ms):  59,5]
      [GC Worker End (ms):  72109302,1]
   [Code Root Fixup: 0,1 ms]
   [Code Root Purge: 0,0 ms]
   [Clear CT: 1,2 ms]
   [Other: 7,9 ms]
      [Choose CSet: 0,0 ms]
      [Ref Proc: 0,7 ms]
      [Ref Enq: 0,0 ms]
      [Redirty Cards: 0,0 ms]
      [Humongous Register: 0,0 ms]
      [Humongous Reclaim: 0,0 ms]
      [Free CSet: 5,8 ms]
   [Eden: 32,0M(32,0M)->0,0B(24,0M) Survivors: 1024,0K->1024,0K Heap: 34,5M(512,0M)->2837,3K(512,0M)]
 [Times: user=0,01 sys=0,00, real=0,07 secs] 
2016-12-23T20:34:00.804+0100: 80521,390: [GC pause (G1 Evacuation Pause) (young), 0,0069443 secs]
   [Parallel Time: 6,7 ms, GC Workers: 1]
      [GC Worker Start (ms):  80521390,0]
      [Ext Root Scanning (ms):  3,5]
      [Update RS (ms):  0,4]
         [Processed Buffers:  3]
      [Scan RS (ms):  0,0]
      [Code Root Scanning (ms):  2,0]
      [Object Copy (ms):  0,8]
      [Termination (ms):  0,0]
         [Termination Attempts:  1]
      [GC Worker Other (ms):  0,0]
      [GC Worker Total (ms):  6,6]
      [GC Worker End (ms):  80521396,6]
   [Code Root Fixup: 0,0 ms]
   [Code Root Purge: 0,0 ms]
   [Clear CT: 0,0 ms]
   [Other: 0,2 ms]
      [Choose CSet: 0,0 ms]
      [Ref Proc: 0,0 ms]
      [Ref Enq: 0,0 ms]
      [Redirty Cards: 0,0 ms]
      [Humongous Register: 0,0 ms]
      [Humongous Reclaim: 0,0 ms]
      [Free CSet: 0,0 ms]
   [Eden: 24,0M(24,0M)->0,0B(24,0M) Survivors: 1024,0K->1024,0K Heap: 26,8M(512,0M)->3122,0K(512,0M)]
 [Times: user=0,00 sys=0,01, real=0,01 secs] 
2016-12-24T13:32:20.394+0100: 88497,806: [GC pause (G1 Evacuation Pause) (young), 0,0018003 secs]
   [Parallel Time: 1,6 ms, GC Workers: 1]
      [GC Worker Start (ms):  88497805,8]
      [Ext Root Scanning (ms):  0,4]
      [Update RS (ms):  0,1]
         [Processed Buffers:  5]
      [Scan RS (ms):  0,0]
      [Code Root Scanning (ms):  0,1]
      [Object Copy (ms):  1,0]
      [Termination (ms):  0,0]
         [Termination Attempts:  1]
      [GC Worker Other (ms):  0,0]
      [GC Worker Total (ms):  1,6]
      [GC Worker End (ms):  88497807,4]
   [Code Root Fixup: 0,0 ms]
   [Code Root Purge: 0,0 ms]
   [Clear CT: 0,0 ms]
   [Other: 0,1 ms]
      [Choose CSet: 0,0 ms]
      [Ref Proc: 0,0 ms]
      [Ref Enq: 0,0 ms]
      [Redirty Cards: 0,0 ms]
      [Humongous Register: 0,0 ms]
      [Humongous Reclaim: 0,0 ms]
      [Free CSet: 0,0 ms]
   [Eden: 24,0M(24,0M)->0,0B(24,0M) Survivors: 1024,0K->1024,0K Heap: 27,0M(512,0M)->2814,0K(512,0M)]
 [Times: user=0,00 sys=0,01, real=0,01 secs] 
