OpenJDK 64-Bit Server VM (25.111-b14) for linux-amd64 JRE (1.8.0_111-8u111-b14-2ubuntu0.16.10.2-b14), built on Oct 27 2016 14:16:18 by "buildd" with gcc 6.2.0 20161005
Memory: 4k page, physical 4046308k(1101856k free), swap 4193276k(3813740k free)
CommandLine flags: -XX:+DisableExplicitGC -XX:InitialHeapSize=1073741824 -XX:InitiatingHeapOccupancyPercent=35 -XX:+ManagementServer -XX:MaxGCPauseMillis=20 -XX:MaxHeapSize=1073741824 -XX:+PrintGC -XX:+PrintGCDateStamps -XX:+PrintGCDetails -XX:+PrintGCTimeStamps -XX:+UseCompressedClassPointers -XX:+UseCompressedOops -XX:+UseG1GC 
2016-12-31T13:17:10.577+0100: 1,173: [GC pause (G1 Evacuation Pause) (young), 0,0192238 secs]
   [Parallel Time: 13,4 ms, GC Workers: 1]
      [GC Worker Start (ms):  1172,8]
      [Ext Root Scanning (ms):  4,1]
      [Update RS (ms):  0,0]
         [Processed Buffers:  0]
      [Scan RS (ms):  0,0]
      [Code Root Scanning (ms):  0,4]
      [Object Copy (ms):  8,9]
      [Termination (ms):  0,0]
         [Termination Attempts:  1]
      [GC Worker Other (ms):  0,0]
      [GC Worker Total (ms):  13,4]
      [GC Worker End (ms):  1186,2]
   [Code Root Fixup: 0,1 ms]
   [Code Root Purge: 0,0 ms]
   [Clear CT: 0,0 ms]
   [Other: 5,7 ms]
      [Choose CSet: 0,0 ms]
      [Ref Proc: 5,5 ms]
      [Ref Enq: 0,0 ms]
      [Redirty Cards: 0,0 ms]
      [Humongous Register: 0,0 ms]
      [Humongous Reclaim: 0,0 ms]
      [Free CSet: 0,0 ms]
   [Eden: 51,0M(51,0M)->0,0B(44,0M) Survivors: 0,0B->7168,0K Heap: 179,0M(1024,0M)->136,9M(1024,0M)]
 [Times: user=0,01 sys=0,00, real=0,02 secs] 
2016-12-31T13:17:11.044+0100: 1,639: [GC pause (G1 Evacuation Pause) (young), 0,0077647 secs]
   [Parallel Time: 7,1 ms, GC Workers: 1]
      [GC Worker Start (ms):  1639,2]
      [Ext Root Scanning (ms):  1,4]
      [Update RS (ms):  0,0]
         [Processed Buffers:  1]
      [Scan RS (ms):  0,1]
      [Code Root Scanning (ms):  0,5]
      [Object Copy (ms):  5,0]
      [Termination (ms):  0,0]
         [Termination Attempts:  1]
      [GC Worker Other (ms):  0,0]
      [GC Worker Total (ms):  7,1]
      [GC Worker End (ms):  1646,3]
   [Code Root Fixup: 0,2 ms]
   [Code Root Purge: 0,0 ms]
   [Clear CT: 0,0 ms]
   [Other: 0,4 ms]
      [Choose CSet: 0,0 ms]
      [Ref Proc: 0,2 ms]
      [Ref Enq: 0,0 ms]
      [Redirty Cards: 0,0 ms]
      [Humongous Register: 0,0 ms]
      [Humongous Reclaim: 0,0 ms]
      [Free CSet: 0,0 ms]
   [Eden: 44,0M(44,0M)->0,0B(45,0M) Survivors: 7168,0K->6144,0K Heap: 180,9M(1024,0M)->135,4M(1024,0M)]
 [Times: user=0,01 sys=0,00, real=0,01 secs] 
2016-12-31T13:17:11.312+0100: 1,907: [GC pause (G1 Evacuation Pause) (young), 0,0062037 secs]
   [Parallel Time: 5,7 ms, GC Workers: 1]
      [GC Worker Start (ms):  1907,3]
      [Ext Root Scanning (ms):  1,1]
      [Update RS (ms):  0,0]
         [Processed Buffers:  1]
      [Scan RS (ms):  0,1]
      [Code Root Scanning (ms):  0,7]
      [Object Copy (ms):  3,7]
      [Termination (ms):  0,0]
         [Termination Attempts:  1]
      [GC Worker Other (ms):  0,0]
      [GC Worker Total (ms):  5,7]
      [GC Worker End (ms):  1912,9]
   [Code Root Fixup: 0,2 ms]
   [Code Root Purge: 0,0 ms]
   [Clear CT: 0,0 ms]
   [Other: 0,3 ms]
      [Choose CSet: 0,0 ms]
      [Ref Proc: 0,1 ms]
      [Ref Enq: 0,0 ms]
      [Redirty Cards: 0,0 ms]
      [Humongous Register: 0,0 ms]
      [Humongous Reclaim: 0,0 ms]
      [Free CSet: 0,1 ms]
   [Eden: 45,0M(45,0M)->0,0B(47,0M) Survivors: 6144,0K->4096,0K Heap: 180,4M(1024,0M)->133,9M(1024,0M)]
 [Times: user=0,01 sys=0,00, real=0,00 secs] 
2016-12-31T13:17:11.477+0100: 2,072: [GC pause (G1 Evacuation Pause) (young), 0,0093326 secs]
   [Parallel Time: 8,7 ms, GC Workers: 1]
      [GC Worker Start (ms):  2071,9]
      [Ext Root Scanning (ms):  2,0]
      [Update RS (ms):  0,0]
         [Processed Buffers:  1]
      [Scan RS (ms):  0,2]
      [Code Root Scanning (ms):  0,7]
      [Object Copy (ms):  5,1]
      [Termination (ms):  0,0]
         [Termination Attempts:  1]
      [GC Worker Other (ms):  0,0]
      [GC Worker Total (ms):  7,9]
      [GC Worker End (ms):  2079,9]
   [Code Root Fixup: 0,2 ms]
   [Code Root Purge: 0,0 ms]
   [Clear CT: 0,0 ms]
   [Other: 0,3 ms]
      [Choose CSet: 0,0 ms]
      [Ref Proc: 0,1 ms]
      [Ref Enq: 0,0 ms]
      [Redirty Cards: 0,0 ms]
      [Humongous Register: 0,0 ms]
      [Humongous Reclaim: 0,0 ms]
      [Free CSet: 0,1 ms]
   [Eden: 47,0M(47,0M)->0,0B(47,0M) Survivors: 4096,0K->4096,0K Heap: 180,9M(1024,0M)->133,4M(1024,0M)]
 [Times: user=0,01 sys=0,00, real=0,01 secs] 
2016-12-31T13:17:12.115+0100: 2,710: [GC pause (Metadata GC Threshold) (young) (initial-mark), 0,0158679 secs]
   [Parallel Time: 15,0 ms, GC Workers: 1]
      [GC Worker Start (ms):  2710,5]
      [Ext Root Scanning (ms):  3,5]
      [Update RS (ms):  0,0]
         [Processed Buffers:  1]
      [Scan RS (ms):  0,1]
      [Code Root Scanning (ms):  3,8]
      [Object Copy (ms):  7,5]
      [Termination (ms):  0,0]
         [Termination Attempts:  1]
      [GC Worker Other (ms):  0,0]
      [GC Worker Total (ms):  15,0]
      [GC Worker End (ms):  2725,5]
   [Code Root Fixup: 0,3 ms]
   [Code Root Purge: 0,0 ms]
   [Clear CT: 0,0 ms]
   [Other: 0,5 ms]
      [Choose CSet: 0,0 ms]
      [Ref Proc: 0,3 ms]
      [Ref Enq: 0,0 ms]
      [Redirty Cards: 0,0 ms]
      [Humongous Register: 0,0 ms]
      [Humongous Reclaim: 0,0 ms]
      [Free CSet: 0,0 ms]
   [Eden: 40,0M(47,0M)->0,0B(45,0M) Survivors: 4096,0K->6144,0K Heap: 173,4M(1024,0M)->135,9M(1024,0M)]
 [Times: user=0,01 sys=0,00, real=0,02 secs] 
2016-12-31T13:17:12.131+0100: 2,726: [GC concurrent-root-region-scan-start]
2016-12-31T13:17:12.154+0100: 2,749: [GC concurrent-root-region-scan-end, 0,0229725 secs]
2016-12-31T13:17:12.154+0100: 2,749: [GC concurrent-mark-start]
2016-12-31T13:17:12.154+0100: 2,750: [GC concurrent-mark-end, 0,0002414 secs]
2016-12-31T13:17:12.156+0100: 2,751: [GC remark 2016-12-31T13:17:12.156+0100: 2,751: [Finalize Marking, 0,0000467 secs] 2016-12-31T13:17:12.156+0100: 2,751: [GC ref-proc, 0,0000216 secs] 2016-12-31T13:17:12.156+0100: 2,751: [Unloading, 0,0043182 secs], 0,0053009 secs]
 [Times: user=0,01 sys=0,00, real=0,00 secs] 
2016-12-31T13:17:12.166+0100: 2,761: [GC cleanup 137M->135M(1024M), 0,0017192 secs]
 [Times: user=0,00 sys=0,00, real=0,00 secs] 
2016-12-31T13:17:12.168+0100: 2,763: [GC concurrent-cleanup-start]
2016-12-31T13:17:12.168+0100: 2,763: [GC concurrent-cleanup-end, 0,0000054 secs]
2016-12-31T13:17:12.753+0100: 3,349: [GC pause (G1 Evacuation Pause) (young), 0,0231292 secs]
   [Parallel Time: 22,4 ms, GC Workers: 1]
      [GC Worker Start (ms):  3348,7]
      [Ext Root Scanning (ms):  5,8]
      [Update RS (ms):  0,0]
         [Processed Buffers:  1]
      [Scan RS (ms):  0,0]
      [Code Root Scanning (ms):  3,0]
      [Object Copy (ms):  13,7]
      [Termination (ms):  0,0]
         [Termination Attempts:  1]
      [GC Worker Other (ms):  0,0]
      [GC Worker Total (ms):  22,4]
      [GC Worker End (ms):  3371,1]
   [Code Root Fixup: 0,3 ms]
   [Code Root Purge: 0,0 ms]
   [Clear CT: 0,0 ms]
   [Other: 0,4 ms]
      [Choose CSet: 0,0 ms]
      [Ref Proc: 0,2 ms]
      [Ref Enq: 0,0 ms]
      [Redirty Cards: 0,0 ms]
      [Humongous Register: 0,0 ms]
      [Humongous Reclaim: 0,0 ms]
      [Free CSet: 0,1 ms]
   [Eden: 45,0M(45,0M)->0,0B(48,0M) Survivors: 6144,0K->3072,0K Heap: 179,0M(1024,0M)->133,4M(1024,0M)]
 [Times: user=0,01 sys=0,00, real=0,02 secs] 
2016-12-31T13:17:13.256+0100: 3,851: [GC pause (G1 Evacuation Pause) (young), 0,0057708 secs]
   [Parallel Time: 5,5 ms, GC Workers: 1]
      [GC Worker Start (ms):  3851,2]
      [Ext Root Scanning (ms):  0,8]
      [Update RS (ms):  0,1]
         [Processed Buffers:  11]
      [Scan RS (ms):  0,3]
      [Code Root Scanning (ms):  0,1]
      [Object Copy (ms):  4,2]
      [Termination (ms):  0,0]
         [Termination Attempts:  1]
      [GC Worker Other (ms):  0,0]
      [GC Worker Total (ms):  5,5]
      [GC Worker End (ms):  3856,7]
   [Code Root Fixup: 0,0 ms]
   [Code Root Purge: 0,0 ms]
   [Clear CT: 0,0 ms]
   [Other: 0,2 ms]
      [Choose CSet: 0,0 ms]
      [Ref Proc: 0,0 ms]
      [Ref Enq: 0,0 ms]
      [Redirty Cards: 0,0 ms]
      [Humongous Register: 0,0 ms]
      [Humongous Reclaim: 0,0 ms]
      [Free CSet: 0,0 ms]
   [Eden: 48,0M(48,0M)->0,0B(49,0M) Survivors: 3072,0K->2048,0K Heap: 181,4M(1024,0M)->132,9M(1024,0M)]
 [Times: user=0,00 sys=0,00, real=0,00 secs] 
2016-12-31T13:17:13.845+0100: 4,440: [GC pause (G1 Humongous Allocation) (young) (initial-mark), 0,0075896 secs]
   [Parallel Time: 7,1 ms, GC Workers: 1]
      [GC Worker Start (ms):  4440,4]
      [Ext Root Scanning (ms):  0,9]
      [Update RS (ms):  0,2]
         [Processed Buffers:  10]
      [Scan RS (ms):  0,0]
      [Code Root Scanning (ms):  3,7]
      [Object Copy (ms):  2,3]
      [Termination (ms):  0,0]
         [Termination Attempts:  1]
      [GC Worker Other (ms):  0,0]
      [GC Worker Total (ms):  7,1]
      [GC Worker End (ms):  4447,5]
   [Code Root Fixup: 0,1 ms]
   [Code Root Purge: 0,0 ms]
   [Clear CT: 0,0 ms]
   [Other: 0,4 ms]
      [Choose CSet: 0,0 ms]
      [Ref Proc: 0,1 ms]
      [Ref Enq: 0,0 ms]
      [Redirty Cards: 0,0 ms]
      [Humongous Register: 0,0 ms]
      [Humongous Reclaim: 0,1 ms]
      [Free CSet: 0,0 ms]
   [Eden: 31,0M(49,0M)->0,0B(48,0M) Survivors: 2048,0K->3072,0K Heap: 348,9M(1024,0M)->133,4M(1024,0M)]
 [Times: user=0,01 sys=0,00, real=0,01 secs] 
2016-12-31T13:17:13.853+0100: 4,448: [GC concurrent-root-region-scan-start]
2016-12-31T13:17:13.856+0100: 4,452: [GC concurrent-root-region-scan-end, 0,0035766 secs]
2016-12-31T13:17:13.856+0100: 4,452: [GC concurrent-mark-start]
2016-12-31T13:17:13.875+0100: 4,470: [GC concurrent-mark-end, 0,0185877 secs]
2016-12-31T13:17:13.875+0100: 4,470: [GC remark 2016-12-31T13:17:13.875+0100: 4,470: [Finalize Marking, 0,0000421 secs] 2016-12-31T13:17:13.875+0100: 4,470: [GC ref-proc, 0,0000434 secs] 2016-12-31T13:17:13.875+0100: 4,470: [Unloading, 0,0146594 secs], 0,0157575 secs]
 [Times: user=0,01 sys=0,00, real=0,02 secs] 
2016-12-31T13:17:13.895+0100: 4,491: [GC cleanup 163M->163M(1024M), 0,0009952 secs]
 [Times: user=0,00 sys=0,00, real=0,00 secs] 
2016-12-31T13:17:45.028+0100: 35,623: [GC pause (G1 Evacuation Pause) (young), 0,0127113 secs]
   [Parallel Time: 12,1 ms, GC Workers: 1]
      [GC Worker Start (ms):  35623,4]
      [Ext Root Scanning (ms):  0,9]
      [Update RS (ms):  0,5]
         [Processed Buffers:  22]
      [Scan RS (ms):  0,0]
      [Code Root Scanning (ms):  0,4]
      [Object Copy (ms):  10,3]
      [Termination (ms):  0,0]
         [Termination Attempts:  1]
      [GC Worker Other (ms):  0,0]
      [GC Worker Total (ms):  12,1]
      [GC Worker End (ms):  35635,5]
   [Code Root Fixup: 0,2 ms]
   [Code Root Purge: 0,0 ms]
   [Clear CT: 0,0 ms]
   [Other: 0,4 ms]
      [Choose CSet: 0,0 ms]
      [Ref Proc: 0,2 ms]
      [Ref Enq: 0,0 ms]
      [Redirty Cards: 0,0 ms]
      [Humongous Register: 0,0 ms]
      [Humongous Reclaim: 0,1 ms]
      [Free CSet: 0,0 ms]
   [Eden: 48,0M(48,0M)->0,0B(47,0M) Survivors: 3072,0K->4096,0K Heap: 246,4M(1024,0M)->134,4M(1024,0M)]
 [Times: user=0,01 sys=0,00, real=0,01 secs] 
2016-12-31T13:17:46.155+0100: 36,751: [GC pause (G1 Evacuation Pause) (young), 0,0080146 secs]
   [Parallel Time: 7,7 ms, GC Workers: 1]
      [GC Worker Start (ms):  36750,7]
      [Ext Root Scanning (ms):  0,8]
      [Update RS (ms):  0,3]
         [Processed Buffers:  8]
      [Scan RS (ms):  0,0]
      [Code Root Scanning (ms):  0,5]
      [Object Copy (ms):  6,0]
      [Termination (ms):  0,0]
         [Termination Attempts:  1]
      [GC Worker Other (ms):  0,0]
      [GC Worker Total (ms):  7,7]
      [GC Worker End (ms):  36758,4]
   [Code Root Fixup: 0,1 ms]
   [Code Root Purge: 0,0 ms]
   [Clear CT: 0,0 ms]
   [Other: 0,2 ms]
      [Choose CSet: 0,0 ms]
      [Ref Proc: 0,0 ms]
      [Ref Enq: 0,0 ms]
      [Redirty Cards: 0,0 ms]
      [Humongous Register: 0,0 ms]
      [Humongous Reclaim: 0,0 ms]
      [Free CSet: 0,0 ms]
   [Eden: 47,0M(47,0M)->0,0B(48,0M) Survivors: 4096,0K->3072,0K Heap: 181,4M(1024,0M)->133,9M(1024,0M)]
 [Times: user=0,00 sys=0,00, real=0,01 secs] 
2016-12-31T13:17:46.859+0100: 37,455: [GC pause (G1 Evacuation Pause) (young), 0,0140001 secs]
   [Parallel Time: 13,7 ms, GC Workers: 1]
      [GC Worker Start (ms):  37454,6]
      [Ext Root Scanning (ms):  0,8]
      [Update RS (ms):  0,3]
         [Processed Buffers:  6]
      [Scan RS (ms):  0,0]
      [Code Root Scanning (ms):  2,4]
      [Object Copy (ms):  10,2]
      [Termination (ms):  0,0]
         [Termination Attempts:  1]
      [GC Worker Other (ms):  0,0]
      [GC Worker Total (ms):  13,7]
      [GC Worker End (ms):  37468,3]
   [Code Root Fixup: 0,1 ms]
   [Code Root Purge: 0,0 ms]
   [Clear CT: 0,0 ms]
   [Other: 0,2 ms]
      [Choose CSet: 0,0 ms]
      [Ref Proc: 0,0 ms]
      [Ref Enq: 0,0 ms]
      [Redirty Cards: 0,0 ms]
      [Humongous Register: 0,0 ms]
      [Humongous Reclaim: 0,0 ms]
      [Free CSet: 0,0 ms]
   [Eden: 48,0M(48,0M)->0,0B(48,0M) Survivors: 3072,0K->3072,0K Heap: 181,9M(1024,0M)->133,4M(1024,0M)]
 [Times: user=0,01 sys=0,00, real=0,02 secs] 
2016-12-31T13:17:47.790+0100: 38,385: [GC pause (G1 Evacuation Pause) (young), 0,0128504 secs]
   [Parallel Time: 12,4 ms, GC Workers: 1]
      [GC Worker Start (ms):  38385,4]
      [Ext Root Scanning (ms):  1,8]
      [Update RS (ms):  0,3]
         [Processed Buffers:  7]
      [Scan RS (ms):  0,0]
      [Code Root Scanning (ms):  0,4]
      [Object Copy (ms):  6,5]
      [Termination (ms):  0,0]
         [Termination Attempts:  1]
      [GC Worker Other (ms):  0,0]
      [GC Worker Total (ms):  9,1]
      [GC Worker End (ms):  38394,5]
   [Code Root Fixup: 0,1 ms]
   [Code Root Purge: 0,0 ms]
   [Clear CT: 0,0 ms]
   [Other: 0,3 ms]
      [Choose CSet: 0,0 ms]
      [Ref Proc: 0,0 ms]
      [Ref Enq: 0,0 ms]
      [Redirty Cards: 0,0 ms]
      [Humongous Register: 0,0 ms]
      [Humongous Reclaim: 0,0 ms]
      [Free CSet: 0,1 ms]
   [Eden: 48,0M(48,0M)->0,0B(48,0M) Survivors: 3072,0K->3072,0K Heap: 181,4M(1024,0M)->133,9M(1024,0M)]
 [Times: user=0,01 sys=0,00, real=0,02 secs] 
2016-12-31T13:17:48.689+0100: 39,285: [GC pause (G1 Evacuation Pause) (young), 0,0085141 secs]
   [Parallel Time: 8,1 ms, GC Workers: 1]
      [GC Worker Start (ms):  39284,7]
      [Ext Root Scanning (ms):  0,8]
      [Update RS (ms):  0,3]
         [Processed Buffers:  6]
      [Scan RS (ms):  0,0]
      [Code Root Scanning (ms):  2,8]
      [Object Copy (ms):  4,1]
      [Termination (ms):  0,0]
         [Termination Attempts:  1]
      [GC Worker Other (ms):  0,0]
      [GC Worker Total (ms):  8,1]
      [GC Worker End (ms):  39292,8]
   [Code Root Fixup: 0,1 ms]
   [Code Root Purge: 0,0 ms]
   [Clear CT: 0,0 ms]
   [Other: 0,2 ms]
      [Choose CSet: 0,0 ms]
      [Ref Proc: 0,0 ms]
      [Ref Enq: 0,0 ms]
      [Redirty Cards: 0,0 ms]
      [Humongous Register: 0,0 ms]
      [Humongous Reclaim: 0,0 ms]
      [Free CSet: 0,0 ms]
   [Eden: 48,0M(48,0M)->0,0B(48,0M) Survivors: 3072,0K->3072,0K Heap: 181,9M(1024,0M)->133,9M(1024,0M)]
 [Times: user=0,00 sys=0,00, real=0,01 secs] 
2016-12-31T13:17:49.305+0100: 39,900: [GC pause (G1 Evacuation Pause) (young), 0,0066750 secs]
   [Parallel Time: 6,3 ms, GC Workers: 1]
      [GC Worker Start (ms):  39900,1]
      [Ext Root Scanning (ms):  0,9]
      [Update RS (ms):  0,3]
         [Processed Buffers:  6]
      [Scan RS (ms):  0,0]
      [Code Root Scanning (ms):  0,5]
      [Object Copy (ms):  4,6]
      [Termination (ms):  0,0]
         [Termination Attempts:  1]
      [GC Worker Other (ms):  0,0]
      [GC Worker Total (ms):  6,3]
      [GC Worker End (ms):  39906,4]
   [Code Root Fixup: 0,1 ms]
   [Code Root Purge: 0,0 ms]
   [Clear CT: 0,0 ms]
   [Other: 0,2 ms]
      [Choose CSet: 0,0 ms]
      [Ref Proc: 0,0 ms]
      [Ref Enq: 0,0 ms]
      [Redirty Cards: 0,0 ms]
      [Humongous Register: 0,0 ms]
      [Humongous Reclaim: 0,0 ms]
      [Free CSet: 0,0 ms]
   [Eden: 48,0M(48,0M)->0,0B(75,0M) Survivors: 3072,0K->3072,0K Heap: 181,9M(1024,0M)->133,4M(1024,0M)]
 [Times: user=0,01 sys=0,00, real=0,01 secs] 
2016-12-31T13:17:50.359+0100: 40,955: [GC pause (G1 Evacuation Pause) (young), 0,0207173 secs]
   [Parallel Time: 20,4 ms, GC Workers: 1]
      [GC Worker Start (ms):  40954,6]
      [Ext Root Scanning (ms):  0,8]
      [Update RS (ms):  0,3]
         [Processed Buffers:  6]
      [Scan RS (ms):  0,0]
      [Code Root Scanning (ms):  0,5]
      [Object Copy (ms):  6,8]
      [Termination (ms):  0,0]
         [Termination Attempts:  1]
      [GC Worker Other (ms):  0,0]
      [GC Worker Total (ms):  8,4]
      [GC Worker End (ms):  40963,0]
   [Code Root Fixup: 0,1 ms]
   [Code Root Purge: 0,0 ms]
   [Clear CT: 0,0 ms]
   [Other: 0,2 ms]
      [Choose CSet: 0,0 ms]
      [Ref Proc: 0,0 ms]
      [Ref Enq: 0,0 ms]
      [Redirty Cards: 0,0 ms]
      [Humongous Register: 0,0 ms]
      [Humongous Reclaim: 0,0 ms]
      [Free CSet: 0,0 ms]
   [Eden: 75,0M(75,0M)->0,0B(49,0M) Survivors: 3072,0K->3072,0K Heap: 208,4M(1024,0M)->133,4M(1024,0M)]
 [Times: user=0,01 sys=0,00, real=0,02 secs] 
2016-12-31T13:17:51.228+0100: 41,824: [GC pause (G1 Evacuation Pause) (young), 0,0182741 secs]
   [Parallel Time: 17,9 ms, GC Workers: 1]
      [GC Worker Start (ms):  41823,6]
      [Ext Root Scanning (ms):  3,7]
      [Update RS (ms):  0,3]
         [Processed Buffers:  5]
      [Scan RS (ms):  0,0]
      [Code Root Scanning (ms):  0,4]
      [Object Copy (ms):  9,7]
      [Termination (ms):  0,0]
         [Termination Attempts:  1]
      [GC Worker Other (ms):  0,0]
      [GC Worker Total (ms):  14,2]
      [GC Worker End (ms):  41837,8]
   [Code Root Fixup: 0,1 ms]
   [Code Root Purge: 0,0 ms]
   [Clear CT: 0,0 ms]
   [Other: 0,2 ms]
      [Choose CSet: 0,0 ms]
      [Ref Proc: 0,0 ms]
      [Ref Enq: 0,0 ms]
      [Redirty Cards: 0,0 ms]
      [Humongous Register: 0,0 ms]
      [Humongous Reclaim: 0,0 ms]
      [Free CSet: 0,0 ms]
   [Eden: 49,0M(49,0M)->0,0B(48,0M) Survivors: 3072,0K->3072,0K Heap: 182,4M(1024,0M)->133,4M(1024,0M)]
 [Times: user=0,01 sys=0,00, real=0,02 secs] 
2016-12-31T13:17:52.027+0100: 42,622: [GC pause (G1 Evacuation Pause) (young), 0,0076906 secs]
   [Parallel Time: 7,4 ms, GC Workers: 1]
      [GC Worker Start (ms):  42622,5]
      [Ext Root Scanning (ms):  0,8]
      [Update RS (ms):  0,4]
         [Processed Buffers:  6]
      [Scan RS (ms):  0,0]
      [Code Root Scanning (ms):  0,5]
      [Object Copy (ms):  5,7]
      [Termination (ms):  0,0]
         [Termination Attempts:  1]
      [GC Worker Other (ms):  0,0]
      [GC Worker Total (ms):  7,3]
      [GC Worker End (ms):  42629,8]
   [Code Root Fixup: 0,1 ms]
   [Code Root Purge: 0,0 ms]
   [Clear CT: 0,0 ms]
   [Other: 0,2 ms]
      [Choose CSet: 0,0 ms]
      [Ref Proc: 0,0 ms]
      [Ref Enq: 0,0 ms]
      [Redirty Cards: 0,0 ms]
      [Humongous Register: 0,0 ms]
      [Humongous Reclaim: 0,0 ms]
      [Free CSet: 0,0 ms]
   [Eden: 48,0M(48,0M)->0,0B(283,0M) Survivors: 3072,0K->2048,0K Heap: 181,4M(1024,0M)->133,2M(1024,0M)]
 [Times: user=0,00 sys=0,00, real=0,01 secs] 
2016-12-31T13:17:56.927+0100: 47,522: [GC pause (G1 Evacuation Pause) (young), 0,0131587 secs]
   [Parallel Time: 12,6 ms, GC Workers: 1]
      [GC Worker Start (ms):  47522,5]
      [Ext Root Scanning (ms):  0,7]
      [Update RS (ms):  0,7]
         [Processed Buffers:  8]
      [Scan RS (ms):  0,1]
      [Code Root Scanning (ms):  0,6]
      [Object Copy (ms):  8,0]
      [Termination (ms):  0,0]
         [Termination Attempts:  1]
      [GC Worker Other (ms):  0,0]
      [GC Worker Total (ms):  10,1]
      [GC Worker End (ms):  47532,6]
   [Code Root Fixup: 0,1 ms]
   [Code Root Purge: 0,0 ms]
   [Clear CT: 0,1 ms]
   [Other: 0,3 ms]
      [Choose CSet: 0,0 ms]
      [Ref Proc: 0,0 ms]
      [Ref Enq: 0,0 ms]
      [Redirty Cards: 0,0 ms]
      [Humongous Register: 0,0 ms]
      [Humongous Reclaim: 0,0 ms]
      [Free CSet: 0,1 ms]
   [Eden: 283,0M(283,0M)->0,0B(301,0M) Survivors: 2048,0K->3072,0K Heap: 416,2M(1024,0M)->133,9M(1024,0M)]
 [Times: user=0,01 sys=0,00, real=0,01 secs] 
2016-12-31T13:18:02.268+0100: 52,863: [GC pause (G1 Evacuation Pause) (young), 0,0092905 secs]
   [Parallel Time: 6,3 ms, GC Workers: 1]
      [GC Worker Start (ms):  52863,3]
      [Ext Root Scanning (ms):  0,8]
      [Update RS (ms):  0,6]
         [Processed Buffers:  12]
      [Scan RS (ms):  0,1]
      [Code Root Scanning (ms):  0,5]
      [Object Copy (ms):  4,3]
      [Termination (ms):  0,0]
         [Termination Attempts:  1]
      [GC Worker Other (ms):  0,0]
      [GC Worker Total (ms):  6,3]
      [GC Worker End (ms):  52869,6]
   [Code Root Fixup: 2,7 ms]
   [Code Root Purge: 0,0 ms]
   [Clear CT: 0,1 ms]
   [Other: 0,3 ms]
      [Choose CSet: 0,0 ms]
      [Ref Proc: 0,0 ms]
      [Ref Enq: 0,0 ms]
      [Redirty Cards: 0,0 ms]
      [Humongous Register: 0,0 ms]
      [Humongous Reclaim: 0,0 ms]
      [Free CSet: 0,1 ms]
   [Eden: 301,0M(301,0M)->0,0B(611,0M) Survivors: 3072,0K->3072,0K Heap: 434,9M(1024,0M)->134,0M(1024,0M)]
 [Times: user=0,01 sys=0,00, real=0,01 secs] 
2016-12-31T13:18:12.376+0100: 62,971: [GC pause (G1 Evacuation Pause) (young), 0,0097946 secs]
   [Parallel Time: 9,0 ms, GC Workers: 1]
      [GC Worker Start (ms):  62971,1]
      [Ext Root Scanning (ms):  0,8]
      [Update RS (ms):  0,6]
         [Processed Buffers:  13]
      [Scan RS (ms):  0,2]
      [Code Root Scanning (ms):  0,5]
      [Object Copy (ms):  3,8]
      [Termination (ms):  0,0]
         [Termination Attempts:  1]
      [GC Worker Other (ms):  0,0]
      [GC Worker Total (ms):  5,9]
      [GC Worker End (ms):  62977,0]
   [Code Root Fixup: 0,1 ms]
   [Code Root Purge: 0,0 ms]
   [Clear CT: 0,1 ms]
   [Other: 0,5 ms]
      [Choose CSet: 0,0 ms]
      [Ref Proc: 0,0 ms]
      [Ref Enq: 0,0 ms]
      [Redirty Cards: 0,0 ms]
      [Humongous Register: 0,0 ms]
      [Humongous Reclaim: 0,0 ms]
      [Free CSet: 0,3 ms]
   [Eden: 611,0M(611,0M)->0,0B(611,0M) Survivors: 3072,0K->3072,0K Heap: 745,0M(1024,0M)->134,3M(1024,0M)]
 [Times: user=0,01 sys=0,00, real=0,01 secs] 
2016-12-31T13:18:23.060+0100: 73,656: [GC pause (G1 Evacuation Pause) (young), 0,0090741 secs]
   [Parallel Time: 8,1 ms, GC Workers: 1]
      [GC Worker Start (ms):  73656,3]
      [Ext Root Scanning (ms):  0,7]
      [Update RS (ms):  0,8]
         [Processed Buffers:  15]
      [Scan RS (ms):  0,2]
      [Code Root Scanning (ms):  0,4]
      [Object Copy (ms):  6,1]
      [Termination (ms):  0,0]
         [Termination Attempts:  1]
      [GC Worker Other (ms):  0,0]
      [GC Worker Total (ms):  8,1]
      [GC Worker End (ms):  73664,4]
   [Code Root Fixup: 0,1 ms]
   [Code Root Purge: 0,0 ms]
   [Clear CT: 0,1 ms]
   [Other: 0,7 ms]
      [Choose CSet: 0,0 ms]
      [Ref Proc: 0,0 ms]
      [Ref Enq: 0,0 ms]
      [Redirty Cards: 0,0 ms]
      [Humongous Register: 0,0 ms]
      [Humongous Reclaim: 0,0 ms]
      [Free CSet: 0,2 ms]
   [Eden: 611,0M(611,0M)->0,0B(611,0M) Survivors: 3072,0K->3072,0K Heap: 745,3M(1024,0M)->134,7M(1024,0M)]
 [Times: user=0,01 sys=0,00, real=0,01 secs] 
2016-12-31T13:18:33.285+0100: 83,881: [GC pause (G1 Evacuation Pause) (young), 0,0082440 secs]
   [Parallel Time: 7,7 ms, GC Workers: 1]
      [GC Worker Start (ms):  83880,8]
      [Ext Root Scanning (ms):  0,7]
      [Update RS (ms):  1,3]
         [Processed Buffers:  21]
      [Scan RS (ms):  0,2]
      [Code Root Scanning (ms):  0,3]
      [Object Copy (ms):  5,1]
      [Termination (ms):  0,0]
         [Termination Attempts:  1]
      [GC Worker Other (ms):  0,0]
      [GC Worker Total (ms):  7,6]
      [GC Worker End (ms):  83888,4]
   [Code Root Fixup: 0,1 ms]
   [Code Root Purge: 0,0 ms]
   [Clear CT: 0,2 ms]
   [Other: 0,3 ms]
      [Choose CSet: 0,0 ms]
      [Ref Proc: 0,0 ms]
      [Ref Enq: 0,0 ms]
      [Redirty Cards: 0,0 ms]
      [Humongous Register: 0,0 ms]
      [Humongous Reclaim: 0,0 ms]
      [Free CSet: 0,2 ms]
   [Eden: 611,0M(611,0M)->0,0B(611,0M) Survivors: 3072,0K->3072,0K Heap: 745,7M(1024,0M)->135,1M(1024,0M)]
 [Times: user=0,00 sys=0,00, real=0,02 secs] 
2016-12-31T13:19:58.586+0100: 169,181: [GC pause (G1 Evacuation Pause) (young), 0,0175117 secs]
   [Parallel Time: 16,6 ms, GC Workers: 1]
      [GC Worker Start (ms):  169181,7]
      [Ext Root Scanning (ms):  3,2]
      [Update RS (ms):  4,7]
         [Processed Buffers:  23]
      [Scan RS (ms):  0,4]
      [Code Root Scanning (ms):  0,7]
      [Object Copy (ms):  7,6]
      [Termination (ms):  0,0]
         [Termination Attempts:  1]
      [GC Worker Other (ms):  0,0]
      [GC Worker Total (ms):  16,6]
      [GC Worker End (ms):  169198,2]
   [Code Root Fixup: 0,1 ms]
   [Code Root Purge: 0,0 ms]
   [Clear CT: 0,2 ms]
   [Other: 0,6 ms]
      [Choose CSet: 0,0 ms]
      [Ref Proc: 0,1 ms]
      [Ref Enq: 0,0 ms]
      [Redirty Cards: 0,0 ms]
      [Humongous Register: 0,1 ms]
      [Humongous Reclaim: 0,0 ms]
      [Free CSet: 0,2 ms]
   [Eden: 611,0M(611,0M)->0,0B(611,0M) Survivors: 3072,0K->3072,0K Heap: 746,1M(1024,0M)->135,4M(1024,0M)]
 [Times: user=0,02 sys=0,00, real=0,02 secs] 
2017-01-02T14:57:35.002+0100: 3449,319: [GC pause (G1 Evacuation Pause) (young), 0,0265755 secs]
   [Parallel Time: 14,4 ms, GC Workers: 1]
      [GC Worker Start (ms):  3449328,1]
      [Ext Root Scanning (ms):  1,4]
      [Update RS (ms):  1,2]
         [Processed Buffers:  30]
      [Scan RS (ms):  0,2]
      [Code Root Scanning (ms):  0,3]
      [Object Copy (ms):  9,0]
      [Termination (ms):  0,0]
         [Termination Attempts:  1]
      [GC Worker Other (ms):  0,0]
      [GC Worker Total (ms):  12,0]
      [GC Worker End (ms):  3449340,2]
   [Code Root Fixup: 0,1 ms]
   [Code Root Purge: 0,0 ms]
   [Clear CT: 0,2 ms]
   [Other: 11,9 ms]
      [Choose CSet: 0,0 ms]
      [Ref Proc: 2,6 ms]
      [Ref Enq: 0,0 ms]
      [Redirty Cards: 0,0 ms]
      [Humongous Register: 0,1 ms]
      [Humongous Reclaim: 0,0 ms]
      [Free CSet: 0,2 ms]
   [Eden: 611,0M(611,0M)->0,0B(611,0M) Survivors: 3072,0K->3072,0K Heap: 746,4M(1024,0M)->135,8M(1024,0M)]
 [Times: user=0,01 sys=0,00, real=0,02 secs] 
2017-01-02T14:57:45.528+0100: 3459,845: [GC pause (G1 Evacuation Pause) (young), 0,0136476 secs]
   [Parallel Time: 13,0 ms, GC Workers: 1]
      [GC Worker Start (ms):  3459845,6]
      [Ext Root Scanning (ms):  0,7]
      [Update RS (ms):  0,8]
         [Processed Buffers:  12]
      [Scan RS (ms):  0,2]
      [Code Root Scanning (ms):  0,2]
      [Object Copy (ms):  2,1]
      [Termination (ms):  0,0]
         [Termination Attempts:  1]
      [GC Worker Other (ms):  0,0]
      [GC Worker Total (ms):  4,0]
      [GC Worker End (ms):  3459849,6]
   [Code Root Fixup: 0,1 ms]
   [Code Root Purge: 0,0 ms]
   [Clear CT: 0,1 ms]
   [Other: 0,4 ms]
      [Choose CSet: 0,1 ms]
      [Ref Proc: 0,0 ms]
      [Ref Enq: 0,0 ms]
      [Redirty Cards: 0,0 ms]
      [Humongous Register: 0,0 ms]
      [Humongous Reclaim: 0,0 ms]
      [Free CSet: 0,2 ms]
   [Eden: 611,0M(611,0M)->0,0B(611,0M) Survivors: 3072,0K->3072,0K Heap: 746,8M(1024,0M)->136,0M(1024,0M)]
 [Times: user=0,01 sys=0,00, real=0,02 secs] 
2017-01-02T14:58:17.868+0100: 3492,185: [GC pause (G1 Evacuation Pause) (young), 0,0067465 secs]
   [Parallel Time: 3,7 ms, GC Workers: 1]
      [GC Worker Start (ms):  3492185,0]
      [Ext Root Scanning (ms):  0,7]
      [Update RS (ms):  0,5]
         [Processed Buffers:  23]
      [Scan RS (ms):  0,2]
      [Code Root Scanning (ms):  0,1]
      [Object Copy (ms):  2,1]
      [Termination (ms):  0,0]
         [Termination Attempts:  1]
      [GC Worker Other (ms):  0,0]
      [GC Worker Total (ms):  3,7]
      [GC Worker End (ms):  3492188,7]
   [Code Root Fixup: 0,0 ms]
   [Code Root Purge: 0,0 ms]
   [Clear CT: 2,7 ms]
   [Other: 0,3 ms]
      [Choose CSet: 0,0 ms]
      [Ref Proc: 0,0 ms]
      [Ref Enq: 0,0 ms]
      [Redirty Cards: 0,0 ms]
      [Humongous Register: 0,0 ms]
      [Humongous Reclaim: 0,0 ms]
      [Free CSet: 0,2 ms]
   [Eden: 611,0M(611,0M)->0,0B(611,0M) Survivors: 3072,0K->3072,0K Heap: 747,0M(1024,0M)->136,0M(1024,0M)]
 [Times: user=0,01 sys=0,00, real=0,01 secs] 
2017-01-02T14:58:28.670+0100: 3502,987: [GC pause (G1 Evacuation Pause) (young), 0,0110455 secs]
   [Parallel Time: 10,5 ms, GC Workers: 1]
      [GC Worker Start (ms):  3502987,5]
      [Ext Root Scanning (ms):  1,0]
      [Update RS (ms):  1,0]
         [Processed Buffers:  24]
      [Scan RS (ms):  0,2]
      [Code Root Scanning (ms):  0,2]
      [Object Copy (ms):  8,1]
      [Termination (ms):  0,0]
         [Termination Attempts:  1]
      [GC Worker Other (ms):  0,0]
      [GC Worker Total (ms):  10,4]
      [GC Worker End (ms):  3502998,0]
   [Code Root Fixup: 0,0 ms]
   [Code Root Purge: 0,0 ms]
   [Clear CT: 0,2 ms]
   [Other: 0,4 ms]
      [Choose CSet: 0,0 ms]
      [Ref Proc: 0,0 ms]
      [Ref Enq: 0,0 ms]
      [Redirty Cards: 0,0 ms]
      [Humongous Register: 0,0 ms]
      [Humongous Reclaim: 0,0 ms]
      [Free CSet: 0,2 ms]
   [Eden: 611,0M(611,0M)->0,0B(611,0M) Survivors: 3072,0K->3072,0K Heap: 747,0M(1024,0M)->136,1M(1024,0M)]
 [Times: user=0,01 sys=0,00, real=0,01 secs] 
2017-01-02T14:58:38.827+0100: 3513,145: [GC pause (G1 Evacuation Pause) (young), 0,0040295 secs]
   [Parallel Time: 3,5 ms, GC Workers: 1]
      [GC Worker Start (ms):  3513144,8]
      [Ext Root Scanning (ms):  0,6]
      [Update RS (ms):  0,6]
         [Processed Buffers:  23]
      [Scan RS (ms):  0,1]
      [Code Root Scanning (ms):  0,1]
      [Object Copy (ms):  2,0]
      [Termination (ms):  0,0]
         [Termination Attempts:  1]
      [GC Worker Other (ms):  0,0]
      [GC Worker Total (ms):  3,5]
      [GC Worker End (ms):  3513148,3]
   [Code Root Fixup: 0,0 ms]
   [Code Root Purge: 0,0 ms]
   [Clear CT: 0,1 ms]
   [Other: 0,3 ms]
      [Choose CSet: 0,0 ms]
      [Ref Proc: 0,0 ms]
      [Ref Enq: 0,0 ms]
      [Redirty Cards: 0,0 ms]
      [Humongous Register: 0,0 ms]
      [Humongous Reclaim: 0,0 ms]
      [Free CSet: 0,2 ms]
   [Eden: 611,0M(611,0M)->0,0B(611,0M) Survivors: 3072,0K->3072,0K Heap: 747,1M(1024,0M)->136,1M(1024,0M)]
 [Times: user=0,01 sys=0,00, real=0,01 secs] 
2017-01-02T14:58:49.687+0100: 3524,005: [GC pause (G1 Evacuation Pause) (young), 0,0054106 secs]
   [Parallel Time: 3,8 ms, GC Workers: 1]
      [GC Worker Start (ms):  3524004,7]
      [Ext Root Scanning (ms):  0,7]
      [Update RS (ms):  0,6]
         [Processed Buffers:  23]
      [Scan RS (ms):  0,2]
      [Code Root Scanning (ms):  0,1]
      [Object Copy (ms):  2,0]
      [Termination (ms):  0,0]
         [Termination Attempts:  1]
      [GC Worker Other (ms):  0,0]
      [GC Worker Total (ms):  3,8]
      [GC Worker End (ms):  3524008,5]
   [Code Root Fixup: 0,0 ms]
   [Code Root Purge: 0,0 ms]
   [Clear CT: 1,3 ms]
   [Other: 0,3 ms]
      [Choose CSet: 0,0 ms]
      [Ref Proc: 0,0 ms]
      [Ref Enq: 0,0 ms]
      [Redirty Cards: 0,0 ms]
      [Humongous Register: 0,0 ms]
      [Humongous Reclaim: 0,0 ms]
      [Free CSet: 0,2 ms]
   [Eden: 611,0M(611,0M)->0,0B(611,0M) Survivors: 3072,0K->3072,0K Heap: 747,1M(1024,0M)->136,1M(1024,0M)]
 [Times: user=0,01 sys=0,00, real=0,01 secs] 
2017-01-02T14:58:59.833+0100: 3534,150: [GC pause (G1 Evacuation Pause) (young), 0,0061510 secs]
   [Parallel Time: 3,6 ms, GC Workers: 1]
      [GC Worker Start (ms):  3534150,3]
      [Ext Root Scanning (ms):  0,7]
      [Update RS (ms):  0,6]
         [Processed Buffers:  23]
      [Scan RS (ms):  0,2]
      [Code Root Scanning (ms):  0,1]
      [Object Copy (ms):  2,1]
      [Termination (ms):  0,0]
         [Termination Attempts:  1]
      [GC Worker Other (ms):  0,0]
      [GC Worker Total (ms):  3,6]
      [GC Worker End (ms):  3534153,9]
   [Code Root Fixup: 0,0 ms]
   [Code Root Purge: 0,0 ms]
   [Clear CT: 2,2 ms]
   [Other: 0,3 ms]
      [Choose CSet: 0,0 ms]
      [Ref Proc: 0,0 ms]
      [Ref Enq: 0,0 ms]
      [Redirty Cards: 0,0 ms]
      [Humongous Register: 0,0 ms]
      [Humongous Reclaim: 0,0 ms]
      [Free CSet: 0,2 ms]
   [Eden: 611,0M(611,0M)->0,0B(611,0M) Survivors: 3072,0K->3072,0K Heap: 747,1M(1024,0M)->136,1M(1024,0M)]
 [Times: user=0,00 sys=0,00, real=0,00 secs] 
2017-01-02T14:59:10.719+0100: 3545,036: [GC pause (G1 Evacuation Pause) (young), 0,0063187 secs]
   [Parallel Time: 5,8 ms, GC Workers: 1]
      [GC Worker Start (ms):  3545036,2]
      [Ext Root Scanning (ms):  0,7]
      [Update RS (ms):  0,6]
         [Processed Buffers:  25]
      [Scan RS (ms):  0,2]
      [Code Root Scanning (ms):  0,2]
      [Object Copy (ms):  2,1]
      [Termination (ms):  0,0]
         [Termination Attempts:  1]
      [GC Worker Other (ms):  0,0]
      [GC Worker Total (ms):  3,7]
      [GC Worker End (ms):  3545039,9]
   [Code Root Fixup: 0,1 ms]
   [Code Root Purge: 0,0 ms]
   [Clear CT: 0,1 ms]
   [Other: 0,3 ms]
      [Choose CSet: 0,0 ms]
      [Ref Proc: 0,0 ms]
      [Ref Enq: 0,0 ms]
      [Redirty Cards: 0,0 ms]
      [Humongous Register: 0,0 ms]
      [Humongous Reclaim: 0,0 ms]
      [Free CSet: 0,2 ms]
   [Eden: 611,0M(611,0M)->0,0B(611,0M) Survivors: 3072,0K->3072,0K Heap: 747,1M(1024,0M)->136,1M(1024,0M)]
 [Times: user=0,01 sys=0,00, real=0,01 secs] 
2017-01-02T14:59:20.857+0100: 3555,174: [GC pause (G1 Evacuation Pause) (young), 0,0060778 secs]
   [Parallel Time: 5,6 ms, GC Workers: 1]
      [GC Worker Start (ms):  3555174,3]
      [Ext Root Scanning (ms):  0,7]
      [Update RS (ms):  0,6]
         [Processed Buffers:  24]
      [Scan RS (ms):  0,2]
      [Code Root Scanning (ms):  0,1]
      [Object Copy (ms):  4,0]
      [Termination (ms):  0,0]
         [Termination Attempts:  1]
      [GC Worker Other (ms):  0,0]
      [GC Worker Total (ms):  5,5]
      [GC Worker End (ms):  3555179,8]
   [Code Root Fixup: 0,1 ms]
   [Code Root Purge: 0,0 ms]
   [Clear CT: 0,1 ms]
   [Other: 0,3 ms]
      [Choose CSet: 0,0 ms]
      [Ref Proc: 0,0 ms]
      [Ref Enq: 0,0 ms]
      [Redirty Cards: 0,0 ms]
      [Humongous Register: 0,0 ms]
      [Humongous Reclaim: 0,0 ms]
      [Free CSet: 0,2 ms]
   [Eden: 611,0M(611,0M)->0,0B(611,0M) Survivors: 3072,0K->3072,0K Heap: 747,1M(1024,0M)->136,1M(1024,0M)]
 [Times: user=0,01 sys=0,00, real=0,01 secs] 
2017-01-02T14:59:31.729+0100: 3566,047: [GC pause (G1 Evacuation Pause) (young), 0,0054139 secs]
   [Parallel Time: 4,9 ms, GC Workers: 1]
      [GC Worker Start (ms):  3566046,6]
      [Ext Root Scanning (ms):  0,7]
      [Update RS (ms):  0,6]
         [Processed Buffers:  23]
      [Scan RS (ms):  0,2]
      [Code Root Scanning (ms):  0,1]
      [Object Copy (ms):  3,4]
      [Termination (ms):  0,0]
         [Termination Attempts:  1]
      [GC Worker Other (ms):  0,0]
      [GC Worker Total (ms):  4,9]
      [GC Worker End (ms):  3566051,6]
   [Code Root Fixup: 0,0 ms]
   [Code Root Purge: 0,0 ms]
   [Clear CT: 0,2 ms]
   [Other: 0,3 ms]
      [Choose CSet: 0,0 ms]
      [Ref Proc: 0,0 ms]
      [Ref Enq: 0,0 ms]
      [Redirty Cards: 0,0 ms]
      [Humongous Register: 0,0 ms]
      [Humongous Reclaim: 0,0 ms]
      [Free CSet: 0,2 ms]
   [Eden: 611,0M(611,0M)->0,0B(612,0M) Survivors: 3072,0K->2048,0K Heap: 747,1M(1024,0M)->135,7M(1024,0M)]
 [Times: user=0,01 sys=0,00, real=0,00 secs] 
2017-01-02T14:59:42.626+0100: 3576,943: [GC pause (G1 Evacuation Pause) (young), 0,0069784 secs]
   [Parallel Time: 6,5 ms, GC Workers: 1]
      [GC Worker Start (ms):  3576943,5]
      [Ext Root Scanning (ms):  0,7]
      [Update RS (ms):  0,8]
         [Processed Buffers:  25]
      [Scan RS (ms):  0,3]
      [Code Root Scanning (ms):  0,1]
      [Object Copy (ms):  4,5]
      [Termination (ms):  0,0]
         [Termination Attempts:  1]
      [GC Worker Other (ms):  0,0]
      [GC Worker Total (ms):  6,5]
      [GC Worker End (ms):  3576950,0]
   [Code Root Fixup: 0,1 ms]
   [Code Root Purge: 0,0 ms]
   [Clear CT: 0,1 ms]
   [Other: 0,3 ms]
      [Choose CSet: 0,0 ms]
      [Ref Proc: 0,0 ms]
      [Ref Enq: 0,0 ms]
      [Redirty Cards: 0,0 ms]
      [Humongous Register: 0,0 ms]
      [Humongous Reclaim: 0,0 ms]
      [Free CSet: 0,2 ms]
   [Eden: 612,0M(612,0M)->0,0B(612,0M) Survivors: 2048,0K->2048,0K Heap: 747,7M(1024,0M)->135,8M(1024,0M)]
 [Times: user=0,00 sys=0,00, real=0,01 secs] 
2017-01-02T14:59:52.746+0100: 3587,063: [GC pause (G1 Evacuation Pause) (young), 0,0070186 secs]
   [Parallel Time: 6,4 ms, GC Workers: 1]
      [GC Worker Start (ms):  3587063,4]
      [Ext Root Scanning (ms):  0,7]
      [Update RS (ms):  0,9]
         [Processed Buffers:  24]
      [Scan RS (ms):  0,2]
      [Code Root Scanning (ms):  0,1]
      [Object Copy (ms):  2,3]
      [Termination (ms):  0,0]
         [Termination Attempts:  1]
      [GC Worker Other (ms):  0,0]
      [GC Worker Total (ms):  4,1]
      [GC Worker End (ms):  3587067,6]
   [Code Root Fixup: 0,0 ms]
   [Code Root Purge: 0,0 ms]
   [Clear CT: 0,1 ms]
   [Other: 0,4 ms]
      [Choose CSet: 0,0 ms]
      [Ref Proc: 0,0 ms]
      [Ref Enq: 0,0 ms]
      [Redirty Cards: 0,0 ms]
      [Humongous Register: 0,1 ms]
      [Humongous Reclaim: 0,0 ms]
      [Free CSet: 0,2 ms]
   [Eden: 612,0M(612,0M)->0,0B(612,0M) Survivors: 2048,0K->2048,0K Heap: 747,8M(1024,0M)->136,0M(1024,0M)]
 [Times: user=0,01 sys=0,00, real=0,01 secs] 
2017-01-02T15:00:03.677+0100: 3597,994: [GC pause (G1 Evacuation Pause) (young), 0,0068645 secs]
   [Parallel Time: 6,3 ms, GC Workers: 1]
      [GC Worker Start (ms):  3597994,1]
      [Ext Root Scanning (ms):  0,7]
      [Update RS (ms):  1,4]
         [Processed Buffers:  25]
      [Scan RS (ms):  0,2]
      [Code Root Scanning (ms):  0,1]
      [Object Copy (ms):  3,9]
      [Termination (ms):  0,0]
         [Termination Attempts:  1]
      [GC Worker Other (ms):  0,0]
      [GC Worker Total (ms):  6,3]
      [GC Worker End (ms):  3598000,4]
   [Code Root Fixup: 0,0 ms]
   [Code Root Purge: 0,0 ms]
   [Clear CT: 0,1 ms]
   [Other: 0,4 ms]
      [Choose CSet: 0,0 ms]
      [Ref Proc: 0,0 ms]
      [Ref Enq: 0,0 ms]
      [Redirty Cards: 0,0 ms]
      [Humongous Register: 0,0 ms]
      [Humongous Reclaim: 0,0 ms]
      [Free CSet: 0,3 ms]
   [Eden: 612,0M(612,0M)->0,0B(612,0M) Survivors: 2048,0K->2048,0K Heap: 748,0M(1024,0M)->135,8M(1024,0M)]
 [Times: user=0,00 sys=0,00, real=0,01 secs] 
2017-01-02T15:00:13.831+0100: 3608,148: [GC pause (G1 Evacuation Pause) (young), 0,0102161 secs]
   [Parallel Time: 9,7 ms, GC Workers: 1]
      [GC Worker Start (ms):  3608148,3]
      [Ext Root Scanning (ms):  0,8]
      [Update RS (ms):  1,9]
         [Processed Buffers:  28]
      [Scan RS (ms):  0,2]
      [Code Root Scanning (ms):  0,1]
      [Object Copy (ms):  2,9]
      [Termination (ms):  0,0]
         [Termination Attempts:  1]
      [GC Worker Other (ms):  0,0]
      [GC Worker Total (ms):  5,7]
      [GC Worker End (ms):  3608154,0]
   [Code Root Fixup: 0,0 ms]
   [Code Root Purge: 0,0 ms]
   [Clear CT: 0,2 ms]
   [Other: 0,3 ms]
      [Choose CSet: 0,0 ms]
      [Ref Proc: 0,0 ms]
      [Ref Enq: 0,0 ms]
      [Redirty Cards: 0,0 ms]
      [Humongous Register: 0,0 ms]
      [Humongous Reclaim: 0,0 ms]
      [Free CSet: 0,2 ms]
   [Eden: 612,0M(612,0M)->0,0B(612,0M) Survivors: 2048,0K->2048,0K Heap: 747,8M(1024,0M)->136,8M(1024,0M)]
 [Times: user=0,01 sys=0,00, real=0,02 secs] 
2017-01-02T15:00:24.741+0100: 3619,059: [GC pause (G1 Evacuation Pause) (young), 0,0114733 secs]
   [Parallel Time: 10,8 ms, GC Workers: 1]
      [GC Worker Start (ms):  3619058,8]
      [Ext Root Scanning (ms):  0,8]
      [Update RS (ms):  2,3]
         [Processed Buffers:  29]
      [Scan RS (ms):  0,2]
      [Code Root Scanning (ms):  0,1]
      [Object Copy (ms):  4,8]
      [Termination (ms):  0,0]
         [Termination Attempts:  1]
      [GC Worker Other (ms):  0,0]
      [GC Worker Total (ms):  8,1]
      [GC Worker End (ms):  3619066,9]
   [Code Root Fixup: 0,0 ms]
   [Code Root Purge: 0,0 ms]
   [Clear CT: 0,3 ms]
   [Other: 0,3 ms]
      [Choose CSet: 0,0 ms]
      [Ref Proc: 0,0 ms]
      [Ref Enq: 0,0 ms]
      [Redirty Cards: 0,0 ms]
      [Humongous Register: 0,0 ms]
      [Humongous Reclaim: 0,0 ms]
      [Free CSet: 0,2 ms]
   [Eden: 612,0M(612,0M)->0,0B(612,0M) Survivors: 2048,0K->2048,0K Heap: 748,8M(1024,0M)->136,8M(1024,0M)]
 [Times: user=0,00 sys=0,00, real=0,01 secs] 
2017-01-02T15:00:35.593+0100: 3629,911: [GC pause (G1 Evacuation Pause) (young), 0,0083627 secs]
   [Parallel Time: 7,9 ms, GC Workers: 1]
      [GC Worker Start (ms):  3629910,7]
      [Ext Root Scanning (ms):  0,7]
      [Update RS (ms):  2,4]
         [Processed Buffers:  32]
      [Scan RS (ms):  1,3]
      [Code Root Scanning (ms):  0,1]
      [Object Copy (ms):  1,4]
      [Termination (ms):  0,0]
         [Termination Attempts:  1]
      [GC Worker Other (ms):  0,0]
      [GC Worker Total (ms):  5,8]
      [GC Worker End (ms):  3629916,5]
   [Code Root Fixup: 0,0 ms]
   [Code Root Purge: 0,0 ms]
   [Clear CT: 0,1 ms]
   [Other: 0,3 ms]
      [Choose CSet: 0,0 ms]
      [Ref Proc: 0,0 ms]
      [Ref Enq: 0,0 ms]
      [Redirty Cards: 0,0 ms]
      [Humongous Register: 0,0 ms]
      [Humongous Reclaim: 0,0 ms]
      [Free CSet: 0,2 ms]
   [Eden: 612,0M(612,0M)->0,0B(612,0M) Survivors: 2048,0K->2048,0K Heap: 748,8M(1024,0M)->137,2M(1024,0M)]
 [Times: user=0,01 sys=0,00, real=0,01 secs] 
2017-01-02T15:00:45.769+0100: 3640,087: [GC pause (G1 Evacuation Pause) (young), 0,0051025 secs]
   [Parallel Time: 4,7 ms, GC Workers: 1]
      [GC Worker Start (ms):  3640086,8]
      [Ext Root Scanning (ms):  0,7]
      [Update RS (ms):  1,4]
         [Processed Buffers:  30]
      [Scan RS (ms):  0,2]
      [Code Root Scanning (ms):  0,0]
      [Object Copy (ms):  2,4]
      [Termination (ms):  0,0]
         [Termination Attempts:  1]
      [GC Worker Other (ms):  0,0]
      [GC Worker Total (ms):  4,7]
      [GC Worker End (ms):  3640091,5]
   [Code Root Fixup: 0,0 ms]
   [Code Root Purge: 0,0 ms]
   [Clear CT: 0,1 ms]
   [Other: 0,3 ms]
      [Choose CSet: 0,0 ms]
      [Ref Proc: 0,0 ms]
      [Ref Enq: 0,0 ms]
      [Redirty Cards: 0,0 ms]
      [Humongous Register: 0,0 ms]
      [Humongous Reclaim: 0,0 ms]
      [Free CSet: 0,1 ms]
   [Eden: 612,0M(612,0M)->0,0B(612,0M) Survivors: 2048,0K->2048,0K Heap: 749,2M(1024,0M)->137,3M(1024,0M)]
 [Times: user=0,01 sys=0,00, real=0,00 secs] 
2017-01-02T15:00:56.621+0100: 3650,939: [GC pause (G1 Evacuation Pause) (young), 0,0044325 secs]
   [Parallel Time: 2,8 ms, GC Workers: 1]
      [GC Worker Start (ms):  3650938,8]
      [Ext Root Scanning (ms):  0,6]
      [Update RS (ms):  1,0]
         [Processed Buffers:  29]
      [Scan RS (ms):  0,2]
      [Code Root Scanning (ms):  0,0]
      [Object Copy (ms):  1,0]
      [Termination (ms):  0,0]
         [Termination Attempts:  1]
      [GC Worker Other (ms):  0,0]
      [GC Worker Total (ms):  2,8]
      [GC Worker End (ms):  3650941,7]
   [Code Root Fixup: 0,0 ms]
   [Code Root Purge: 0,0 ms]
   [Clear CT: 1,3 ms]
   [Other: 0,3 ms]
      [Choose CSet: 0,0 ms]
      [Ref Proc: 0,0 ms]
      [Ref Enq: 0,0 ms]
      [Redirty Cards: 0,0 ms]
      [Humongous Register: 0,0 ms]
      [Humongous Reclaim: 0,0 ms]
      [Free CSet: 0,1 ms]
   [Eden: 612,0M(612,0M)->0,0B(612,0M) Survivors: 2048,0K->2048,0K Heap: 749,3M(1024,0M)->137,2M(1024,0M)]
 [Times: user=0,01 sys=0,00, real=0,00 secs] 
2017-01-02T15:01:06.771+0100: 3661,089: [GC pause (G1 Evacuation Pause) (young), 0,0034030 secs]
   [Parallel Time: 2,9 ms, GC Workers: 1]
      [GC Worker Start (ms):  3661088,6]
      [Ext Root Scanning (ms):  0,6]
      [Update RS (ms):  1,0]
         [Processed Buffers:  29]
      [Scan RS (ms):  0,2]
      [Code Root Scanning (ms):  0,0]
      [Object Copy (ms):  1,1]
      [Termination (ms):  0,0]
         [Termination Attempts:  1]
      [GC Worker Other (ms):  0,0]
      [GC Worker Total (ms):  2,9]
      [GC Worker End (ms):  3661091,5]
   [Code Root Fixup: 0,0 ms]
   [Code Root Purge: 0,0 ms]
   [Clear CT: 0,2 ms]
   [Other: 0,3 ms]
      [Choose CSet: 0,0 ms]
      [Ref Proc: 0,0 ms]
      [Ref Enq: 0,0 ms]
      [Redirty Cards: 0,0 ms]
      [Humongous Register: 0,0 ms]
      [Humongous Reclaim: 0,0 ms]
      [Free CSet: 0,1 ms]
   [Eden: 612,0M(612,0M)->0,0B(612,0M) Survivors: 2048,0K->2048,0K Heap: 749,2M(1024,0M)->137,4M(1024,0M)]
 [Times: user=0,00 sys=0,00, real=0,00 secs] 
2017-01-02T15:01:17.679+0100: 3671,997: [GC pause (G1 Evacuation Pause) (young), 0,0033382 secs]
   [Parallel Time: 2,9 ms, GC Workers: 1]
      [GC Worker Start (ms):  3671996,6]
      [Ext Root Scanning (ms):  0,7]
      [Update RS (ms):  1,0]
         [Processed Buffers:  29]
      [Scan RS (ms):  0,2]
      [Code Root Scanning (ms):  0,0]
      [Object Copy (ms):  1,0]
      [Termination (ms):  0,0]
         [Termination Attempts:  1]
      [GC Worker Other (ms):  0,0]
      [GC Worker Total (ms):  2,8]
      [GC Worker End (ms):  3671999,4]
   [Code Root Fixup: 0,0 ms]
   [Code Root Purge: 0,0 ms]
   [Clear CT: 0,1 ms]
   [Other: 0,3 ms]
      [Choose CSet: 0,0 ms]
      [Ref Proc: 0,0 ms]
      [Ref Enq: 0,0 ms]
      [Redirty Cards: 0,0 ms]
      [Humongous Register: 0,0 ms]
      [Humongous Reclaim: 0,0 ms]
      [Free CSet: 0,2 ms]
   [Eden: 612,0M(612,0M)->0,0B(612,0M) Survivors: 2048,0K->2048,0K Heap: 749,4M(1024,0M)->137,3M(1024,0M)]
 [Times: user=0,00 sys=0,00, real=0,01 secs] 
2017-01-02T15:01:28.559+0100: 3682,876: [GC pause (G1 Evacuation Pause) (young), 0,0032310 secs]
   [Parallel Time: 2,8 ms, GC Workers: 1]
      [GC Worker Start (ms):  3682876,5]
      [Ext Root Scanning (ms):  0,7]
      [Update RS (ms):  0,9]
         [Processed Buffers:  29]
      [Scan RS (ms):  0,2]
      [Code Root Scanning (ms):  0,0]
      [Object Copy (ms):  1,0]
      [Termination (ms):  0,0]
         [Termination Attempts:  1]
      [GC Worker Other (ms):  0,0]
      [GC Worker Total (ms):  2,8]
      [GC Worker End (ms):  3682879,3]
   [Code Root Fixup: 0,0 ms]
   [Code Root Purge: 0,0 ms]
   [Clear CT: 0,1 ms]
   [Other: 0,3 ms]
      [Choose CSet: 0,0 ms]
      [Ref Proc: 0,0 ms]
      [Ref Enq: 0,0 ms]
      [Redirty Cards: 0,0 ms]
      [Humongous Register: 0,0 ms]
      [Humongous Reclaim: 0,0 ms]
      [Free CSet: 0,1 ms]
   [Eden: 612,0M(612,0M)->0,0B(613,0M) Survivors: 2048,0K->1024,0K Heap: 749,3M(1024,0M)->136,9M(1024,0M)]
 [Times: user=0,01 sys=0,00, real=0,01 secs] 
2017-01-02T15:01:38.721+0100: 3693,039: [GC pause (G1 Evacuation Pause) (young), 0,0033067 secs]
   [Parallel Time: 2,9 ms, GC Workers: 1]
      [GC Worker Start (ms):  3693038,7]
      [Ext Root Scanning (ms):  0,7]
      [Update RS (ms):  0,9]
         [Processed Buffers:  29]
      [Scan RS (ms):  0,2]
      [Code Root Scanning (ms):  0,0]
      [Object Copy (ms):  1,1]
      [Termination (ms):  0,0]
         [Termination Attempts:  1]
      [GC Worker Other (ms):  0,0]
      [GC Worker Total (ms):  2,9]
      [GC Worker End (ms):  3693041,6]
   [Code Root Fixup: 0,0 ms]
   [Code Root Purge: 0,0 ms]
   [Clear CT: 0,1 ms]
   [Other: 0,3 ms]
      [Choose CSet: 0,0 ms]
      [Ref Proc: 0,0 ms]
      [Ref Enq: 0,0 ms]
      [Redirty Cards: 0,0 ms]
      [Humongous Register: 0,0 ms]
      [Humongous Reclaim: 0,0 ms]
      [Free CSet: 0,1 ms]
   [Eden: 613,0M(613,0M)->0,0B(612,0M) Survivors: 1024,0K->2048,0K Heap: 749,9M(1024,0M)->137,4M(1024,0M)]
 [Times: user=0,01 sys=0,00, real=0,00 secs] 
2017-01-02T15:01:49.620+0100: 3703,937: [GC pause (G1 Evacuation Pause) (young), 0,0033412 secs]
   [Parallel Time: 2,9 ms, GC Workers: 1]
      [GC Worker Start (ms):  3703937,2]
      [Ext Root Scanning (ms):  0,7]
      [Update RS (ms):  0,9]
         [Processed Buffers:  28]
      [Scan RS (ms):  0,2]
      [Code Root Scanning (ms):  0,0]
      [Object Copy (ms):  1,1]
      [Termination (ms):  0,0]
         [Termination Attempts:  1]
      [GC Worker Other (ms):  0,0]
      [GC Worker Total (ms):  2,9]
      [GC Worker End (ms):  3703940,1]
   [Code Root Fixup: 0,0 ms]
   [Code Root Purge: 0,0 ms]
   [Clear CT: 0,1 ms]
   [Other: 0,3 ms]
      [Choose CSet: 0,0 ms]
      [Ref Proc: 0,0 ms]
      [Ref Enq: 0,0 ms]
      [Redirty Cards: 0,0 ms]
      [Humongous Register: 0,0 ms]
      [Humongous Reclaim: 0,0 ms]
      [Free CSet: 0,1 ms]
   [Eden: 612,0M(612,0M)->0,0B(612,0M) Survivors: 2048,0K->2048,0K Heap: 749,4M(1024,0M)->137,3M(1024,0M)]
 [Times: user=0,01 sys=0,00, real=0,01 secs] 
2017-01-02T15:02:00.513+0100: 3714,830: [GC pause (G1 Evacuation Pause) (young), 0,0058983 secs]
   [Parallel Time: 5,5 ms, GC Workers: 1]
      [GC Worker Start (ms):  3714830,2]
      [Ext Root Scanning (ms):  0,7]
      [Update RS (ms):  1,0]
         [Processed Buffers:  30]
      [Scan RS (ms):  0,2]
      [Code Root Scanning (ms):  0,0]
      [Object Copy (ms):  1,1]
      [Termination (ms):  0,0]
         [Termination Attempts:  1]
      [GC Worker Other (ms):  0,0]
      [GC Worker Total (ms):  2,9]
      [GC Worker End (ms):  3714833,1]
   [Code Root Fixup: 0,0 ms]
   [Code Root Purge: 0,0 ms]
   [Clear CT: 0,1 ms]
   [Other: 0,3 ms]
      [Choose CSet: 0,0 ms]
      [Ref Proc: 0,0 ms]
      [Ref Enq: 0,0 ms]
      [Redirty Cards: 0,0 ms]
      [Humongous Register: 0,0 ms]
      [Humongous Reclaim: 0,0 ms]
      [Free CSet: 0,1 ms]
   [Eden: 612,0M(612,0M)->0,0B(613,0M) Survivors: 2048,0K->1024,0K Heap: 749,3M(1024,0M)->136,9M(1024,0M)]
 [Times: user=0,00 sys=0,00, real=0,00 secs] 
2017-01-02T15:02:10.658+0100: 3724,976: [GC pause (G1 Evacuation Pause) (young), 0,0032253 secs]
   [Parallel Time: 2,8 ms, GC Workers: 1]
      [GC Worker Start (ms):  3724975,7]
      [Ext Root Scanning (ms):  0,6]
      [Update RS (ms):  1,0]
         [Processed Buffers:  28]
      [Scan RS (ms):  0,2]
      [Code Root Scanning (ms):  0,0]
      [Object Copy (ms):  1,0]
      [Termination (ms):  0,0]
         [Termination Attempts:  1]
      [GC Worker Other (ms):  0,0]
      [GC Worker Total (ms):  2,8]
      [GC Worker End (ms):  3724978,5]
   [Code Root Fixup: 0,0 ms]
   [Code Root Purge: 0,0 ms]
   [Clear CT: 0,1 ms]
   [Other: 0,3 ms]
      [Choose CSet: 0,0 ms]
      [Ref Proc: 0,0 ms]
      [Ref Enq: 0,0 ms]
      [Redirty Cards: 0,0 ms]
      [Humongous Register: 0,0 ms]
      [Humongous Reclaim: 0,0 ms]
      [Free CSet: 0,1 ms]
   [Eden: 613,0M(613,0M)->0,0B(612,0M) Survivors: 1024,0K->2048,0K Heap: 749,9M(1024,0M)->137,4M(1024,0M)]
 [Times: user=0,01 sys=0,00, real=0,01 secs] 
2017-01-02T15:02:21.560+0100: 3735,878: [GC pause (G1 Evacuation Pause) (young), 0,0032281 secs]
   [Parallel Time: 2,8 ms, GC Workers: 1]
      [GC Worker Start (ms):  3735877,9]
      [Ext Root Scanning (ms):  0,7]
      [Update RS (ms):  0,9]
         [Processed Buffers:  30]
      [Scan RS (ms):  0,2]
      [Code Root Scanning (ms):  0,0]
      [Object Copy (ms):  1,0]
      [Termination (ms):  0,0]
         [Termination Attempts:  1]
      [GC Worker Other (ms):  0,0]
      [GC Worker Total (ms):  2,8]
      [GC Worker End (ms):  3735880,6]
   [Code Root Fixup: 0,0 ms]
   [Code Root Purge: 0,0 ms]
   [Clear CT: 0,1 ms]
   [Other: 0,3 ms]
      [Choose CSet: 0,0 ms]
      [Ref Proc: 0,0 ms]
      [Ref Enq: 0,0 ms]
      [Redirty Cards: 0,0 ms]
      [Humongous Register: 0,0 ms]
      [Humongous Reclaim: 0,0 ms]
      [Free CSet: 0,1 ms]
   [Eden: 612,0M(612,0M)->0,0B(612,0M) Survivors: 2048,0K->2048,0K Heap: 749,4M(1024,0M)->137,2M(1024,0M)]
 [Times: user=0,00 sys=0,00, real=0,01 secs] 
2017-01-02T15:02:32.044+0100: 3746,361: [GC pause (G1 Evacuation Pause) (young), 0,0167448 secs]
   [Parallel Time: 9,8 ms, GC Workers: 1]
      [GC Worker Start (ms):  3746364,0]
      [Ext Root Scanning (ms):  5,6]
      [Update RS (ms):  1,7]
         [Processed Buffers:  29]
      [Scan RS (ms):  0,2]
      [Code Root Scanning (ms):  0,0]
      [Object Copy (ms):  1,9]
      [Termination (ms):  0,0]
         [Termination Attempts:  1]
      [GC Worker Other (ms):  0,4]
      [GC Worker Total (ms):  9,7]
      [GC Worker End (ms):  3746373,8]
   [Code Root Fixup: 0,0 ms]
   [Code Root Purge: 0,0 ms]
   [Clear CT: 0,1 ms]
   [Other: 6,8 ms]
      [Choose CSet: 0,0 ms]
      [Ref Proc: 0,0 ms]
      [Ref Enq: 0,0 ms]
      [Redirty Cards: 0,0 ms]
      [Humongous Register: 0,5 ms]
      [Humongous Reclaim: 0,0 ms]
      [Free CSet: 1,0 ms]
   [Eden: 612,0M(612,0M)->0,0B(613,0M) Survivors: 2048,0K->1024,0K Heap: 749,2M(1024,0M)->136,8M(1024,0M)]
 [Times: user=0,00 sys=0,00, real=0,02 secs] 
2017-01-02T15:02:42.709+0100: 3757,027: [GC pause (G1 Evacuation Pause) (young), 0,0170557 secs]
   [Parallel Time: 8,3 ms, GC Workers: 1]
      [GC Worker Start (ms):  3757027,4]
      [Ext Root Scanning (ms):  1,6]
      [Update RS (ms):  2,2]
         [Processed Buffers:  31]
      [Scan RS (ms):  0,3]
      [Code Root Scanning (ms):  0,1]
      [Object Copy (ms):  4,1]
      [Termination (ms):  0,0]
         [Termination Attempts:  1]
      [GC Worker Other (ms):  0,0]
      [GC Worker Total (ms):  8,3]
      [GC Worker End (ms):  3757035,7]
   [Code Root Fixup: 0,0 ms]
   [Code Root Purge: 0,0 ms]
   [Clear CT: 0,3 ms]
   [Other: 8,5 ms]
      [Choose CSet: 0,0 ms]
      [Ref Proc: 1,1 ms]
      [Ref Enq: 0,0 ms]
      [Redirty Cards: 0,0 ms]
      [Humongous Register: 0,4 ms]
      [Humongous Reclaim: 0,0 ms]
      [Free CSet: 4,6 ms]
   [Eden: 613,0M(613,0M)->0,0B(612,0M) Survivors: 1024,0K->2048,0K Heap: 749,8M(1024,0M)->137,4M(1024,0M)]
 [Times: user=0,00 sys=0,00, real=0,02 secs] 
Heap
 garbage-first heap   total 1048576K, used 681398K [0x00000000c0000000, 0x00000000c0102000, 0x0000000100000000)
  region size 1024K, 531 young (543744K), 2 survivors (2048K)
 Metaspace       used 25472K, capacity 25750K, committed 26112K, reserved 1071104K
  class space    used 3969K, capacity 4037K, committed 4096K, reserved 1048576K
