OpenJDK 64-Bit Server VM (25.111-b14) for linux-amd64 JRE (1.8.0_111-8u111-b14-2ubuntu0.16.10.2-b14), built on Oct 27 2016 14:16:18 by "buildd" with gcc 6.2.0 20161005
Memory: 4k page, physical 4046308k(258704k free), swap 4193276k(4175648k free)
CommandLine flags: -XX:+DisableExplicitGC -XX:InitialHeapSize=536870912 -XX:InitiatingHeapOccupancyPercent=35 -XX:+ManagementServer -XX:MaxGCPauseMillis=20 -XX:MaxHeapSize=536870912 -XX:+PrintGC -XX:+PrintGCDateStamps -XX:+PrintGCDetails -XX:+PrintGCTimeStamps -XX:+UseCompressedClassPointers -XX:+UseCompressedOops -XX:+UseG1GC 
2016-12-15T18:49:10.961+0100: 5242,930: [GC pause (G1 Evacuation Pause) (young), 0,0094265 secs]
   [Parallel Time: 8,7 ms, GC Workers: 1]
      [GC Worker Start (ms):  5242930,0]
      [Ext Root Scanning (ms):  1,1]
      [Update RS (ms):  0,0]
         [Processed Buffers:  0]
      [Scan RS (ms):  0,0]
      [Code Root Scanning (ms):  0,4]
      [Object Copy (ms):  3,2]
      [Termination (ms):  0,0]
         [Termination Attempts:  1]
      [GC Worker Other (ms):  0,0]
      [GC Worker Total (ms):  4,8]
      [GC Worker End (ms):  5242934,8]
   [Code Root Fixup: 0,1 ms]
   [Code Root Purge: 0,0 ms]
   [Clear CT: 0,0 ms]
   [Other: 0,6 ms]
      [Choose CSet: 0,0 ms]
      [Ref Proc: 0,4 ms]
      [Ref Enq: 0,0 ms]
      [Redirty Cards: 0,0 ms]
      [Humongous Register: 0,0 ms]
      [Humongous Reclaim: 0,0 ms]
      [Free CSet: 0,0 ms]
   [Eden: 25,0M(25,0M)->0,0B(21,0M) Survivors: 0,0B->4096,0K Heap: 25,0M(512,0M)->3517,7K(512,0M)]
 [Times: user=0,00 sys=0,00, real=0,01 secs] 
2016-12-15T23:26:13.868+0100: 21865,837: [GC pause (G1 Evacuation Pause) (young), 0,0121673 secs]
   [Parallel Time: 8,3 ms, GC Workers: 1]
      [GC Worker Start (ms):  21865839,6]
      [Ext Root Scanning (ms):  3,9]
      [Update RS (ms):  0,0]
         [Processed Buffers:  0]
      [Scan RS (ms):  0,5]
      [Code Root Scanning (ms):  0,5]
      [Object Copy (ms):  3,1]
      [Termination (ms):  0,0]
         [Termination Attempts:  1]
      [GC Worker Other (ms):  0,0]
      [GC Worker Total (ms):  8,0]
      [GC Worker End (ms):  21865847,5]
   [Code Root Fixup: 0,1 ms]
   [Code Root Purge: 0,0 ms]
   [Clear CT: 0,4 ms]
   [Other: 3,3 ms]
      [Choose CSet: 0,0 ms]
      [Ref Proc: 0,1 ms]
      [Ref Enq: 0,0 ms]
      [Redirty Cards: 0,0 ms]
      [Humongous Register: 0,3 ms]
      [Humongous Reclaim: 0,0 ms]
      [Free CSet: 0,0 ms]
   [Eden: 21,0M(21,0M)->0,0B(24,0M) Survivors: 4096,0K->1024,0K Heap: 24,4M(512,0M)->2695,5K(512,0M)]
 [Times: user=0,00 sys=0,00, real=0,02 secs] 
2016-12-17T13:35:43.239+0100: 38911,211: [GC pause (G1 Evacuation Pause) (young), 0,0240175 secs]
   [Parallel Time: 21,7 ms, GC Workers: 1]
      [GC Worker Start (ms):  38911213,7]
      [Ext Root Scanning (ms):  14,7]
      [Update RS (ms):  1,5]
         [Processed Buffers:  8]
      [Scan RS (ms):  1,1]
      [Code Root Scanning (ms):  0,1]
      [Object Copy (ms):  0,6]
      [Termination (ms):  0,0]
         [Termination Attempts:  1]
      [GC Worker Other (ms):  0,7]
      [GC Worker Total (ms):  18,7]
      [GC Worker End (ms):  38911232,4]
   [Code Root Fixup: 0,1 ms]
   [Code Root Purge: 0,0 ms]
   [Clear CT: 0,0 ms]
   [Other: 2,2 ms]
      [Choose CSet: 0,0 ms]
      [Ref Proc: 0,2 ms]
      [Ref Enq: 0,0 ms]
      [Redirty Cards: 0,0 ms]
      [Humongous Register: 0,0 ms]
      [Humongous Reclaim: 0,0 ms]
      [Free CSet: 0,8 ms]
   [Eden: 24,0M(24,0M)->0,0B(24,0M) Survivors: 1024,0K->1024,0K Heap: 26,6M(512,0M)->3207,5K(512,0M)]
 [Times: user=0,00 sys=0,01, real=0,02 secs] 
